[0.028s] Invoking command in '/home/fizzer/my_robot_ws/build/my_robot_description': CMAKE_PREFIX_PATH=${CMAKE_PREFIX_PATH}:/home/fizzer/my_robot_ws/install/bringup_nodes:/opt/ros/jazzy DEBUGINFOD_URLS=https://debuginfod.ubuntu.com /usr/bin/cmake --build /home/fizzer/my_robot_ws/build/my_robot_description -- -j4 -l4
[0.480s] Invoked command in '/home/fizzer/my_robot_ws/build/my_robot_description' returned '0': CMAKE_PREFIX_PATH=${CMAKE_PREFIX_PATH}:/home/fizzer/my_robot_ws/install/bringup_nodes:/opt/ros/jazzy DEBUGINFOD_URLS=https://debuginfod.ubuntu.com /usr/bin/cmake --build /home/fizzer/my_robot_ws/build/my_robot_description -- -j4 -l4
[0.498s] Invoking command in '/home/fizzer/my_robot_ws/build/my_robot_description': CMAKE_PREFIX_PATH=${CMAKE_PREFIX_PATH}:/home/fizzer/my_robot_ws/install/bringup_nodes:/opt/ros/jazzy DEBUGINFOD_URLS=https://debuginfod.ubuntu.com /usr/bin/cmake --install /home/fizzer/my_robot_ws/build/my_robot_description
[0.519s] -- Install configuration: ""
[0.529s] -- Execute custom install script
[0.529s] -- Up-to-date symlink: /home/fizzer/my_robot_ws/install/my_robot_description/share/my_robot_description//urdf/common_properties.xacro
[0.529s] -- Up-to-date symlink: /home/fizzer/my_robot_ws/install/my_robot_description/share/my_robot_description//urdf/mobile_base_gazebo.xacro
[0.530s] -- Up-to-date symlink: /home/fizzer/my_robot_ws/install/my_robot_description/share/my_robot_description//urdf/my_robot.urdf.xacro
[0.531s] -- Up-to-date symlink: /home/fizzer/my_robot_ws/install/my_robot_description/share/my_robot_description//rviz/urdf_config.rviz
[0.531s] -- Up-to-date symlink: /home/fizzer/my_robot_ws/install/my_robot_description/share/my_robot_description//launch/display.launch.xml
[0.532s] -- Up-to-date symlink: /home/fizzer/my_robot_ws/install/my_robot_description/share/ament_index/resource_index/package_run_dependencies/my_robot_description
[0.532s] -- Up-to-date symlink: /home/fizzer/my_robot_ws/install/my_robot_description/share/ament_index/resource_index/parent_prefix_path/my_robot_description
[0.534s] -- Up-to-date symlink: /home/fizzer/my_robot_ws/install/my_robot_description/share/my_robot_description/environment/ament_prefix_path.sh
[0.535s] -- Up-to-date symlink: /home/fizzer/my_robot_ws/install/my_robot_description/share/my_robot_description/environment/ament_prefix_path.dsv
[0.535s] -- Up-to-date symlink: /home/fizzer/my_robot_ws/install/my_robot_description/share/my_robot_description/environment/path.sh
[0.536s] -- Up-to-date symlink: /home/fizzer/my_robot_ws/install/my_robot_description/share/my_robot_description/environment/path.dsv
[0.536s] -- Up-to-date symlink: /home/fizzer/my_robot_ws/install/my_robot_description/share/my_robot_description/local_setup.bash
[0.537s] -- Up-to-date symlink: /home/fizzer/my_robot_ws/install/my_robot_description/share/my_robot_description/local_setup.sh
[0.538s] -- Up-to-date symlink: /home/fizzer/my_robot_ws/install/my_robot_description/share/my_robot_description/local_setup.zsh
[0.538s] -- Up-to-date symlink: /home/fizzer/my_robot_ws/install/my_robot_description/share/my_robot_description/local_setup.dsv
[0.539s] -- Symlinking: /home/fizzer/my_robot_ws/install/my_robot_description/share/my_robot_description/package.dsv
[0.563s] -- Up-to-date symlink: /home/fizzer/my_robot_ws/install/my_robot_description/share/ament_index/resource_index/packages/my_robot_description
[0.564s] -- Up-to-date symlink: /home/fizzer/my_robot_ws/install/my_robot_description/share/my_robot_description/cmake/my_robot_descriptionConfig.cmake
[0.564s] -- Up-to-date symlink: /home/fizzer/my_robot_ws/install/my_robot_description/share/my_robot_description/cmake/my_robot_descriptionConfig-version.cmake
[0.565s] -- Up-to-date symlink: /home/fizzer/my_robot_ws/install/my_robot_description/share/my_robot_description/package.xml
[0.571s] Invoked command in '/home/fizzer/my_robot_ws/build/my_robot_description' returned '0': CMAKE_PREFIX_PATH=${CMAKE_PREFIX_PATH}:/home/fizzer/my_robot_ws/install/bringup_nodes:/opt/ros/jazzy DEBUGINFOD_URLS=https://debuginfod.ubuntu.com /usr/bin/cmake --install /home/fizzer/my_robot_ws/build/my_robot_description
