-- Install configuration: ""
-- Installing: /home/fizzer/my_robot_ws/src/install/my_robot_description/share/my_robot_description//urdf
-- Installing: /home/fizzer/my_robot_ws/src/install/my_robot_description/share/my_robot_description//urdf/common_properties.xacro
-- Installing: /home/fizzer/my_robot_ws/src/install/my_robot_description/share/my_robot_description//urdf/my_robot.urdf.xacro
-- Installing: /home/fizzer/my_robot_ws/src/install/my_robot_description/share/my_robot_description//urdf/mobile_base_gazebo.xacro
-- Installing: /home/fizzer/my_robot_ws/src/install/my_robot_description/share/my_robot_description//rviz
-- Installing: /home/fizzer/my_robot_ws/src/install/my_robot_description/share/my_robot_description//rviz/urdf_config.rviz
-- Installing: /home/fizzer/my_robot_ws/src/install/my_robot_description/share/my_robot_description//launch
-- Installing: /home/fizzer/my_robot_ws/src/install/my_robot_description/share/my_robot_description//launch/display.launch.xml
-- Installing: /home/fizzer/my_robot_ws/src/install/my_robot_description/share/ament_index/resource_index/package_run_dependencies/my_robot_description
-- Installing: /home/fizzer/my_robot_ws/src/install/my_robot_description/share/ament_index/resource_index/parent_prefix_path/my_robot_description
-- Installing: /home/fizzer/my_robot_ws/src/install/my_robot_description/share/my_robot_description/environment/ament_prefix_path.sh
-- Installing: /home/fizzer/my_robot_ws/src/install/my_robot_description/share/my_robot_description/environment/ament_prefix_path.dsv
-- Installing: /home/fizzer/my_robot_ws/src/install/my_robot_description/share/my_robot_description/environment/path.sh
-- Installing: /home/fizzer/my_robot_ws/src/install/my_robot_description/share/my_robot_description/environment/path.dsv
-- Installing: /home/fizzer/my_robot_ws/src/install/my_robot_description/share/my_robot_description/local_setup.bash
-- Installing: /home/fizzer/my_robot_ws/src/install/my_robot_description/share/my_robot_description/local_setup.sh
-- Installing: /home/fizzer/my_robot_ws/src/install/my_robot_description/share/my_robot_description/local_setup.zsh
-- Installing: /home/fizzer/my_robot_ws/src/install/my_robot_description/share/my_robot_description/local_setup.dsv
-- Installing: /home/fizzer/my_robot_ws/src/install/my_robot_description/share/my_robot_description/package.dsv
-- Installing: /home/fizzer/my_robot_ws/src/install/my_robot_description/share/ament_index/resource_index/packages/my_robot_description
-- Installing: /home/fizzer/my_robot_ws/src/install/my_robot_description/share/my_robot_description/cmake/my_robot_descriptionConfig.cmake
-- Installing: /home/fizzer/my_robot_ws/src/install/my_robot_description/share/my_robot_description/cmake/my_robot_descriptionConfig-version.cmake
-- Installing: /home/fizzer/my_robot_ws/src/install/my_robot_description/share/my_robot_description/package.xml
