[0.403s] DEBUG:colcon:Command line arguments: ['/usr/bin/colcon', 'build']
[0.403s] DEBUG:colcon:Parsed command line arguments: Namespace(log_base=None, log_level=None, verb_name='build', build_base='build', install_base='install', merge_install=False, symlink_install=False, test_result_base=None, continue_on_error=False, executor='parallel', parallel_workers=4, event_handlers=None, ignore_user_meta=False, metas=['./colcon.meta'], base_paths=['.'], packages_ignore=None, packages_ignore_regex=None, paths=None, packages_up_to=None, packages_up_to_regex=None, packages_above=None, packages_above_and_dependencies=None, packages_above_depth=None, packages_select_by_dep=None, packages_skip_by_dep=None, packages_skip_up_to=None, packages_select_build_failed=False, packages_skip_build_finished=False, packages_select_test_failures=False, packages_skip_test_passed=False, packages_select=None, packages_skip=None, packages_select_regex=None, packages_skip_regex=None, packages_start=None, packages_end=None, allow_overriding=[], cmake_args=None, cmake_target=None, cmake_target_skip_unavailable=False, cmake_clean_cache=False, cmake_clean_first=False, cmake_force_configure=False, ament_cmake_args=None, catkin_cmake_args=None, catkin_skip_building_tests=False, mixin_files=None, mixin=None, verb_parser=<colcon_mixin.mixin.mixin_argument.MixinArgumentDecorator object at 0x7f622d99d2e0>, verb_extension=<colcon_core.verb.build.BuildVerb object at 0x7f622d99cec0>, main=<bound method BuildVerb.main of <colcon_core.verb.build.BuildVerb object at 0x7f622d99cec0>>, mixin_verb=('build',))
[0.516s] Level 1:colcon.colcon_core.package_discovery:discover_packages(colcon_meta) check parameters
[0.517s] Level 1:colcon.colcon_core.package_discovery:discover_packages(recursive) check parameters
[0.517s] Level 1:colcon.colcon_core.package_discovery:discover_packages(ignore) check parameters
[0.517s] Level 1:colcon.colcon_core.package_discovery:discover_packages(path) check parameters
[0.517s] Level 1:colcon.colcon_core.package_discovery:discover_packages(colcon_meta) discover
[0.517s] Level 1:colcon.colcon_core.package_discovery:discover_packages(recursive) discover
[0.517s] INFO:colcon.colcon_core.package_discovery:Crawling recursively for packages in '/home/fizzer/my_robot_ws'
[0.517s] Level 1:colcon.colcon_core.package_identification:_identify(.) by extensions ['ignore', 'ignore_ament_install']
[0.518s] Level 1:colcon.colcon_core.package_identification:_identify(.) by extension 'ignore'
[0.518s] Level 1:colcon.colcon_core.package_identification:_identify(.) by extension 'ignore_ament_install'
[0.518s] Level 1:colcon.colcon_core.package_identification:_identify(.) by extensions ['colcon_pkg']
[0.518s] Level 1:colcon.colcon_core.package_identification:_identify(.) by extension 'colcon_pkg'
[0.518s] Level 1:colcon.colcon_core.package_identification:_identify(.) by extensions ['colcon_meta']
[0.518s] Level 1:colcon.colcon_core.package_identification:_identify(.) by extension 'colcon_meta'
[0.518s] Level 1:colcon.colcon_core.package_identification:_identify(.) by extensions ['ros']
[0.518s] Level 1:colcon.colcon_core.package_identification:_identify(.) by extension 'ros'
[0.571s] Level 1:colcon.colcon_core.package_identification:_identify(.) by extensions ['cmake', 'python']
[0.571s] Level 1:colcon.colcon_core.package_identification:_identify(.) by extension 'cmake'
[0.572s] Level 1:colcon.colcon_core.package_identification:_identify(.) by extension 'python'
[0.572s] Level 1:colcon.colcon_core.package_identification:_identify(.) by extensions ['python_setup_py']
[0.572s] Level 1:colcon.colcon_core.package_identification:_identify(.) by extension 'python_setup_py'
[0.572s] Level 1:colcon.colcon_core.package_identification:_identify(build) by extensions ['ignore', 'ignore_ament_install']
[0.572s] Level 1:colcon.colcon_core.package_identification:_identify(build) by extension 'ignore'
[0.572s] Level 1:colcon.colcon_core.package_identification:_identify(build) ignored
[0.572s] Level 1:colcon.colcon_core.package_identification:_identify(install) by extensions ['ignore', 'ignore_ament_install']
[0.572s] Level 1:colcon.colcon_core.package_identification:_identify(install) by extension 'ignore'
[0.573s] Level 1:colcon.colcon_core.package_identification:_identify(install) ignored
[0.573s] Level 1:colcon.colcon_core.package_identification:_identify(log) by extensions ['ignore', 'ignore_ament_install']
[0.573s] Level 1:colcon.colcon_core.package_identification:_identify(log) by extension 'ignore'
[0.573s] Level 1:colcon.colcon_core.package_identification:_identify(log) ignored
[0.573s] Level 1:colcon.colcon_core.package_identification:_identify(src) by extensions ['ignore', 'ignore_ament_install']
[0.573s] Level 1:colcon.colcon_core.package_identification:_identify(src) by extension 'ignore'
[0.574s] Level 1:colcon.colcon_core.package_identification:_identify(src) by extension 'ignore_ament_install'
[0.574s] Level 1:colcon.colcon_core.package_identification:_identify(src) by extensions ['colcon_pkg']
[0.574s] Level 1:colcon.colcon_core.package_identification:_identify(src) by extension 'colcon_pkg'
[0.574s] Level 1:colcon.colcon_core.package_identification:_identify(src) by extensions ['colcon_meta']
[0.574s] Level 1:colcon.colcon_core.package_identification:_identify(src) by extension 'colcon_meta'
[0.574s] Level 1:colcon.colcon_core.package_identification:_identify(src) by extensions ['ros']
[0.574s] Level 1:colcon.colcon_core.package_identification:_identify(src) by extension 'ros'
[0.574s] Level 1:colcon.colcon_core.package_identification:_identify(src) by extensions ['cmake', 'python']
[0.574s] Level 1:colcon.colcon_core.package_identification:_identify(src) by extension 'cmake'
[0.574s] Level 1:colcon.colcon_core.package_identification:_identify(src) by extension 'python'
[0.574s] Level 1:colcon.colcon_core.package_identification:_identify(src) by extensions ['python_setup_py']
[0.574s] Level 1:colcon.colcon_core.package_identification:_identify(src) by extension 'python_setup_py'
[0.574s] Level 1:colcon.colcon_core.package_identification:_identify(src/bringup_nodes) by extensions ['ignore', 'ignore_ament_install']
[0.575s] Level 1:colcon.colcon_core.package_identification:_identify(src/bringup_nodes) by extension 'ignore'
[0.575s] Level 1:colcon.colcon_core.package_identification:_identify(src/bringup_nodes) by extension 'ignore_ament_install'
[0.575s] Level 1:colcon.colcon_core.package_identification:_identify(src/bringup_nodes) by extensions ['colcon_pkg']
[0.575s] Level 1:colcon.colcon_core.package_identification:_identify(src/bringup_nodes) by extension 'colcon_pkg'
[0.575s] Level 1:colcon.colcon_core.package_identification:_identify(src/bringup_nodes) by extensions ['colcon_meta']
[0.575s] Level 1:colcon.colcon_core.package_identification:_identify(src/bringup_nodes) by extension 'colcon_meta'
[0.575s] Level 1:colcon.colcon_core.package_identification:_identify(src/bringup_nodes) by extensions ['ros']
[0.575s] Level 1:colcon.colcon_core.package_identification:_identify(src/bringup_nodes) by extension 'ros'
[0.587s] DEBUG:colcon.colcon_core.package_identification:Package 'src/bringup_nodes' with type 'ros.ament_python' and name 'bringup_nodes'
[0.587s] Level 1:colcon.colcon_core.package_identification:_identify(src/custom_plugins) by extensions ['ignore', 'ignore_ament_install']
[0.587s] Level 1:colcon.colcon_core.package_identification:_identify(src/custom_plugins) by extension 'ignore'
[0.587s] Level 1:colcon.colcon_core.package_identification:_identify(src/custom_plugins) by extension 'ignore_ament_install'
[0.587s] Level 1:colcon.colcon_core.package_identification:_identify(src/custom_plugins) by extensions ['colcon_pkg']
[0.587s] Level 1:colcon.colcon_core.package_identification:_identify(src/custom_plugins) by extension 'colcon_pkg'
[0.587s] Level 1:colcon.colcon_core.package_identification:_identify(src/custom_plugins) by extensions ['colcon_meta']
[0.587s] Level 1:colcon.colcon_core.package_identification:_identify(src/custom_plugins) by extension 'colcon_meta'
[0.588s] Level 1:colcon.colcon_core.package_identification:_identify(src/custom_plugins) by extensions ['ros']
[0.588s] Level 1:colcon.colcon_core.package_identification:_identify(src/custom_plugins) by extension 'ros'
[0.589s] DEBUG:colcon.colcon_core.package_identification:Package 'src/custom_plugins' with type 'ros.ament_cmake' and name 'custom_plugins'
[0.589s] Level 1:colcon.colcon_core.package_identification:_identify(src/my_robot_bringup) by extensions ['ignore', 'ignore_ament_install']
[0.590s] Level 1:colcon.colcon_core.package_identification:_identify(src/my_robot_bringup) by extension 'ignore'
[0.590s] Level 1:colcon.colcon_core.package_identification:_identify(src/my_robot_bringup) by extension 'ignore_ament_install'
[0.590s] Level 1:colcon.colcon_core.package_identification:_identify(src/my_robot_bringup) by extensions ['colcon_pkg']
[0.590s] Level 1:colcon.colcon_core.package_identification:_identify(src/my_robot_bringup) by extension 'colcon_pkg'
[0.590s] Level 1:colcon.colcon_core.package_identification:_identify(src/my_robot_bringup) by extensions ['colcon_meta']
[0.590s] Level 1:colcon.colcon_core.package_identification:_identify(src/my_robot_bringup) by extension 'colcon_meta'
[0.590s] Level 1:colcon.colcon_core.package_identification:_identify(src/my_robot_bringup) by extensions ['ros']
[0.590s] Level 1:colcon.colcon_core.package_identification:_identify(src/my_robot_bringup) by extension 'ros'
[0.591s] DEBUG:colcon.colcon_core.package_identification:Package 'src/my_robot_bringup' with type 'ros.ament_cmake' and name 'my_robot_bringup'
[0.592s] Level 1:colcon.colcon_core.package_identification:_identify(src/my_robot_description) by extensions ['ignore', 'ignore_ament_install']
[0.592s] Level 1:colcon.colcon_core.package_identification:_identify(src/my_robot_description) by extension 'ignore'
[0.592s] Level 1:colcon.colcon_core.package_identification:_identify(src/my_robot_description) by extension 'ignore_ament_install'
[0.592s] Level 1:colcon.colcon_core.package_identification:_identify(src/my_robot_description) by extensions ['colcon_pkg']
[0.592s] Level 1:colcon.colcon_core.package_identification:_identify(src/my_robot_description) by extension 'colcon_pkg'
[0.592s] Level 1:colcon.colcon_core.package_identification:_identify(src/my_robot_description) by extensions ['colcon_meta']
[0.592s] Level 1:colcon.colcon_core.package_identification:_identify(src/my_robot_description) by extension 'colcon_meta'
[0.592s] Level 1:colcon.colcon_core.package_identification:_identify(src/my_robot_description) by extensions ['ros']
[0.592s] Level 1:colcon.colcon_core.package_identification:_identify(src/my_robot_description) by extension 'ros'
[0.594s] DEBUG:colcon.colcon_core.package_identification:Package 'src/my_robot_description' with type 'ros.ament_cmake' and name 'my_robot_description'
[0.594s] Level 1:colcon.colcon_core.package_discovery:discover_packages(recursive) using defaults
[0.594s] Level 1:colcon.colcon_core.package_discovery:discover_packages(ignore) discover
[0.594s] Level 1:colcon.colcon_core.package_discovery:discover_packages(ignore) using defaults
[0.594s] Level 1:colcon.colcon_core.package_discovery:discover_packages(path) discover
[0.594s] Level 1:colcon.colcon_core.package_discovery:discover_packages(path) using defaults
[0.639s] Level 1:colcon.colcon_core.package_discovery:discover_packages(prefix_path) check parameters
[0.640s] Level 1:colcon.colcon_core.package_discovery:discover_packages(prefix_path) discover
[0.650s] DEBUG:colcon.colcon_installed_package_information.package_discovery:Found 426 installed packages in /opt/ros/jazzy
[0.653s] Level 1:colcon.colcon_core.package_discovery:discover_packages(prefix_path) using defaults
[0.735s] Level 5:colcon.colcon_core.verb:set package 'bringup_nodes' build argument 'cmake_args' from command line to 'None'
[0.735s] Level 5:colcon.colcon_core.verb:set package 'bringup_nodes' build argument 'cmake_target' from command line to 'None'
[0.735s] Level 5:colcon.colcon_core.verb:set package 'bringup_nodes' build argument 'cmake_target_skip_unavailable' from command line to 'False'
[0.735s] Level 5:colcon.colcon_core.verb:set package 'bringup_nodes' build argument 'cmake_clean_cache' from command line to 'False'
[0.735s] Level 5:colcon.colcon_core.verb:set package 'bringup_nodes' build argument 'cmake_clean_first' from command line to 'False'
[0.735s] Level 5:colcon.colcon_core.verb:set package 'bringup_nodes' build argument 'cmake_force_configure' from command line to 'False'
[0.735s] Level 5:colcon.colcon_core.verb:set package 'bringup_nodes' build argument 'ament_cmake_args' from command line to 'None'
[0.735s] Level 5:colcon.colcon_core.verb:set package 'bringup_nodes' build argument 'catkin_cmake_args' from command line to 'None'
[0.735s] Level 5:colcon.colcon_core.verb:set package 'bringup_nodes' build argument 'catkin_skip_building_tests' from command line to 'False'
[0.735s] DEBUG:colcon.colcon_core.verb:Building package 'bringup_nodes' with the following arguments: {'ament_cmake_args': None, 'build_base': '/home/fizzer/my_robot_ws/build/bringup_nodes', 'catkin_cmake_args': None, 'catkin_skip_building_tests': False, 'cmake_args': None, 'cmake_clean_cache': False, 'cmake_clean_first': False, 'cmake_force_configure': False, 'cmake_target': None, 'cmake_target_skip_unavailable': False, 'install_base': '/home/fizzer/my_robot_ws/install/bringup_nodes', 'merge_install': False, 'path': '/home/fizzer/my_robot_ws/src/bringup_nodes', 'symlink_install': False, 'test_result_base': None}
[0.736s] Level 5:colcon.colcon_core.verb:set package 'custom_plugins' build argument 'cmake_args' from command line to 'None'
[0.736s] Level 5:colcon.colcon_core.verb:set package 'custom_plugins' build argument 'cmake_target' from command line to 'None'
[0.736s] Level 5:colcon.colcon_core.verb:set package 'custom_plugins' build argument 'cmake_target_skip_unavailable' from command line to 'False'
[0.736s] Level 5:colcon.colcon_core.verb:set package 'custom_plugins' build argument 'cmake_clean_cache' from command line to 'False'
[0.736s] Level 5:colcon.colcon_core.verb:set package 'custom_plugins' build argument 'cmake_clean_first' from command line to 'False'
[0.736s] Level 5:colcon.colcon_core.verb:set package 'custom_plugins' build argument 'cmake_force_configure' from command line to 'False'
[0.736s] Level 5:colcon.colcon_core.verb:set package 'custom_plugins' build argument 'ament_cmake_args' from command line to 'None'
[0.736s] Level 5:colcon.colcon_core.verb:set package 'custom_plugins' build argument 'catkin_cmake_args' from command line to 'None'
[0.736s] Level 5:colcon.colcon_core.verb:set package 'custom_plugins' build argument 'catkin_skip_building_tests' from command line to 'False'
[0.736s] DEBUG:colcon.colcon_core.verb:Building package 'custom_plugins' with the following arguments: {'ament_cmake_args': None, 'build_base': '/home/fizzer/my_robot_ws/build/custom_plugins', 'catkin_cmake_args': None, 'catkin_skip_building_tests': False, 'cmake_args': None, 'cmake_clean_cache': False, 'cmake_clean_first': False, 'cmake_force_configure': False, 'cmake_target': None, 'cmake_target_skip_unavailable': False, 'install_base': '/home/fizzer/my_robot_ws/install/custom_plugins', 'merge_install': False, 'path': '/home/fizzer/my_robot_ws/src/custom_plugins', 'symlink_install': False, 'test_result_base': None}
[0.736s] Level 5:colcon.colcon_core.verb:set package 'my_robot_description' build argument 'cmake_args' from command line to 'None'
[0.737s] Level 5:colcon.colcon_core.verb:set package 'my_robot_description' build argument 'cmake_target' from command line to 'None'
[0.737s] Level 5:colcon.colcon_core.verb:set package 'my_robot_description' build argument 'cmake_target_skip_unavailable' from command line to 'False'
[0.737s] Level 5:colcon.colcon_core.verb:set package 'my_robot_description' build argument 'cmake_clean_cache' from command line to 'False'
[0.737s] Level 5:colcon.colcon_core.verb:set package 'my_robot_description' build argument 'cmake_clean_first' from command line to 'False'
[0.737s] Level 5:colcon.colcon_core.verb:set package 'my_robot_description' build argument 'cmake_force_configure' from command line to 'False'
[0.737s] Level 5:colcon.colcon_core.verb:set package 'my_robot_description' build argument 'ament_cmake_args' from command line to 'None'
[0.737s] Level 5:colcon.colcon_core.verb:set package 'my_robot_description' build argument 'catkin_cmake_args' from command line to 'None'
[0.737s] Level 5:colcon.colcon_core.verb:set package 'my_robot_description' build argument 'catkin_skip_building_tests' from command line to 'False'
[0.737s] DEBUG:colcon.colcon_core.verb:Building package 'my_robot_description' with the following arguments: {'ament_cmake_args': None, 'build_base': '/home/fizzer/my_robot_ws/build/my_robot_description', 'catkin_cmake_args': None, 'catkin_skip_building_tests': False, 'cmake_args': None, 'cmake_clean_cache': False, 'cmake_clean_first': False, 'cmake_force_configure': False, 'cmake_target': None, 'cmake_target_skip_unavailable': False, 'install_base': '/home/fizzer/my_robot_ws/install/my_robot_description', 'merge_install': False, 'path': '/home/fizzer/my_robot_ws/src/my_robot_description', 'symlink_install': False, 'test_result_base': None}
[0.737s] Level 5:colcon.colcon_core.verb:set package 'my_robot_bringup' build argument 'cmake_args' from command line to 'None'
[0.737s] Level 5:colcon.colcon_core.verb:set package 'my_robot_bringup' build argument 'cmake_target' from command line to 'None'
[0.737s] Level 5:colcon.colcon_core.verb:set package 'my_robot_bringup' build argument 'cmake_target_skip_unavailable' from command line to 'False'
[0.737s] Level 5:colcon.colcon_core.verb:set package 'my_robot_bringup' build argument 'cmake_clean_cache' from command line to 'False'
[0.737s] Level 5:colcon.colcon_core.verb:set package 'my_robot_bringup' build argument 'cmake_clean_first' from command line to 'False'
[0.737s] Level 5:colcon.colcon_core.verb:set package 'my_robot_bringup' build argument 'cmake_force_configure' from command line to 'False'
[0.737s] Level 5:colcon.colcon_core.verb:set package 'my_robot_bringup' build argument 'ament_cmake_args' from command line to 'None'
[0.737s] Level 5:colcon.colcon_core.verb:set package 'my_robot_bringup' build argument 'catkin_cmake_args' from command line to 'None'
[0.737s] Level 5:colcon.colcon_core.verb:set package 'my_robot_bringup' build argument 'catkin_skip_building_tests' from command line to 'False'
[0.737s] DEBUG:colcon.colcon_core.verb:Building package 'my_robot_bringup' with the following arguments: {'ament_cmake_args': None, 'build_base': '/home/fizzer/my_robot_ws/build/my_robot_bringup', 'catkin_cmake_args': None, 'catkin_skip_building_tests': False, 'cmake_args': None, 'cmake_clean_cache': False, 'cmake_clean_first': False, 'cmake_force_configure': False, 'cmake_target': None, 'cmake_target_skip_unavailable': False, 'install_base': '/home/fizzer/my_robot_ws/install/my_robot_bringup', 'merge_install': False, 'path': '/home/fizzer/my_robot_ws/src/my_robot_bringup', 'symlink_install': False, 'test_result_base': None}
[0.738s] INFO:colcon.colcon_core.executor:Executing jobs using 'parallel' executor
[0.741s] DEBUG:colcon.colcon_parallel_executor.executor.parallel:run_until_complete
[0.741s] INFO:colcon.colcon_ros.task.ament_cmake.build:Building ROS package in '/home/fizzer/my_robot_ws/src/my_robot_description' with build type 'ament_cmake'
[0.742s] INFO:colcon.colcon_cmake.task.cmake.build:Building CMake package in '/home/fizzer/my_robot_ws/src/my_robot_description'
[0.753s] INFO:colcon.colcon_core.plugin_system:Skipping extension 'colcon_core.shell.bat': Not used on non-Windows systems
[0.753s] INFO:colcon.colcon_core.shell:Skip shell extension 'powershell' for command environment: Not usable outside of PowerShell
[0.753s] DEBUG:colcon.colcon_core.shell:Skip shell extension 'dsv' for command environment
[0.760s] INFO:colcon.colcon_ros.task.ament_python.build:Building ROS package in '/home/fizzer/my_robot_ws/src/bringup_nodes' with build type 'ament_python'
[0.760s] Level 1:colcon.colcon_core.shell:create_environment_hook('bringup_nodes', 'ament_prefix_path')
[0.760s] INFO:colcon.colcon_core.shell:Creating environment hook '/home/fizzer/my_robot_ws/install/bringup_nodes/share/bringup_nodes/hook/ament_prefix_path.ps1'
[0.762s] INFO:colcon.colcon_core.shell:Creating environment descriptor '/home/fizzer/my_robot_ws/install/bringup_nodes/share/bringup_nodes/hook/ament_prefix_path.dsv'
[0.764s] INFO:colcon.colcon_core.shell:Creating environment hook '/home/fizzer/my_robot_ws/install/bringup_nodes/share/bringup_nodes/hook/ament_prefix_path.sh'
[0.765s] INFO:colcon.colcon_core.shell:Skip shell extension 'powershell' for command environment: Not usable outside of PowerShell
[0.765s] DEBUG:colcon.colcon_core.shell:Skip shell extension 'dsv' for command environment
[0.771s] INFO:colcon.colcon_ros.task.ament_cmake.build:Building ROS package in '/home/fizzer/my_robot_ws/src/custom_plugins' with build type 'ament_cmake'
[0.771s] INFO:colcon.colcon_cmake.task.cmake.build:Building CMake package in '/home/fizzer/my_robot_ws/src/custom_plugins'
[0.771s] INFO:colcon.colcon_core.shell:Skip shell extension 'powershell' for command environment: Not usable outside of PowerShell
[0.771s] DEBUG:colcon.colcon_core.shell:Skip shell extension 'dsv' for command environment
[0.788s] DEBUG:colcon.colcon_core.event_handler.log_command:Invoking command in '/home/fizzer/my_robot_ws/build/my_robot_description': CMAKE_PREFIX_PATH=${CMAKE_PREFIX_PATH}:/opt/ros/jazzy DEBUGINFOD_URLS=https://debuginfod.ubuntu.com /usr/bin/cmake --build /home/fizzer/my_robot_ws/build/my_robot_description -- -j4 -l4
[1.169s] INFO:colcon.colcon_core.task.python.build:Building Python package in '/home/fizzer/my_robot_ws/src/bringup_nodes'
[1.169s] INFO:colcon.colcon_core.shell:Skip shell extension 'powershell' for command environment: Not usable outside of PowerShell
[1.169s] DEBUG:colcon.colcon_core.shell:Skip shell extension 'dsv' for command environment
[1.185s] DEBUG:colcon.colcon_core.event_handler.log_command:Invoking command in '/home/fizzer/my_robot_ws/build/custom_plugins': CMAKE_PREFIX_PATH=${CMAKE_PREFIX_PATH}:/opt/ros/jazzy DEBUGINFOD_URLS=https://debuginfod.ubuntu.com /usr/bin/cmake --build /home/fizzer/my_robot_ws/build/custom_plugins -- -j4 -l4
[1.186s] DEBUG:colcon.colcon_core.event_handler.log_command:Invoked command in '/home/fizzer/my_robot_ws/build/my_robot_description' returned '0': CMAKE_PREFIX_PATH=${CMAKE_PREFIX_PATH}:/opt/ros/jazzy DEBUGINFOD_URLS=https://debuginfod.ubuntu.com /usr/bin/cmake --build /home/fizzer/my_robot_ws/build/my_robot_description -- -j4 -l4
[1.201s] DEBUG:colcon.colcon_core.event_handler.log_command:Invoking command in '/home/fizzer/my_robot_ws/build/my_robot_description': CMAKE_PREFIX_PATH=${CMAKE_PREFIX_PATH}:/opt/ros/jazzy DEBUGINFOD_URLS=https://debuginfod.ubuntu.com /usr/bin/cmake --install /home/fizzer/my_robot_ws/build/my_robot_description
[1.259s] Level 1:colcon.colcon_core.environment:create_environment_scripts_only(my_robot_description)
[1.265s] DEBUG:colcon.colcon_core.event_handler.log_command:Invoked command in '/home/fizzer/my_robot_ws/build/my_robot_description' returned '0': CMAKE_PREFIX_PATH=${CMAKE_PREFIX_PATH}:/opt/ros/jazzy DEBUGINFOD_URLS=https://debuginfod.ubuntu.com /usr/bin/cmake --install /home/fizzer/my_robot_ws/build/my_robot_description
[1.281s] Level 1:colcon.colcon_core.environment:checking '/home/fizzer/my_robot_ws/install/my_robot_description' for CMake module files
[1.283s] Level 1:colcon.colcon_core.environment:checking '/home/fizzer/my_robot_ws/install/my_robot_description' for CMake config files
[1.283s] Level 1:colcon.colcon_core.shell:create_environment_hook('my_robot_description', 'cmake_prefix_path')
[1.284s] INFO:colcon.colcon_core.shell:Creating environment hook '/home/fizzer/my_robot_ws/install/my_robot_description/share/my_robot_description/hook/cmake_prefix_path.ps1'
[1.285s] INFO:colcon.colcon_core.shell:Creating environment descriptor '/home/fizzer/my_robot_ws/install/my_robot_description/share/my_robot_description/hook/cmake_prefix_path.dsv'
[1.286s] INFO:colcon.colcon_core.shell:Creating environment hook '/home/fizzer/my_robot_ws/install/my_robot_description/share/my_robot_description/hook/cmake_prefix_path.sh'
[1.287s] Level 1:colcon.colcon_core.environment:checking '/home/fizzer/my_robot_ws/install/my_robot_description/bin'
[1.287s] Level 1:colcon.colcon_core.environment:checking '/home/fizzer/my_robot_ws/install/my_robot_description/lib/pkgconfig/my_robot_description.pc'
[1.288s] Level 1:colcon.colcon_core.environment:checking '/home/fizzer/my_robot_ws/install/my_robot_description/lib/python3.12/site-packages'
[1.288s] Level 1:colcon.colcon_core.environment:checking '/home/fizzer/my_robot_ws/install/my_robot_description/bin'
[1.289s] INFO:colcon.colcon_core.shell:Creating package script '/home/fizzer/my_robot_ws/install/my_robot_description/share/my_robot_description/package.ps1'
[1.291s] INFO:colcon.colcon_core.shell:Creating package descriptor '/home/fizzer/my_robot_ws/install/my_robot_description/share/my_robot_description/package.dsv'
[1.292s] INFO:colcon.colcon_core.shell:Creating package script '/home/fizzer/my_robot_ws/install/my_robot_description/share/my_robot_description/package.sh'
[1.294s] INFO:colcon.colcon_core.shell:Creating package script '/home/fizzer/my_robot_ws/install/my_robot_description/share/my_robot_description/package.bash'
[1.297s] INFO:colcon.colcon_core.shell:Creating package script '/home/fizzer/my_robot_ws/install/my_robot_description/share/my_robot_description/package.zsh'
[1.299s] Level 1:colcon.colcon_core.environment:create_file_with_runtime_dependencies(/home/fizzer/my_robot_ws/install/my_robot_description/share/colcon-core/packages/my_robot_description)
[1.300s] Level 1:colcon.colcon_core.environment:create_environment_scripts_only(my_robot_description)
[1.300s] Level 1:colcon.colcon_core.environment:checking '/home/fizzer/my_robot_ws/install/my_robot_description' for CMake module files
[1.301s] Level 1:colcon.colcon_core.environment:checking '/home/fizzer/my_robot_ws/install/my_robot_description' for CMake config files
[1.301s] Level 1:colcon.colcon_core.shell:create_environment_hook('my_robot_description', 'cmake_prefix_path')
[1.302s] INFO:colcon.colcon_core.shell:Creating environment hook '/home/fizzer/my_robot_ws/install/my_robot_description/share/my_robot_description/hook/cmake_prefix_path.ps1'
[1.302s] INFO:colcon.colcon_core.shell:Creating environment descriptor '/home/fizzer/my_robot_ws/install/my_robot_description/share/my_robot_description/hook/cmake_prefix_path.dsv'
[1.303s] INFO:colcon.colcon_core.shell:Creating environment hook '/home/fizzer/my_robot_ws/install/my_robot_description/share/my_robot_description/hook/cmake_prefix_path.sh'
[1.304s] Level 1:colcon.colcon_core.environment:checking '/home/fizzer/my_robot_ws/install/my_robot_description/bin'
[1.304s] Level 1:colcon.colcon_core.environment:checking '/home/fizzer/my_robot_ws/install/my_robot_description/lib/pkgconfig/my_robot_description.pc'
[1.304s] Level 1:colcon.colcon_core.environment:checking '/home/fizzer/my_robot_ws/install/my_robot_description/lib/python3.12/site-packages'
[1.305s] Level 1:colcon.colcon_core.environment:checking '/home/fizzer/my_robot_ws/install/my_robot_description/bin'
[1.305s] INFO:colcon.colcon_core.shell:Creating package script '/home/fizzer/my_robot_ws/install/my_robot_description/share/my_robot_description/package.ps1'
[1.306s] INFO:colcon.colcon_core.shell:Creating package descriptor '/home/fizzer/my_robot_ws/install/my_robot_description/share/my_robot_description/package.dsv'
[1.307s] INFO:colcon.colcon_core.shell:Creating package script '/home/fizzer/my_robot_ws/install/my_robot_description/share/my_robot_description/package.sh'
[1.307s] INFO:colcon.colcon_core.shell:Creating package script '/home/fizzer/my_robot_ws/install/my_robot_description/share/my_robot_description/package.bash'
[1.308s] INFO:colcon.colcon_core.shell:Creating package script '/home/fizzer/my_robot_ws/install/my_robot_description/share/my_robot_description/package.zsh'
[1.309s] Level 1:colcon.colcon_core.environment:create_file_with_runtime_dependencies(/home/fizzer/my_robot_ws/install/my_robot_description/share/colcon-core/packages/my_robot_description)
[1.309s] INFO:colcon.colcon_ros.task.ament_cmake.build:Building ROS package in '/home/fizzer/my_robot_ws/src/my_robot_bringup' with build type 'ament_cmake'
[1.309s] INFO:colcon.colcon_cmake.task.cmake.build:Building CMake package in '/home/fizzer/my_robot_ws/src/my_robot_bringup'
[1.310s] INFO:colcon.colcon_core.shell:Skip shell extension 'powershell' for command environment: Not usable outside of PowerShell
[1.310s] DEBUG:colcon.colcon_core.shell:Skip shell extension 'dsv' for command environment
[1.330s] DEBUG:colcon.colcon_core.event_handler.log_command:Invoking command in '/home/fizzer/my_robot_ws/build/my_robot_bringup': AMENT_PREFIX_PATH=/home/fizzer/my_robot_ws/install/my_robot_description:${AMENT_PREFIX_PATH} CMAKE_PREFIX_PATH=/home/fizzer/my_robot_ws/install/my_robot_description:/opt/ros/jazzy/opt/gz_sim_vendor:/opt/ros/jazzy/opt/gz_sensors_vendor:/opt/ros/jazzy/opt/gz_physics_vendor:/opt/ros/jazzy/opt/sdformat_vendor:/opt/ros/jazzy/opt/gz_gui_vendor:/opt/ros/jazzy/opt/gz_transport_vendor:/opt/ros/jazzy/opt/gz_rendering_vendor:/opt/ros/jazzy/opt/gz_plugin_vendor:/opt/ros/jazzy/opt/gz_fuel_tools_vendor:/opt/ros/jazzy/opt/gz_msgs_vendor:/opt/ros/jazzy/opt/gz_common_vendor:/opt/ros/jazzy/opt/gz_math_vendor:/opt/ros/jazzy/opt/gz_utils_vendor:/opt/ros/jazzy/opt/gz_tools_vendor:/opt/ros/jazzy/opt/gz_ogre_next_vendor:/opt/ros/jazzy/opt/gz_dartsim_vendor:/opt/ros/jazzy/opt/gz_cmake_vendor:/opt/ros/jazzy DEBUGINFOD_URLS=https://debuginfod.ubuntu.com /usr/bin/cmake --build /home/fizzer/my_robot_ws/build/my_robot_bringup -- -j4 -l4
[1.411s] DEBUG:colcon.colcon_core.event_handler.log_command:Invoked command in '/home/fizzer/my_robot_ws/build/my_robot_bringup' returned '0': AMENT_PREFIX_PATH=/home/fizzer/my_robot_ws/install/my_robot_description:${AMENT_PREFIX_PATH} CMAKE_PREFIX_PATH=/home/fizzer/my_robot_ws/install/my_robot_description:/opt/ros/jazzy/opt/gz_sim_vendor:/opt/ros/jazzy/opt/gz_sensors_vendor:/opt/ros/jazzy/opt/gz_physics_vendor:/opt/ros/jazzy/opt/sdformat_vendor:/opt/ros/jazzy/opt/gz_gui_vendor:/opt/ros/jazzy/opt/gz_transport_vendor:/opt/ros/jazzy/opt/gz_rendering_vendor:/opt/ros/jazzy/opt/gz_plugin_vendor:/opt/ros/jazzy/opt/gz_fuel_tools_vendor:/opt/ros/jazzy/opt/gz_msgs_vendor:/opt/ros/jazzy/opt/gz_common_vendor:/opt/ros/jazzy/opt/gz_math_vendor:/opt/ros/jazzy/opt/gz_utils_vendor:/opt/ros/jazzy/opt/gz_tools_vendor:/opt/ros/jazzy/opt/gz_ogre_next_vendor:/opt/ros/jazzy/opt/gz_dartsim_vendor:/opt/ros/jazzy/opt/gz_cmake_vendor:/opt/ros/jazzy DEBUGINFOD_URLS=https://debuginfod.ubuntu.com /usr/bin/cmake --build /home/fizzer/my_robot_ws/build/my_robot_bringup -- -j4 -l4
[1.414s] DEBUG:colcon.colcon_core.event_handler.log_command:Invoking command in '/home/fizzer/my_robot_ws/build/my_robot_bringup': AMENT_PREFIX_PATH=/home/fizzer/my_robot_ws/install/my_robot_description:${AMENT_PREFIX_PATH} CMAKE_PREFIX_PATH=/home/fizzer/my_robot_ws/install/my_robot_description:/opt/ros/jazzy/opt/gz_sim_vendor:/opt/ros/jazzy/opt/gz_sensors_vendor:/opt/ros/jazzy/opt/gz_physics_vendor:/opt/ros/jazzy/opt/sdformat_vendor:/opt/ros/jazzy/opt/gz_gui_vendor:/opt/ros/jazzy/opt/gz_transport_vendor:/opt/ros/jazzy/opt/gz_rendering_vendor:/opt/ros/jazzy/opt/gz_plugin_vendor:/opt/ros/jazzy/opt/gz_fuel_tools_vendor:/opt/ros/jazzy/opt/gz_msgs_vendor:/opt/ros/jazzy/opt/gz_common_vendor:/opt/ros/jazzy/opt/gz_math_vendor:/opt/ros/jazzy/opt/gz_utils_vendor:/opt/ros/jazzy/opt/gz_tools_vendor:/opt/ros/jazzy/opt/gz_ogre_next_vendor:/opt/ros/jazzy/opt/gz_dartsim_vendor:/opt/ros/jazzy/opt/gz_cmake_vendor:/opt/ros/jazzy DEBUGINFOD_URLS=https://debuginfod.ubuntu.com /usr/bin/cmake --install /home/fizzer/my_robot_ws/build/my_robot_bringup
[1.508s] Level 1:colcon.colcon_core.environment:create_environment_scripts_only(my_robot_bringup)
[1.509s] Level 1:colcon.colcon_core.environment:checking '/home/fizzer/my_robot_ws/install/my_robot_bringup' for CMake module files
[1.510s] DEBUG:colcon.colcon_core.event_handler.log_command:Invoked command in '/home/fizzer/my_robot_ws/build/my_robot_bringup' returned '0': AMENT_PREFIX_PATH=/home/fizzer/my_robot_ws/install/my_robot_description:${AMENT_PREFIX_PATH} CMAKE_PREFIX_PATH=/home/fizzer/my_robot_ws/install/my_robot_description:/opt/ros/jazzy/opt/gz_sim_vendor:/opt/ros/jazzy/opt/gz_sensors_vendor:/opt/ros/jazzy/opt/gz_physics_vendor:/opt/ros/jazzy/opt/sdformat_vendor:/opt/ros/jazzy/opt/gz_gui_vendor:/opt/ros/jazzy/opt/gz_transport_vendor:/opt/ros/jazzy/opt/gz_rendering_vendor:/opt/ros/jazzy/opt/gz_plugin_vendor:/opt/ros/jazzy/opt/gz_fuel_tools_vendor:/opt/ros/jazzy/opt/gz_msgs_vendor:/opt/ros/jazzy/opt/gz_common_vendor:/opt/ros/jazzy/opt/gz_math_vendor:/opt/ros/jazzy/opt/gz_utils_vendor:/opt/ros/jazzy/opt/gz_tools_vendor:/opt/ros/jazzy/opt/gz_ogre_next_vendor:/opt/ros/jazzy/opt/gz_dartsim_vendor:/opt/ros/jazzy/opt/gz_cmake_vendor:/opt/ros/jazzy DEBUGINFOD_URLS=https://debuginfod.ubuntu.com /usr/bin/cmake --install /home/fizzer/my_robot_ws/build/my_robot_bringup
[1.510s] Level 1:colcon.colcon_core.environment:checking '/home/fizzer/my_robot_ws/install/my_robot_bringup' for CMake config files
[1.512s] Level 1:colcon.colcon_core.shell:create_environment_hook('my_robot_bringup', 'cmake_prefix_path')
[1.513s] INFO:colcon.colcon_core.shell:Creating environment hook '/home/fizzer/my_robot_ws/install/my_robot_bringup/share/my_robot_bringup/hook/cmake_prefix_path.ps1'
[1.514s] INFO:colcon.colcon_core.shell:Creating environment descriptor '/home/fizzer/my_robot_ws/install/my_robot_bringup/share/my_robot_bringup/hook/cmake_prefix_path.dsv'
[1.514s] INFO:colcon.colcon_core.shell:Creating environment hook '/home/fizzer/my_robot_ws/install/my_robot_bringup/share/my_robot_bringup/hook/cmake_prefix_path.sh'
[1.516s] Level 1:colcon.colcon_core.environment:checking '/home/fizzer/my_robot_ws/install/my_robot_bringup/bin'
[1.516s] Level 1:colcon.colcon_core.environment:checking '/home/fizzer/my_robot_ws/install/my_robot_bringup/lib/pkgconfig/my_robot_bringup.pc'
[1.516s] Level 1:colcon.colcon_core.environment:checking '/home/fizzer/my_robot_ws/install/my_robot_bringup/lib/python3.12/site-packages'
[1.517s] Level 1:colcon.colcon_core.environment:checking '/home/fizzer/my_robot_ws/install/my_robot_bringup/bin'
[1.517s] INFO:colcon.colcon_core.shell:Creating package script '/home/fizzer/my_robot_ws/install/my_robot_bringup/share/my_robot_bringup/package.ps1'
[1.519s] INFO:colcon.colcon_core.shell:Creating package descriptor '/home/fizzer/my_robot_ws/install/my_robot_bringup/share/my_robot_bringup/package.dsv'
[1.520s] INFO:colcon.colcon_core.shell:Creating package script '/home/fizzer/my_robot_ws/install/my_robot_bringup/share/my_robot_bringup/package.sh'
[1.520s] INFO:colcon.colcon_core.shell:Creating package script '/home/fizzer/my_robot_ws/install/my_robot_bringup/share/my_robot_bringup/package.bash'
[1.521s] INFO:colcon.colcon_core.shell:Creating package script '/home/fizzer/my_robot_ws/install/my_robot_bringup/share/my_robot_bringup/package.zsh'
[1.522s] Level 1:colcon.colcon_core.environment:create_file_with_runtime_dependencies(/home/fizzer/my_robot_ws/install/my_robot_bringup/share/colcon-core/packages/my_robot_bringup)
[1.524s] Level 1:colcon.colcon_core.environment:create_environment_scripts_only(my_robot_bringup)
[1.524s] Level 1:colcon.colcon_core.environment:checking '/home/fizzer/my_robot_ws/install/my_robot_bringup' for CMake module files
[1.525s] Level 1:colcon.colcon_core.environment:checking '/home/fizzer/my_robot_ws/install/my_robot_bringup' for CMake config files
[1.527s] Level 1:colcon.colcon_core.shell:create_environment_hook('my_robot_bringup', 'cmake_prefix_path')
[1.527s] INFO:colcon.colcon_core.shell:Creating environment hook '/home/fizzer/my_robot_ws/install/my_robot_bringup/share/my_robot_bringup/hook/cmake_prefix_path.ps1'
[1.529s] INFO:colcon.colcon_core.shell:Creating environment descriptor '/home/fizzer/my_robot_ws/install/my_robot_bringup/share/my_robot_bringup/hook/cmake_prefix_path.dsv'
[1.529s] INFO:colcon.colcon_core.shell:Creating environment hook '/home/fizzer/my_robot_ws/install/my_robot_bringup/share/my_robot_bringup/hook/cmake_prefix_path.sh'
[1.531s] Level 1:colcon.colcon_core.environment:checking '/home/fizzer/my_robot_ws/install/my_robot_bringup/bin'
[1.531s] Level 1:colcon.colcon_core.environment:checking '/home/fizzer/my_robot_ws/install/my_robot_bringup/lib/pkgconfig/my_robot_bringup.pc'
[1.531s] Level 1:colcon.colcon_core.environment:checking '/home/fizzer/my_robot_ws/install/my_robot_bringup/lib/python3.12/site-packages'
[1.532s] Level 1:colcon.colcon_core.environment:checking '/home/fizzer/my_robot_ws/install/my_robot_bringup/bin'
[1.533s] INFO:colcon.colcon_core.shell:Creating package script '/home/fizzer/my_robot_ws/install/my_robot_bringup/share/my_robot_bringup/package.ps1'
[1.534s] INFO:colcon.colcon_core.shell:Creating package descriptor '/home/fizzer/my_robot_ws/install/my_robot_bringup/share/my_robot_bringup/package.dsv'
[1.535s] INFO:colcon.colcon_core.shell:Creating package script '/home/fizzer/my_robot_ws/install/my_robot_bringup/share/my_robot_bringup/package.sh'
[1.536s] INFO:colcon.colcon_core.shell:Creating package script '/home/fizzer/my_robot_ws/install/my_robot_bringup/share/my_robot_bringup/package.bash'
[1.537s] INFO:colcon.colcon_core.shell:Creating package script '/home/fizzer/my_robot_ws/install/my_robot_bringup/share/my_robot_bringup/package.zsh'
[1.538s] Level 1:colcon.colcon_core.environment:create_file_with_runtime_dependencies(/home/fizzer/my_robot_ws/install/my_robot_bringup/share/colcon-core/packages/my_robot_bringup)
[2.724s] DEBUG:colcon.colcon_core.event_handler.log_command:Invoking command in '/home/fizzer/my_robot_ws/src/bringup_nodes': DEBUGINFOD_URLS=https://debuginfod.ubuntu.com PYTHONPATH=/home/fizzer/my_robot_ws/build/bringup_nodes/prefix_override:/usr/lib/python3/dist-packages/colcon_core/task/python/colcon_distutils_commands:/home/fizzer/my_robot_ws/install/bringup_nodes/lib/python3.12/site-packages:${PYTHONPATH} /usr/bin/python3 -W ignore:setup.py install is deprecated -W ignore:easy_install command is deprecated setup.py egg_info --egg-base ../../build/bringup_nodes build --build-base /home/fizzer/my_robot_ws/build/bringup_nodes/build install --record /home/fizzer/my_robot_ws/build/bringup_nodes/install.log --single-version-externally-managed install_data
[3.695s] Level 1:colcon.colcon_core.environment:checking '/home/fizzer/my_robot_ws/install/bringup_nodes' for CMake module files
[3.695s] DEBUG:colcon.colcon_core.event_handler.log_command:Invoked command in '/home/fizzer/my_robot_ws/src/bringup_nodes' returned '0': DEBUGINFOD_URLS=https://debuginfod.ubuntu.com PYTHONPATH=/home/fizzer/my_robot_ws/build/bringup_nodes/prefix_override:/usr/lib/python3/dist-packages/colcon_core/task/python/colcon_distutils_commands:/home/fizzer/my_robot_ws/install/bringup_nodes/lib/python3.12/site-packages:${PYTHONPATH} /usr/bin/python3 -W ignore:setup.py install is deprecated -W ignore:easy_install command is deprecated setup.py egg_info --egg-base ../../build/bringup_nodes build --build-base /home/fizzer/my_robot_ws/build/bringup_nodes/build install --record /home/fizzer/my_robot_ws/build/bringup_nodes/install.log --single-version-externally-managed install_data
[3.696s] Level 1:colcon.colcon_core.environment:checking '/home/fizzer/my_robot_ws/install/bringup_nodes' for CMake config files
[3.697s] Level 1:colcon.colcon_core.environment:checking '/home/fizzer/my_robot_ws/install/bringup_nodes/lib'
[3.701s] Level 1:colcon.colcon_core.environment:checking '/home/fizzer/my_robot_ws/install/bringup_nodes/bin'
[3.701s] Level 1:colcon.colcon_core.environment:checking '/home/fizzer/my_robot_ws/install/bringup_nodes/lib/pkgconfig/bringup_nodes.pc'
[3.702s] Level 1:colcon.colcon_core.environment:checking '/home/fizzer/my_robot_ws/install/bringup_nodes/lib/python3.12/site-packages'
[3.702s] Level 1:colcon.colcon_core.shell:create_environment_hook('bringup_nodes', 'pythonpath')
[3.702s] INFO:colcon.colcon_core.shell:Creating environment hook '/home/fizzer/my_robot_ws/install/bringup_nodes/share/bringup_nodes/hook/pythonpath.ps1'
[3.703s] INFO:colcon.colcon_core.shell:Creating environment descriptor '/home/fizzer/my_robot_ws/install/bringup_nodes/share/bringup_nodes/hook/pythonpath.dsv'
[3.704s] INFO:colcon.colcon_core.shell:Creating environment hook '/home/fizzer/my_robot_ws/install/bringup_nodes/share/bringup_nodes/hook/pythonpath.sh'
[3.706s] Level 1:colcon.colcon_core.environment:checking '/home/fizzer/my_robot_ws/install/bringup_nodes/bin'
[3.706s] Level 1:colcon.colcon_core.environment:create_environment_scripts_only(bringup_nodes)
[3.707s] INFO:colcon.colcon_core.shell:Creating package script '/home/fizzer/my_robot_ws/install/bringup_nodes/share/bringup_nodes/package.ps1'
[3.708s] INFO:colcon.colcon_core.shell:Creating package descriptor '/home/fizzer/my_robot_ws/install/bringup_nodes/share/bringup_nodes/package.dsv'
[3.709s] INFO:colcon.colcon_core.shell:Creating package script '/home/fizzer/my_robot_ws/install/bringup_nodes/share/bringup_nodes/package.sh'
[3.710s] INFO:colcon.colcon_core.shell:Creating package script '/home/fizzer/my_robot_ws/install/bringup_nodes/share/bringup_nodes/package.bash'
[3.710s] INFO:colcon.colcon_core.shell:Creating package script '/home/fizzer/my_robot_ws/install/bringup_nodes/share/bringup_nodes/package.zsh'
[3.711s] Level 1:colcon.colcon_core.environment:create_file_with_runtime_dependencies(/home/fizzer/my_robot_ws/install/bringup_nodes/share/colcon-core/packages/bringup_nodes)
[11.277s] DEBUG:colcon.colcon_core.event_handler.log_command:Invoked command in '/home/fizzer/my_robot_ws/build/custom_plugins' returned '0': CMAKE_PREFIX_PATH=${CMAKE_PREFIX_PATH}:/opt/ros/jazzy DEBUGINFOD_URLS=https://debuginfod.ubuntu.com /usr/bin/cmake --build /home/fizzer/my_robot_ws/build/custom_plugins -- -j4 -l4
[11.285s] DEBUG:colcon.colcon_core.event_handler.log_command:Invoking command in '/home/fizzer/my_robot_ws/build/custom_plugins': CMAKE_PREFIX_PATH=${CMAKE_PREFIX_PATH}:/opt/ros/jazzy DEBUGINFOD_URLS=https://debuginfod.ubuntu.com /usr/bin/cmake --install /home/fizzer/my_robot_ws/build/custom_plugins
[11.330s] Level 1:colcon.colcon_core.environment:create_environment_scripts_only(custom_plugins)
[11.330s] Level 1:colcon.colcon_core.environment:checking '/home/fizzer/my_robot_ws/install/custom_plugins' for CMake module files
[11.331s] DEBUG:colcon.colcon_core.event_handler.log_command:Invoked command in '/home/fizzer/my_robot_ws/build/custom_plugins' returned '0': CMAKE_PREFIX_PATH=${CMAKE_PREFIX_PATH}:/opt/ros/jazzy DEBUGINFOD_URLS=https://debuginfod.ubuntu.com /usr/bin/cmake --install /home/fizzer/my_robot_ws/build/custom_plugins
[11.333s] Level 1:colcon.colcon_core.environment:checking '/home/fizzer/my_robot_ws/install/custom_plugins' for CMake config files
[11.334s] Level 1:colcon.colcon_core.shell:create_environment_hook('custom_plugins', 'cmake_prefix_path')
[11.334s] INFO:colcon.colcon_core.shell:Creating environment hook '/home/fizzer/my_robot_ws/install/custom_plugins/share/custom_plugins/hook/cmake_prefix_path.ps1'
[11.337s] INFO:colcon.colcon_core.shell:Creating environment descriptor '/home/fizzer/my_robot_ws/install/custom_plugins/share/custom_plugins/hook/cmake_prefix_path.dsv'
[11.338s] INFO:colcon.colcon_core.shell:Creating environment hook '/home/fizzer/my_robot_ws/install/custom_plugins/share/custom_plugins/hook/cmake_prefix_path.sh'
[11.339s] Level 1:colcon.colcon_core.environment:checking '/home/fizzer/my_robot_ws/install/custom_plugins/lib'
[11.339s] Level 1:colcon.colcon_core.shell:create_environment_hook('custom_plugins', 'ld_library_path_lib')
[11.340s] INFO:colcon.colcon_core.shell:Creating environment hook '/home/fizzer/my_robot_ws/install/custom_plugins/share/custom_plugins/hook/ld_library_path_lib.ps1'
[11.340s] INFO:colcon.colcon_core.shell:Creating environment descriptor '/home/fizzer/my_robot_ws/install/custom_plugins/share/custom_plugins/hook/ld_library_path_lib.dsv'
[11.341s] INFO:colcon.colcon_core.shell:Creating environment hook '/home/fizzer/my_robot_ws/install/custom_plugins/share/custom_plugins/hook/ld_library_path_lib.sh'
[11.342s] Level 1:colcon.colcon_core.environment:checking '/home/fizzer/my_robot_ws/install/custom_plugins/bin'
[11.342s] Level 1:colcon.colcon_core.environment:checking '/home/fizzer/my_robot_ws/install/custom_plugins/lib/pkgconfig/custom_plugins.pc'
[11.342s] Level 1:colcon.colcon_core.environment:checking '/home/fizzer/my_robot_ws/install/custom_plugins/lib/python3.12/site-packages'
[11.343s] Level 1:colcon.colcon_core.environment:checking '/home/fizzer/my_robot_ws/install/custom_plugins/bin'
[11.343s] INFO:colcon.colcon_core.shell:Creating package script '/home/fizzer/my_robot_ws/install/custom_plugins/share/custom_plugins/package.ps1'
[11.344s] INFO:colcon.colcon_core.shell:Creating package descriptor '/home/fizzer/my_robot_ws/install/custom_plugins/share/custom_plugins/package.dsv'
[11.345s] INFO:colcon.colcon_core.shell:Creating package script '/home/fizzer/my_robot_ws/install/custom_plugins/share/custom_plugins/package.sh'
[11.346s] INFO:colcon.colcon_core.shell:Creating package script '/home/fizzer/my_robot_ws/install/custom_plugins/share/custom_plugins/package.bash'
[11.347s] INFO:colcon.colcon_core.shell:Creating package script '/home/fizzer/my_robot_ws/install/custom_plugins/share/custom_plugins/package.zsh'
[11.347s] Level 1:colcon.colcon_core.environment:create_file_with_runtime_dependencies(/home/fizzer/my_robot_ws/install/custom_plugins/share/colcon-core/packages/custom_plugins)
[11.348s] Level 1:colcon.colcon_core.environment:create_environment_scripts_only(custom_plugins)
[11.349s] Level 1:colcon.colcon_core.environment:checking '/home/fizzer/my_robot_ws/install/custom_plugins' for CMake module files
[11.350s] Level 1:colcon.colcon_core.environment:checking '/home/fizzer/my_robot_ws/install/custom_plugins' for CMake config files
[11.350s] Level 1:colcon.colcon_core.shell:create_environment_hook('custom_plugins', 'cmake_prefix_path')
[11.351s] INFO:colcon.colcon_core.shell:Creating environment hook '/home/fizzer/my_robot_ws/install/custom_plugins/share/custom_plugins/hook/cmake_prefix_path.ps1'
[11.351s] INFO:colcon.colcon_core.shell:Creating environment descriptor '/home/fizzer/my_robot_ws/install/custom_plugins/share/custom_plugins/hook/cmake_prefix_path.dsv'
[11.352s] INFO:colcon.colcon_core.shell:Creating environment hook '/home/fizzer/my_robot_ws/install/custom_plugins/share/custom_plugins/hook/cmake_prefix_path.sh'
[11.353s] Level 1:colcon.colcon_core.environment:checking '/home/fizzer/my_robot_ws/install/custom_plugins/lib'
[11.353s] Level 1:colcon.colcon_core.shell:create_environment_hook('custom_plugins', 'ld_library_path_lib')
[11.353s] INFO:colcon.colcon_core.shell:Creating environment hook '/home/fizzer/my_robot_ws/install/custom_plugins/share/custom_plugins/hook/ld_library_path_lib.ps1'
[11.354s] INFO:colcon.colcon_core.shell:Creating environment descriptor '/home/fizzer/my_robot_ws/install/custom_plugins/share/custom_plugins/hook/ld_library_path_lib.dsv'
[11.354s] INFO:colcon.colcon_core.shell:Creating environment hook '/home/fizzer/my_robot_ws/install/custom_plugins/share/custom_plugins/hook/ld_library_path_lib.sh'
[11.355s] Level 1:colcon.colcon_core.environment:checking '/home/fizzer/my_robot_ws/install/custom_plugins/bin'
[11.355s] Level 1:colcon.colcon_core.environment:checking '/home/fizzer/my_robot_ws/install/custom_plugins/lib/pkgconfig/custom_plugins.pc'
[11.356s] Level 1:colcon.colcon_core.environment:checking '/home/fizzer/my_robot_ws/install/custom_plugins/lib/python3.12/site-packages'
[11.356s] Level 1:colcon.colcon_core.environment:checking '/home/fizzer/my_robot_ws/install/custom_plugins/bin'
[11.357s] INFO:colcon.colcon_core.shell:Creating package script '/home/fizzer/my_robot_ws/install/custom_plugins/share/custom_plugins/package.ps1'
[11.358s] INFO:colcon.colcon_core.shell:Creating package descriptor '/home/fizzer/my_robot_ws/install/custom_plugins/share/custom_plugins/package.dsv'
[11.359s] INFO:colcon.colcon_core.shell:Creating package script '/home/fizzer/my_robot_ws/install/custom_plugins/share/custom_plugins/package.sh'
[11.359s] INFO:colcon.colcon_core.shell:Creating package script '/home/fizzer/my_robot_ws/install/custom_plugins/share/custom_plugins/package.bash'
[11.360s] INFO:colcon.colcon_core.shell:Creating package script '/home/fizzer/my_robot_ws/install/custom_plugins/share/custom_plugins/package.zsh'
[11.361s] Level 1:colcon.colcon_core.environment:create_file_with_runtime_dependencies(/home/fizzer/my_robot_ws/install/custom_plugins/share/colcon-core/packages/custom_plugins)
[11.362s] DEBUG:colcon.colcon_parallel_executor.executor.parallel:closing loop
[11.362s] DEBUG:colcon.colcon_parallel_executor.executor.parallel:loop closed
[11.362s] DEBUG:colcon.colcon_parallel_executor.executor.parallel:run_until_complete finished with '0'
[11.363s] DEBUG:colcon.colcon_core.event_reactor:joining thread
[11.379s] INFO:colcon.colcon_core.plugin_system:Skipping extension 'colcon_notification.desktop_notification.terminal_notifier': Not used on non-Darwin systems
[11.379s] INFO:colcon.colcon_core.plugin_system:Skipping extension 'colcon_notification.desktop_notification.win32': Not used on non-Windows systems
[11.379s] INFO:colcon.colcon_notification.desktop_notification:Sending desktop notification using 'notify2'
[11.523s] DEBUG:colcon.colcon_core.event_reactor:joined thread
[11.523s] INFO:colcon.colcon_core.shell:Creating prefix script '/home/fizzer/my_robot_ws/install/local_setup.ps1'
[11.527s] INFO:colcon.colcon_core.shell:Creating prefix util module '/home/fizzer/my_robot_ws/install/_local_setup_util_ps1.py'
[11.530s] INFO:colcon.colcon_core.shell:Creating prefix chain script '/home/fizzer/my_robot_ws/install/setup.ps1'
[11.534s] INFO:colcon.colcon_core.shell:Creating prefix script '/home/fizzer/my_robot_ws/install/local_setup.sh'
[11.537s] INFO:colcon.colcon_core.shell:Creating prefix util module '/home/fizzer/my_robot_ws/install/_local_setup_util_sh.py'
[11.538s] INFO:colcon.colcon_core.shell:Creating prefix chain script '/home/fizzer/my_robot_ws/install/setup.sh'
[11.542s] INFO:colcon.colcon_core.shell:Creating prefix script '/home/fizzer/my_robot_ws/install/local_setup.bash'
[11.545s] INFO:colcon.colcon_core.shell:Creating prefix chain script '/home/fizzer/my_robot_ws/install/setup.bash'
[11.549s] INFO:colcon.colcon_core.shell:Creating prefix script '/home/fizzer/my_robot_ws/install/local_setup.zsh'
[11.552s] INFO:colcon.colcon_core.shell:Creating prefix chain script '/home/fizzer/my_robot_ws/install/setup.zsh'
