[0.355s] Invoking command in '/home/fizzer/my_robot_ws/build/custom_plugins': CMAKE_PREFIX_PATH=${CMAKE_PREFIX_PATH}:/home/fizzer/my_robot_ws/install/bringup_nodes:/opt/ros/jazzy DEBUGINFOD_URLS=https://debuginfod.ubuntu.com /usr/bin/cmake --build /home/fizzer/my_robot_ws/build/custom_plugins -- -j4 -l4
[0.517s] [100%] Built target ResetSimPlugin
[0.539s] Invoked command in '/home/fizzer/my_robot_ws/build/custom_plugins' returned '0': CMAKE_PREFIX_PATH=${CMAKE_PREFIX_PATH}:/home/fizzer/my_robot_ws/install/bringup_nodes:/opt/ros/jazzy DEBUGINFOD_URLS=https://debuginfod.ubuntu.com /usr/bin/cmake --build /home/fizzer/my_robot_ws/build/custom_plugins -- -j4 -l4
[0.541s] Invoking command in '/home/fizzer/my_robot_ws/build/custom_plugins': CMAKE_PREFIX_PATH=${CMAKE_PREFIX_PATH}:/home/fizzer/my_robot_ws/install/bringup_nodes:/opt/ros/jazzy DEBUGINFOD_URLS=https://debuginfod.ubuntu.com /usr/bin/cmake --install /home/fizzer/my_robot_ws/build/custom_plugins
[0.559s] -- Install configuration: ""
[0.562s] -- Execute custom install script
[0.562s] -- Up-to-date symlink: /home/fizzer/my_robot_ws/install/custom_plugins/lib/libResetSimPlugin.so
[0.563s] -- Up-to-date symlink: /home/fizzer/my_robot_ws/install/custom_plugins/include/custom_plugins/ResetSimPlugin.hh
[0.563s] -- Up-to-date symlink: /home/fizzer/my_robot_ws/install/custom_plugins/share/ament_index/resource_index/package_run_dependencies/custom_plugins
[0.567s] -- Up-to-date symlink: /home/fizzer/my_robot_ws/install/custom_plugins/share/ament_index/resource_index/parent_prefix_path/custom_plugins
[0.567s] -- Up-to-date symlink: /home/fizzer/my_robot_ws/install/custom_plugins/share/custom_plugins/environment/ament_prefix_path.sh
[0.567s] -- Up-to-date symlink: /home/fizzer/my_robot_ws/install/custom_plugins/share/custom_plugins/environment/ament_prefix_path.dsv
[0.567s] -- Up-to-date symlink: /home/fizzer/my_robot_ws/install/custom_plugins/share/custom_plugins/environment/path.sh
[0.567s] -- Up-to-date symlink: /home/fizzer/my_robot_ws/install/custom_plugins/share/custom_plugins/environment/path.dsv
[0.568s] -- Up-to-date symlink: /home/fizzer/my_robot_ws/install/custom_plugins/share/custom_plugins/local_setup.bash
[0.568s] -- Up-to-date symlink: /home/fizzer/my_robot_ws/install/custom_plugins/share/custom_plugins/local_setup.sh
[0.568s] -- Up-to-date symlink: /home/fizzer/my_robot_ws/install/custom_plugins/share/custom_plugins/local_setup.zsh
[0.568s] -- Up-to-date symlink: /home/fizzer/my_robot_ws/install/custom_plugins/share/custom_plugins/local_setup.dsv
[0.568s] -- Symlinking: /home/fizzer/my_robot_ws/install/custom_plugins/share/custom_plugins/package.dsv
[0.582s] -- Up-to-date symlink: /home/fizzer/my_robot_ws/install/custom_plugins/share/ament_index/resource_index/packages/custom_plugins
[0.582s] -- Up-to-date symlink: /home/fizzer/my_robot_ws/install/custom_plugins/share/custom_plugins/cmake/custom_pluginsConfig.cmake
[0.582s] -- Up-to-date symlink: /home/fizzer/my_robot_ws/install/custom_plugins/share/custom_plugins/cmake/custom_pluginsConfig-version.cmake
[0.583s] -- Up-to-date symlink: /home/fizzer/my_robot_ws/install/custom_plugins/share/custom_plugins/package.xml
[0.595s] Invoked command in '/home/fizzer/my_robot_ws/build/custom_plugins' returned '0': CMAKE_PREFIX_PATH=${CMAKE_PREFIX_PATH}:/home/fizzer/my_robot_ws/install/bringup_nodes:/opt/ros/jazzy DEBUGINFOD_URLS=https://debuginfod.ubuntu.com /usr/bin/cmake --install /home/fizzer/my_robot_ws/build/custom_plugins
