[0.016s] Invoking command in '/home/fizzer/my_robot_ws/build/my_robot_description': CMAKE_PREFIX_PATH=${CMAKE_PREFIX_PATH}:/opt/ros/jazzy DEBUGINFOD_URLS=https://debuginfod.ubuntu.com /usr/bin/cmake /home/fizzer/my_robot_ws/src/my_robot_description -DCMAKE_INSTALL_PREFIX=/home/fizzer/my_robot_ws/install/my_robot_description
[0.037s] -- Found ament_cmake: 2.5.6 (/opt/ros/jazzy/share/ament_cmake/cmake)
[0.366s] -- Override CMake install command with custom implementation using symlinks instead of copying resources
[0.558s] -- Configuring done (0.5s)
[0.565s] -- Generating done (0.0s)
[0.568s] -- Build files have been written to: /home/fizzer/my_robot_ws/build/my_robot_description
[0.575s] Invoked command in '/home/fizzer/my_robot_ws/build/my_robot_description' returned '0': CMAKE_PREFIX_PATH=${CMAKE_PREFIX_PATH}:/opt/ros/jazzy DEBUGINFOD_URLS=https://debuginfod.ubuntu.com /usr/bin/cmake /home/fizzer/my_robot_ws/src/my_robot_description -DCMAKE_INSTALL_PREFIX=/home/fizzer/my_robot_ws/install/my_robot_description
[0.577s] Invoking command in '/home/fizzer/my_robot_ws/build/my_robot_description': CMAKE_PREFIX_PATH=${CMAKE_PREFIX_PATH}:/opt/ros/jazzy DEBUGINFOD_URLS=https://debuginfod.ubuntu.com /usr/bin/cmake --build /home/fizzer/my_robot_ws/build/my_robot_description -- -j4 -l4
[0.647s] Invoked command in '/home/fizzer/my_robot_ws/build/my_robot_description' returned '0': CMAKE_PREFIX_PATH=${CMAKE_PREFIX_PATH}:/opt/ros/jazzy DEBUGINFOD_URLS=https://debuginfod.ubuntu.com /usr/bin/cmake --build /home/fizzer/my_robot_ws/build/my_robot_description -- -j4 -l4
[0.662s] Invoking command in '/home/fizzer/my_robot_ws/build/my_robot_description': CMAKE_PREFIX_PATH=${CMAKE_PREFIX_PATH}:/opt/ros/jazzy DEBUGINFOD_URLS=https://debuginfod.ubuntu.com /usr/bin/cmake --install /home/fizzer/my_robot_ws/build/my_robot_description
[0.677s] -- Install configuration: ""
[0.677s] -- Execute custom install script
[0.678s] -- Up-to-date symlink: /home/fizzer/my_robot_ws/install/my_robot_description/share/my_robot_description//urdf/common_properties.xacro
[0.678s] -- Up-to-date symlink: /home/fizzer/my_robot_ws/install/my_robot_description/share/my_robot_description//urdf/mobile_base_gazebo.xacro
[0.679s] -- Up-to-date symlink: /home/fizzer/my_robot_ws/install/my_robot_description/share/my_robot_description//urdf/my_robot.urdf.xacro
[0.679s] -- Up-to-date symlink: /home/fizzer/my_robot_ws/install/my_robot_description/share/my_robot_description//rviz/urdf_config.rviz
[0.680s] -- Up-to-date symlink: /home/fizzer/my_robot_ws/install/my_robot_description/share/my_robot_description//launch/display.launch.xml
[0.680s] -- Up-to-date symlink: /home/fizzer/my_robot_ws/install/my_robot_description/share/ament_index/resource_index/package_run_dependencies/my_robot_description
[0.680s] -- Up-to-date symlink: /home/fizzer/my_robot_ws/install/my_robot_description/share/ament_index/resource_index/parent_prefix_path/my_robot_description
[0.681s] -- Up-to-date symlink: /home/fizzer/my_robot_ws/install/my_robot_description/share/my_robot_description/environment/ament_prefix_path.sh
[0.681s] -- Up-to-date symlink: /home/fizzer/my_robot_ws/install/my_robot_description/share/my_robot_description/environment/ament_prefix_path.dsv
[0.682s] -- Up-to-date symlink: /home/fizzer/my_robot_ws/install/my_robot_description/share/my_robot_description/environment/path.sh
[0.682s] -- Up-to-date symlink: /home/fizzer/my_robot_ws/install/my_robot_description/share/my_robot_description/environment/path.dsv
[0.682s] -- Up-to-date symlink: /home/fizzer/my_robot_ws/install/my_robot_description/share/my_robot_description/local_setup.bash
[0.683s] -- Up-to-date symlink: /home/fizzer/my_robot_ws/install/my_robot_description/share/my_robot_description/local_setup.sh
[0.683s] -- Up-to-date symlink: /home/fizzer/my_robot_ws/install/my_robot_description/share/my_robot_description/local_setup.zsh
[0.683s] -- Up-to-date symlink: /home/fizzer/my_robot_ws/install/my_robot_description/share/my_robot_description/local_setup.dsv
[0.683s] -- Symlinking: /home/fizzer/my_robot_ws/install/my_robot_description/share/my_robot_description/package.dsv
[0.697s] -- Up-to-date symlink: /home/fizzer/my_robot_ws/install/my_robot_description/share/ament_index/resource_index/packages/my_robot_description
[0.698s] -- Up-to-date symlink: /home/fizzer/my_robot_ws/install/my_robot_description/share/my_robot_description/cmake/my_robot_descriptionConfig.cmake
[0.698s] -- Up-to-date symlink: /home/fizzer/my_robot_ws/install/my_robot_description/share/my_robot_description/cmake/my_robot_descriptionConfig-version.cmake
[0.698s] -- Up-to-date symlink: /home/fizzer/my_robot_ws/install/my_robot_description/share/my_robot_description/package.xml
[0.702s] Invoked command in '/home/fizzer/my_robot_ws/build/my_robot_description' returned '0': CMAKE_PREFIX_PATH=${CMAKE_PREFIX_PATH}:/opt/ros/jazzy DEBUGINFOD_URLS=https://debuginfod.ubuntu.com /usr/bin/cmake --install /home/fizzer/my_robot_ws/build/my_robot_description
