running develop
Removing /home/fizzer/my_robot_ws/install/bringup_nodes/lib/python3.12/site-packages/bringup-nodes.egg-link (link to .)
running egg_info
writing ../../build/bringup_nodes/bringup_nodes.egg-info/PKG-INFO
writing dependency_links to ../../build/bringup_nodes/bringup_nodes.egg-info/dependency_links.txt
writing entry points to ../../build/bringup_nodes/bringup_nodes.egg-info/entry_points.txt
writing requirements to ../../build/bringup_nodes/bringup_nodes.egg-info/requires.txt
writing top-level names to ../../build/bringup_nodes/bringup_nodes.egg-info/top_level.txt
reading manifest file '../../build/bringup_nodes/bringup_nodes.egg-info/SOURCES.txt'
writing manifest file '../../build/bringup_nodes/bringup_nodes.egg-info/SOURCES.txt'
running build
running build_py
copying bringup_nodes/truck_circuit.py -> /home/fizzer/my_robot_ws/build/bringup_nodes/build/lib/bringup_nodes
running install
running install_lib
creating /home/fizzer/my_robot_ws/install/bringup_nodes/lib/python3.12/site-packages/bringup_nodes
copying /home/fizzer/my_robot_ws/build/bringup_nodes/build/lib/bringup_nodes/truck_circuit.py -> /home/fizzer/my_robot_ws/install/bringup_nodes/lib/python3.12/site-packages/bringup_nodes
copying /home/fizzer/my_robot_ws/build/bringup_nodes/build/lib/bringup_nodes/__init__.py -> /home/fizzer/my_robot_ws/install/bringup_nodes/lib/python3.12/site-packages/bringup_nodes
byte-compiling /home/fizzer/my_robot_ws/install/bringup_nodes/lib/python3.12/site-packages/bringup_nodes/truck_circuit.py to truck_circuit.cpython-312.pyc
byte-compiling /home/fizzer/my_robot_ws/install/bringup_nodes/lib/python3.12/site-packages/bringup_nodes/__init__.py to __init__.cpython-312.pyc
running install_data
copying resource/bringup_nodes -> /home/fizzer/my_robot_ws/install/bringup_nodes/share/ament_index/resource_index/packages
copying package.xml -> /home/fizzer/my_robot_ws/install/bringup_nodes/share/bringup_nodes
running install_egg_info
Copying ../../build/bringup_nodes/bringup_nodes.egg-info to /home/fizzer/my_robot_ws/install/bringup_nodes/lib/python3.12/site-packages/bringup_nodes-0.0.0-py3.12.egg-info
running install_scripts
Installing move_truck script to /home/fizzer/my_robot_ws/install/bringup_nodes/lib/bringup_nodes
writing list of installed files to '/home/fizzer/my_robot_ws/build/bringup_nodes/install.log'
