[2.132s] Invoking command in '/home/fizzer/my_robot_ws/build/bringup_nodes': DEBUGINFOD_URLS=https://debuginfod.ubuntu.com PYTHONPATH=/home/fizzer/my_robot_ws/build/bringup_nodes/prefix_override:/usr/lib/python3/dist-packages/colcon_core/task/python/colcon_distutils_commands:/home/fizzer/my_robot_ws/install/bringup_nodes/lib/python3.12/site-packages:${PYTHONPATH} /usr/bin/python3 -W ignore:setup.py install is deprecated -W ignore:easy_install command is deprecated setup.py develop --uninstall --editable --build-directory /home/fizzer/my_robot_ws/build/bringup_nodes/build
[2.785s] running develop
[3.125s] Removing /home/fizzer/my_robot_ws/install/bringup_nodes/lib/python3.12/site-packages/bringup-nodes.egg-link (link to .)
[3.171s] Invoked command in '/home/fizzer/my_robot_ws/build/bringup_nodes' returned '0': DEBUGINFOD_URLS=https://debuginfod.ubuntu.com PYTHONPATH=/home/fizzer/my_robot_ws/build/bringup_nodes/prefix_override:/usr/lib/python3/dist-packages/colcon_core/task/python/colcon_distutils_commands:/home/fizzer/my_robot_ws/install/bringup_nodes/lib/python3.12/site-packages:${PYTHONPATH} /usr/bin/python3 -W ignore:setup.py install is deprecated -W ignore:easy_install command is deprecated setup.py develop --uninstall --editable --build-directory /home/fizzer/my_robot_ws/build/bringup_nodes/build
[3.173s] Invoking command in '/home/fizzer/my_robot_ws/src/bringup_nodes': DEBUGINFOD_URLS=https://debuginfod.ubuntu.com PYTHONPATH=/home/fizzer/my_robot_ws/build/bringup_nodes/prefix_override:/usr/lib/python3/dist-packages/colcon_core/task/python/colcon_distutils_commands:/home/fizzer/my_robot_ws/install/bringup_nodes/lib/python3.12/site-packages:${PYTHONPATH} /usr/bin/python3 -W ignore:setup.py install is deprecated -W ignore:easy_install command is deprecated setup.py egg_info --egg-base ../../build/bringup_nodes build --build-base /home/fizzer/my_robot_ws/build/bringup_nodes/build install --record /home/fizzer/my_robot_ws/build/bringup_nodes/install.log --single-version-externally-managed install_data --force
[3.647s] running egg_info
[3.685s] writing ../../build/bringup_nodes/bringup_nodes.egg-info/PKG-INFO
[3.686s] writing dependency_links to ../../build/bringup_nodes/bringup_nodes.egg-info/dependency_links.txt
[3.687s] writing entry points to ../../build/bringup_nodes/bringup_nodes.egg-info/entry_points.txt
[3.687s] writing requirements to ../../build/bringup_nodes/bringup_nodes.egg-info/requires.txt
[3.687s] writing top-level names to ../../build/bringup_nodes/bringup_nodes.egg-info/top_level.txt
[3.760s] reading manifest file '../../build/bringup_nodes/bringup_nodes.egg-info/SOURCES.txt'
[3.768s] writing manifest file '../../build/bringup_nodes/bringup_nodes.egg-info/SOURCES.txt'
[3.768s] running build
[3.768s] running build_py
[3.768s] copying bringup_nodes/truck_circuit.py -> /home/fizzer/my_robot_ws/build/bringup_nodes/build/lib/bringup_nodes
[3.769s] running install
[3.779s] running install_lib
[3.814s] creating /home/fizzer/my_robot_ws/install/bringup_nodes/lib/python3.12/site-packages/bringup_nodes
[3.814s] copying /home/fizzer/my_robot_ws/build/bringup_nodes/build/lib/bringup_nodes/truck_circuit.py -> /home/fizzer/my_robot_ws/install/bringup_nodes/lib/python3.12/site-packages/bringup_nodes
[3.815s] copying /home/fizzer/my_robot_ws/build/bringup_nodes/build/lib/bringup_nodes/__init__.py -> /home/fizzer/my_robot_ws/install/bringup_nodes/lib/python3.12/site-packages/bringup_nodes
[3.815s] byte-compiling /home/fizzer/my_robot_ws/install/bringup_nodes/lib/python3.12/site-packages/bringup_nodes/truck_circuit.py to truck_circuit.cpython-312.pyc
[3.819s] byte-compiling /home/fizzer/my_robot_ws/install/bringup_nodes/lib/python3.12/site-packages/bringup_nodes/__init__.py to __init__.cpython-312.pyc
[3.819s] running install_data
[3.819s] copying resource/bringup_nodes -> /home/fizzer/my_robot_ws/install/bringup_nodes/share/ament_index/resource_index/packages
[3.819s] copying package.xml -> /home/fizzer/my_robot_ws/install/bringup_nodes/share/bringup_nodes
[3.820s] running install_egg_info
[3.855s] Copying ../../build/bringup_nodes/bringup_nodes.egg-info to /home/fizzer/my_robot_ws/install/bringup_nodes/lib/python3.12/site-packages/bringup_nodes-0.0.0-py3.12.egg-info
[3.861s] running install_scripts
[4.105s] Installing move_truck script to /home/fizzer/my_robot_ws/install/bringup_nodes/lib/bringup_nodes
[4.105s] writing list of installed files to '/home/fizzer/my_robot_ws/build/bringup_nodes/install.log'
[4.152s] Invoked command in '/home/fizzer/my_robot_ws/src/bringup_nodes' returned '0': DEBUGINFOD_URLS=https://debuginfod.ubuntu.com PYTHONPATH=/home/fizzer/my_robot_ws/build/bringup_nodes/prefix_override:/usr/lib/python3/dist-packages/colcon_core/task/python/colcon_distutils_commands:/home/fizzer/my_robot_ws/install/bringup_nodes/lib/python3.12/site-packages:${PYTHONPATH} /usr/bin/python3 -W ignore:setup.py install is deprecated -W ignore:easy_install command is deprecated setup.py egg_info --egg-base ../../build/bringup_nodes build --build-base /home/fizzer/my_robot_ws/build/bringup_nodes/build install --record /home/fizzer/my_robot_ws/build/bringup_nodes/install.log --single-version-externally-managed install_data --force
