[0.792s] Invoking command in '/home/fizzer/my_robot_ws/build/bringup_nodes': DEBUGINFOD_URLS=https://debuginfod.ubuntu.com PYTHONPATH=/home/fizzer/my_robot_ws/build/bringup_nodes/prefix_override:/usr/lib/python3/dist-packages/colcon_core/task/python/colcon_distutils_commands:/home/fizzer/my_robot_ws/install/bringup_nodes/lib/python3.12/site-packages:${PYTHONPATH} /usr/bin/python3 -W ignore:setup.py install is deprecated -W ignore:easy_install command is deprecated setup.py develop --uninstall --editable --build-directory /home/fizzer/my_robot_ws/build/bringup_nodes/build
[1.021s] running develop
[1.172s] Removing /home/fizzer/my_robot_ws/install/bringup_nodes/lib/python3.12/site-packages/bringup-nodes.egg-link (link to .)
[1.194s] Invoked command in '/home/fizzer/my_robot_ws/build/bringup_nodes' returned '0': DEBUGINFOD_URLS=https://debuginfod.ubuntu.com PYTHONPATH=/home/fizzer/my_robot_ws/build/bringup_nodes/prefix_override:/usr/lib/python3/dist-packages/colcon_core/task/python/colcon_distutils_commands:/home/fizzer/my_robot_ws/install/bringup_nodes/lib/python3.12/site-packages:${PYTHONPATH} /usr/bin/python3 -W ignore:setup.py install is deprecated -W ignore:easy_install command is deprecated setup.py develop --uninstall --editable --build-directory /home/fizzer/my_robot_ws/build/bringup_nodes/build
[1.194s] Invoking command in '/home/fizzer/my_robot_ws/src/bringup_nodes': DEBUGINFOD_URLS=https://debuginfod.ubuntu.com PYTHONPATH=/home/fizzer/my_robot_ws/build/bringup_nodes/prefix_override:/usr/lib/python3/dist-packages/colcon_core/task/python/colcon_distutils_commands:/home/fizzer/my_robot_ws/install/bringup_nodes/lib/python3.12/site-packages:${PYTHONPATH} /usr/bin/python3 -W ignore:setup.py install is deprecated -W ignore:easy_install command is deprecated setup.py egg_info --egg-base ../../build/bringup_nodes build --build-base /home/fizzer/my_robot_ws/build/bringup_nodes/build install --record /home/fizzer/my_robot_ws/build/bringup_nodes/install.log --single-version-externally-managed install_data --force
[1.397s] running egg_info
[1.412s] writing ../../build/bringup_nodes/bringup_nodes.egg-info/PKG-INFO
[1.412s] writing dependency_links to ../../build/bringup_nodes/bringup_nodes.egg-info/dependency_links.txt
[1.412s] writing entry points to ../../build/bringup_nodes/bringup_nodes.egg-info/entry_points.txt
[1.412s] writing requirements to ../../build/bringup_nodes/bringup_nodes.egg-info/requires.txt
[1.412s] writing top-level names to ../../build/bringup_nodes/bringup_nodes.egg-info/top_level.txt
[1.443s] reading manifest file '../../build/bringup_nodes/bringup_nodes.egg-info/SOURCES.txt'
[1.444s] writing manifest file '../../build/bringup_nodes/bringup_nodes.egg-info/SOURCES.txt'
[1.445s] running build
[1.445s] running build_py
[1.445s] running install
[1.450s] running install_lib
[1.465s] creating /home/fizzer/my_robot_ws/install/bringup_nodes/lib/python3.12/site-packages/bringup_nodes
[1.466s] copying /home/fizzer/my_robot_ws/build/bringup_nodes/build/lib/bringup_nodes/truck_circuit.py -> /home/fizzer/my_robot_ws/install/bringup_nodes/lib/python3.12/site-packages/bringup_nodes
[1.466s] copying /home/fizzer/my_robot_ws/build/bringup_nodes/build/lib/bringup_nodes/__init__.py -> /home/fizzer/my_robot_ws/install/bringup_nodes/lib/python3.12/site-packages/bringup_nodes
[1.466s] copying /home/fizzer/my_robot_ws/build/bringup_nodes/build/lib/bringup_nodes/baby_yoda_circuit.py -> /home/fizzer/my_robot_ws/install/bringup_nodes/lib/python3.12/site-packages/bringup_nodes
[1.466s] copying /home/fizzer/my_robot_ws/build/bringup_nodes/build/lib/bringup_nodes/pedestrian_circuit.py -> /home/fizzer/my_robot_ws/install/bringup_nodes/lib/python3.12/site-packages/bringup_nodes
[1.466s] byte-compiling /home/fizzer/my_robot_ws/install/bringup_nodes/lib/python3.12/site-packages/bringup_nodes/truck_circuit.py to truck_circuit.cpython-312.pyc
[1.467s] byte-compiling /home/fizzer/my_robot_ws/install/bringup_nodes/lib/python3.12/site-packages/bringup_nodes/__init__.py to __init__.cpython-312.pyc
[1.467s] byte-compiling /home/fizzer/my_robot_ws/install/bringup_nodes/lib/python3.12/site-packages/bringup_nodes/baby_yoda_circuit.py to baby_yoda_circuit.cpython-312.pyc
[1.468s] byte-compiling /home/fizzer/my_robot_ws/install/bringup_nodes/lib/python3.12/site-packages/bringup_nodes/pedestrian_circuit.py to pedestrian_circuit.cpython-312.pyc
[1.468s] running install_data
[1.469s] copying resource/bringup_nodes -> /home/fizzer/my_robot_ws/install/bringup_nodes/share/ament_index/resource_index/packages
[1.469s] copying package.xml -> /home/fizzer/my_robot_ws/install/bringup_nodes/share/bringup_nodes
[1.469s] running install_egg_info
[1.484s] Copying ../../build/bringup_nodes/bringup_nodes.egg-info to /home/fizzer/my_robot_ws/install/bringup_nodes/lib/python3.12/site-packages/bringup_nodes-0.0.0-py3.12.egg-info
[1.485s] running install_scripts
[1.584s] Installing move_pedestrian script to /home/fizzer/my_robot_ws/install/bringup_nodes/lib/bringup_nodes
[1.584s] Installing move_truck script to /home/fizzer/my_robot_ws/install/bringup_nodes/lib/bringup_nodes
[1.584s] Installing move_yoda script to /home/fizzer/my_robot_ws/install/bringup_nodes/lib/bringup_nodes
[1.584s] writing list of installed files to '/home/fizzer/my_robot_ws/build/bringup_nodes/install.log'
[1.604s] Invoked command in '/home/fizzer/my_robot_ws/src/bringup_nodes' returned '0': DEBUGINFOD_URLS=https://debuginfod.ubuntu.com PYTHONPATH=/home/fizzer/my_robot_ws/build/bringup_nodes/prefix_override:/usr/lib/python3/dist-packages/colcon_core/task/python/colcon_distutils_commands:/home/fizzer/my_robot_ws/install/bringup_nodes/lib/python3.12/site-packages:${PYTHONPATH} /usr/bin/python3 -W ignore:setup.py install is deprecated -W ignore:easy_install command is deprecated setup.py egg_info --egg-base ../../build/bringup_nodes build --build-base /home/fizzer/my_robot_ws/build/bringup_nodes/build install --record /home/fizzer/my_robot_ws/build/bringup_nodes/install.log --single-version-externally-managed install_data --force
