[0.025s] Invoking command in '/home/fizzer/my_robot_ws/build/my_robot_description': CMAKE_PREFIX_PATH=${CMAKE_PREFIX_PATH}:/opt/ros/jazzy DEBUGINFOD_URLS=https://debuginfod.ubuntu.com /usr/bin/cmake --build /home/fizzer/my_robot_ws/build/my_robot_description -- -j4 -l4
[0.091s] -- Found ament_cmake: 2.5.6 (/opt/ros/jazzy/share/ament_cmake/cmake)
[0.653s] -- Configuring done (0.6s)
[0.663s] -- Generating done (0.0s)
[0.667s] -- Build files have been written to: /home/fizzer/my_robot_ws/build/my_robot_description
[0.702s] Invoked command in '/home/fizzer/my_robot_ws/build/my_robot_description' returned '0': CMAKE_PREFIX_PATH=${CMAKE_PREFIX_PATH}:/opt/ros/jazzy DEBUGINFOD_URLS=https://debuginfod.ubuntu.com /usr/bin/cmake --build /home/fizzer/my_robot_ws/build/my_robot_description -- -j4 -l4
[0.718s] Invoking command in '/home/fizzer/my_robot_ws/build/my_robot_description': CMAKE_PREFIX_PATH=${CMAKE_PREFIX_PATH}:/opt/ros/jazzy DEBUGINFOD_URLS=https://debuginfod.ubuntu.com /usr/bin/cmake --install /home/fizzer/my_robot_ws/build/my_robot_description
[0.731s] -- Install configuration: ""
[0.731s] -- Up-to-date: /home/fizzer/my_robot_ws/install/my_robot_description/share/my_robot_description//urdf
[0.731s] -- Up-to-date: /home/fizzer/my_robot_ws/install/my_robot_description/share/my_robot_description//urdf/common_properties.xacro
[0.731s] -- Up-to-date: /home/fizzer/my_robot_ws/install/my_robot_description/share/my_robot_description//urdf/my_robot.urdf.xacro
[0.732s] -- Up-to-date: /home/fizzer/my_robot_ws/install/my_robot_description/share/my_robot_description//urdf/mobile_base_gazebo.xacro
[0.732s] -- Up-to-date: /home/fizzer/my_robot_ws/install/my_robot_description/share/my_robot_description//rviz
[0.732s] -- Up-to-date: /home/fizzer/my_robot_ws/install/my_robot_description/share/my_robot_description//rviz/urdf_config.rviz
[0.732s] -- Up-to-date: /home/fizzer/my_robot_ws/install/my_robot_description/share/my_robot_description//launch
[0.732s] -- Up-to-date: /home/fizzer/my_robot_ws/install/my_robot_description/share/my_robot_description//launch/display.launch.xml
[0.732s] -- Up-to-date: /home/fizzer/my_robot_ws/install/my_robot_description/share/ament_index/resource_index/package_run_dependencies/my_robot_description
[0.732s] -- Installing: /home/fizzer/my_robot_ws/install/my_robot_description/share/ament_index/resource_index/parent_prefix_path/my_robot_description
[0.732s] -- Up-to-date: /home/fizzer/my_robot_ws/install/my_robot_description/share/my_robot_description/environment/ament_prefix_path.sh
[0.732s] -- Up-to-date: /home/fizzer/my_robot_ws/install/my_robot_description/share/my_robot_description/environment/ament_prefix_path.dsv
[0.732s] -- Up-to-date: /home/fizzer/my_robot_ws/install/my_robot_description/share/my_robot_description/environment/path.sh
[0.733s] -- Up-to-date: /home/fizzer/my_robot_ws/install/my_robot_description/share/my_robot_description/environment/path.dsv
[0.733s] -- Up-to-date: /home/fizzer/my_robot_ws/install/my_robot_description/share/my_robot_description/local_setup.bash
[0.733s] -- Up-to-date: /home/fizzer/my_robot_ws/install/my_robot_description/share/my_robot_description/local_setup.sh
[0.733s] -- Up-to-date: /home/fizzer/my_robot_ws/install/my_robot_description/share/my_robot_description/local_setup.zsh
[0.733s] -- Up-to-date: /home/fizzer/my_robot_ws/install/my_robot_description/share/my_robot_description/local_setup.dsv
[0.733s] -- Installing: /home/fizzer/my_robot_ws/install/my_robot_description/share/my_robot_description/package.dsv
[0.734s] -- Up-to-date: /home/fizzer/my_robot_ws/install/my_robot_description/share/ament_index/resource_index/packages/my_robot_description
[0.734s] -- Up-to-date: /home/fizzer/my_robot_ws/install/my_robot_description/share/my_robot_description/cmake/my_robot_descriptionConfig.cmake
[0.734s] -- Up-to-date: /home/fizzer/my_robot_ws/install/my_robot_description/share/my_robot_description/cmake/my_robot_descriptionConfig-version.cmake
[0.734s] -- Installing: /home/fizzer/my_robot_ws/install/my_robot_description/share/my_robot_description/package.xml
[0.736s] Invoked command in '/home/fizzer/my_robot_ws/build/my_robot_description' returned '0': CMAKE_PREFIX_PATH=${CMAKE_PREFIX_PATH}:/opt/ros/jazzy DEBUGINFOD_URLS=https://debuginfod.ubuntu.com /usr/bin/cmake --install /home/fizzer/my_robot_ws/build/my_robot_description
