-- Install configuration: ""
-- Up-to-date: /home/fizzer/my_robot_ws/install/my_robot_bringup/share/my_robot_bringup//launch
-- Up-to-date: /home/fizzer/my_robot_ws/install/my_robot_bringup/share/my_robot_bringup//launch/my_robot.launch.xml
-- Up-to-date: /home/fizzer/my_robot_ws/install/my_robot_bringup/share/my_robot_bringup//config
-- Up-to-date: /home/fizzer/my_robot_ws/install/my_robot_bringup/share/my_robot_bringup//config/gazebo_bridge.yaml
-- Up-to-date: /home/fizzer/my_robot_ws/install/my_robot_bringup/share/my_robot_bringup//world
-- Installing: /home/fizzer/my_robot_ws/install/my_robot_bringup/share/my_robot_bringup//world/fast_empty.sdf
-- Up-to-date: /home/fizzer/my_robot_ws/install/my_robot_bringup/share/my_robot_bringup//world/models
-- Up-to-date: /home/fizzer/my_robot_ws/install/my_robot_bringup/share/my_robot_bringup//world/models/wall_short
-- Up-to-date: /home/fizzer/my_robot_ws/install/my_robot_bringup/share/my_robot_bringup//world/models/wall_short/forest.png
-- Up-to-date: /home/fizzer/my_robot_ws/install/my_robot_bringup/share/my_robot_bringup//world/models/wall_short/model.config
-- Up-to-date: /home/fizzer/my_robot_ws/install/my_robot_bringup/share/my_robot_bringup//world/models/wall_short/wall_short.sdf
-- Up-to-date: /home/fizzer/my_robot_ws/install/my_robot_bringup/share/my_robot_bringup//world/textures
-- Up-to-date: /home/fizzer/my_robot_ws/install/my_robot_bringup/share/my_robot_bringup//world/textures/monza.png
-- Up-to-date: /home/fizzer/my_robot_ws/install/my_robot_bringup/share/ament_index/resource_index/package_run_dependencies/my_robot_bringup
-- Up-to-date: /home/fizzer/my_robot_ws/install/my_robot_bringup/share/ament_index/resource_index/parent_prefix_path/my_robot_bringup
-- Up-to-date: /home/fizzer/my_robot_ws/install/my_robot_bringup/share/my_robot_bringup/environment/ament_prefix_path.sh
-- Up-to-date: /home/fizzer/my_robot_ws/install/my_robot_bringup/share/my_robot_bringup/environment/ament_prefix_path.dsv
-- Up-to-date: /home/fizzer/my_robot_ws/install/my_robot_bringup/share/my_robot_bringup/environment/path.sh
-- Up-to-date: /home/fizzer/my_robot_ws/install/my_robot_bringup/share/my_robot_bringup/environment/path.dsv
-- Up-to-date: /home/fizzer/my_robot_ws/install/my_robot_bringup/share/my_robot_bringup/local_setup.bash
-- Up-to-date: /home/fizzer/my_robot_ws/install/my_robot_bringup/share/my_robot_bringup/local_setup.sh
-- Up-to-date: /home/fizzer/my_robot_ws/install/my_robot_bringup/share/my_robot_bringup/local_setup.zsh
-- Up-to-date: /home/fizzer/my_robot_ws/install/my_robot_bringup/share/my_robot_bringup/local_setup.dsv
-- Installing: /home/fizzer/my_robot_ws/install/my_robot_bringup/share/my_robot_bringup/package.dsv
-- Up-to-date: /home/fizzer/my_robot_ws/install/my_robot_bringup/share/ament_index/resource_index/packages/my_robot_bringup
-- Up-to-date: /home/fizzer/my_robot_ws/install/my_robot_bringup/share/my_robot_bringup/cmake/my_robot_bringupConfig.cmake
-- Up-to-date: /home/fizzer/my_robot_ws/install/my_robot_bringup/share/my_robot_bringup/cmake/my_robot_bringupConfig-version.cmake
-- Up-to-date: /home/fizzer/my_robot_ws/install/my_robot_bringup/share/my_robot_bringup/package.xml
