[0.019s] Invoking command in '/home/fizzer/my_robot_ws/build/my_robot_bringup': CMAKE_PREFIX_PATH=/home/fizzer/my_robot_ws/install/my_robot_description:/home/fizzer/my_robot_ws/install/my_robot_bringup:/opt/ros/jazzy/opt/gz_sim_vendor:/opt/ros/jazzy/opt/gz_sensors_vendor:/opt/ros/jazzy/opt/gz_physics_vendor:/opt/ros/jazzy/opt/sdformat_vendor:/opt/ros/jazzy/opt/gz_gui_vendor:/opt/ros/jazzy/opt/gz_transport_vendor:/opt/ros/jazzy/opt/gz_rendering_vendor:/opt/ros/jazzy/opt/gz_plugin_vendor:/opt/ros/jazzy/opt/gz_fuel_tools_vendor:/opt/ros/jazzy/opt/gz_msgs_vendor:/opt/ros/jazzy/opt/gz_common_vendor:/opt/ros/jazzy/opt/gz_math_vendor:/opt/ros/jazzy/opt/gz_utils_vendor:/opt/ros/jazzy/opt/gz_tools_vendor:/opt/ros/jazzy/opt/gz_ogre_next_vendor:/opt/ros/jazzy/opt/gz_dartsim_vendor:/opt/ros/jazzy/opt/gz_cmake_vendor:/home/fizzer/my_robot_ws/install/bringup_nodes:/opt/ros/jazzy DEBUGINFOD_URLS=https://debuginfod.ubuntu.com /usr/bin/cmake --build /home/fizzer/my_robot_ws/build/my_robot_bringup -- -j4 -l4
[0.098s] Invoked command in '/home/fizzer/my_robot_ws/build/my_robot_bringup' returned '0': CMAKE_PREFIX_PATH=/home/fizzer/my_robot_ws/install/my_robot_description:/home/fizzer/my_robot_ws/install/my_robot_bringup:/opt/ros/jazzy/opt/gz_sim_vendor:/opt/ros/jazzy/opt/gz_sensors_vendor:/opt/ros/jazzy/opt/gz_physics_vendor:/opt/ros/jazzy/opt/sdformat_vendor:/opt/ros/jazzy/opt/gz_gui_vendor:/opt/ros/jazzy/opt/gz_transport_vendor:/opt/ros/jazzy/opt/gz_rendering_vendor:/opt/ros/jazzy/opt/gz_plugin_vendor:/opt/ros/jazzy/opt/gz_fuel_tools_vendor:/opt/ros/jazzy/opt/gz_msgs_vendor:/opt/ros/jazzy/opt/gz_common_vendor:/opt/ros/jazzy/opt/gz_math_vendor:/opt/ros/jazzy/opt/gz_utils_vendor:/opt/ros/jazzy/opt/gz_tools_vendor:/opt/ros/jazzy/opt/gz_ogre_next_vendor:/opt/ros/jazzy/opt/gz_dartsim_vendor:/opt/ros/jazzy/opt/gz_cmake_vendor:/home/fizzer/my_robot_ws/install/bringup_nodes:/opt/ros/jazzy DEBUGINFOD_URLS=https://debuginfod.ubuntu.com /usr/bin/cmake --build /home/fizzer/my_robot_ws/build/my_robot_bringup -- -j4 -l4
[0.102s] Invoking command in '/home/fizzer/my_robot_ws/build/my_robot_bringup': CMAKE_PREFIX_PATH=/home/fizzer/my_robot_ws/install/my_robot_description:/home/fizzer/my_robot_ws/install/my_robot_bringup:/opt/ros/jazzy/opt/gz_sim_vendor:/opt/ros/jazzy/opt/gz_sensors_vendor:/opt/ros/jazzy/opt/gz_physics_vendor:/opt/ros/jazzy/opt/sdformat_vendor:/opt/ros/jazzy/opt/gz_gui_vendor:/opt/ros/jazzy/opt/gz_transport_vendor:/opt/ros/jazzy/opt/gz_rendering_vendor:/opt/ros/jazzy/opt/gz_plugin_vendor:/opt/ros/jazzy/opt/gz_fuel_tools_vendor:/opt/ros/jazzy/opt/gz_msgs_vendor:/opt/ros/jazzy/opt/gz_common_vendor:/opt/ros/jazzy/opt/gz_math_vendor:/opt/ros/jazzy/opt/gz_utils_vendor:/opt/ros/jazzy/opt/gz_tools_vendor:/opt/ros/jazzy/opt/gz_ogre_next_vendor:/opt/ros/jazzy/opt/gz_dartsim_vendor:/opt/ros/jazzy/opt/gz_cmake_vendor:/home/fizzer/my_robot_ws/install/bringup_nodes:/opt/ros/jazzy DEBUGINFOD_URLS=https://debuginfod.ubuntu.com /usr/bin/cmake --install /home/fizzer/my_robot_ws/build/my_robot_bringup
[0.115s] -- Install configuration: ""
[0.115s] -- Up-to-date: /home/fizzer/my_robot_ws/install/my_robot_bringup/share/my_robot_bringup//launch
[0.116s] -- Up-to-date: /home/fizzer/my_robot_ws/install/my_robot_bringup/share/my_robot_bringup//launch/my_robot.launch.xml
[0.117s] -- Up-to-date: /home/fizzer/my_robot_ws/install/my_robot_bringup/share/my_robot_bringup//config
[0.118s] -- Up-to-date: /home/fizzer/my_robot_ws/install/my_robot_bringup/share/my_robot_bringup//config/gazebo_bridge.yaml
[0.118s] -- Up-to-date: /home/fizzer/my_robot_ws/install/my_robot_bringup/share/my_robot_bringup//world
[0.118s] -- Up-to-date: /home/fizzer/my_robot_ws/install/my_robot_bringup/share/my_robot_bringup//world/fast_empty.sdf
[0.119s] -- Up-to-date: /home/fizzer/my_robot_ws/install/my_robot_bringup/share/my_robot_bringup//world/models
[0.120s] -- Up-to-date: /home/fizzer/my_robot_ws/install/my_robot_bringup/share/my_robot_bringup//world/models/terrain
[0.121s] -- Up-to-date: /home/fizzer/my_robot_ws/install/my_robot_bringup/share/my_robot_bringup//world/models/terrain/model.config
[0.122s] -- Up-to-date: /home/fizzer/my_robot_ws/install/my_robot_bringup/share/my_robot_bringup//world/models/terrain/assets
[0.123s] -- Up-to-date: /home/fizzer/my_robot_ws/install/my_robot_bringup/share/my_robot_bringup//world/models/terrain/assets/2023_Competition_Driving_Surface_v0.2.png
[0.123s] -- Up-to-date: /home/fizzer/my_robot_ws/install/my_robot_bringup/share/my_robot_bringup//world/models/terrain/assets/Terrain_2023_v2.dae
[0.124s] -- Up-to-date: /home/fizzer/my_robot_ws/install/my_robot_bringup/share/my_robot_bringup//world/models/terrain/terrain.sdf
[0.124s] -- Up-to-date: /home/fizzer/my_robot_ws/install/my_robot_bringup/share/my_robot_bringup//world/models/wall_short
[0.125s] -- Up-to-date: /home/fizzer/my_robot_ws/install/my_robot_bringup/share/my_robot_bringup//world/models/wall_short/forest.png
[0.128s] -- Up-to-date: /home/fizzer/my_robot_ws/install/my_robot_bringup/share/my_robot_bringup//world/models/wall_short/model.config
[0.129s] -- Up-to-date: /home/fizzer/my_robot_ws/install/my_robot_bringup/share/my_robot_bringup//world/models/wall_short/wall_short.sdf
[0.130s] -- Up-to-date: /home/fizzer/my_robot_ws/install/my_robot_bringup/share/my_robot_bringup//world/models/wall_long
[0.130s] -- Up-to-date: /home/fizzer/my_robot_ws/install/my_robot_bringup/share/my_robot_bringup//world/models/wall_long/model.config
[0.134s] -- Up-to-date: /home/fizzer/my_robot_ws/install/my_robot_bringup/share/my_robot_bringup//world/models/wall_long/extended_forest.png
[0.136s] -- Up-to-date: /home/fizzer/my_robot_ws/install/my_robot_bringup/share/my_robot_bringup//world/models/wall_long/wall_long.sdf
[0.136s] -- Up-to-date: /home/fizzer/my_robot_ws/install/my_robot_bringup/share/my_robot_bringup//world/models/truck_npc
[0.136s] -- Up-to-date: /home/fizzer/my_robot_ws/install/my_robot_bringup/share/my_robot_bringup//world/models/truck_npc/model.config
[0.136s] -- Up-to-date: /home/fizzer/my_robot_ws/install/my_robot_bringup/share/my_robot_bringup//world/models/truck_npc/truck_npc.sdf
[0.136s] -- Up-to-date: /home/fizzer/my_robot_ws/install/my_robot_bringup/share/my_robot_bringup//world/models/truck_npc/assets
[0.138s] -- Up-to-date: /home/fizzer/my_robot_ws/install/my_robot_bringup/share/my_robot_bringup//world/models/truck_npc/assets/pickup_diffuse.jpg
[0.140s] -- Up-to-date: /home/fizzer/my_robot_ws/install/my_robot_bringup/share/my_robot_bringup//world/models/truck_npc/assets/wheels2.jpg
[0.142s] -- Up-to-date: /home/fizzer/my_robot_ws/install/my_robot_bringup/share/my_robot_bringup//world/models/truck_npc/assets/pickup.dae
[0.143s] -- Up-to-date: /home/fizzer/my_robot_ws/install/my_robot_bringup/share/my_robot_bringup//world/textures
[0.143s] -- Up-to-date: /home/fizzer/my_robot_ws/install/my_robot_bringup/share/my_robot_bringup//world/textures/monza.png
[0.144s] -- Up-to-date: /home/fizzer/my_robot_ws/install/my_robot_bringup/share/ament_index/resource_index/package_run_dependencies/my_robot_bringup
[0.144s] -- Up-to-date: /home/fizzer/my_robot_ws/install/my_robot_bringup/share/ament_index/resource_index/parent_prefix_path/my_robot_bringup
[0.144s] -- Up-to-date: /home/fizzer/my_robot_ws/install/my_robot_bringup/share/my_robot_bringup/environment/ament_prefix_path.sh
[0.145s] -- Up-to-date: /home/fizzer/my_robot_ws/install/my_robot_bringup/share/my_robot_bringup/environment/ament_prefix_path.dsv
[0.148s] -- Up-to-date: /home/fizzer/my_robot_ws/install/my_robot_bringup/share/my_robot_bringup/environment/path.sh
[0.148s] -- Up-to-date: /home/fizzer/my_robot_ws/install/my_robot_bringup/share/my_robot_bringup/environment/path.dsv
[0.148s] -- Up-to-date: /home/fizzer/my_robot_ws/install/my_robot_bringup/share/my_robot_bringup/local_setup.bash
[0.148s] -- Up-to-date: /home/fizzer/my_robot_ws/install/my_robot_bringup/share/my_robot_bringup/local_setup.sh
[0.149s] -- Up-to-date: /home/fizzer/my_robot_ws/install/my_robot_bringup/share/my_robot_bringup/local_setup.zsh
[0.149s] -- Up-to-date: /home/fizzer/my_robot_ws/install/my_robot_bringup/share/my_robot_bringup/local_setup.dsv
[0.149s] -- Installing: /home/fizzer/my_robot_ws/install/my_robot_bringup/share/my_robot_bringup/package.dsv
[0.153s] -- Up-to-date: /home/fizzer/my_robot_ws/install/my_robot_bringup/share/ament_index/resource_index/packages/my_robot_bringup
[0.153s] -- Up-to-date: /home/fizzer/my_robot_ws/install/my_robot_bringup/share/my_robot_bringup/cmake/my_robot_bringupConfig.cmake
[0.153s] -- Up-to-date: /home/fizzer/my_robot_ws/install/my_robot_bringup/share/my_robot_bringup/cmake/my_robot_bringupConfig-version.cmake
[0.153s] -- Up-to-date: /home/fizzer/my_robot_ws/install/my_robot_bringup/share/my_robot_bringup/package.xml
[0.153s] Invoked command in '/home/fizzer/my_robot_ws/build/my_robot_bringup' returned '0': CMAKE_PREFIX_PATH=/home/fizzer/my_robot_ws/install/my_robot_description:/home/fizzer/my_robot_ws/install/my_robot_bringup:/opt/ros/jazzy/opt/gz_sim_vendor:/opt/ros/jazzy/opt/gz_sensors_vendor:/opt/ros/jazzy/opt/gz_physics_vendor:/opt/ros/jazzy/opt/sdformat_vendor:/opt/ros/jazzy/opt/gz_gui_vendor:/opt/ros/jazzy/opt/gz_transport_vendor:/opt/ros/jazzy/opt/gz_rendering_vendor:/opt/ros/jazzy/opt/gz_plugin_vendor:/opt/ros/jazzy/opt/gz_fuel_tools_vendor:/opt/ros/jazzy/opt/gz_msgs_vendor:/opt/ros/jazzy/opt/gz_common_vendor:/opt/ros/jazzy/opt/gz_math_vendor:/opt/ros/jazzy/opt/gz_utils_vendor:/opt/ros/jazzy/opt/gz_tools_vendor:/opt/ros/jazzy/opt/gz_ogre_next_vendor:/opt/ros/jazzy/opt/gz_dartsim_vendor:/opt/ros/jazzy/opt/gz_cmake_vendor:/home/fizzer/my_robot_ws/install/bringup_nodes:/opt/ros/jazzy DEBUGINFOD_URLS=https://debuginfod.ubuntu.com /usr/bin/cmake --install /home/fizzer/my_robot_ws/build/my_robot_bringup
