[0.014s] Invoking command in '/home/fizzer/my_robot_ws/build/custom_plugins': CMAKE_PREFIX_PATH=${CMAKE_PREFIX_PATH}:/home/fizzer/my_robot_ws/install/bringup_nodes:/opt/ros/jazzy DEBUGINFOD_URLS=https://debuginfod.ubuntu.com /usr/bin/cmake /home/fizzer/my_robot_ws/src/custom_plugins -DAMENT_CMAKE_SYMLINK_INSTALL=1 -DCMAKE_INSTALL_PREFIX=/home/fizzer/my_robot_ws/install/custom_plugins
[0.032s] -- Found ament_cmake: 2.5.6 (/opt/ros/jazzy/share/ament_cmake/cmake)
[0.217s] -- Override CMake install command with custom implementation using symlinks instead of copying resources
[0.239s] -- Looking for gz-sim8 -- found version 8.11.0
[0.246s] -- Searching for dependencies of gz-sim8
[0.247s] -- Looking for sdformat14 -- found version 14.9.0
[0.247s] -- Searching for dependencies of sdformat14
[0.251s] -- Checking for module 'tinyxml2'
[0.261s] --   Found tinyxml2, version 10.0.0
[0.286s] -- Looking for gz-math7 -- found version 7.5.2
[0.286s] -- Searching for dependencies of gz-math7
[0.286s] -- Looking for gz-utils2 -- found version 2.2.1
[0.287s] -- Searching for dependencies of gz-utils2
[0.289s] -- Looking for gz-utils2 -- found version 2.2.1
[0.289s] -- Searching for dependencies of gz-utils2
[0.289s] -- Searching for <gz-utils2> component [cli]
[0.290s] -- Looking for gz-utils2-cli -- found version 2.2.1
[0.290s] -- Searching for dependencies of gz-utils2-cli
[0.291s] -- Looking for gz-plugin2 -- found version 2.0.4
[0.291s] -- Searching for dependencies of gz-plugin2
[0.292s] -- Looking for gz-utils2 -- found version 2.2.1
[0.292s] -- Searching for <gz-plugin2> component [loader]
[0.293s] -- Looking for gz-plugin2-loader -- found version 2.0.4
[0.293s] -- Searching for dependencies of gz-plugin2-loader
[0.294s] -- Searching for <gz-plugin2> component [register]
[0.295s] -- Looking for gz-plugin2-register -- found version 2.0.4
[0.295s] -- Searching for dependencies of gz-plugin2-register
[0.296s] -- Looking for gz-transport13 -- found version 13.5.0
[0.296s] -- Searching for dependencies of gz-transport13
[0.320s] -- Config-file not installed for ZeroMQ -- checking for pkg-config
[0.323s] -- Checking for module 'libzmq >= 4'
[0.332s] --   Found libzmq, version 4.3.5
[0.362s] -- Checking for module 'uuid'
[0.372s] --   Found uuid, version 2.39.3
[0.391s] -- Looking for gz-utils2 -- found version 2.2.1
[0.391s] -- Looking for gz-msgs10 -- found version 10.3.2
[0.392s] -- Searching for dependencies of gz-msgs10
[0.405s] -- Looking for gz-utils2 -- found version 2.2.1
[0.405s] -- Looking for gz-math7 -- found version 7.5.2
[0.414s] -- Searching for <gz-transport13> component [log]
[0.415s] -- Looking for gz-transport13-log -- found version 13.5.0
[0.415s] -- Searching for dependencies of gz-transport13-log
[0.417s] -- Searching for <gz-transport13> component [parameters]
[0.417s] -- Looking for gz-transport13-parameters -- found version 13.5.0
[0.417s] -- Searching for dependencies of gz-transport13-parameters
[0.418s] -- Looking for gz-msgs10 -- found version 10.3.2
[0.420s] -- Looking for gz-common5 -- found version 5.8.0
[0.421s] -- Searching for dependencies of gz-common5
[0.421s] -- Looking for gz-utils2 -- found version 2.2.1
[0.421s] -- Looking for dlfcn.h - found
[0.421s] -- Looking for libdl - found
[0.427s] -- Searching for <gz-common5> component [av]
[0.428s] -- Looking for gz-common5-av -- found version 5.8.0
[0.428s] -- Searching for dependencies of gz-common5-av
[0.431s] -- Checking for module 'libswscale'
[0.442s] --   Found libswscale, version 7.5.100
[0.469s] -- Checking for module 'libavdevice >= 56.4.100'
[0.481s] --   Found libavdevice, version 60.3.100
[0.516s] -- Checking for module 'libavformat'
[0.528s] --   Found libavformat, version 60.16.100
[0.554s] -- Checking for module 'libavcodec'
[0.564s] --   Found libavcodec, version 60.31.102
[0.590s] -- Checking for module 'libavutil'
[0.599s] --   Found libavutil, version 58.29.100
[0.622s] -- Searching for <gz-common5> component [events]
[0.623s] -- Looking for gz-common5-events -- found version 5.8.0
[0.623s] -- Searching for dependencies of gz-common5-events
[0.624s] -- Looking for gz-math7 -- found version 7.5.2
[0.625s] -- Searching for <gz-common5> component [graphics]
[0.626s] -- Looking for gz-common5-graphics -- found version 5.8.0
[0.626s] -- Searching for dependencies of gz-common5-graphics
[0.627s] -- Looking for gz-math7 -- found version 7.5.2
[0.630s] -- Searching for <gz-common5> component [io]
[0.631s] -- Looking for gz-common5-io -- found version 5.8.0
[0.631s] -- Searching for dependencies of gz-common5-io
[0.632s] -- Searching for <gz-common5> component [profiler]
[0.634s] -- Looking for gz-common5-profiler -- found version 5.8.0
[0.634s] -- Searching for dependencies of gz-common5-profiler
[0.634s] -- Looking for gz-fuel_tools9 -- found version 9.1.1
[0.635s] -- Searching for dependencies of gz-fuel_tools9
[0.682s] -- Checking for module 'jsoncpp'
[0.695s] --   Found jsoncpp, version 1.9.5
[0.728s] -- Checking for module 'yaml-0.1'
[0.739s] --   Found yaml-0.1, version 0.2.5
[0.763s] -- Checking for module 'libzip'
[0.772s] --   Found libzip, version 1.7.3
[0.793s] -- Looking for gz-utils2 -- found version 2.2.1
[0.793s] -- Looking for gz-common5 -- found version 5.8.0
[0.794s] -- Searching for dependencies of gz-common5
[0.794s] -- Looking for gz-utils2 -- found version 2.2.1
[0.794s] -- Looking for dlfcn.h - found
[0.794s] -- Looking for libdl - found
[0.799s] -- Searching for <gz-common5> component [testing]
[0.800s] -- Looking for gz-common5-testing -- found version 5.8.0
[0.800s] -- Searching for dependencies of gz-common5-testing
[0.801s] -- Looking for gz-math7 -- found version 7.5.2
[0.802s] -- Looking for gz-msgs10 -- found version 10.3.2
[0.804s] -- Looking for gz-gui8 -- found version 8.4.0
[0.804s] -- Searching for dependencies of gz-gui8
[0.823s] -- Looking for gz-utils2 -- found version 2.2.1
[0.823s] -- Looking for gz-math7 -- found version 7.5.2
[0.823s] -- Looking for gz-common5 -- found version 5.8.0
[0.824s] -- Looking for gz-plugin2 -- found version 2.0.4
[0.824s] -- Looking for gz-transport13 -- found version 13.5.0
[0.826s] -- Looking for gz-rendering8 -- found version 8.2.3
[0.826s] -- Searching for dependencies of gz-rendering8
[0.826s] -- Looking for gz-math7 -- found version 7.5.2
[0.826s] -- Searching for dependencies of gz-math7
[0.827s] -- Looking for gz-utils2 -- found version 2.2.1
[0.827s] -- Searching for <gz-math7> component [eigen3]
[0.828s] -- Looking for gz-math7-eigen3 -- found version 7.5.2
[0.829s] -- Searching for dependencies of gz-math7-eigen3
[0.831s] -- Looking for gz-common5 -- found version 5.8.0
[0.831s] -- Searching for dependencies of gz-common5
[0.832s] -- Looking for gz-utils2 -- found version 2.2.1
[0.832s] -- Looking for dlfcn.h - found
[0.832s] -- Looking for libdl - found
[0.838s] -- Searching for <gz-common5> component [graphics]
[0.838s] -- Searching for <gz-common5> component [events]
[0.838s] -- Searching for <gz-common5> component [geospatial]
[0.839s] -- Looking for gz-common5-geospatial -- found version 5.8.0
[0.839s] -- Searching for dependencies of gz-common5-geospatial
[0.840s] -- Looking for gz-math7 -- found version 7.5.2
[0.840s] -- Looking for gz-common5 -- found version 5.8.0
[0.841s] -- Looking for gz-plugin2 -- found version 2.0.4
[0.842s] -- Searching for dependencies of gz-plugin2
[0.842s] -- Looking for gz-utils2 -- found version 2.2.1
[0.842s] -- Searching for <gz-plugin2> component [all]
[0.843s] -- Looking for all libraries of gz-plugin2 -- found version 2.0.4
[0.844s] -- Looking for gz-plugin2 -- found version 2.0.4
[0.845s] -- Looking for gz-utils2 -- found version 2.2.1
[0.853s] -- Looking for gz-msgs10 -- found version 10.3.2
[0.877s] -- Looking for gz-physics7 -- found version 7.6.0
[0.877s] -- Searching for dependencies of gz-physics7
[0.877s] -- Looking for gz-common5 -- found version 5.8.0
[0.878s] -- Looking for gz-math7 -- found version 7.5.2
[0.878s] -- Looking for gz-plugin2 -- found version 2.0.4
[0.878s] -- Looking for gz-utils2 -- found version 2.2.1
[0.879s] -- Searching for <gz-physics7> component [heightmap]
[0.880s] -- Looking for gz-physics7-heightmap -- found version 7.6.0
[0.880s] -- Searching for dependencies of gz-physics7-heightmap
[0.880s] -- Looking for gz-common5 -- found version 5.8.0
[0.882s] -- Searching for <gz-physics7> component [mesh]
[0.882s] -- Looking for gz-physics7-mesh -- found version 7.6.0
[0.882s] -- Searching for dependencies of gz-physics7-mesh
[0.882s] -- Looking for gz-common5 -- found version 5.8.0
[0.882s] -- Searching for <gz-physics7> component [sdf]
[0.883s] -- Looking for gz-physics7-sdf -- found version 7.6.0
[0.883s] -- Searching for dependencies of gz-physics7-sdf
[0.883s] -- Looking for sdformat14 -- found version 14.9.0
[0.884s] -- Looking for gz-sensors8 -- found version 8.2.2
[0.884s] -- Searching for dependencies of gz-sensors8
[0.900s] -- Looking for gz-math7 -- found version 7.5.2
[0.900s] -- Looking for gz-common5 -- found version 5.8.0
[0.901s] -- Looking for gz-transport13 -- found version 13.5.0
[0.901s] -- Looking for gz-rendering8 -- found version 8.2.3
[0.901s] -- Looking for gz-msgs10 -- found version 10.3.2
[0.902s] -- Looking for sdformat14 -- found version 14.9.0
[0.903s] -- Searching for <gz-sensors8> component [air_pressure]
[0.904s] -- Looking for gz-sensors8-air_pressure -- found version 8.2.2
[0.904s] -- Searching for dependencies of gz-sensors8-air_pressure
[0.905s] -- Searching for <gz-sensors8> component [air_speed]
[0.906s] -- Looking for gz-sensors8-air_speed -- found version 8.2.2
[0.906s] -- Searching for dependencies of gz-sensors8-air_speed
[0.907s] -- Searching for <gz-sensors8> component [altimeter]
[0.908s] -- Looking for gz-sensors8-altimeter -- found version 8.2.2
[0.908s] -- Searching for dependencies of gz-sensors8-altimeter
[0.908s] -- Searching for <gz-sensors8> component [imu]
[0.909s] -- Looking for gz-sensors8-imu -- found version 8.2.2
[0.909s] -- Searching for dependencies of gz-sensors8-imu
[0.910s] -- Searching for <gz-sensors8> component [force_torque]
[0.911s] -- Looking for gz-sensors8-force_torque -- found version 8.2.2
[0.911s] -- Searching for dependencies of gz-sensors8-force_torque
[0.911s] -- Searching for <gz-sensors8> component [logical_camera]
[0.912s] -- Looking for gz-sensors8-logical_camera -- found version 8.2.2
[0.912s] -- Searching for dependencies of gz-sensors8-logical_camera
[0.913s] -- Searching for <gz-sensors8> component [magnetometer]
[0.913s] -- Looking for gz-sensors8-magnetometer -- found version 8.2.2
[0.913s] -- Searching for dependencies of gz-sensors8-magnetometer
[0.914s] -- Searching for <gz-sensors8> component [navsat]
[0.915s] -- Looking for gz-sensors8-navsat -- found version 8.2.2
[0.915s] -- Searching for dependencies of gz-sensors8-navsat
[0.915s] -- Searching for <gz-sensors8> component [dvl]
[0.916s] -- Looking for gz-sensors8-dvl -- found version 8.2.2
[0.916s] -- Searching for dependencies of gz-sensors8-dvl
[0.917s] -- Looking for gz-sensors8 -- found version 8.2.2
[0.917s] -- Searching for dependencies of gz-sensors8
[0.932s] -- Looking for gz-math7 -- found version 7.5.2
[0.932s] -- Looking for gz-common5 -- found version 5.8.0
[0.933s] -- Looking for gz-transport13 -- found version 13.5.0
[0.933s] -- Looking for gz-rendering8 -- found version 8.2.3
[0.933s] -- Looking for gz-msgs10 -- found version 10.3.2
[0.934s] -- Looking for sdformat14 -- found version 14.9.0
[0.934s] -- Searching for <gz-sensors8> component [rendering]
[0.935s] -- Looking for gz-sensors8-rendering -- found version 8.2.2
[0.935s] -- Searching for dependencies of gz-sensors8-rendering
[0.937s] -- Searching for <gz-sensors8> component [rendering]
[0.937s] -- Searching for <gz-sensors8> component [lidar]
[0.938s] -- Looking for gz-sensors8-lidar -- found version 8.2.2
[0.938s] -- Searching for dependencies of gz-sensors8-lidar
[0.938s] -- Looking for gz-sensors8 -- found version 8.2.2
[0.939s] -- Searching for <gz-sensors8> component [gpu_lidar]
[0.940s] -- Looking for gz-sensors8-gpu_lidar -- found version 8.2.2
[0.940s] -- Searching for dependencies of gz-sensors8-gpu_lidar
[0.940s] -- Looking for gz-sensors8 -- found version 8.2.2
[0.941s] -- Searching for <gz-sensors8> component [camera]
[0.941s] -- Looking for gz-sensors8-camera -- found version 8.2.2
[0.942s] -- Searching for dependencies of gz-sensors8-camera
[0.942s] -- Looking for gz-sensors8 -- found version 8.2.2
[0.943s] -- Searching for <gz-sensors8> component [boundingbox_camera]
[0.943s] -- Looking for gz-sensors8-boundingbox_camera -- found version 8.2.2
[0.943s] -- Searching for dependencies of gz-sensors8-boundingbox_camera
[0.944s] -- Searching for <gz-sensors8> component [segmentation_camera]
[0.945s] -- Looking for gz-sensors8-segmentation_camera -- found version 8.2.2
[0.945s] -- Searching for dependencies of gz-sensors8-segmentation_camera
[0.946s] -- Searching for <gz-sensors8> component [depth_camera]
[0.946s] -- Looking for gz-sensors8-depth_camera -- found version 8.2.2
[0.946s] -- Searching for dependencies of gz-sensors8-depth_camera
[0.947s] -- Looking for gz-sensors8 -- found version 8.2.2
[0.947s] -- Searching for <gz-sensors8> component [rgbd_camera]
[0.948s] -- Looking for gz-sensors8-rgbd_camera -- found version 8.2.2
[0.948s] -- Searching for dependencies of gz-sensors8-rgbd_camera
[0.949s] -- Looking for gz-sensors8 -- found version 8.2.2
[0.949s] -- Searching for <gz-sensors8> component [thermal_camera]
[0.950s] -- Looking for gz-sensors8-thermal_camera -- found version 8.2.2
[0.950s] -- Searching for dependencies of gz-sensors8-thermal_camera
[0.950s] -- Looking for gz-sensors8 -- found version 8.2.2
[0.952s] -- Searching for <gz-sensors8> component [wide_angle_camera]
[0.952s] -- Looking for gz-sensors8-wide_angle_camera -- found version 8.2.2
[0.952s] -- Searching for dependencies of gz-sensors8-wide_angle_camera
[0.954s] -- Looking for gz-rendering8 -- found version 8.2.3
[0.954s] -- Looking for gz-math7 -- found version 7.5.2
[0.954s] -- Looking for gz-utils2 -- found version 2.2.1
[0.971s] -- Looking for gz-plugin2 -- found version 2.0.4
[0.971s] -- Found rclcpp: 28.1.18 (/opt/ros/jazzy/share/rclcpp/cmake)
[0.997s] -- Found rosidl_generator_c: 4.6.7 (/opt/ros/jazzy/share/rosidl_generator_c/cmake)
[1.006s] -- Found rosidl_generator_cpp: 4.6.7 (/opt/ros/jazzy/share/rosidl_generator_cpp/cmake)
[1.019s] -- Using all available rosidl_typesupport_c: rosidl_typesupport_fastrtps_c;rosidl_typesupport_introspection_c
[1.035s] -- Using all available rosidl_typesupport_cpp: rosidl_typesupport_fastrtps_cpp;rosidl_typesupport_introspection_cpp
[1.096s] -- Found rmw_implementation_cmake: 7.3.3 (/opt/ros/jazzy/share/rmw_implementation_cmake/cmake)
[1.098s] -- Found rmw_fastrtps_cpp: 8.4.3 (/opt/ros/jazzy/share/rmw_fastrtps_cpp/cmake)
[1.156s] -- Using RMW implementation 'rmw_fastrtps_cpp' as default
[1.220s] -- Found std_msgs: 5.3.7 (/opt/ros/jazzy/share/std_msgs/cmake)
[1.233s] -- Found geometry_msgs: 5.3.7 (/opt/ros/jazzy/share/geometry_msgs/cmake)
[1.324s] -- Configuring done (1.3s)
[1.339s] -- Generating done (0.0s)
[1.343s] -- Build files have been written to: /home/fizzer/my_robot_ws/build/custom_plugins
[1.355s] Invoked command in '/home/fizzer/my_robot_ws/build/custom_plugins' returned '0': CMAKE_PREFIX_PATH=${CMAKE_PREFIX_PATH}:/home/fizzer/my_robot_ws/install/bringup_nodes:/opt/ros/jazzy DEBUGINFOD_URLS=https://debuginfod.ubuntu.com /usr/bin/cmake /home/fizzer/my_robot_ws/src/custom_plugins -DAMENT_CMAKE_SYMLINK_INSTALL=1 -DCMAKE_INSTALL_PREFIX=/home/fizzer/my_robot_ws/install/custom_plugins
[1.356s] Invoking command in '/home/fizzer/my_robot_ws/build/custom_plugins': CMAKE_PREFIX_PATH=${CMAKE_PREFIX_PATH}:/home/fizzer/my_robot_ws/install/bringup_nodes:/opt/ros/jazzy DEBUGINFOD_URLS=https://debuginfod.ubuntu.com /usr/bin/cmake --build /home/fizzer/my_robot_ws/build/custom_plugins -- -j4 -l4
[1.405s] [ 50%] [32mBuilding CXX object CMakeFiles/ResetSimPlugin.dir/src/ResetSimPlugin.cc.o[0m
[5.232s] [100%] [32m[1mLinking CXX shared library libResetSimPlugin.so[0m
[5.415s] [100%] Built target ResetSimPlugin
[5.423s] Invoked command in '/home/fizzer/my_robot_ws/build/custom_plugins' returned '0': CMAKE_PREFIX_PATH=${CMAKE_PREFIX_PATH}:/home/fizzer/my_robot_ws/install/bringup_nodes:/opt/ros/jazzy DEBUGINFOD_URLS=https://debuginfod.ubuntu.com /usr/bin/cmake --build /home/fizzer/my_robot_ws/build/custom_plugins -- -j4 -l4
[5.431s] Invoking command in '/home/fizzer/my_robot_ws/build/custom_plugins': CMAKE_PREFIX_PATH=${CMAKE_PREFIX_PATH}:/home/fizzer/my_robot_ws/install/bringup_nodes:/opt/ros/jazzy DEBUGINFOD_URLS=https://debuginfod.ubuntu.com /usr/bin/cmake --install /home/fizzer/my_robot_ws/build/custom_plugins
[5.436s] -- Install configuration: ""
[5.436s] -- Execute custom install script
[5.437s] -- Up-to-date symlink: /home/fizzer/my_robot_ws/install/custom_plugins/lib/libResetSimPlugin.so
[5.437s] -- Up-to-date symlink: /home/fizzer/my_robot_ws/install/custom_plugins/include/custom_plugins/ResetSimPlugin.hh
[5.437s] -- Up-to-date symlink: /home/fizzer/my_robot_ws/install/custom_plugins/share/ament_index/resource_index/package_run_dependencies/custom_plugins
[5.437s] -- Up-to-date symlink: /home/fizzer/my_robot_ws/install/custom_plugins/share/ament_index/resource_index/parent_prefix_path/custom_plugins
[5.437s] -- Up-to-date symlink: /home/fizzer/my_robot_ws/install/custom_plugins/share/custom_plugins/environment/ament_prefix_path.sh
[5.437s] -- Up-to-date symlink: /home/fizzer/my_robot_ws/install/custom_plugins/share/custom_plugins/environment/ament_prefix_path.dsv
[5.437s] -- Up-to-date symlink: /home/fizzer/my_robot_ws/install/custom_plugins/share/custom_plugins/environment/path.sh
[5.438s] -- Up-to-date symlink: /home/fizzer/my_robot_ws/install/custom_plugins/share/custom_plugins/environment/path.dsv
[5.438s] -- Up-to-date symlink: /home/fizzer/my_robot_ws/install/custom_plugins/share/custom_plugins/local_setup.bash
[5.438s] -- Up-to-date symlink: /home/fizzer/my_robot_ws/install/custom_plugins/share/custom_plugins/local_setup.sh
[5.438s] -- Up-to-date symlink: /home/fizzer/my_robot_ws/install/custom_plugins/share/custom_plugins/local_setup.zsh
[5.438s] -- Up-to-date symlink: /home/fizzer/my_robot_ws/install/custom_plugins/share/custom_plugins/local_setup.dsv
[5.438s] -- Symlinking: /home/fizzer/my_robot_ws/install/custom_plugins/share/custom_plugins/package.dsv
[5.445s] -- Up-to-date symlink: /home/fizzer/my_robot_ws/install/custom_plugins/share/ament_index/resource_index/packages/custom_plugins
[5.445s] -- Up-to-date symlink: /home/fizzer/my_robot_ws/install/custom_plugins/share/custom_plugins/cmake/custom_pluginsConfig.cmake
[5.445s] -- Up-to-date symlink: /home/fizzer/my_robot_ws/install/custom_plugins/share/custom_plugins/cmake/custom_pluginsConfig-version.cmake
[5.445s] -- Up-to-date symlink: /home/fizzer/my_robot_ws/install/custom_plugins/share/custom_plugins/package.xml
[5.447s] Invoked command in '/home/fizzer/my_robot_ws/build/custom_plugins' returned '0': CMAKE_PREFIX_PATH=${CMAKE_PREFIX_PATH}:/home/fizzer/my_robot_ws/install/bringup_nodes:/opt/ros/jazzy DEBUGINFOD_URLS=https://debuginfod.ubuntu.com /usr/bin/cmake --install /home/fizzer/my_robot_ws/build/custom_plugins
