[0.173s] Invoking command in '/home/fizzer/my_robot_ws/build/custom_plugins': CMAKE_PREFIX_PATH=${CMAKE_PREFIX_PATH}:/home/fizzer/my_robot_ws/install/bringup_nodes:/opt/ros/jazzy DEBUGINFOD_URLS=https://debuginfod.ubuntu.com /usr/bin/cmake /home/fizzer/my_robot_ws/src/custom_plugins -DCMAKE_INSTALL_PREFIX=/home/fizzer/my_robot_ws/install/custom_plugins
[0.184s] -- Found ament_cmake: 2.5.6 (/opt/ros/jazzy/share/ament_cmake/cmake)
[0.382s] -- Looking for gz-sim8 -- found version 8.11.0
[0.386s] -- Searching for dependencies of gz-sim8
[0.386s] -- Looking for sdformat14 -- found version 14.9.0
[0.386s] -- Searching for dependencies of sdformat14
[0.390s] -- Checking for module 'tinyxml2'
[0.399s] --   Found tinyxml2, version 10.0.0
[0.418s] -- Looking for gz-math7 -- found version 7.5.2
[0.418s] -- Searching for dependencies of gz-math7
[0.419s] -- Looking for gz-utils2 -- found version 2.2.1
[0.419s] -- Searching for dependencies of gz-utils2
[0.419s] -- Looking for gz-utils2 -- found version 2.2.1
[0.419s] -- Searching for dependencies of gz-utils2
[0.420s] -- Searching for <gz-utils2> component [cli]
[0.420s] -- Looking for gz-utils2-cli -- found version 2.2.1
[0.420s] -- Searching for dependencies of gz-utils2-cli
[0.421s] -- Looking for gz-plugin2 -- found version 2.0.4
[0.421s] -- Searching for dependencies of gz-plugin2
[0.422s] -- Looking for gz-utils2 -- found version 2.2.1
[0.422s] -- Searching for <gz-plugin2> component [loader]
[0.422s] -- Looking for gz-plugin2-loader -- found version 2.0.4
[0.422s] -- Searching for dependencies of gz-plugin2-loader
[0.422s] -- Searching for <gz-plugin2> component [register]
[0.423s] -- Looking for gz-plugin2-register -- found version 2.0.4
[0.423s] -- Searching for dependencies of gz-plugin2-register
[0.423s] -- Looking for gz-transport13 -- found version 13.5.0
[0.424s] -- Searching for dependencies of gz-transport13
[0.449s] -- Config-file not installed for ZeroMQ -- checking for pkg-config
[0.452s] -- Checking for module 'libzmq >= 4'
[0.461s] --   Found libzmq, version 4.3.5
[0.498s] -- Checking for module 'uuid'
[0.507s] --   Found uuid, version 2.39.3
[0.528s] -- Looking for gz-utils2 -- found version 2.2.1
[0.528s] -- Looking for gz-msgs10 -- found version 10.3.2
[0.528s] -- Searching for dependencies of gz-msgs10
[0.543s] -- Looking for gz-utils2 -- found version 2.2.1
[0.543s] -- Looking for gz-math7 -- found version 7.5.2
[0.548s] -- Searching for <gz-transport13> component [log]
[0.548s] -- Looking for gz-transport13-log -- found version 13.5.0
[0.548s] -- Searching for dependencies of gz-transport13-log
[0.549s] -- Searching for <gz-transport13> component [parameters]
[0.549s] -- Looking for gz-transport13-parameters -- found version 13.5.0
[0.549s] -- Searching for dependencies of gz-transport13-parameters
[0.550s] -- Looking for gz-msgs10 -- found version 10.3.2
[0.550s] -- Looking for gz-common5 -- found version 5.8.0
[0.550s] -- Searching for dependencies of gz-common5
[0.550s] -- Looking for gz-utils2 -- found version 2.2.1
[0.551s] -- Looking for dlfcn.h - found
[0.551s] -- Looking for libdl - found
[0.556s] -- Searching for <gz-common5> component [av]
[0.556s] -- Looking for gz-common5-av -- found version 5.8.0
[0.556s] -- Searching for dependencies of gz-common5-av
[0.560s] -- Checking for module 'libswscale'
[0.570s] --   Found libswscale, version 7.5.100
[0.595s] -- Checking for module 'libavdevice >= 56.4.100'
[0.605s] --   Found libavdevice, version 60.3.100
[0.641s] -- Checking for module 'libavformat'
[0.652s] --   Found libavformat, version 60.16.100
[0.677s] -- Checking for module 'libavcodec'
[0.686s] --   Found libavcodec, version 60.31.102
[0.719s] -- Checking for module 'libavutil'
[0.729s] --   Found libavutil, version 58.29.100
[0.750s] -- Searching for <gz-common5> component [events]
[0.751s] -- Looking for gz-common5-events -- found version 5.8.0
[0.751s] -- Searching for dependencies of gz-common5-events
[0.751s] -- Looking for gz-math7 -- found version 7.5.2
[0.752s] -- Searching for <gz-common5> component [graphics]
[0.752s] -- Looking for gz-common5-graphics -- found version 5.8.0
[0.752s] -- Searching for dependencies of gz-common5-graphics
[0.753s] -- Looking for gz-math7 -- found version 7.5.2
[0.755s] -- Searching for <gz-common5> component [io]
[0.755s] -- Looking for gz-common5-io -- found version 5.8.0
[0.755s] -- Searching for dependencies of gz-common5-io
[0.756s] -- Searching for <gz-common5> component [profiler]
[0.756s] -- Looking for gz-common5-profiler -- found version 5.8.0
[0.756s] -- Searching for dependencies of gz-common5-profiler
[0.757s] -- Looking for gz-fuel_tools9 -- found version 9.1.1
[0.758s] -- Searching for dependencies of gz-fuel_tools9
[0.792s] -- Checking for module 'jsoncpp'
[0.802s] --   Found jsoncpp, version 1.9.5
[0.838s] -- Checking for module 'yaml-0.1'
[0.850s] --   Found yaml-0.1, version 0.2.5
[0.875s] -- Checking for module 'libzip'
[0.885s] --   Found libzip, version 1.7.3
[0.907s] -- Looking for gz-utils2 -- found version 2.2.1
[0.907s] -- Looking for gz-common5 -- found version 5.8.0
[0.907s] -- Searching for dependencies of gz-common5
[0.908s] -- Looking for gz-utils2 -- found version 2.2.1
[0.908s] -- Looking for dlfcn.h - found
[0.910s] -- Looking for libdl - found
[0.913s] -- Searching for <gz-common5> component [testing]
[0.914s] -- Looking for gz-common5-testing -- found version 5.8.0
[0.914s] -- Searching for dependencies of gz-common5-testing
[0.915s] -- Looking for gz-math7 -- found version 7.5.2
[0.915s] -- Looking for gz-msgs10 -- found version 10.3.2
[0.916s] -- Looking for gz-gui8 -- found version 8.4.0
[0.916s] -- Searching for dependencies of gz-gui8
[0.936s] -- Looking for gz-utils2 -- found version 2.2.1
[0.937s] -- Looking for gz-math7 -- found version 7.5.2
[0.937s] -- Looking for gz-common5 -- found version 5.8.0
[0.938s] -- Looking for gz-plugin2 -- found version 2.0.4
[0.938s] -- Looking for gz-transport13 -- found version 13.5.0
[0.938s] -- Looking for gz-rendering8 -- found version 8.2.3
[0.939s] -- Searching for dependencies of gz-rendering8
[0.939s] -- Looking for gz-math7 -- found version 7.5.2
[0.939s] -- Searching for dependencies of gz-math7
[0.940s] -- Looking for gz-utils2 -- found version 2.2.1
[0.940s] -- Searching for <gz-math7> component [eigen3]
[0.940s] -- Looking for gz-math7-eigen3 -- found version 7.5.2
[0.941s] -- Searching for dependencies of gz-math7-eigen3
[0.942s] -- Looking for gz-common5 -- found version 5.8.0
[0.942s] -- Searching for dependencies of gz-common5
[0.942s] -- Looking for gz-utils2 -- found version 2.2.1
[0.943s] -- Looking for dlfcn.h - found
[0.943s] -- Looking for libdl - found
[0.948s] -- Searching for <gz-common5> component [graphics]
[0.948s] -- Searching for <gz-common5> component [events]
[0.948s] -- Searching for <gz-common5> component [geospatial]
[0.949s] -- Looking for gz-common5-geospatial -- found version 5.8.0
[0.949s] -- Searching for dependencies of gz-common5-geospatial
[0.950s] -- Looking for gz-math7 -- found version 7.5.2
[0.950s] -- Looking for gz-common5 -- found version 5.8.0
[0.951s] -- Looking for gz-plugin2 -- found version 2.0.4
[0.952s] -- Searching for dependencies of gz-plugin2
[0.952s] -- Looking for gz-utils2 -- found version 2.2.1
[0.952s] -- Searching for <gz-plugin2> component [all]
[0.953s] -- Looking for all libraries of gz-plugin2 -- found version 2.0.4
[0.953s] -- Looking for gz-plugin2 -- found version 2.0.4
[0.954s] -- Looking for gz-utils2 -- found version 2.2.1
[0.956s] -- Looking for gz-msgs10 -- found version 10.3.2
[0.968s] -- Looking for gz-physics7 -- found version 7.6.0
[0.969s] -- Searching for dependencies of gz-physics7
[0.969s] -- Looking for gz-common5 -- found version 5.8.0
[0.969s] -- Looking for gz-math7 -- found version 7.5.2
[0.970s] -- Looking for gz-plugin2 -- found version 2.0.4
[0.970s] -- Looking for gz-utils2 -- found version 2.2.1
[0.971s] -- Searching for <gz-physics7> component [heightmap]
[0.971s] -- Looking for gz-physics7-heightmap -- found version 7.6.0
[0.972s] -- Searching for dependencies of gz-physics7-heightmap
[0.972s] -- Looking for gz-common5 -- found version 5.8.0
[0.973s] -- Searching for <gz-physics7> component [mesh]
[0.973s] -- Looking for gz-physics7-mesh -- found version 7.6.0
[0.973s] -- Searching for dependencies of gz-physics7-mesh
[0.974s] -- Looking for gz-common5 -- found version 5.8.0
[0.974s] -- Searching for <gz-physics7> component [sdf]
[0.974s] -- Looking for gz-physics7-sdf -- found version 7.6.0
[0.975s] -- Searching for dependencies of gz-physics7-sdf
[0.975s] -- Looking for sdformat14 -- found version 14.9.0
[0.976s] -- Looking for gz-sensors8 -- found version 8.2.2
[0.976s] -- Searching for dependencies of gz-sensors8
[0.991s] -- Looking for gz-math7 -- found version 7.5.2
[0.991s] -- Looking for gz-common5 -- found version 5.8.0
[0.992s] -- Looking for gz-transport13 -- found version 13.5.0
[0.992s] -- Looking for gz-rendering8 -- found version 8.2.3
[0.993s] -- Looking for gz-msgs10 -- found version 10.3.2
[0.993s] -- Looking for sdformat14 -- found version 14.9.0
[0.994s] -- Searching for <gz-sensors8> component [air_pressure]
[0.994s] -- Looking for gz-sensors8-air_pressure -- found version 8.2.2
[0.994s] -- Searching for dependencies of gz-sensors8-air_pressure
[0.995s] -- Searching for <gz-sensors8> component [air_speed]
[0.996s] -- Looking for gz-sensors8-air_speed -- found version 8.2.2
[0.996s] -- Searching for dependencies of gz-sensors8-air_speed
[0.996s] -- Searching for <gz-sensors8> component [altimeter]
[0.997s] -- Looking for gz-sensors8-altimeter -- found version 8.2.2
[0.997s] -- Searching for dependencies of gz-sensors8-altimeter
[0.998s] -- Searching for <gz-sensors8> component [imu]
[0.998s] -- Looking for gz-sensors8-imu -- found version 8.2.2
[0.998s] -- Searching for dependencies of gz-sensors8-imu
[0.999s] -- Searching for <gz-sensors8> component [force_torque]
[0.999s] -- Looking for gz-sensors8-force_torque -- found version 8.2.2
[1.000s] -- Searching for dependencies of gz-sensors8-force_torque
[1.000s] -- Searching for <gz-sensors8> component [logical_camera]
[1.000s] -- Looking for gz-sensors8-logical_camera -- found version 8.2.2
[1.000s] -- Searching for dependencies of gz-sensors8-logical_camera
[1.001s] -- Searching for <gz-sensors8> component [magnetometer]
[1.001s] -- Looking for gz-sensors8-magnetometer -- found version 8.2.2
[1.002s] -- Searching for dependencies of gz-sensors8-magnetometer
[1.002s] -- Searching for <gz-sensors8> component [navsat]
[1.002s] -- Looking for gz-sensors8-navsat -- found version 8.2.2
[1.003s] -- Searching for dependencies of gz-sensors8-navsat
[1.003s] -- Searching for <gz-sensors8> component [dvl]
[1.004s] -- Looking for gz-sensors8-dvl -- found version 8.2.2
[1.004s] -- Searching for dependencies of gz-sensors8-dvl
[1.004s] -- Looking for gz-sensors8 -- found version 8.2.2
[1.004s] -- Searching for dependencies of gz-sensors8
[1.020s] -- Looking for gz-math7 -- found version 7.5.2
[1.021s] -- Looking for gz-common5 -- found version 5.8.0
[1.021s] -- Looking for gz-transport13 -- found version 13.5.0
[1.022s] -- Looking for gz-rendering8 -- found version 8.2.3
[1.023s] -- Looking for gz-msgs10 -- found version 10.3.2
[1.023s] -- Looking for sdformat14 -- found version 14.9.0
[1.024s] -- Searching for <gz-sensors8> component [rendering]
[1.024s] -- Looking for gz-sensors8-rendering -- found version 8.2.2
[1.024s] -- Searching for dependencies of gz-sensors8-rendering
[1.025s] -- Searching for <gz-sensors8> component [rendering]
[1.025s] -- Searching for <gz-sensors8> component [lidar]
[1.026s] -- Looking for gz-sensors8-lidar -- found version 8.2.2
[1.026s] -- Searching for dependencies of gz-sensors8-lidar
[1.026s] -- Looking for gz-sensors8 -- found version 8.2.2
[1.027s] -- Searching for <gz-sensors8> component [gpu_lidar]
[1.027s] -- Looking for gz-sensors8-gpu_lidar -- found version 8.2.2
[1.027s] -- Searching for dependencies of gz-sensors8-gpu_lidar
[1.028s] -- Looking for gz-sensors8 -- found version 8.2.2
[1.029s] -- Searching for <gz-sensors8> component [camera]
[1.029s] -- Looking for gz-sensors8-camera -- found version 8.2.2
[1.029s] -- Searching for dependencies of gz-sensors8-camera
[1.029s] -- Looking for gz-sensors8 -- found version 8.2.2
[1.030s] -- Searching for <gz-sensors8> component [boundingbox_camera]
[1.030s] -- Looking for gz-sensors8-boundingbox_camera -- found version 8.2.2
[1.030s] -- Searching for dependencies of gz-sensors8-boundingbox_camera
[1.031s] -- Searching for <gz-sensors8> component [segmentation_camera]
[1.031s] -- Looking for gz-sensors8-segmentation_camera -- found version 8.2.2
[1.032s] -- Searching for dependencies of gz-sensors8-segmentation_camera
[1.032s] -- Searching for <gz-sensors8> component [depth_camera]
[1.033s] -- Looking for gz-sensors8-depth_camera -- found version 8.2.2
[1.033s] -- Searching for dependencies of gz-sensors8-depth_camera
[1.033s] -- Looking for gz-sensors8 -- found version 8.2.2
[1.034s] -- Searching for <gz-sensors8> component [rgbd_camera]
[1.034s] -- Looking for gz-sensors8-rgbd_camera -- found version 8.2.2
[1.034s] -- Searching for dependencies of gz-sensors8-rgbd_camera
[1.035s] -- Looking for gz-sensors8 -- found version 8.2.2
[1.035s] -- Searching for <gz-sensors8> component [thermal_camera]
[1.035s] -- Looking for gz-sensors8-thermal_camera -- found version 8.2.2
[1.035s] -- Searching for dependencies of gz-sensors8-thermal_camera
[1.036s] -- Looking for gz-sensors8 -- found version 8.2.2
[1.036s] -- Searching for <gz-sensors8> component [wide_angle_camera]
[1.036s] -- Looking for gz-sensors8-wide_angle_camera -- found version 8.2.2
[1.036s] -- Searching for dependencies of gz-sensors8-wide_angle_camera
[1.037s] -- Looking for gz-rendering8 -- found version 8.2.3
[1.038s] -- Looking for gz-math7 -- found version 7.5.2
[1.038s] -- Looking for gz-utils2 -- found version 2.2.1
[1.055s] -- Looking for gz-plugin2 -- found version 2.0.4
[1.055s] -- Found rclcpp: 28.1.18 (/opt/ros/jazzy/share/rclcpp/cmake)
[1.071s] -- Found rosidl_generator_c: 4.6.7 (/opt/ros/jazzy/share/rosidl_generator_c/cmake)
[1.077s] -- Found rosidl_generator_cpp: 4.6.7 (/opt/ros/jazzy/share/rosidl_generator_cpp/cmake)
[1.086s] -- Using all available rosidl_typesupport_c: rosidl_typesupport_fastrtps_c;rosidl_typesupport_introspection_c
[1.096s] -- Using all available rosidl_typesupport_cpp: rosidl_typesupport_fastrtps_cpp;rosidl_typesupport_introspection_cpp
[1.142s] -- Found rmw_implementation_cmake: 7.3.3 (/opt/ros/jazzy/share/rmw_implementation_cmake/cmake)
[1.143s] -- Found rmw_fastrtps_cpp: 8.4.3 (/opt/ros/jazzy/share/rmw_fastrtps_cpp/cmake)
[1.190s] -- Using RMW implementation 'rmw_fastrtps_cpp' as default
[1.237s] -- Found std_msgs: 5.3.7 (/opt/ros/jazzy/share/std_msgs/cmake)
[1.255s] -- Found geometry_msgs: 5.3.7 (/opt/ros/jazzy/share/geometry_msgs/cmake)
[1.343s] -- Configuring done (1.2s)
[1.357s] -- Generating done (0.0s)
[1.360s] -- Build files have been written to: /home/fizzer/my_robot_ws/build/custom_plugins
[1.370s] Invoked command in '/home/fizzer/my_robot_ws/build/custom_plugins' returned '0': CMAKE_PREFIX_PATH=${CMAKE_PREFIX_PATH}:/home/fizzer/my_robot_ws/install/bringup_nodes:/opt/ros/jazzy DEBUGINFOD_URLS=https://debuginfod.ubuntu.com /usr/bin/cmake /home/fizzer/my_robot_ws/src/custom_plugins -DCMAKE_INSTALL_PREFIX=/home/fizzer/my_robot_ws/install/custom_plugins
[1.371s] Invoking command in '/home/fizzer/my_robot_ws/build/custom_plugins': CMAKE_PREFIX_PATH=${CMAKE_PREFIX_PATH}:/home/fizzer/my_robot_ws/install/bringup_nodes:/opt/ros/jazzy DEBUGINFOD_URLS=https://debuginfod.ubuntu.com /usr/bin/cmake --build /home/fizzer/my_robot_ws/build/custom_plugins -- -j4 -l4
[1.415s] [ 50%] [32mBuilding CXX object CMakeFiles/ResetSimPlugin.dir/src/ResetSimPlugin.cc.o[0m
[1.425s] [01m[K/home/fizzer/my_robot_ws/src/custom_plugins/src/ResetSimPlugin.cc:1:10:[m[K [01;31m[Kfatal error: [m[Kmy_custom_plugins/ResetSimPlugin.hh: No such file or directory
[1.426s]     1 | #include [01;31m[K"my_custom_plugins/ResetSimPlugin.hh"[m[K // Include the ResetSimPlugin header file here
[1.426s]       |          [01;31m[K^~~~~~~~~~~~~~~~~~~~~~~~~~~~~~~~~~~~~[m[K
[1.426s] compilation terminated.
[1.426s] gmake[2]: *** [CMakeFiles/ResetSimPlugin.dir/build.make:76: CMakeFiles/ResetSimPlugin.dir/src/ResetSimPlugin.cc.o] Error 1
[1.426s] gmake[1]: *** [CMakeFiles/Makefile2:137: CMakeFiles/ResetSimPlugin.dir/all] Error 2
[1.426s] gmake: *** [Makefile:146: all] Error 2
[1.428s] Invoked command in '/home/fizzer/my_robot_ws/build/custom_plugins' returned '2': CMAKE_PREFIX_PATH=${CMAKE_PREFIX_PATH}:/home/fizzer/my_robot_ws/install/bringup_nodes:/opt/ros/jazzy DEBUGINFOD_URLS=https://debuginfod.ubuntu.com /usr/bin/cmake --build /home/fizzer/my_robot_ws/build/custom_plugins -- -j4 -l4
