[0.018s] Invoking command in '/home/fizzer/my_robot_ws/build/my_robot_bringup': CMAKE_PREFIX_PATH=/home/fizzer/my_robot_ws/install/my_robot_description:/home/fizzer/my_robot_ws/install/my_robot_bringup:/opt/ros/jazzy/opt/gz_sim_vendor:/opt/ros/jazzy/opt/gz_sensors_vendor:/opt/ros/jazzy/opt/gz_physics_vendor:/opt/ros/jazzy/opt/sdformat_vendor:/opt/ros/jazzy/opt/gz_gui_vendor:/opt/ros/jazzy/opt/gz_transport_vendor:/opt/ros/jazzy/opt/gz_rendering_vendor:/opt/ros/jazzy/opt/gz_plugin_vendor:/opt/ros/jazzy/opt/gz_fuel_tools_vendor:/opt/ros/jazzy/opt/gz_msgs_vendor:/opt/ros/jazzy/opt/gz_common_vendor:/opt/ros/jazzy/opt/gz_math_vendor:/opt/ros/jazzy/opt/gz_utils_vendor:/opt/ros/jazzy/opt/gz_tools_vendor:/opt/ros/jazzy/opt/gz_ogre_next_vendor:/opt/ros/jazzy/opt/gz_dartsim_vendor:/opt/ros/jazzy/opt/gz_cmake_vendor:/home/fizzer/my_robot_ws/install/bringup_nodes:/opt/ros/jazzy DEBUGINFOD_URLS=https://debuginfod.ubuntu.com /usr/bin/cmake /home/fizzer/my_robot_ws/src/my_robot_bringup -DCMAKE_INSTALL_PREFIX=/home/fizzer/my_robot_ws/install/my_robot_bringup
[0.053s] -- Found ament_cmake: 2.5.6 (/opt/ros/jazzy/share/ament_cmake/cmake)
[0.425s] -- Override CMake install command with custom implementation using symlinks instead of copying resources
[0.445s] -- Found ament_lint_auto: 0.17.5 (/opt/ros/jazzy/share/ament_lint_auto/cmake)
[0.666s] -- Added test 'lint_cmake' to check CMake code style
[0.675s] -- Added test 'xmllint' to check XML markup files
[0.677s] -- Configuring done (0.6s)
[0.696s] -- Generating done (0.0s)
[0.705s] -- Build files have been written to: /home/fizzer/my_robot_ws/build/my_robot_bringup
[0.712s] Invoked command in '/home/fizzer/my_robot_ws/build/my_robot_bringup' returned '0': CMAKE_PREFIX_PATH=/home/fizzer/my_robot_ws/install/my_robot_description:/home/fizzer/my_robot_ws/install/my_robot_bringup:/opt/ros/jazzy/opt/gz_sim_vendor:/opt/ros/jazzy/opt/gz_sensors_vendor:/opt/ros/jazzy/opt/gz_physics_vendor:/opt/ros/jazzy/opt/sdformat_vendor:/opt/ros/jazzy/opt/gz_gui_vendor:/opt/ros/jazzy/opt/gz_transport_vendor:/opt/ros/jazzy/opt/gz_rendering_vendor:/opt/ros/jazzy/opt/gz_plugin_vendor:/opt/ros/jazzy/opt/gz_fuel_tools_vendor:/opt/ros/jazzy/opt/gz_msgs_vendor:/opt/ros/jazzy/opt/gz_common_vendor:/opt/ros/jazzy/opt/gz_math_vendor:/opt/ros/jazzy/opt/gz_utils_vendor:/opt/ros/jazzy/opt/gz_tools_vendor:/opt/ros/jazzy/opt/gz_ogre_next_vendor:/opt/ros/jazzy/opt/gz_dartsim_vendor:/opt/ros/jazzy/opt/gz_cmake_vendor:/home/fizzer/my_robot_ws/install/bringup_nodes:/opt/ros/jazzy DEBUGINFOD_URLS=https://debuginfod.ubuntu.com /usr/bin/cmake /home/fizzer/my_robot_ws/src/my_robot_bringup -DCMAKE_INSTALL_PREFIX=/home/fizzer/my_robot_ws/install/my_robot_bringup
[0.713s] Invoking command in '/home/fizzer/my_robot_ws/build/my_robot_bringup': CMAKE_PREFIX_PATH=/home/fizzer/my_robot_ws/install/my_robot_description:/home/fizzer/my_robot_ws/install/my_robot_bringup:/opt/ros/jazzy/opt/gz_sim_vendor:/opt/ros/jazzy/opt/gz_sensors_vendor:/opt/ros/jazzy/opt/gz_physics_vendor:/opt/ros/jazzy/opt/sdformat_vendor:/opt/ros/jazzy/opt/gz_gui_vendor:/opt/ros/jazzy/opt/gz_transport_vendor:/opt/ros/jazzy/opt/gz_rendering_vendor:/opt/ros/jazzy/opt/gz_plugin_vendor:/opt/ros/jazzy/opt/gz_fuel_tools_vendor:/opt/ros/jazzy/opt/gz_msgs_vendor:/opt/ros/jazzy/opt/gz_common_vendor:/opt/ros/jazzy/opt/gz_math_vendor:/opt/ros/jazzy/opt/gz_utils_vendor:/opt/ros/jazzy/opt/gz_tools_vendor:/opt/ros/jazzy/opt/gz_ogre_next_vendor:/opt/ros/jazzy/opt/gz_dartsim_vendor:/opt/ros/jazzy/opt/gz_cmake_vendor:/home/fizzer/my_robot_ws/install/bringup_nodes:/opt/ros/jazzy DEBUGINFOD_URLS=https://debuginfod.ubuntu.com /usr/bin/cmake --build /home/fizzer/my_robot_ws/build/my_robot_bringup -- -j4 -l4
[0.775s] Invoked command in '/home/fizzer/my_robot_ws/build/my_robot_bringup' returned '0': CMAKE_PREFIX_PATH=/home/fizzer/my_robot_ws/install/my_robot_description:/home/fizzer/my_robot_ws/install/my_robot_bringup:/opt/ros/jazzy/opt/gz_sim_vendor:/opt/ros/jazzy/opt/gz_sensors_vendor:/opt/ros/jazzy/opt/gz_physics_vendor:/opt/ros/jazzy/opt/sdformat_vendor:/opt/ros/jazzy/opt/gz_gui_vendor:/opt/ros/jazzy/opt/gz_transport_vendor:/opt/ros/jazzy/opt/gz_rendering_vendor:/opt/ros/jazzy/opt/gz_plugin_vendor:/opt/ros/jazzy/opt/gz_fuel_tools_vendor:/opt/ros/jazzy/opt/gz_msgs_vendor:/opt/ros/jazzy/opt/gz_common_vendor:/opt/ros/jazzy/opt/gz_math_vendor:/opt/ros/jazzy/opt/gz_utils_vendor:/opt/ros/jazzy/opt/gz_tools_vendor:/opt/ros/jazzy/opt/gz_ogre_next_vendor:/opt/ros/jazzy/opt/gz_dartsim_vendor:/opt/ros/jazzy/opt/gz_cmake_vendor:/home/fizzer/my_robot_ws/install/bringup_nodes:/opt/ros/jazzy DEBUGINFOD_URLS=https://debuginfod.ubuntu.com /usr/bin/cmake --build /home/fizzer/my_robot_ws/build/my_robot_bringup -- -j4 -l4
[0.777s] Invoking command in '/home/fizzer/my_robot_ws/build/my_robot_bringup': CMAKE_PREFIX_PATH=/home/fizzer/my_robot_ws/install/my_robot_description:/home/fizzer/my_robot_ws/install/my_robot_bringup:/opt/ros/jazzy/opt/gz_sim_vendor:/opt/ros/jazzy/opt/gz_sensors_vendor:/opt/ros/jazzy/opt/gz_physics_vendor:/opt/ros/jazzy/opt/sdformat_vendor:/opt/ros/jazzy/opt/gz_gui_vendor:/opt/ros/jazzy/opt/gz_transport_vendor:/opt/ros/jazzy/opt/gz_rendering_vendor:/opt/ros/jazzy/opt/gz_plugin_vendor:/opt/ros/jazzy/opt/gz_fuel_tools_vendor:/opt/ros/jazzy/opt/gz_msgs_vendor:/opt/ros/jazzy/opt/gz_common_vendor:/opt/ros/jazzy/opt/gz_math_vendor:/opt/ros/jazzy/opt/gz_utils_vendor:/opt/ros/jazzy/opt/gz_tools_vendor:/opt/ros/jazzy/opt/gz_ogre_next_vendor:/opt/ros/jazzy/opt/gz_dartsim_vendor:/opt/ros/jazzy/opt/gz_cmake_vendor:/home/fizzer/my_robot_ws/install/bringup_nodes:/opt/ros/jazzy DEBUGINFOD_URLS=https://debuginfod.ubuntu.com /usr/bin/cmake --install /home/fizzer/my_robot_ws/build/my_robot_bringup
[0.789s] -- Install configuration: ""
[0.790s] -- Execute custom install script
[0.790s] -- Up-to-date symlink: /home/fizzer/my_robot_ws/install/my_robot_bringup/share/my_robot_bringup//launch/my_robot.launch.xml
[0.791s] -- Up-to-date symlink: /home/fizzer/my_robot_ws/install/my_robot_bringup/share/my_robot_bringup//config/gazebo_bridge.yaml
[0.792s] -- Up-to-date symlink: /home/fizzer/my_robot_ws/install/my_robot_bringup/share/my_robot_bringup//world/fast_empty.sdf
[0.792s] -- Up-to-date symlink: /home/fizzer/my_robot_ws/install/my_robot_bringup/share/my_robot_bringup//world/models/baby_yoda_npc/assets/baby_yoda.blend
[0.793s] -- Up-to-date symlink: /home/fizzer/my_robot_ws/install/my_robot_bringup/share/my_robot_bringup//world/models/baby_yoda_npc/assets/baby_yoda.dae
[0.793s] -- Up-to-date symlink: /home/fizzer/my_robot_ws/install/my_robot_bringup/share/my_robot_bringup//world/models/baby_yoda_npc/assets/baby_yoda_NPC.blend
[0.793s] -- Up-to-date symlink: /home/fizzer/my_robot_ws/install/my_robot_bringup/share/my_robot_bringup//world/models/baby_yoda_npc/baby_yoda_npc.sdf
[0.794s] -- Up-to-date symlink: /home/fizzer/my_robot_ws/install/my_robot_bringup/share/my_robot_bringup//world/models/baby_yoda_npc/model.config
[0.794s] -- Up-to-date symlink: /home/fizzer/my_robot_ws/install/my_robot_bringup/share/my_robot_bringup//world/models/terrain/assets/2023_Competition_Driving_Surface_v0.2.png
[0.794s] -- Up-to-date symlink: /home/fizzer/my_robot_ws/install/my_robot_bringup/share/my_robot_bringup//world/models/terrain/assets/Terrain_2023_v2.dae
[0.794s] -- Up-to-date symlink: /home/fizzer/my_robot_ws/install/my_robot_bringup/share/my_robot_bringup//world/models/terrain/model.config
[0.794s] -- Up-to-date symlink: /home/fizzer/my_robot_ws/install/my_robot_bringup/share/my_robot_bringup//world/models/terrain/terrain.sdf
[0.795s] -- Up-to-date symlink: /home/fizzer/my_robot_ws/install/my_robot_bringup/share/my_robot_bringup//world/models/truck_npc/assets/pickup.dae
[0.795s] -- Up-to-date symlink: /home/fizzer/my_robot_ws/install/my_robot_bringup/share/my_robot_bringup//world/models/truck_npc/assets/pickup_diffuse.jpg
[0.795s] -- Up-to-date symlink: /home/fizzer/my_robot_ws/install/my_robot_bringup/share/my_robot_bringup//world/models/truck_npc/assets/wheels2.jpg
[0.796s] -- Up-to-date symlink: /home/fizzer/my_robot_ws/install/my_robot_bringup/share/my_robot_bringup//world/models/truck_npc/model.config
[0.796s] -- Up-to-date symlink: /home/fizzer/my_robot_ws/install/my_robot_bringup/share/my_robot_bringup//world/models/truck_npc/truck_npc.sdf
[0.796s] -- Up-to-date symlink: /home/fizzer/my_robot_ws/install/my_robot_bringup/share/my_robot_bringup//world/models/wall_long/extended_forest.png
[0.797s] -- Up-to-date symlink: /home/fizzer/my_robot_ws/install/my_robot_bringup/share/my_robot_bringup//world/models/wall_long/model.config
[0.797s] -- Up-to-date symlink: /home/fizzer/my_robot_ws/install/my_robot_bringup/share/my_robot_bringup//world/models/wall_long/wall_long.sdf
[0.797s] -- Up-to-date symlink: /home/fizzer/my_robot_ws/install/my_robot_bringup/share/my_robot_bringup//world/models/wall_short/forest.png
[0.801s] -- Up-to-date symlink: /home/fizzer/my_robot_ws/install/my_robot_bringup/share/my_robot_bringup//world/models/wall_short/model.config
[0.801s] -- Up-to-date symlink: /home/fizzer/my_robot_ws/install/my_robot_bringup/share/my_robot_bringup//world/models/wall_short/wall_short.sdf
[0.801s] -- Up-to-date symlink: /home/fizzer/my_robot_ws/install/my_robot_bringup/share/my_robot_bringup//world/textures/monza.png
[0.801s] -- Up-to-date symlink: /home/fizzer/my_robot_ws/install/my_robot_bringup/share/ament_index/resource_index/package_run_dependencies/my_robot_bringup
[0.801s] -- Up-to-date symlink: /home/fizzer/my_robot_ws/install/my_robot_bringup/share/ament_index/resource_index/parent_prefix_path/my_robot_bringup
[0.803s] -- Up-to-date symlink: /home/fizzer/my_robot_ws/install/my_robot_bringup/share/my_robot_bringup/environment/ament_prefix_path.sh
[0.803s] -- Up-to-date symlink: /home/fizzer/my_robot_ws/install/my_robot_bringup/share/my_robot_bringup/environment/ament_prefix_path.dsv
[0.803s] -- Up-to-date symlink: /home/fizzer/my_robot_ws/install/my_robot_bringup/share/my_robot_bringup/environment/path.sh
[0.803s] -- Up-to-date symlink: /home/fizzer/my_robot_ws/install/my_robot_bringup/share/my_robot_bringup/environment/path.dsv
[0.803s] -- Up-to-date symlink: /home/fizzer/my_robot_ws/install/my_robot_bringup/share/my_robot_bringup/local_setup.bash
[0.803s] -- Up-to-date symlink: /home/fizzer/my_robot_ws/install/my_robot_bringup/share/my_robot_bringup/local_setup.sh
[0.803s] -- Up-to-date symlink: /home/fizzer/my_robot_ws/install/my_robot_bringup/share/my_robot_bringup/local_setup.zsh
[0.803s] -- Up-to-date symlink: /home/fizzer/my_robot_ws/install/my_robot_bringup/share/my_robot_bringup/local_setup.dsv
[0.804s] -- Symlinking: /home/fizzer/my_robot_ws/install/my_robot_bringup/share/my_robot_bringup/package.dsv
[0.815s] -- Up-to-date symlink: /home/fizzer/my_robot_ws/install/my_robot_bringup/share/ament_index/resource_index/packages/my_robot_bringup
[0.816s] -- Up-to-date symlink: /home/fizzer/my_robot_ws/install/my_robot_bringup/share/my_robot_bringup/cmake/my_robot_bringupConfig.cmake
[0.816s] -- Up-to-date symlink: /home/fizzer/my_robot_ws/install/my_robot_bringup/share/my_robot_bringup/cmake/my_robot_bringupConfig-version.cmake
[0.816s] -- Up-to-date symlink: /home/fizzer/my_robot_ws/install/my_robot_bringup/share/my_robot_bringup/package.xml
[0.820s] Invoked command in '/home/fizzer/my_robot_ws/build/my_robot_bringup' returned '0': CMAKE_PREFIX_PATH=/home/fizzer/my_robot_ws/install/my_robot_description:/home/fizzer/my_robot_ws/install/my_robot_bringup:/opt/ros/jazzy/opt/gz_sim_vendor:/opt/ros/jazzy/opt/gz_sensors_vendor:/opt/ros/jazzy/opt/gz_physics_vendor:/opt/ros/jazzy/opt/sdformat_vendor:/opt/ros/jazzy/opt/gz_gui_vendor:/opt/ros/jazzy/opt/gz_transport_vendor:/opt/ros/jazzy/opt/gz_rendering_vendor:/opt/ros/jazzy/opt/gz_plugin_vendor:/opt/ros/jazzy/opt/gz_fuel_tools_vendor:/opt/ros/jazzy/opt/gz_msgs_vendor:/opt/ros/jazzy/opt/gz_common_vendor:/opt/ros/jazzy/opt/gz_math_vendor:/opt/ros/jazzy/opt/gz_utils_vendor:/opt/ros/jazzy/opt/gz_tools_vendor:/opt/ros/jazzy/opt/gz_ogre_next_vendor:/opt/ros/jazzy/opt/gz_dartsim_vendor:/opt/ros/jazzy/opt/gz_cmake_vendor:/home/fizzer/my_robot_ws/install/bringup_nodes:/opt/ros/jazzy DEBUGINFOD_URLS=https://debuginfod.ubuntu.com /usr/bin/cmake --install /home/fizzer/my_robot_ws/build/my_robot_bringup
