[0.008s] Invoking command in '/home/fizzer/my_robot_ws/build/custom_plugins': CMAKE_PREFIX_PATH=${CMAKE_PREFIX_PATH}:/home/fizzer/my_robot_ws/install/bringup_nodes:/opt/ros/jazzy DEBUGINFOD_URLS=https://debuginfod.ubuntu.com /usr/bin/cmake /home/fizzer/my_robot_ws/src/custom_plugins -DCMAKE_INSTALL_PREFIX=/home/fizzer/my_robot_ws/install/custom_plugins
[0.020s] -- Found ament_cmake: 2.5.6 (/opt/ros/jazzy/share/ament_cmake/cmake)
[0.179s] -- Override CMake install command with custom implementation using symlinks instead of copying resources
[0.185s] -- Looking for gz-sim8 -- found version 8.11.0
[0.189s] -- Searching for dependencies of gz-sim8
[0.189s] -- Looking for sdformat14 -- found version 14.9.0
[0.189s] -- Searching for dependencies of sdformat14
[0.193s] -- Checking for module 'tinyxml2'
[0.202s] --   Found tinyxml2, version 10.0.0
[0.221s] -- Looking for gz-math7 -- found version 7.5.2
[0.221s] -- Searching for dependencies of gz-math7
[0.221s] -- Looking for gz-utils2 -- found version 2.2.1
[0.221s] -- Searching for dependencies of gz-utils2
[0.222s] -- Looking for gz-utils2 -- found version 2.2.1
[0.223s] -- Searching for dependencies of gz-utils2
[0.223s] -- Searching for <gz-utils2> component [cli]
[0.223s] -- Looking for gz-utils2-cli -- found version 2.2.1
[0.223s] -- Searching for dependencies of gz-utils2-cli
[0.224s] -- Looking for gz-plugin2 -- found version 2.0.4
[0.224s] -- Searching for dependencies of gz-plugin2
[0.225s] -- Looking for gz-utils2 -- found version 2.2.1
[0.225s] -- Searching for <gz-plugin2> component [loader]
[0.226s] -- Looking for gz-plugin2-loader -- found version 2.0.4
[0.226s] -- Searching for dependencies of gz-plugin2-loader
[0.226s] -- Searching for <gz-plugin2> component [register]
[0.227s] -- Looking for gz-plugin2-register -- found version 2.0.4
[0.227s] -- Searching for dependencies of gz-plugin2-register
[0.228s] -- Looking for gz-transport13 -- found version 13.5.0
[0.228s] -- Searching for dependencies of gz-transport13
[0.252s] -- Config-file not installed for ZeroMQ -- checking for pkg-config
[0.255s] -- Checking for module 'libzmq >= 4'
[0.264s] --   Found libzmq, version 4.3.5
[0.292s] -- Checking for module 'uuid'
[0.301s] --   Found uuid, version 2.39.3
[0.321s] -- Looking for gz-utils2 -- found version 2.2.1
[0.321s] -- Looking for gz-msgs10 -- found version 10.3.2
[0.321s] -- Searching for dependencies of gz-msgs10
[0.340s] -- Looking for gz-utils2 -- found version 2.2.1
[0.341s] -- Looking for gz-math7 -- found version 7.5.2
[0.345s] -- Searching for <gz-transport13> component [log]
[0.346s] -- Looking for gz-transport13-log -- found version 13.5.0
[0.346s] -- Searching for dependencies of gz-transport13-log
[0.346s] -- Searching for <gz-transport13> component [parameters]
[0.347s] -- Looking for gz-transport13-parameters -- found version 13.5.0
[0.347s] -- Searching for dependencies of gz-transport13-parameters
[0.347s] -- Looking for gz-msgs10 -- found version 10.3.2
[0.348s] -- Looking for gz-common5 -- found version 5.8.0
[0.348s] -- Searching for dependencies of gz-common5
[0.348s] -- Looking for gz-utils2 -- found version 2.2.1
[0.348s] -- Looking for dlfcn.h - found
[0.348s] -- Looking for libdl - found
[0.354s] -- Searching for <gz-common5> component [av]
[0.355s] -- Looking for gz-common5-av -- found version 5.8.0
[0.355s] -- Searching for dependencies of gz-common5-av
[0.357s] -- Checking for module 'libswscale'
[0.367s] --   Found libswscale, version 7.5.100
[0.392s] -- Checking for module 'libavdevice >= 56.4.100'
[0.402s] --   Found libavdevice, version 60.3.100
[0.434s] -- Checking for module 'libavformat'
[0.443s] --   Found libavformat, version 60.16.100
[0.470s] -- Checking for module 'libavcodec'
[0.479s] --   Found libavcodec, version 60.31.102
[0.506s] -- Checking for module 'libavutil'
[0.515s] --   Found libavutil, version 58.29.100
[0.541s] -- Searching for <gz-common5> component [events]
[0.542s] -- Looking for gz-common5-events -- found version 5.8.0
[0.542s] -- Searching for dependencies of gz-common5-events
[0.543s] -- Looking for gz-math7 -- found version 7.5.2
[0.543s] -- Searching for <gz-common5> component [graphics]
[0.545s] -- Looking for gz-common5-graphics -- found version 5.8.0
[0.546s] -- Searching for dependencies of gz-common5-graphics
[0.546s] -- Looking for gz-math7 -- found version 7.5.2
[0.548s] -- Searching for <gz-common5> component [io]
[0.549s] -- Looking for gz-common5-io -- found version 5.8.0
[0.549s] -- Searching for dependencies of gz-common5-io
[0.549s] -- Searching for <gz-common5> component [profiler]
[0.550s] -- Looking for gz-common5-profiler -- found version 5.8.0
[0.550s] -- Searching for dependencies of gz-common5-profiler
[0.551s] -- Looking for gz-fuel_tools9 -- found version 9.1.1
[0.551s] -- Searching for dependencies of gz-fuel_tools9
[0.587s] -- Checking for module 'jsoncpp'
[0.597s] --   Found jsoncpp, version 1.9.5
[0.631s] -- Checking for module 'yaml-0.1'
[0.641s] --   Found yaml-0.1, version 0.2.5
[0.666s] -- Checking for module 'libzip'
[0.675s] --   Found libzip, version 1.7.3
[0.695s] -- Looking for gz-utils2 -- found version 2.2.1
[0.695s] -- Looking for gz-common5 -- found version 5.8.0
[0.696s] -- Searching for dependencies of gz-common5
[0.696s] -- Looking for gz-utils2 -- found version 2.2.1
[0.696s] -- Looking for dlfcn.h - found
[0.696s] -- Looking for libdl - found
[0.701s] -- Searching for <gz-common5> component [testing]
[0.701s] -- Looking for gz-common5-testing -- found version 5.8.0
[0.702s] -- Searching for dependencies of gz-common5-testing
[0.702s] -- Looking for gz-math7 -- found version 7.5.2
[0.702s] -- Looking for gz-msgs10 -- found version 10.3.2
[0.703s] -- Looking for gz-gui8 -- found version 8.4.0
[0.703s] -- Searching for dependencies of gz-gui8
[0.721s] -- Looking for gz-utils2 -- found version 2.2.1
[0.721s] -- Looking for gz-math7 -- found version 7.5.2
[0.721s] -- Looking for gz-common5 -- found version 5.8.0
[0.722s] -- Looking for gz-plugin2 -- found version 2.0.4
[0.722s] -- Looking for gz-transport13 -- found version 13.5.0
[0.722s] -- Looking for gz-rendering8 -- found version 8.2.3
[0.722s] -- Searching for dependencies of gz-rendering8
[0.722s] -- Looking for gz-math7 -- found version 7.5.2
[0.723s] -- Searching for dependencies of gz-math7
[0.723s] -- Looking for gz-utils2 -- found version 2.2.1
[0.723s] -- Searching for <gz-math7> component [eigen3]
[0.723s] -- Looking for gz-math7-eigen3 -- found version 7.5.2
[0.723s] -- Searching for dependencies of gz-math7-eigen3
[0.724s] -- Looking for gz-common5 -- found version 5.8.0
[0.724s] -- Searching for dependencies of gz-common5
[0.725s] -- Looking for gz-utils2 -- found version 2.2.1
[0.725s] -- Looking for dlfcn.h - found
[0.725s] -- Looking for libdl - found
[0.731s] -- Searching for <gz-common5> component [graphics]
[0.731s] -- Searching for <gz-common5> component [events]
[0.731s] -- Searching for <gz-common5> component [geospatial]
[0.731s] -- Looking for gz-common5-geospatial -- found version 5.8.0
[0.731s] -- Searching for dependencies of gz-common5-geospatial
[0.731s] -- Looking for gz-math7 -- found version 7.5.2
[0.732s] -- Looking for gz-common5 -- found version 5.8.0
[0.733s] -- Looking for gz-plugin2 -- found version 2.0.4
[0.733s] -- Searching for dependencies of gz-plugin2
[0.733s] -- Looking for gz-utils2 -- found version 2.2.1
[0.733s] -- Searching for <gz-plugin2> component [all]
[0.733s] -- Looking for all libraries of gz-plugin2 -- found version 2.0.4
[0.734s] -- Looking for gz-plugin2 -- found version 2.0.4
[0.734s] -- Looking for gz-utils2 -- found version 2.2.1
[0.737s] -- Looking for gz-msgs10 -- found version 10.3.2
[0.749s] -- Looking for gz-physics7 -- found version 7.6.0
[0.749s] -- Searching for dependencies of gz-physics7
[0.749s] -- Looking for gz-common5 -- found version 5.8.0
[0.749s] -- Looking for gz-math7 -- found version 7.5.2
[0.750s] -- Looking for gz-plugin2 -- found version 2.0.4
[0.750s] -- Looking for gz-utils2 -- found version 2.2.1
[0.751s] -- Searching for <gz-physics7> component [heightmap]
[0.751s] -- Looking for gz-physics7-heightmap -- found version 7.6.0
[0.751s] -- Searching for dependencies of gz-physics7-heightmap
[0.751s] -- Looking for gz-common5 -- found version 5.8.0
[0.752s] -- Searching for <gz-physics7> component [mesh]
[0.752s] -- Looking for gz-physics7-mesh -- found version 7.6.0
[0.752s] -- Searching for dependencies of gz-physics7-mesh
[0.752s] -- Looking for gz-common5 -- found version 5.8.0
[0.753s] -- Searching for <gz-physics7> component [sdf]
[0.753s] -- Looking for gz-physics7-sdf -- found version 7.6.0
[0.753s] -- Searching for dependencies of gz-physics7-sdf
[0.753s] -- Looking for sdformat14 -- found version 14.9.0
[0.754s] -- Looking for gz-sensors8 -- found version 8.2.2
[0.754s] -- Searching for dependencies of gz-sensors8
[0.770s] -- Looking for gz-math7 -- found version 7.5.2
[0.770s] -- Looking for gz-common5 -- found version 5.8.0
[0.770s] -- Looking for gz-transport13 -- found version 13.5.0
[0.770s] -- Looking for gz-rendering8 -- found version 8.2.3
[0.771s] -- Looking for gz-msgs10 -- found version 10.3.2
[0.771s] -- Looking for sdformat14 -- found version 14.9.0
[0.771s] -- Searching for <gz-sensors8> component [air_pressure]
[0.772s] -- Looking for gz-sensors8-air_pressure -- found version 8.2.2
[0.772s] -- Searching for dependencies of gz-sensors8-air_pressure
[0.772s] -- Searching for <gz-sensors8> component [air_speed]
[0.772s] -- Looking for gz-sensors8-air_speed -- found version 8.2.2
[0.772s] -- Searching for dependencies of gz-sensors8-air_speed
[0.773s] -- Searching for <gz-sensors8> component [altimeter]
[0.773s] -- Looking for gz-sensors8-altimeter -- found version 8.2.2
[0.773s] -- Searching for dependencies of gz-sensors8-altimeter
[0.773s] -- Searching for <gz-sensors8> component [imu]
[0.774s] -- Looking for gz-sensors8-imu -- found version 8.2.2
[0.774s] -- Searching for dependencies of gz-sensors8-imu
[0.774s] -- Searching for <gz-sensors8> component [force_torque]
[0.774s] -- Looking for gz-sensors8-force_torque -- found version 8.2.2
[0.775s] -- Searching for dependencies of gz-sensors8-force_torque
[0.775s] -- Searching for <gz-sensors8> component [logical_camera]
[0.775s] -- Looking for gz-sensors8-logical_camera -- found version 8.2.2
[0.775s] -- Searching for dependencies of gz-sensors8-logical_camera
[0.776s] -- Searching for <gz-sensors8> component [magnetometer]
[0.776s] -- Looking for gz-sensors8-magnetometer -- found version 8.2.2
[0.776s] -- Searching for dependencies of gz-sensors8-magnetometer
[0.776s] -- Searching for <gz-sensors8> component [navsat]
[0.777s] -- Looking for gz-sensors8-navsat -- found version 8.2.2
[0.777s] -- Searching for dependencies of gz-sensors8-navsat
[0.777s] -- Searching for <gz-sensors8> component [dvl]
[0.777s] -- Looking for gz-sensors8-dvl -- found version 8.2.2
[0.777s] -- Searching for dependencies of gz-sensors8-dvl
[0.778s] -- Looking for gz-sensors8 -- found version 8.2.2
[0.778s] -- Searching for dependencies of gz-sensors8
[0.792s] -- Looking for gz-math7 -- found version 7.5.2
[0.793s] -- Looking for gz-common5 -- found version 5.8.0
[0.793s] -- Looking for gz-transport13 -- found version 13.5.0
[0.793s] -- Looking for gz-rendering8 -- found version 8.2.3
[0.793s] -- Looking for gz-msgs10 -- found version 10.3.2
[0.794s] -- Looking for sdformat14 -- found version 14.9.0
[0.794s] -- Searching for <gz-sensors8> component [rendering]
[0.794s] -- Looking for gz-sensors8-rendering -- found version 8.2.2
[0.794s] -- Searching for dependencies of gz-sensors8-rendering
[0.795s] -- Searching for <gz-sensors8> component [rendering]
[0.795s] -- Searching for <gz-sensors8> component [lidar]
[0.796s] -- Looking for gz-sensors8-lidar -- found version 8.2.2
[0.796s] -- Searching for dependencies of gz-sensors8-lidar
[0.796s] -- Looking for gz-sensors8 -- found version 8.2.2
[0.796s] -- Searching for <gz-sensors8> component [gpu_lidar]
[0.797s] -- Looking for gz-sensors8-gpu_lidar -- found version 8.2.2
[0.797s] -- Searching for dependencies of gz-sensors8-gpu_lidar
[0.797s] -- Looking for gz-sensors8 -- found version 8.2.2
[0.797s] -- Searching for <gz-sensors8> component [camera]
[0.798s] -- Looking for gz-sensors8-camera -- found version 8.2.2
[0.798s] -- Searching for dependencies of gz-sensors8-camera
[0.798s] -- Looking for gz-sensors8 -- found version 8.2.2
[0.798s] -- Searching for <gz-sensors8> component [boundingbox_camera]
[0.799s] -- Looking for gz-sensors8-boundingbox_camera -- found version 8.2.2
[0.799s] -- Searching for dependencies of gz-sensors8-boundingbox_camera
[0.799s] -- Searching for <gz-sensors8> component [segmentation_camera]
[0.799s] -- Looking for gz-sensors8-segmentation_camera -- found version 8.2.2
[0.800s] -- Searching for dependencies of gz-sensors8-segmentation_camera
[0.800s] -- Searching for <gz-sensors8> component [depth_camera]
[0.800s] -- Looking for gz-sensors8-depth_camera -- found version 8.2.2
[0.800s] -- Searching for dependencies of gz-sensors8-depth_camera
[0.801s] -- Looking for gz-sensors8 -- found version 8.2.2
[0.801s] -- Searching for <gz-sensors8> component [rgbd_camera]
[0.802s] -- Looking for gz-sensors8-rgbd_camera -- found version 8.2.2
[0.802s] -- Searching for dependencies of gz-sensors8-rgbd_camera
[0.802s] -- Looking for gz-sensors8 -- found version 8.2.2
[0.802s] -- Searching for <gz-sensors8> component [thermal_camera]
[0.803s] -- Looking for gz-sensors8-thermal_camera -- found version 8.2.2
[0.803s] -- Searching for dependencies of gz-sensors8-thermal_camera
[0.803s] -- Looking for gz-sensors8 -- found version 8.2.2
[0.803s] -- Searching for <gz-sensors8> component [wide_angle_camera]
[0.803s] -- Looking for gz-sensors8-wide_angle_camera -- found version 8.2.2
[0.804s] -- Searching for dependencies of gz-sensors8-wide_angle_camera
[0.804s] -- Looking for gz-rendering8 -- found version 8.2.3
[0.805s] -- Looking for gz-math7 -- found version 7.5.2
[0.805s] -- Looking for gz-utils2 -- found version 2.2.1
[0.821s] -- Looking for gz-plugin2 -- found version 2.0.4
[0.821s] -- Found rclcpp: 28.1.18 (/opt/ros/jazzy/share/rclcpp/cmake)
[0.838s] -- Found rosidl_generator_c: 4.6.7 (/opt/ros/jazzy/share/rosidl_generator_c/cmake)
[0.845s] -- Found rosidl_generator_cpp: 4.6.7 (/opt/ros/jazzy/share/rosidl_generator_cpp/cmake)
[0.853s] -- Using all available rosidl_typesupport_c: rosidl_typesupport_fastrtps_c;rosidl_typesupport_introspection_c
[0.864s] -- Using all available rosidl_typesupport_cpp: rosidl_typesupport_fastrtps_cpp;rosidl_typesupport_introspection_cpp
[0.910s] -- Found rmw_implementation_cmake: 7.3.3 (/opt/ros/jazzy/share/rmw_implementation_cmake/cmake)
[0.910s] -- Found rmw_fastrtps_cpp: 8.4.3 (/opt/ros/jazzy/share/rmw_fastrtps_cpp/cmake)
[0.961s] -- Using RMW implementation 'rmw_fastrtps_cpp' as default
[1.009s] -- Found std_msgs: 5.3.7 (/opt/ros/jazzy/share/std_msgs/cmake)
[1.019s] -- Found geometry_msgs: 5.3.7 (/opt/ros/jazzy/share/geometry_msgs/cmake)
[1.102s] -- Configuring done (1.1s)
[1.112s] -- Generating done (0.0s)
[1.115s] -- Build files have been written to: /home/fizzer/my_robot_ws/build/custom_plugins
[1.125s] Invoked command in '/home/fizzer/my_robot_ws/build/custom_plugins' returned '0': CMAKE_PREFIX_PATH=${CMAKE_PREFIX_PATH}:/home/fizzer/my_robot_ws/install/bringup_nodes:/opt/ros/jazzy DEBUGINFOD_URLS=https://debuginfod.ubuntu.com /usr/bin/cmake /home/fizzer/my_robot_ws/src/custom_plugins -DCMAKE_INSTALL_PREFIX=/home/fizzer/my_robot_ws/install/custom_plugins
[1.126s] Invoking command in '/home/fizzer/my_robot_ws/build/custom_plugins': CMAKE_PREFIX_PATH=${CMAKE_PREFIX_PATH}:/home/fizzer/my_robot_ws/install/bringup_nodes:/opt/ros/jazzy DEBUGINFOD_URLS=https://debuginfod.ubuntu.com /usr/bin/cmake --build /home/fizzer/my_robot_ws/build/custom_plugins -- -j4 -l4
[1.177s] [ 50%] [32mBuilding CXX object CMakeFiles/ResetSimPlugin.dir/src/ResetSimPlugin.cc.o[0m
[5.015s] [100%] [32m[1mLinking CXX shared library libResetSimPlugin.so[0m
[5.185s] [100%] Built target ResetSimPlugin
[5.195s] Invoked command in '/home/fizzer/my_robot_ws/build/custom_plugins' returned '0': CMAKE_PREFIX_PATH=${CMAKE_PREFIX_PATH}:/home/fizzer/my_robot_ws/install/bringup_nodes:/opt/ros/jazzy DEBUGINFOD_URLS=https://debuginfod.ubuntu.com /usr/bin/cmake --build /home/fizzer/my_robot_ws/build/custom_plugins -- -j4 -l4
[5.202s] Invoking command in '/home/fizzer/my_robot_ws/build/custom_plugins': CMAKE_PREFIX_PATH=${CMAKE_PREFIX_PATH}:/home/fizzer/my_robot_ws/install/bringup_nodes:/opt/ros/jazzy DEBUGINFOD_URLS=https://debuginfod.ubuntu.com /usr/bin/cmake --install /home/fizzer/my_robot_ws/build/custom_plugins
[5.208s] -- Install configuration: ""
[5.208s] -- Execute custom install script
[5.209s] -- Up-to-date symlink: /home/fizzer/my_robot_ws/install/custom_plugins/lib/libResetSimPlugin.so
[5.209s] -- Up-to-date symlink: /home/fizzer/my_robot_ws/install/custom_plugins/include/custom_plugins/ResetSimPlugin.hh
[5.209s] -- Up-to-date symlink: /home/fizzer/my_robot_ws/install/custom_plugins/share/ament_index/resource_index/package_run_dependencies/custom_plugins
[5.209s] -- Up-to-date symlink: /home/fizzer/my_robot_ws/install/custom_plugins/share/ament_index/resource_index/parent_prefix_path/custom_plugins
[5.209s] -- Up-to-date symlink: /home/fizzer/my_robot_ws/install/custom_plugins/share/custom_plugins/environment/ament_prefix_path.sh
[5.209s] -- Up-to-date symlink: /home/fizzer/my_robot_ws/install/custom_plugins/share/custom_plugins/environment/ament_prefix_path.dsv
[5.209s] -- Up-to-date symlink: /home/fizzer/my_robot_ws/install/custom_plugins/share/custom_plugins/environment/path.sh
[5.209s] -- Up-to-date symlink: /home/fizzer/my_robot_ws/install/custom_plugins/share/custom_plugins/environment/path.dsv
[5.210s] -- Up-to-date symlink: /home/fizzer/my_robot_ws/install/custom_plugins/share/custom_plugins/local_setup.bash
[5.210s] -- Up-to-date symlink: /home/fizzer/my_robot_ws/install/custom_plugins/share/custom_plugins/local_setup.sh
[5.210s] -- Up-to-date symlink: /home/fizzer/my_robot_ws/install/custom_plugins/share/custom_plugins/local_setup.zsh
[5.210s] -- Up-to-date symlink: /home/fizzer/my_robot_ws/install/custom_plugins/share/custom_plugins/local_setup.dsv
[5.210s] -- Symlinking: /home/fizzer/my_robot_ws/install/custom_plugins/share/custom_plugins/package.dsv
[5.216s] -- Up-to-date symlink: /home/fizzer/my_robot_ws/install/custom_plugins/share/ament_index/resource_index/packages/custom_plugins
[5.216s] -- Up-to-date symlink: /home/fizzer/my_robot_ws/install/custom_plugins/share/custom_plugins/cmake/custom_pluginsConfig.cmake
[5.217s] -- Up-to-date symlink: /home/fizzer/my_robot_ws/install/custom_plugins/share/custom_plugins/cmake/custom_pluginsConfig-version.cmake
[5.217s] -- Up-to-date symlink: /home/fizzer/my_robot_ws/install/custom_plugins/share/custom_plugins/package.xml
[5.219s] Invoked command in '/home/fizzer/my_robot_ws/build/custom_plugins' returned '0': CMAKE_PREFIX_PATH=${CMAKE_PREFIX_PATH}:/home/fizzer/my_robot_ws/install/bringup_nodes:/opt/ros/jazzy DEBUGINFOD_URLS=https://debuginfod.ubuntu.com /usr/bin/cmake --install /home/fizzer/my_robot_ws/build/custom_plugins
