[01m[K/home/fizzer/my_robot_ws/src/custom_plugins/src/ResetSimPlugin.cc:[m[K In lambda function:
[01m[K/home/fizzer/my_robot_ws/src/custom_plugins/src/ResetSimPlugin.cc:59:50:[m[K [01;35m[Kwarning: [m[Kunused parameter ‘[01m[K_nameComp[m[K’ [[01;35m[K]8;;https://gcc.gnu.org/onlinedocs/gcc/Warning-Options.html#index-Wunused-parameter-Wunused-parameter]8;;[m[K]
   59 |                 [01;35m[Kconst gz::sim::components::Name *_nameComp[m[K) -> bool
      |                 [01;35m[K~~~~~~~~~~~~~~~~~~~~~~~~~~~~~~~~~^~~~~~~~~[m[K
[01m[K/home/fizzer/my_robot_ws/src/custom_plugins/src/ResetSimPlugin.cc:[m[K In member function ‘[01m[Kvirtual void reset_plugin::ResetSimPlugin::[01;32m[KPreUpdate[m[K(const gz::sim::v8::UpdateInfo&, gz::sim::v8::EntityComponentManager&)[m[K’:
[01m[K/home/fizzer/my_robot_ws/src/custom_plugins/src/ResetSimPlugin.cc:99:56:[m[K [01;31m[Kerror: [m[K‘[01m[KLinearVelocityCmd[m[K’ is not a member of ‘[01m[Kgz::sim::v8::components[m[K’
   99 |             _ecm.SetComponentData<gz::sim::components::[01;31m[KLinearVelocityCmd[m[K>(robot_entity, {0.0, 0.0, 0.0});
      |                                                        [01;31m[K^~~~~~~~~~~~~~~~~[m[K
[01m[K/home/fizzer/my_robot_ws/src/custom_plugins/src/ResetSimPlugin.cc:99:74:[m[K [01;31m[Kerror: [m[Kno matching function for call to ‘[01m[Kgz::sim::v8::EntityComponentManager::SetComponentData<<expression error> >(std::tuple_element<0, const std::pair<const long unsigned int, gz::math::v7::Pose3<double> > >::type&, <brace-enclosed initializer list>)[m[K’
   99 | [01;31m[Kecm.SetComponentData<gz::sim::components::LinearVelocityCmd>(robot_entity, {0.0, 0.0, 0.0})[m[K;
      | [01;31m[K~~~~~~~~~~~~~~~~~~~~~~~~~~~~~~~~~~~~~~~~~~~~~~~~~~~~~~~~~~~~^~~~~~~~~~~~~~~~~~~~~~~~~~~~~~~[m[K

In file included from [01m[K/opt/ros/jazzy/opt/gz_sim_vendor/include/gz/sim8/gz/sim/EntityComponentManager.hh:849[m[K,
                 from [01m[K/opt/ros/jazzy/opt/gz_sim_vendor/include/gz/sim8/gz/sim/System.hh:24[m[K,
                 from [01m[K/home/fizzer/my_robot_ws/src/custom_plugins/include/custom_plugins/ResetSimPlugin.hh:3[m[K,
                 from [01m[K/home/fizzer/my_robot_ws/src/custom_plugins/src/ResetSimPlugin.cc:1[m[K:
[01m[K/opt/ros/jazzy/opt/gz_sim_vendor/include/gz/sim8/gz/sim/detail/EntityComponentManager.hh:165:6:[m[K [01;36m[Knote: [m[Kcandidate: ‘[01m[Ktemplate<class ComponentTypeT> bool gz::sim::v8::EntityComponentManager::[01;32m[KSetComponentData[m[K(gz::sim::v8::Entity, const typename ComponentTypeT::Type&)[m[K’
  165 | bool [01;36m[KEntityComponentManager[m[K::SetComponentData(const Entity _entity,
      |      [01;36m[K^~~~~~~~~~~~~~~~~~~~~~[m[K
[01m[K/opt/ros/jazzy/opt/gz_sim_vendor/include/gz/sim8/gz/sim/detail/EntityComponentManager.hh:165:6:[m[K [01;36m[Knote: [m[K  template argument deduction/substitution failed:
[01m[K/home/fizzer/my_robot_ws/src/custom_plugins/src/ResetSimPlugin.cc:99:74:[m[K [01;31m[Kerror: [m[Ktemplate argument 1 is invalid
   99 | [01;31m[Kecm.SetComponentData<gz::sim::components::LinearVelocityCmd>(robot_entity, {0.0, 0.0, 0.0})[m[K;
      | [01;31m[K~~~~~~~~~~~~~~~~~~~~~~~~~~~~~~~~~~~~~~~~~~~~~~~~~~~~~~~~~~~~^~~~~~~~~~~~~~~~~~~~~~~~~~~~~~~[m[K

[01m[K/home/fizzer/my_robot_ws/src/custom_plugins/src/ResetSimPlugin.cc:100:56:[m[K [01;31m[Kerror: [m[K‘[01m[KAngularVelocityCmd[m[K’ is not a member of ‘[01m[Kgz::sim::v8::components[m[K’
  100 |             _ecm.SetComponentData<gz::sim::components::[01;31m[KAngularVelocityCmd[m[K>(robot_entity, {0.0, 0.0, 0.0});
      |                                                        [01;31m[K^~~~~~~~~~~~~~~~~~[m[K
[01m[K/home/fizzer/my_robot_ws/src/custom_plugins/src/ResetSimPlugin.cc:100:75:[m[K [01;31m[Kerror: [m[Kno matching function for call to ‘[01m[Kgz::sim::v8::EntityComponentManager::SetComponentData<<expression error> >(std::tuple_element<0, const std::pair<const long unsigned int, gz::math::v7::Pose3<double> > >::type&, <brace-enclosed initializer list>)[m[K’
  100 | [01;31m[Kcm.SetComponentData<gz::sim::components::AngularVelocityCmd>(robot_entity, {0.0, 0.0, 0.0})[m[K;
      | [01;31m[K~~~~~~~~~~~~~~~~~~~~~~~~~~~~~~~~~~~~~~~~~~~~~~~~~~~~~~~~~~~~^~~~~~~~~~~~~~~~~~~~~~~~~~~~~~~[m[K

[01m[K/opt/ros/jazzy/opt/gz_sim_vendor/include/gz/sim8/gz/sim/detail/EntityComponentManager.hh:165:6:[m[K [01;36m[Knote: [m[Kcandidate: ‘[01m[Ktemplate<class ComponentTypeT> bool gz::sim::v8::EntityComponentManager::[01;32m[KSetComponentData[m[K(gz::sim::v8::Entity, const typename ComponentTypeT::Type&)[m[K’
  165 | bool [01;36m[KEntityComponentManager[m[K::SetComponentData(const Entity _entity,
      |      [01;36m[K^~~~~~~~~~~~~~~~~~~~~~[m[K
[01m[K/opt/ros/jazzy/opt/gz_sim_vendor/include/gz/sim8/gz/sim/detail/EntityComponentManager.hh:165:6:[m[K [01;36m[Knote: [m[K  template argument deduction/substitution failed:
[01m[K/home/fizzer/my_robot_ws/src/custom_plugins/src/ResetSimPlugin.cc:100:75:[m[K [01;31m[Kerror: [m[Ktemplate argument 1 is invalid
  100 | [01;31m[Kcm.SetComponentData<gz::sim::components::AngularVelocityCmd>(robot_entity, {0.0, 0.0, 0.0})[m[K;
      | [01;31m[K~~~~~~~~~~~~~~~~~~~~~~~~~~~~~~~~~~~~~~~~~~~~~~~~~~~~~~~~~~~~^~~~~~~~~~~~~~~~~~~~~~~~~~~~~~~[m[K

gmake[2]: *** [CMakeFiles/ResetSimPlugin.dir/build.make:76: CMakeFiles/ResetSimPlugin.dir/src/ResetSimPlugin.cc.o] Error 1
gmake[1]: *** [CMakeFiles/Makefile2:137: CMakeFiles/ResetSimPlugin.dir/all] Error 2
gmake: *** [Makefile:146: all] Error 2
