[1.709s] Invoking command in '/home/fizzer/my_robot_ws/src/bringup_nodes': DEBUGINFOD_URLS=https://debuginfod.ubuntu.com PYTHONPATH=/home/fizzer/my_robot_ws/build/bringup_nodes/prefix_override:/usr/lib/python3/dist-packages/colcon_core/task/python/colcon_distutils_commands:/home/fizzer/my_robot_ws/install/bringup_nodes/lib/python3.12/site-packages:${PYTHONPATH} /usr/bin/python3 -W ignore:setup.py install is deprecated -W ignore:easy_install command is deprecated setup.py egg_info --egg-base ../../build/bringup_nodes build --build-base /home/fizzer/my_robot_ws/build/bringup_nodes/build install --record /home/fizzer/my_robot_ws/build/bringup_nodes/install.log --single-version-externally-managed install_data
[2.177s] running egg_info
[2.178s] creating ../../build/bringup_nodes/bringup_nodes.egg-info
[2.214s] writing ../../build/bringup_nodes/bringup_nodes.egg-info/PKG-INFO
[2.215s] writing dependency_links to ../../build/bringup_nodes/bringup_nodes.egg-info/dependency_links.txt
[2.215s] writing entry points to ../../build/bringup_nodes/bringup_nodes.egg-info/entry_points.txt
[2.215s] writing requirements to ../../build/bringup_nodes/bringup_nodes.egg-info/requires.txt
[2.215s] writing top-level names to ../../build/bringup_nodes/bringup_nodes.egg-info/top_level.txt
[2.215s] writing manifest file '../../build/bringup_nodes/bringup_nodes.egg-info/SOURCES.txt'
[2.279s] reading manifest file '../../build/bringup_nodes/bringup_nodes.egg-info/SOURCES.txt'
[2.280s] writing manifest file '../../build/bringup_nodes/bringup_nodes.egg-info/SOURCES.txt'
[2.280s] running build
[2.280s] running build_py
[2.280s] creating /home/fizzer/my_robot_ws/build/bringup_nodes/build
[2.280s] creating /home/fizzer/my_robot_ws/build/bringup_nodes/build/lib
[2.280s] creating /home/fizzer/my_robot_ws/build/bringup_nodes/build/lib/bringup_nodes
[2.280s] copying bringup_nodes/truck_circuit.py -> /home/fizzer/my_robot_ws/build/bringup_nodes/build/lib/bringup_nodes
[2.280s] copying bringup_nodes/__init__.py -> /home/fizzer/my_robot_ws/build/bringup_nodes/build/lib/bringup_nodes
[2.281s] running install
[2.289s] running install_lib
[2.322s] creating /home/fizzer/my_robot_ws/install/bringup_nodes/lib/python3.12/site-packages/bringup_nodes
[2.322s] copying /home/fizzer/my_robot_ws/build/bringup_nodes/build/lib/bringup_nodes/truck_circuit.py -> /home/fizzer/my_robot_ws/install/bringup_nodes/lib/python3.12/site-packages/bringup_nodes
[2.323s] copying /home/fizzer/my_robot_ws/build/bringup_nodes/build/lib/bringup_nodes/__init__.py -> /home/fizzer/my_robot_ws/install/bringup_nodes/lib/python3.12/site-packages/bringup_nodes
[2.323s] byte-compiling /home/fizzer/my_robot_ws/install/bringup_nodes/lib/python3.12/site-packages/bringup_nodes/truck_circuit.py to truck_circuit.cpython-312.pyc
[2.325s] byte-compiling /home/fizzer/my_robot_ws/install/bringup_nodes/lib/python3.12/site-packages/bringup_nodes/__init__.py to __init__.cpython-312.pyc
[2.325s] running install_data
[2.325s] creating /home/fizzer/my_robot_ws/install/bringup_nodes/share/ament_index
[2.325s] creating /home/fizzer/my_robot_ws/install/bringup_nodes/share/ament_index/resource_index
[2.326s] creating /home/fizzer/my_robot_ws/install/bringup_nodes/share/ament_index/resource_index/packages
[2.326s] copying resource/bringup_nodes -> /home/fizzer/my_robot_ws/install/bringup_nodes/share/ament_index/resource_index/packages
[2.326s] copying package.xml -> /home/fizzer/my_robot_ws/install/bringup_nodes/share/bringup_nodes
[2.326s] running install_egg_info
[2.362s] Copying ../../build/bringup_nodes/bringup_nodes.egg-info to /home/fizzer/my_robot_ws/install/bringup_nodes/lib/python3.12/site-packages/bringup_nodes-0.0.0-py3.12.egg-info
[2.363s] running install_scripts
[2.593s] Installing move_truck script to /home/fizzer/my_robot_ws/install/bringup_nodes/lib/bringup_nodes
[2.594s] writing list of installed files to '/home/fizzer/my_robot_ws/build/bringup_nodes/install.log'
[2.629s] Invoked command in '/home/fizzer/my_robot_ws/src/bringup_nodes' returned '0': DEBUGINFOD_URLS=https://debuginfod.ubuntu.com PYTHONPATH=/home/fizzer/my_robot_ws/build/bringup_nodes/prefix_override:/usr/lib/python3/dist-packages/colcon_core/task/python/colcon_distutils_commands:/home/fizzer/my_robot_ws/install/bringup_nodes/lib/python3.12/site-packages:${PYTHONPATH} /usr/bin/python3 -W ignore:setup.py install is deprecated -W ignore:easy_install command is deprecated setup.py egg_info --egg-base ../../build/bringup_nodes build --build-base /home/fizzer/my_robot_ws/build/bringup_nodes/build install --record /home/fizzer/my_robot_ws/build/bringup_nodes/install.log --single-version-externally-managed install_data
