[1.252s] Invoking command in '/home/fizzer/my_robot_ws/src/bringup_nodes': DEBUGINFOD_URLS=https://debuginfod.ubuntu.com PYTHONPATH=/home/fizzer/my_robot_ws/build/bringup_nodes/prefix_override:/usr/lib/python3/dist-packages/colcon_core/task/python/colcon_distutils_commands:/home/fizzer/my_robot_ws/install/bringup_nodes/lib/python3.12/site-packages:${PYTHONPATH} /usr/bin/python3 -W ignore:setup.py install is deprecated -W ignore:easy_install command is deprecated setup.py egg_info --egg-base ../../build/bringup_nodes build --build-base /home/fizzer/my_robot_ws/build/bringup_nodes/build install --record /home/fizzer/my_robot_ws/build/bringup_nodes/install.log --single-version-externally-managed install_data
[1.627s] running egg_info
[1.657s] writing ../../build/bringup_nodes/bringup_nodes.egg-info/PKG-INFO
[1.657s] writing dependency_links to ../../build/bringup_nodes/bringup_nodes.egg-info/dependency_links.txt
[1.657s] writing entry points to ../../build/bringup_nodes/bringup_nodes.egg-info/entry_points.txt
[1.657s] writing requirements to ../../build/bringup_nodes/bringup_nodes.egg-info/requires.txt
[1.658s] writing top-level names to ../../build/bringup_nodes/bringup_nodes.egg-info/top_level.txt
[1.711s] reading manifest file '../../build/bringup_nodes/bringup_nodes.egg-info/SOURCES.txt'
[1.712s] writing manifest file '../../build/bringup_nodes/bringup_nodes.egg-info/SOURCES.txt'
[1.712s] running build
[1.713s] running build_py
[1.713s] running install
[1.722s] running install_lib
[1.751s] running install_data
[1.751s] running install_egg_info
[1.779s] removing '/home/fizzer/my_robot_ws/install/bringup_nodes/lib/python3.12/site-packages/bringup_nodes-0.0.0-py3.12.egg-info' (and everything under it)
[1.781s] Copying ../../build/bringup_nodes/bringup_nodes.egg-info to /home/fizzer/my_robot_ws/install/bringup_nodes/lib/python3.12/site-packages/bringup_nodes-0.0.0-py3.12.egg-info
[1.782s] running install_scripts
[1.969s] Installing move_truck script to /home/fizzer/my_robot_ws/install/bringup_nodes/lib/bringup_nodes
[1.969s] writing list of installed files to '/home/fizzer/my_robot_ws/build/bringup_nodes/install.log'
[2.001s] Invoked command in '/home/fizzer/my_robot_ws/src/bringup_nodes' returned '0': DEBUGINFOD_URLS=https://debuginfod.ubuntu.com PYTHONPATH=/home/fizzer/my_robot_ws/build/bringup_nodes/prefix_override:/usr/lib/python3/dist-packages/colcon_core/task/python/colcon_distutils_commands:/home/fizzer/my_robot_ws/install/bringup_nodes/lib/python3.12/site-packages:${PYTHONPATH} /usr/bin/python3 -W ignore:setup.py install is deprecated -W ignore:easy_install command is deprecated setup.py egg_info --egg-base ../../build/bringup_nodes build --build-base /home/fizzer/my_robot_ws/build/bringup_nodes/build install --record /home/fizzer/my_robot_ws/build/bringup_nodes/install.log --single-version-externally-managed install_data
