[0.412s] Invoking command in '/home/fizzer/my_robot_ws/build/custom_plugins': CMAKE_PREFIX_PATH=${CMAKE_PREFIX_PATH}:/opt/ros/jazzy DEBUGINFOD_URLS=https://debuginfod.ubuntu.com /usr/bin/cmake --build /home/fizzer/my_robot_ws/build/custom_plugins -- -j4 -l4
[0.644s] [ 50%] [32mBuilding CXX object CMakeFiles/ResetSimPlugin.dir/src/ResetSimPlugin.cc.o[0m
[9.826s] [100%] [32m[1mLinking CXX shared library libResetSimPlugin.so[0m
[10.483s] [100%] Built target ResetSimPlugin
[10.504s] Invoked command in '/home/fizzer/my_robot_ws/build/custom_plugins' returned '0': CMAKE_PREFIX_PATH=${CMAKE_PREFIX_PATH}:/opt/ros/jazzy DEBUGINFOD_URLS=https://debuginfod.ubuntu.com /usr/bin/cmake --build /home/fizzer/my_robot_ws/build/custom_plugins -- -j4 -l4
[10.512s] Invoking command in '/home/fizzer/my_robot_ws/build/custom_plugins': CMAKE_PREFIX_PATH=${CMAKE_PREFIX_PATH}:/opt/ros/jazzy DEBUGINFOD_URLS=https://debuginfod.ubuntu.com /usr/bin/cmake --install /home/fizzer/my_robot_ws/build/custom_plugins
[10.524s] -- Install configuration: ""
[10.527s] -- Execute custom install script
[10.530s] -- Up-to-date symlink: /home/fizzer/my_robot_ws/install/custom_plugins/lib/libResetSimPlugin.so
[10.532s] -- Up-to-date symlink: /home/fizzer/my_robot_ws/install/custom_plugins/include/custom_plugins/ResetSimPlugin.hh
[10.532s] -- Up-to-date symlink: /home/fizzer/my_robot_ws/install/custom_plugins/share/ament_index/resource_index/package_run_dependencies/custom_plugins
[10.532s] -- Up-to-date symlink: /home/fizzer/my_robot_ws/install/custom_plugins/share/ament_index/resource_index/parent_prefix_path/custom_plugins
[10.532s] -- Up-to-date symlink: /home/fizzer/my_robot_ws/install/custom_plugins/share/custom_plugins/environment/ament_prefix_path.sh
[10.533s] -- Up-to-date symlink: /home/fizzer/my_robot_ws/install/custom_plugins/share/custom_plugins/environment/ament_prefix_path.dsv
[10.533s] -- Up-to-date symlink: /home/fizzer/my_robot_ws/install/custom_plugins/share/custom_plugins/environment/path.sh
[10.534s] -- Up-to-date symlink: /home/fizzer/my_robot_ws/install/custom_plugins/share/custom_plugins/environment/path.dsv
[10.534s] -- Up-to-date symlink: /home/fizzer/my_robot_ws/install/custom_plugins/share/custom_plugins/local_setup.bash
[10.534s] -- Up-to-date symlink: /home/fizzer/my_robot_ws/install/custom_plugins/share/custom_plugins/local_setup.sh
[10.534s] -- Up-to-date symlink: /home/fizzer/my_robot_ws/install/custom_plugins/share/custom_plugins/local_setup.zsh
[10.535s] -- Up-to-date symlink: /home/fizzer/my_robot_ws/install/custom_plugins/share/custom_plugins/local_setup.dsv
[10.535s] -- Symlinking: /home/fizzer/my_robot_ws/install/custom_plugins/share/custom_plugins/package.dsv
[10.553s] -- Up-to-date symlink: /home/fizzer/my_robot_ws/install/custom_plugins/share/ament_index/resource_index/packages/custom_plugins
[10.554s] -- Up-to-date symlink: /home/fizzer/my_robot_ws/install/custom_plugins/share/custom_plugins/cmake/custom_pluginsConfig.cmake
[10.554s] -- Up-to-date symlink: /home/fizzer/my_robot_ws/install/custom_plugins/share/custom_plugins/cmake/custom_pluginsConfig-version.cmake
[10.554s] -- Up-to-date symlink: /home/fizzer/my_robot_ws/install/custom_plugins/share/custom_plugins/package.xml
[10.558s] Invoked command in '/home/fizzer/my_robot_ws/build/custom_plugins' returned '0': CMAKE_PREFIX_PATH=${CMAKE_PREFIX_PATH}:/opt/ros/jazzy DEBUGINFOD_URLS=https://debuginfod.ubuntu.com /usr/bin/cmake --install /home/fizzer/my_robot_ws/build/custom_plugins
