[0.007s] Invoking command in '/home/fizzer/my_robot_ws/build/my_robot_bringup': CMAKE_PREFIX_PATH=${CMAKE_PREFIX_PATH}:/opt/ros/jazzy DEBUGINFOD_URLS=https://debuginfod.ubuntu.com /usr/bin/cmake --build /home/fizzer/my_robot_ws/build/my_robot_bringup -- -j4 -l4
[0.025s] -- Found ament_cmake: 2.5.6 (/opt/ros/jazzy/share/ament_cmake/cmake)
[0.182s] -- Found ament_lint_auto: 0.17.5 (/opt/ros/jazzy/share/ament_lint_auto/cmake)
[0.245s] -- Added test 'lint_cmake' to check CMake code style
[0.246s] -- Added test 'xmllint' to check XML markup files
[0.246s] -- Configuring done (0.2s)
[0.249s] -- Generating done (0.0s)
[0.250s] -- Build files have been written to: /home/fizzer/my_robot_ws/build/my_robot_bringup
[0.267s] Invoked command in '/home/fizzer/my_robot_ws/build/my_robot_bringup' returned '0': CMAKE_PREFIX_PATH=${CMAKE_PREFIX_PATH}:/opt/ros/jazzy DEBUGINFOD_URLS=https://debuginfod.ubuntu.com /usr/bin/cmake --build /home/fizzer/my_robot_ws/build/my_robot_bringup -- -j4 -l4
[0.269s] Invoking command in '/home/fizzer/my_robot_ws/build/my_robot_bringup': CMAKE_PREFIX_PATH=${CMAKE_PREFIX_PATH}:/opt/ros/jazzy DEBUGINFOD_URLS=https://debuginfod.ubuntu.com /usr/bin/cmake --install /home/fizzer/my_robot_ws/build/my_robot_bringup
[0.274s] -- Install configuration: ""
[0.275s] -- Up-to-date: /home/fizzer/my_robot_ws/install/my_robot_bringup/share/my_robot_bringup//launch
[0.275s] -- Up-to-date: /home/fizzer/my_robot_ws/install/my_robot_bringup/share/my_robot_bringup//launch/my_robot.launch.xml
[0.275s] -- Up-to-date: /home/fizzer/my_robot_ws/install/my_robot_bringup/share/my_robot_bringup//config
[0.275s] -- Up-to-date: /home/fizzer/my_robot_ws/install/my_robot_bringup/share/ament_index/resource_index/package_run_dependencies/my_robot_bringup
[0.275s] -- Up-to-date: /home/fizzer/my_robot_ws/install/my_robot_bringup/share/ament_index/resource_index/parent_prefix_path/my_robot_bringup
[0.275s] -- Up-to-date: /home/fizzer/my_robot_ws/install/my_robot_bringup/share/my_robot_bringup/environment/ament_prefix_path.sh
[0.275s] -- Up-to-date: /home/fizzer/my_robot_ws/install/my_robot_bringup/share/my_robot_bringup/environment/ament_prefix_path.dsv
[0.275s] -- Up-to-date: /home/fizzer/my_robot_ws/install/my_robot_bringup/share/my_robot_bringup/environment/path.sh
[0.275s] -- Up-to-date: /home/fizzer/my_robot_ws/install/my_robot_bringup/share/my_robot_bringup/environment/path.dsv
[0.275s] -- Up-to-date: /home/fizzer/my_robot_ws/install/my_robot_bringup/share/my_robot_bringup/local_setup.bash
[0.275s] -- Up-to-date: /home/fizzer/my_robot_ws/install/my_robot_bringup/share/my_robot_bringup/local_setup.sh
[0.275s] -- Up-to-date: /home/fizzer/my_robot_ws/install/my_robot_bringup/share/my_robot_bringup/local_setup.zsh
[0.275s] -- Up-to-date: /home/fizzer/my_robot_ws/install/my_robot_bringup/share/my_robot_bringup/local_setup.dsv
[0.275s] -- Up-to-date: /home/fizzer/my_robot_ws/install/my_robot_bringup/share/my_robot_bringup/package.dsv
[0.275s] -- Up-to-date: /home/fizzer/my_robot_ws/install/my_robot_bringup/share/ament_index/resource_index/packages/my_robot_bringup
[0.275s] -- Up-to-date: /home/fizzer/my_robot_ws/install/my_robot_bringup/share/my_robot_bringup/cmake/my_robot_bringupConfig.cmake
[0.275s] -- Up-to-date: /home/fizzer/my_robot_ws/install/my_robot_bringup/share/my_robot_bringup/cmake/my_robot_bringupConfig-version.cmake
[0.276s] -- Up-to-date: /home/fizzer/my_robot_ws/install/my_robot_bringup/share/my_robot_bringup/package.xml
[0.276s] Invoked command in '/home/fizzer/my_robot_ws/build/my_robot_bringup' returned '0': CMAKE_PREFIX_PATH=${CMAKE_PREFIX_PATH}:/opt/ros/jazzy DEBUGINFOD_URLS=https://debuginfod.ubuntu.com /usr/bin/cmake --install /home/fizzer/my_robot_ws/build/my_robot_bringup
