[ 50%] [32mBuilding CXX object CMakeFiles/ResetSimPlugin.dir/src/ResetSimPlugin.cc.o[0m
[01m[K/home/fizzer/my_robot_ws/src/custom_plugins/src/ResetSimPlugin.cc:[m[K In member function ‘[01m[Kvirtual void reset_plugin::ResetSimPlugin::[01;32m[KReset[m[K(const gz::sim::v8::UpdateInfo&, gz::sim::v8::EntityComponentManager&)[m[K’:
[01m[K/home/fizzer/my_robot_ws/src/custom_plugins/src/ResetSimPlugin.cc:10:55:[m[K [01;35m[Kwarning: [m[Kunused parameter ‘[01m[K_info[m[K’ [[01;35m[K]8;;https://gcc.gnu.org/onlinedocs/gcc/Warning-Options.html#index-Wunused-parameter-Wunused-parameter]8;;[m[K]
   10 | void ResetSimPlugin::Reset([01;35m[Kconst gz::sim::UpdateInfo &_info[m[K, gz::sim::EntityComponentManager &_ecm)
      |                            [01;35m[K~~~~~~~~~~~~~~~~~~~~~~~~~~~^~~~~[m[K
[100%] [32m[1mLinking CXX shared library libResetSimPlugin.so[0m
[100%] Built target ResetSimPlugin
-- Install configuration: ""
-- Installing: /home/fizzer/my_robot_ws/install/custom_plugins/lib/libResetSimPlugin.so
-- Set non-toolchain portion of runtime path of "/home/fizzer/my_robot_ws/install/custom_plugins/lib/libResetSimPlugin.so" to ""
-- Installing: /home/fizzer/my_robot_ws/install/custom_plugins/include
-- Installing: /home/fizzer/my_robot_ws/install/custom_plugins/include/custom_plugins
-- Installing: /home/fizzer/my_robot_ws/install/custom_plugins/include/custom_plugins/ResetSimPlugin.hh
-- Installing: /home/fizzer/my_robot_ws/install/custom_plugins/share/ament_index/resource_index/package_run_dependencies/custom_plugins
-- Installing: /home/fizzer/my_robot_ws/install/custom_plugins/share/ament_index/resource_index/parent_prefix_path/custom_plugins
-- Installing: /home/fizzer/my_robot_ws/install/custom_plugins/share/custom_plugins/environment/ament_prefix_path.sh
-- Installing: /home/fizzer/my_robot_ws/install/custom_plugins/share/custom_plugins/environment/ament_prefix_path.dsv
-- Installing: /home/fizzer/my_robot_ws/install/custom_plugins/share/custom_plugins/environment/path.sh
-- Installing: /home/fizzer/my_robot_ws/install/custom_plugins/share/custom_plugins/environment/path.dsv
-- Installing: /home/fizzer/my_robot_ws/install/custom_plugins/share/custom_plugins/local_setup.bash
-- Installing: /home/fizzer/my_robot_ws/install/custom_plugins/share/custom_plugins/local_setup.sh
-- Installing: /home/fizzer/my_robot_ws/install/custom_plugins/share/custom_plugins/local_setup.zsh
-- Installing: /home/fizzer/my_robot_ws/install/custom_plugins/share/custom_plugins/local_setup.dsv
-- Installing: /home/fizzer/my_robot_ws/install/custom_plugins/share/custom_plugins/package.dsv
-- Installing: /home/fizzer/my_robot_ws/install/custom_plugins/share/ament_index/resource_index/packages/custom_plugins
-- Installing: /home/fizzer/my_robot_ws/install/custom_plugins/share/custom_plugins/cmake/custom_pluginsConfig.cmake
-- Installing: /home/fizzer/my_robot_ws/install/custom_plugins/share/custom_plugins/cmake/custom_pluginsConfig-version.cmake
-- Installing: /home/fizzer/my_robot_ws/install/custom_plugins/share/custom_plugins/package.xml
