[0.020s] Invoking command in '/home/fizzer/my_robot_ws/build/my_robot_description': CMAKE_PREFIX_PATH=${CMAKE_PREFIX_PATH}:/home/fizzer/gym_gazebo_ws/install/linefollow_RL:/home/fizzer/gym_gazebo_ws/install/cartpole_RL:/opt/ros/jazzy DEBUGINFOD_URLS=https://debuginfod.ubuntu.com PS1=(gym-gazebo) \[\e]0;\u@\h: \w\a\]${debian_chroot:+($debian_chroot)}\[\033[01;32m\]\u@\h\[\033[00m\]:\[\033[01;34m\]\w\[\033[00m\]\$ VIRTUAL_ENV_PROMPT=(gym-gazebo) /usr/bin/cmake --build /home/fizzer/my_robot_ws/build/my_robot_description -- -j4 -l4
[0.231s] Invoked command in '/home/fizzer/my_robot_ws/build/my_robot_description' returned '0': CMAKE_PREFIX_PATH=${CMAKE_PREFIX_PATH}:/home/fizzer/gym_gazebo_ws/install/linefollow_RL:/home/fizzer/gym_gazebo_ws/install/cartpole_RL:/opt/ros/jazzy DEBUGINFOD_URLS=https://debuginfod.ubuntu.com PS1=(gym-gazebo) \[\e]0;\u@\h: \w\a\]${debian_chroot:+($debian_chroot)}\[\033[01;32m\]\u@\h\[\033[00m\]:\[\033[01;34m\]\w\[\033[00m\]\$ VIRTUAL_ENV_PROMPT=(gym-gazebo) /usr/bin/cmake --build /home/fizzer/my_robot_ws/build/my_robot_description -- -j4 -l4
[0.242s] Invoking command in '/home/fizzer/my_robot_ws/build/my_robot_description': CMAKE_PREFIX_PATH=${CMAKE_PREFIX_PATH}:/home/fizzer/gym_gazebo_ws/install/linefollow_RL:/home/fizzer/gym_gazebo_ws/install/cartpole_RL:/opt/ros/jazzy DEBUGINFOD_URLS=https://debuginfod.ubuntu.com PS1=(gym-gazebo) \[\e]0;\u@\h: \w\a\]${debian_chroot:+($debian_chroot)}\[\033[01;32m\]\u@\h\[\033[00m\]:\[\033[01;34m\]\w\[\033[00m\]\$ VIRTUAL_ENV_PROMPT=(gym-gazebo) /usr/bin/cmake --install /home/fizzer/my_robot_ws/build/my_robot_description
[0.250s] -- Install configuration: ""
[0.250s] -- Execute custom install script
[0.251s] -- Up-to-date symlink: /home/fizzer/my_robot_ws/install/my_robot_description/share/my_robot_description//urdf/common_properties.xacro
[0.251s] -- Up-to-date symlink: /home/fizzer/my_robot_ws/install/my_robot_description/share/my_robot_description//urdf/mobile_base_gazebo.xacro
[0.251s] -- Up-to-date symlink: /home/fizzer/my_robot_ws/install/my_robot_description/share/my_robot_description//urdf/my_robot.urdf.xacro
[0.252s] -- Up-to-date symlink: /home/fizzer/my_robot_ws/install/my_robot_description/share/my_robot_description//rviz/urdf_config.rviz
[0.252s] -- Up-to-date symlink: /home/fizzer/my_robot_ws/install/my_robot_description/share/my_robot_description//launch/display.launch.xml
[0.253s] -- Up-to-date symlink: /home/fizzer/my_robot_ws/install/my_robot_description/share/ament_index/resource_index/package_run_dependencies/my_robot_description
[0.253s] -- Up-to-date symlink: /home/fizzer/my_robot_ws/install/my_robot_description/share/ament_index/resource_index/parent_prefix_path/my_robot_description
[0.254s] -- Up-to-date symlink: /home/fizzer/my_robot_ws/install/my_robot_description/share/my_robot_description/environment/ament_prefix_path.sh
[0.254s] -- Up-to-date symlink: /home/fizzer/my_robot_ws/install/my_robot_description/share/my_robot_description/environment/ament_prefix_path.dsv
[0.254s] -- Up-to-date symlink: /home/fizzer/my_robot_ws/install/my_robot_description/share/my_robot_description/environment/path.sh
[0.254s] -- Up-to-date symlink: /home/fizzer/my_robot_ws/install/my_robot_description/share/my_robot_description/environment/path.dsv
[0.254s] -- Up-to-date symlink: /home/fizzer/my_robot_ws/install/my_robot_description/share/my_robot_description/local_setup.bash
[0.254s] -- Up-to-date symlink: /home/fizzer/my_robot_ws/install/my_robot_description/share/my_robot_description/local_setup.sh
[0.254s] -- Up-to-date symlink: /home/fizzer/my_robot_ws/install/my_robot_description/share/my_robot_description/local_setup.zsh
[0.254s] -- Up-to-date symlink: /home/fizzer/my_robot_ws/install/my_robot_description/share/my_robot_description/local_setup.dsv
[0.254s] -- Symlinking: /home/fizzer/my_robot_ws/install/my_robot_description/share/my_robot_description/package.dsv
[0.261s] -- Up-to-date symlink: /home/fizzer/my_robot_ws/install/my_robot_description/share/ament_index/resource_index/packages/my_robot_description
[0.261s] -- Up-to-date symlink: /home/fizzer/my_robot_ws/install/my_robot_description/share/my_robot_description/cmake/my_robot_descriptionConfig.cmake
[0.265s] -- Up-to-date symlink: /home/fizzer/my_robot_ws/install/my_robot_description/share/my_robot_description/cmake/my_robot_descriptionConfig-version.cmake
[0.265s] -- Up-to-date symlink: /home/fizzer/my_robot_ws/install/my_robot_description/share/my_robot_description/package.xml
[0.266s] Invoked command in '/home/fizzer/my_robot_ws/build/my_robot_description' returned '0': CMAKE_PREFIX_PATH=${CMAKE_PREFIX_PATH}:/home/fizzer/gym_gazebo_ws/install/linefollow_RL:/home/fizzer/gym_gazebo_ws/install/cartpole_RL:/opt/ros/jazzy DEBUGINFOD_URLS=https://debuginfod.ubuntu.com PS1=(gym-gazebo) \[\e]0;\u@\h: \w\a\]${debian_chroot:+($debian_chroot)}\[\033[01;32m\]\u@\h\[\033[00m\]:\[\033[01;34m\]\w\[\033[00m\]\$ VIRTUAL_ENV_PROMPT=(gym-gazebo) /usr/bin/cmake --install /home/fizzer/my_robot_ws/build/my_robot_description
