[1.301s] Invoking command in '/home/fizzer/my_robot_ws/build/bringup_nodes': DEBUGINFOD_URLS=https://debuginfod.ubuntu.com PYTHONPATH=/home/fizzer/my_robot_ws/build/bringup_nodes/prefix_override:/usr/lib/python3/dist-packages/colcon_core/task/python/colcon_distutils_commands:/home/fizzer/my_robot_ws/install/bringup_nodes/lib/python3.12/site-packages:${PYTHONPATH} /usr/bin/python3 -W ignore:setup.py install is deprecated -W ignore:easy_install command is deprecated setup.py develop --editable --build-directory /home/fizzer/my_robot_ws/build/bringup_nodes/build --no-deps symlink_data --force
[1.745s] running develop
[2.013s] running egg_info
[2.039s] writing bringup_nodes.egg-info/PKG-INFO
[2.039s] writing dependency_links to bringup_nodes.egg-info/dependency_links.txt
[2.040s] writing entry points to bringup_nodes.egg-info/entry_points.txt
[2.040s] writing requirements to bringup_nodes.egg-info/requires.txt
[2.041s] writing top-level names to bringup_nodes.egg-info/top_level.txt
[2.095s] reading manifest file 'bringup_nodes.egg-info/SOURCES.txt'
[2.097s] writing manifest file 'bringup_nodes.egg-info/SOURCES.txt'
[2.129s] running build_ext
[2.129s] Creating /home/fizzer/my_robot_ws/install/bringup_nodes/lib/python3.12/site-packages/bringup-nodes.egg-link (link to .)
[2.129s] Installing move_truck script to /home/fizzer/my_robot_ws/install/bringup_nodes/lib/bringup_nodes
[2.130s] Installing move_yoda script to /home/fizzer/my_robot_ws/install/bringup_nodes/lib/bringup_nodes
[2.134s] 
[2.134s] Installed /home/fizzer/my_robot_ws/build/bringup_nodes
[2.134s] running symlink_data
[2.134s] symbolically linking /home/fizzer/my_robot_ws/build/bringup_nodes/resource/bringup_nodes -> /home/fizzer/my_robot_ws/install/bringup_nodes/share/ament_index/resource_index/packages
[2.134s] symbolically linking /home/fizzer/my_robot_ws/build/bringup_nodes/package.xml -> /home/fizzer/my_robot_ws/install/bringup_nodes/share/bringup_nodes
[2.166s] Invoked command in '/home/fizzer/my_robot_ws/build/bringup_nodes' returned '0': DEBUGINFOD_URLS=https://debuginfod.ubuntu.com PYTHONPATH=/home/fizzer/my_robot_ws/build/bringup_nodes/prefix_override:/usr/lib/python3/dist-packages/colcon_core/task/python/colcon_distutils_commands:/home/fizzer/my_robot_ws/install/bringup_nodes/lib/python3.12/site-packages:${PYTHONPATH} /usr/bin/python3 -W ignore:setup.py install is deprecated -W ignore:easy_install command is deprecated setup.py develop --editable --build-directory /home/fizzer/my_robot_ws/build/bringup_nodes/build --no-deps symlink_data --force
