[0.184s] Invoking command in '/home/fizzer/my_robot_ws/build/custom_plugins': CMAKE_PREFIX_PATH=${CMAKE_PREFIX_PATH}:/home/fizzer/my_robot_ws/install/bringup_nodes:/opt/ros/jazzy DEBUGINFOD_URLS=https://debuginfod.ubuntu.com /usr/bin/cmake --build /home/fizzer/my_robot_ws/build/custom_plugins -- -j4 -l4
[0.243s] [ 50%] [32mBuilding CXX object CMakeFiles/ResetSimPlugin.dir/src/ResetSimPlugin.cc.o[0m
[1.363s] [01m[K/home/fizzer/my_robot_ws/src/custom_plugins/src/ResetSimPlugin.cc:[m[K In member function ‘[01m[Kvirtual void reset_plugin::ResetSimPlugin::[01;32m[KReset[m[K(const gz::sim::v8::UpdateInfo&, gz::sim::v8::EntityComponentManager&)[m[K’:
[1.363s] [01m[K/home/fizzer/my_robot_ws/src/custom_plugins/src/ResetSimPlugin.cc:14:30:[m[K [01;31m[Kerror: [m[K‘[01m[KModel[m[K’ is not a member of ‘[01m[Kgz::sim::v8::components[m[K’
[1.363s]    14 |         gz::sim::components::[01;31m[KModel[m[K(),
[1.363s]       |                              [01;31m[K^~~~~[m[K
[1.363s] [01m[K/home/fizzer/my_robot_ws/src/custom_plugins/src/ResetSimPlugin.cc:15:30:[m[K [01;31m[Kerror: [m[K‘[01m[KName[m[K’ is not a member of ‘[01m[Kgz::sim::v8::components[m[K’
[1.363s]    15 |         gz::sim::components::[01;31m[KName[m[K("YOUR_ROBOT_NAME")
[1.363s]       |                              [01;31m[K^~~~[m[K
[1.363s] [01m[K/home/fizzer/my_robot_ws/src/custom_plugins/src/ResetSimPlugin.cc:27:67:[m[K [01;31m[Kerror: [m[K‘[01m[KPose[m[K’ is not a member of ‘[01m[Kgz::sim::v8::components[m[K’
[1.364s]    27 |   auto pose_component = _ecm.Component<gz::sim::components::[01;31m[KPose[m[K>(robot_entity);
[1.364s]       |                                                             [01;31m[K^~~~[m[K
[1.364s] 
[1.364s] [01m[K/home/fizzer/my_robot_ws/src/custom_plugins/src/ResetSimPlugin.cc:27:72:[m[K [01;31m[Kerror: [m[Kno matching function for call to ‘[01m[Kgz::sim::v8::EntityComponentManager::Component<<expression error> >(gz::sim::v8::Entity&)[m[K’
[1.364s]    27 | o pose_component = [01;31m[K_ecm.Component<gz::sim::components::Pose>(robot_entity)[m[K;
[1.364s]       |                    [01;31m[K~~~~~~~~~~~~~~~~~~~~~~~~~~~~~~~~~~~~~~~~~^~~~~~~~~~~~~~[m[K
[1.364s] 
[1.364s] In file included from [01m[K/opt/ros/jazzy/opt/gz_sim_vendor/include/gz/sim8/gz/sim/System.hh:24[m[K,
[1.365s]                  from [01m[K/home/fizzer/my_robot_ws/src/custom_plugins/include/custom_plugins/ResetSimPlugin.hh:3[m[K,
[1.365s]                  from [01m[K/home/fizzer/my_robot_ws/src/custom_plugins/src/ResetSimPlugin.cc:1[m[K:
[1.365s] [01m[K/opt/ros/jazzy/opt/gz_sim_vendor/include/gz/sim8/gz/sim/EntityComponentManager.hh:258:37:[m[K [01;36m[Knote: [m[Kcandidate: ‘[01m[Ktemplate<class ComponentTypeT> const ComponentTypeT* gz::sim::v8::EntityComponentManager::[01;32m[KComponent[m[K(gz::sim::v8::Entity) const[m[K’
[1.365s]   258 |               const ComponentTypeT *[01;36m[KComponent[m[K(const Entity _entity) const;
[1.365s]       |                                     [01;36m[K^~~~~~~~~[m[K
[1.365s] [01m[K/opt/ros/jazzy/opt/gz_sim_vendor/include/gz/sim8/gz/sim/EntityComponentManager.hh:258:37:[m[K [01;36m[Knote: [m[K  template argument deduction/substitution failed:
[1.365s] [01m[K/home/fizzer/my_robot_ws/src/custom_plugins/src/ResetSimPlugin.cc:27:72:[m[K [01;31m[Kerror: [m[Ktemplate argument 1 is invalid
[1.365s]    27 | o pose_component = [01;31m[K_ecm.Component<gz::sim::components::Pose>(robot_entity)[m[K;
[1.366s]       |                    [01;31m[K~~~~~~~~~~~~~~~~~~~~~~~~~~~~~~~~~~~~~~~~~^~~~~~~~~~~~~~[m[K
[1.366s] 
[1.366s] [01m[K/opt/ros/jazzy/opt/gz_sim_vendor/include/gz/sim8/gz/sim/EntityComponentManager.hh:266:31:[m[K [01;36m[Knote: [m[Kcandidate: ‘[01m[Ktemplate<class ComponentTypeT> ComponentTypeT* gz::sim::v8::EntityComponentManager::[01;32m[KComponent[m[K(gz::sim::v8::Entity)[m[K’
[1.366s]   266 |               ComponentTypeT *[01;36m[KComponent[m[K(const Entity _entity);
[1.366s]       |                               [01;36m[K^~~~~~~~~[m[K
[1.366s] [01m[K/opt/ros/jazzy/opt/gz_sim_vendor/include/gz/sim8/gz/sim/EntityComponentManager.hh:266:31:[m[K [01;36m[Knote: [m[K  template argument deduction/substitution failed:
[1.366s] [01m[K/home/fizzer/my_robot_ws/src/custom_plugins/src/ResetSimPlugin.cc:27:72:[m[K [01;31m[Kerror: [m[Ktemplate argument 1 is invalid
[1.366s]    27 | o pose_component = [01;31m[K_ecm.Component<gz::sim::components::Pose>(robot_entity)[m[K;
[1.366s]       |                    [01;31m[K~~~~~~~~~~~~~~~~~~~~~~~~~~~~~~~~~~~~~~~~~^~~~~~~~~~~~~~[m[K
[1.367s] 
[1.367s] [01m[K/home/fizzer/my_robot_ws/src/custom_plugins/src/ResetSimPlugin.cc:35:69:[m[K [01;31m[Kerror: [m[K‘[01m[KPose[m[K’ is not a member of ‘[01m[Kgz::sim::v8::components[m[K’
[1.367s]    35 |     _ecm.CreateComponent(robot_entity, gz::sim::components::[01;31m[KPose[m[K(spawn_pose));
[1.367s]       |                                                             [01;31m[K^~~~[m[K
[1.367s] 
[1.367s] [01m[K/home/fizzer/my_robot_ws/src/custom_plugins/src/ResetSimPlugin.cc:6:55:[m[K [01;35m[Kwarning: [m[Kunused parameter ‘[01m[K_info[m[K’ [[01;35m[K]8;;https://gcc.gnu.org/onlinedocs/gcc/Warning-Options.html#index-Wunused-parameter-Wunused-parameter]8;;[m[K]
[1.367s]     6 | void ResetSimPlugin::Reset([01;35m[Kconst gz::sim::UpdateInfo &_info[m[K, gz::sim::EntityComponentManager &_ecm)
[1.368s]       |                            [01;35m[K~~~~~~~~~~~~~~~~~~~~~~~~~~~^~~~~[m[K
[1.641s] gmake[2]: *** [CMakeFiles/ResetSimPlugin.dir/build.make:76: CMakeFiles/ResetSimPlugin.dir/src/ResetSimPlugin.cc.o] Error 1
[1.641s] gmake[1]: *** [CMakeFiles/Makefile2:137: CMakeFiles/ResetSimPlugin.dir/all] Error 2
[1.641s] gmake: *** [Makefile:146: all] Error 2
[1.645s] Invoked command in '/home/fizzer/my_robot_ws/build/custom_plugins' returned '2': CMAKE_PREFIX_PATH=${CMAKE_PREFIX_PATH}:/home/fizzer/my_robot_ws/install/bringup_nodes:/opt/ros/jazzy DEBUGINFOD_URLS=https://debuginfod.ubuntu.com /usr/bin/cmake --build /home/fizzer/my_robot_ws/build/custom_plugins -- -j4 -l4
