[0.104s] DEBUG:colcon:Command line arguments: ['/usr/bin/colcon', 'build']
[0.104s] DEBUG:colcon:Parsed command line arguments: Namespace(log_base=None, log_level=None, verb_name='build', build_base='build', install_base='install', merge_install=False, symlink_install=False, test_result_base=None, continue_on_error=False, executor='parallel', parallel_workers=4, event_handlers=None, ignore_user_meta=False, metas=['./colcon.meta'], base_paths=['.'], packages_ignore=None, packages_ignore_regex=None, paths=None, packages_up_to=None, packages_up_to_regex=None, packages_above=None, packages_above_and_dependencies=None, packages_above_depth=None, packages_select_by_dep=None, packages_skip_by_dep=None, packages_skip_up_to=None, packages_select_build_failed=False, packages_skip_build_finished=False, packages_select_test_failures=False, packages_skip_test_passed=False, packages_select=None, packages_skip=None, packages_select_regex=None, packages_skip_regex=None, packages_start=None, packages_end=None, allow_overriding=[], cmake_args=None, cmake_target=None, cmake_target_skip_unavailable=False, cmake_clean_cache=False, cmake_clean_first=False, cmake_force_configure=False, ament_cmake_args=None, catkin_cmake_args=None, catkin_skip_building_tests=False, mixin_files=None, mixin=None, verb_parser=<colcon_mixin.mixin.mixin_argument.MixinArgumentDecorator object at 0x7c056378dc40>, verb_extension=<colcon_core.verb.build.BuildVerb object at 0x7c056378d7c0>, main=<bound method BuildVerb.main of <colcon_core.verb.build.BuildVerb object at 0x7c056378d7c0>>, mixin_verb=('build',))
[0.137s] Level 1:colcon.colcon_core.package_discovery:discover_packages(colcon_meta) check parameters
[0.137s] Level 1:colcon.colcon_core.package_discovery:discover_packages(recursive) check parameters
[0.137s] Level 1:colcon.colcon_core.package_discovery:discover_packages(ignore) check parameters
[0.137s] Level 1:colcon.colcon_core.package_discovery:discover_packages(path) check parameters
[0.137s] Level 1:colcon.colcon_core.package_discovery:discover_packages(colcon_meta) discover
[0.137s] Level 1:colcon.colcon_core.package_discovery:discover_packages(recursive) discover
[0.137s] INFO:colcon.colcon_core.package_discovery:Crawling recursively for packages in '/home/fizzer/my_robot_ws'
[0.137s] Level 1:colcon.colcon_core.package_identification:_identify(.) by extensions ['ignore', 'ignore_ament_install']
[0.137s] Level 1:colcon.colcon_core.package_identification:_identify(.) by extension 'ignore'
[0.137s] Level 1:colcon.colcon_core.package_identification:_identify(.) by extension 'ignore_ament_install'
[0.137s] Level 1:colcon.colcon_core.package_identification:_identify(.) by extensions ['colcon_pkg']
[0.137s] Level 1:colcon.colcon_core.package_identification:_identify(.) by extension 'colcon_pkg'
[0.137s] Level 1:colcon.colcon_core.package_identification:_identify(.) by extensions ['colcon_meta']
[0.137s] Level 1:colcon.colcon_core.package_identification:_identify(.) by extension 'colcon_meta'
[0.137s] Level 1:colcon.colcon_core.package_identification:_identify(.) by extensions ['ros']
[0.137s] Level 1:colcon.colcon_core.package_identification:_identify(.) by extension 'ros'
[0.156s] Level 1:colcon.colcon_core.package_identification:_identify(.) by extensions ['cmake', 'python']
[0.156s] Level 1:colcon.colcon_core.package_identification:_identify(.) by extension 'cmake'
[0.156s] Level 1:colcon.colcon_core.package_identification:_identify(.) by extension 'python'
[0.156s] Level 1:colcon.colcon_core.package_identification:_identify(.) by extensions ['python_setup_py']
[0.156s] Level 1:colcon.colcon_core.package_identification:_identify(.) by extension 'python_setup_py'
[0.156s] Level 1:colcon.colcon_core.package_identification:_identify(build) by extensions ['ignore', 'ignore_ament_install']
[0.156s] Level 1:colcon.colcon_core.package_identification:_identify(build) by extension 'ignore'
[0.156s] Level 1:colcon.colcon_core.package_identification:_identify(build) ignored
[0.156s] Level 1:colcon.colcon_core.package_identification:_identify(install) by extensions ['ignore', 'ignore_ament_install']
[0.156s] Level 1:colcon.colcon_core.package_identification:_identify(install) by extension 'ignore'
[0.156s] Level 1:colcon.colcon_core.package_identification:_identify(install) ignored
[0.156s] Level 1:colcon.colcon_core.package_identification:_identify(log) by extensions ['ignore', 'ignore_ament_install']
[0.156s] Level 1:colcon.colcon_core.package_identification:_identify(log) by extension 'ignore'
[0.156s] Level 1:colcon.colcon_core.package_identification:_identify(log) ignored
[0.156s] Level 1:colcon.colcon_core.package_identification:_identify(src) by extensions ['ignore', 'ignore_ament_install']
[0.157s] Level 1:colcon.colcon_core.package_identification:_identify(src) by extension 'ignore'
[0.157s] Level 1:colcon.colcon_core.package_identification:_identify(src) by extension 'ignore_ament_install'
[0.157s] Level 1:colcon.colcon_core.package_identification:_identify(src) by extensions ['colcon_pkg']
[0.157s] Level 1:colcon.colcon_core.package_identification:_identify(src) by extension 'colcon_pkg'
[0.157s] Level 1:colcon.colcon_core.package_identification:_identify(src) by extensions ['colcon_meta']
[0.157s] Level 1:colcon.colcon_core.package_identification:_identify(src) by extension 'colcon_meta'
[0.157s] Level 1:colcon.colcon_core.package_identification:_identify(src) by extensions ['ros']
[0.157s] Level 1:colcon.colcon_core.package_identification:_identify(src) by extension 'ros'
[0.157s] Level 1:colcon.colcon_core.package_identification:_identify(src) by extensions ['cmake', 'python']
[0.157s] Level 1:colcon.colcon_core.package_identification:_identify(src) by extension 'cmake'
[0.157s] Level 1:colcon.colcon_core.package_identification:_identify(src) by extension 'python'
[0.157s] Level 1:colcon.colcon_core.package_identification:_identify(src) by extensions ['python_setup_py']
[0.157s] Level 1:colcon.colcon_core.package_identification:_identify(src) by extension 'python_setup_py'
[0.157s] Level 1:colcon.colcon_core.package_identification:_identify(src/bringup_nodes) by extensions ['ignore', 'ignore_ament_install']
[0.157s] Level 1:colcon.colcon_core.package_identification:_identify(src/bringup_nodes) by extension 'ignore'
[0.157s] Level 1:colcon.colcon_core.package_identification:_identify(src/bringup_nodes) by extension 'ignore_ament_install'
[0.157s] Level 1:colcon.colcon_core.package_identification:_identify(src/bringup_nodes) by extensions ['colcon_pkg']
[0.157s] Level 1:colcon.colcon_core.package_identification:_identify(src/bringup_nodes) by extension 'colcon_pkg'
[0.157s] Level 1:colcon.colcon_core.package_identification:_identify(src/bringup_nodes) by extensions ['colcon_meta']
[0.157s] Level 1:colcon.colcon_core.package_identification:_identify(src/bringup_nodes) by extension 'colcon_meta'
[0.157s] Level 1:colcon.colcon_core.package_identification:_identify(src/bringup_nodes) by extensions ['ros']
[0.157s] Level 1:colcon.colcon_core.package_identification:_identify(src/bringup_nodes) by extension 'ros'
[0.160s] DEBUG:colcon.colcon_core.package_identification:Package 'src/bringup_nodes' with type 'ros.ament_python' and name 'bringup_nodes'
[0.160s] Level 1:colcon.colcon_core.package_identification:_identify(src/custom_plugins) by extensions ['ignore', 'ignore_ament_install']
[0.160s] Level 1:colcon.colcon_core.package_identification:_identify(src/custom_plugins) by extension 'ignore'
[0.160s] Level 1:colcon.colcon_core.package_identification:_identify(src/custom_plugins) by extension 'ignore_ament_install'
[0.160s] Level 1:colcon.colcon_core.package_identification:_identify(src/custom_plugins) by extensions ['colcon_pkg']
[0.160s] Level 1:colcon.colcon_core.package_identification:_identify(src/custom_plugins) by extension 'colcon_pkg'
[0.160s] Level 1:colcon.colcon_core.package_identification:_identify(src/custom_plugins) by extensions ['colcon_meta']
[0.160s] Level 1:colcon.colcon_core.package_identification:_identify(src/custom_plugins) by extension 'colcon_meta'
[0.160s] Level 1:colcon.colcon_core.package_identification:_identify(src/custom_plugins) by extensions ['ros']
[0.160s] Level 1:colcon.colcon_core.package_identification:_identify(src/custom_plugins) by extension 'ros'
[0.161s] DEBUG:colcon.colcon_core.package_identification:Package 'src/custom_plugins' with type 'ros.ament_cmake' and name 'custom_plugins'
[0.161s] Level 1:colcon.colcon_core.package_identification:_identify(src/my_robot_bringup) by extensions ['ignore', 'ignore_ament_install']
[0.161s] Level 1:colcon.colcon_core.package_identification:_identify(src/my_robot_bringup) by extension 'ignore'
[0.161s] Level 1:colcon.colcon_core.package_identification:_identify(src/my_robot_bringup) by extension 'ignore_ament_install'
[0.161s] Level 1:colcon.colcon_core.package_identification:_identify(src/my_robot_bringup) by extensions ['colcon_pkg']
[0.161s] Level 1:colcon.colcon_core.package_identification:_identify(src/my_robot_bringup) by extension 'colcon_pkg'
[0.161s] Level 1:colcon.colcon_core.package_identification:_identify(src/my_robot_bringup) by extensions ['colcon_meta']
[0.161s] Level 1:colcon.colcon_core.package_identification:_identify(src/my_robot_bringup) by extension 'colcon_meta'
[0.161s] Level 1:colcon.colcon_core.package_identification:_identify(src/my_robot_bringup) by extensions ['ros']
[0.161s] Level 1:colcon.colcon_core.package_identification:_identify(src/my_robot_bringup) by extension 'ros'
[0.161s] DEBUG:colcon.colcon_core.package_identification:Package 'src/my_robot_bringup' with type 'ros.ament_cmake' and name 'my_robot_bringup'
[0.161s] Level 1:colcon.colcon_core.package_identification:_identify(src/my_robot_description) by extensions ['ignore', 'ignore_ament_install']
[0.162s] Level 1:colcon.colcon_core.package_identification:_identify(src/my_robot_description) by extension 'ignore'
[0.162s] Level 1:colcon.colcon_core.package_identification:_identify(src/my_robot_description) by extension 'ignore_ament_install'
[0.162s] Level 1:colcon.colcon_core.package_identification:_identify(src/my_robot_description) by extensions ['colcon_pkg']
[0.162s] Level 1:colcon.colcon_core.package_identification:_identify(src/my_robot_description) by extension 'colcon_pkg'
[0.162s] Level 1:colcon.colcon_core.package_identification:_identify(src/my_robot_description) by extensions ['colcon_meta']
[0.162s] Level 1:colcon.colcon_core.package_identification:_identify(src/my_robot_description) by extension 'colcon_meta'
[0.162s] Level 1:colcon.colcon_core.package_identification:_identify(src/my_robot_description) by extensions ['ros']
[0.162s] Level 1:colcon.colcon_core.package_identification:_identify(src/my_robot_description) by extension 'ros'
[0.162s] DEBUG:colcon.colcon_core.package_identification:Package 'src/my_robot_description' with type 'ros.ament_cmake' and name 'my_robot_description'
[0.162s] Level 1:colcon.colcon_core.package_discovery:discover_packages(recursive) using defaults
[0.162s] Level 1:colcon.colcon_core.package_discovery:discover_packages(ignore) discover
[0.162s] Level 1:colcon.colcon_core.package_discovery:discover_packages(ignore) using defaults
[0.162s] Level 1:colcon.colcon_core.package_discovery:discover_packages(path) discover
[0.162s] Level 1:colcon.colcon_core.package_discovery:discover_packages(path) using defaults
[0.179s] Level 1:colcon.colcon_core.package_discovery:discover_packages(prefix_path) check parameters
[0.179s] Level 1:colcon.colcon_core.package_discovery:discover_packages(prefix_path) discover
[0.181s] DEBUG:colcon.colcon_installed_package_information.package_discovery:Found 5 installed packages in /home/fizzer/gym_gazebo_ws/install
[0.182s] DEBUG:colcon.colcon_installed_package_information.package_discovery:Found 4 installed packages in /home/fizzer/my_robot_ws/install
[0.183s] DEBUG:colcon.colcon_installed_package_information.package_discovery:Found 426 installed packages in /opt/ros/jazzy
[0.185s] Level 1:colcon.colcon_core.package_discovery:discover_packages(prefix_path) using defaults
[0.270s] Level 5:colcon.colcon_core.verb:set package 'bringup_nodes' build argument 'cmake_args' from command line to 'None'
[0.270s] Level 5:colcon.colcon_core.verb:set package 'bringup_nodes' build argument 'cmake_target' from command line to 'None'
[0.270s] Level 5:colcon.colcon_core.verb:set package 'bringup_nodes' build argument 'cmake_target_skip_unavailable' from command line to 'False'
[0.270s] Level 5:colcon.colcon_core.verb:set package 'bringup_nodes' build argument 'cmake_clean_cache' from command line to 'False'
[0.270s] Level 5:colcon.colcon_core.verb:set package 'bringup_nodes' build argument 'cmake_clean_first' from command line to 'False'
[0.270s] Level 5:colcon.colcon_core.verb:set package 'bringup_nodes' build argument 'cmake_force_configure' from command line to 'False'
[0.270s] Level 5:colcon.colcon_core.verb:set package 'bringup_nodes' build argument 'ament_cmake_args' from command line to 'None'
[0.270s] Level 5:colcon.colcon_core.verb:set package 'bringup_nodes' build argument 'catkin_cmake_args' from command line to 'None'
[0.270s] Level 5:colcon.colcon_core.verb:set package 'bringup_nodes' build argument 'catkin_skip_building_tests' from command line to 'False'
[0.270s] DEBUG:colcon.colcon_core.verb:Building package 'bringup_nodes' with the following arguments: {'ament_cmake_args': None, 'build_base': '/home/fizzer/my_robot_ws/build/bringup_nodes', 'catkin_cmake_args': None, 'catkin_skip_building_tests': False, 'cmake_args': None, 'cmake_clean_cache': False, 'cmake_clean_first': False, 'cmake_force_configure': False, 'cmake_target': None, 'cmake_target_skip_unavailable': False, 'install_base': '/home/fizzer/my_robot_ws/install/bringup_nodes', 'merge_install': False, 'path': '/home/fizzer/my_robot_ws/src/bringup_nodes', 'symlink_install': False, 'test_result_base': None}
[0.270s] Level 5:colcon.colcon_core.verb:set package 'custom_plugins' build argument 'cmake_args' from command line to 'None'
[0.270s] Level 5:colcon.colcon_core.verb:set package 'custom_plugins' build argument 'cmake_target' from command line to 'None'
[0.270s] Level 5:colcon.colcon_core.verb:set package 'custom_plugins' build argument 'cmake_target_skip_unavailable' from command line to 'False'
[0.270s] Level 5:colcon.colcon_core.verb:set package 'custom_plugins' build argument 'cmake_clean_cache' from command line to 'False'
[0.270s] Level 5:colcon.colcon_core.verb:set package 'custom_plugins' build argument 'cmake_clean_first' from command line to 'False'
[0.271s] Level 5:colcon.colcon_core.verb:set package 'custom_plugins' build argument 'cmake_force_configure' from command line to 'False'
[0.271s] Level 5:colcon.colcon_core.verb:set package 'custom_plugins' build argument 'ament_cmake_args' from command line to 'None'
[0.271s] Level 5:colcon.colcon_core.verb:set package 'custom_plugins' build argument 'catkin_cmake_args' from command line to 'None'
[0.271s] Level 5:colcon.colcon_core.verb:set package 'custom_plugins' build argument 'catkin_skip_building_tests' from command line to 'False'
[0.271s] DEBUG:colcon.colcon_core.verb:Building package 'custom_plugins' with the following arguments: {'ament_cmake_args': None, 'build_base': '/home/fizzer/my_robot_ws/build/custom_plugins', 'catkin_cmake_args': None, 'catkin_skip_building_tests': False, 'cmake_args': None, 'cmake_clean_cache': False, 'cmake_clean_first': False, 'cmake_force_configure': False, 'cmake_target': None, 'cmake_target_skip_unavailable': False, 'install_base': '/home/fizzer/my_robot_ws/install/custom_plugins', 'merge_install': False, 'path': '/home/fizzer/my_robot_ws/src/custom_plugins', 'symlink_install': False, 'test_result_base': None}
[0.271s] Level 5:colcon.colcon_core.verb:set package 'my_robot_description' build argument 'cmake_args' from command line to 'None'
[0.271s] Level 5:colcon.colcon_core.verb:set package 'my_robot_description' build argument 'cmake_target' from command line to 'None'
[0.271s] Level 5:colcon.colcon_core.verb:set package 'my_robot_description' build argument 'cmake_target_skip_unavailable' from command line to 'False'
[0.271s] Level 5:colcon.colcon_core.verb:set package 'my_robot_description' build argument 'cmake_clean_cache' from command line to 'False'
[0.271s] Level 5:colcon.colcon_core.verb:set package 'my_robot_description' build argument 'cmake_clean_first' from command line to 'False'
[0.271s] Level 5:colcon.colcon_core.verb:set package 'my_robot_description' build argument 'cmake_force_configure' from command line to 'False'
[0.271s] Level 5:colcon.colcon_core.verb:set package 'my_robot_description' build argument 'ament_cmake_args' from command line to 'None'
[0.271s] Level 5:colcon.colcon_core.verb:set package 'my_robot_description' build argument 'catkin_cmake_args' from command line to 'None'
[0.271s] Level 5:colcon.colcon_core.verb:set package 'my_robot_description' build argument 'catkin_skip_building_tests' from command line to 'False'
[0.271s] DEBUG:colcon.colcon_core.verb:Building package 'my_robot_description' with the following arguments: {'ament_cmake_args': None, 'build_base': '/home/fizzer/my_robot_ws/build/my_robot_description', 'catkin_cmake_args': None, 'catkin_skip_building_tests': False, 'cmake_args': None, 'cmake_clean_cache': False, 'cmake_clean_first': False, 'cmake_force_configure': False, 'cmake_target': None, 'cmake_target_skip_unavailable': False, 'install_base': '/home/fizzer/my_robot_ws/install/my_robot_description', 'merge_install': False, 'path': '/home/fizzer/my_robot_ws/src/my_robot_description', 'symlink_install': False, 'test_result_base': None}
[0.271s] Level 5:colcon.colcon_core.verb:set package 'my_robot_bringup' build argument 'cmake_args' from command line to 'None'
[0.271s] Level 5:colcon.colcon_core.verb:set package 'my_robot_bringup' build argument 'cmake_target' from command line to 'None'
[0.271s] Level 5:colcon.colcon_core.verb:set package 'my_robot_bringup' build argument 'cmake_target_skip_unavailable' from command line to 'False'
[0.271s] Level 5:colcon.colcon_core.verb:set package 'my_robot_bringup' build argument 'cmake_clean_cache' from command line to 'False'
[0.271s] Level 5:colcon.colcon_core.verb:set package 'my_robot_bringup' build argument 'cmake_clean_first' from command line to 'False'
[0.271s] Level 5:colcon.colcon_core.verb:set package 'my_robot_bringup' build argument 'cmake_force_configure' from command line to 'False'
[0.271s] Level 5:colcon.colcon_core.verb:set package 'my_robot_bringup' build argument 'ament_cmake_args' from command line to 'None'
[0.271s] Level 5:colcon.colcon_core.verb:set package 'my_robot_bringup' build argument 'catkin_cmake_args' from command line to 'None'
[0.271s] Level 5:colcon.colcon_core.verb:set package 'my_robot_bringup' build argument 'catkin_skip_building_tests' from command line to 'False'
[0.271s] DEBUG:colcon.colcon_core.verb:Building package 'my_robot_bringup' with the following arguments: {'ament_cmake_args': None, 'build_base': '/home/fizzer/my_robot_ws/build/my_robot_bringup', 'catkin_cmake_args': None, 'catkin_skip_building_tests': False, 'cmake_args': None, 'cmake_clean_cache': False, 'cmake_clean_first': False, 'cmake_force_configure': False, 'cmake_target': None, 'cmake_target_skip_unavailable': False, 'install_base': '/home/fizzer/my_robot_ws/install/my_robot_bringup', 'merge_install': False, 'path': '/home/fizzer/my_robot_ws/src/my_robot_bringup', 'symlink_install': False, 'test_result_base': None}
[0.271s] INFO:colcon.colcon_core.executor:Executing jobs using 'parallel' executor
[0.272s] DEBUG:colcon.colcon_parallel_executor.executor.parallel:run_until_complete
[0.272s] INFO:colcon.colcon_ros.task.ament_cmake.build:Building ROS package in '/home/fizzer/my_robot_ws/src/my_robot_description' with build type 'ament_cmake'
[0.272s] INFO:colcon.colcon_cmake.task.cmake.build:Building CMake package in '/home/fizzer/my_robot_ws/src/my_robot_description'
[0.277s] INFO:colcon.colcon_core.plugin_system:Skipping extension 'colcon_core.shell.bat': Not used on non-Windows systems
[0.277s] INFO:colcon.colcon_core.shell:Skip shell extension 'powershell' for command environment: Not usable outside of PowerShell
[0.277s] DEBUG:colcon.colcon_core.shell:Skip shell extension 'dsv' for command environment
[0.281s] INFO:colcon.colcon_ros.task.ament_python.build:Building ROS package in '/home/fizzer/my_robot_ws/src/bringup_nodes' with build type 'ament_python'
[0.281s] Level 1:colcon.colcon_core.shell:create_environment_hook('bringup_nodes', 'ament_prefix_path')
[0.281s] INFO:colcon.colcon_core.shell:Creating environment hook '/home/fizzer/my_robot_ws/install/bringup_nodes/share/bringup_nodes/hook/ament_prefix_path.ps1'
[0.282s] INFO:colcon.colcon_core.shell:Creating environment descriptor '/home/fizzer/my_robot_ws/install/bringup_nodes/share/bringup_nodes/hook/ament_prefix_path.dsv'
[0.282s] INFO:colcon.colcon_core.shell:Creating environment hook '/home/fizzer/my_robot_ws/install/bringup_nodes/share/bringup_nodes/hook/ament_prefix_path.sh'
[0.283s] INFO:colcon.colcon_core.shell:Skip shell extension 'powershell' for command environment: Not usable outside of PowerShell
[0.283s] DEBUG:colcon.colcon_core.shell:Skip shell extension 'dsv' for command environment
[0.286s] INFO:colcon.colcon_ros.task.ament_cmake.build:Building ROS package in '/home/fizzer/my_robot_ws/src/custom_plugins' with build type 'ament_cmake'
[0.286s] INFO:colcon.colcon_cmake.task.cmake.build:Building CMake package in '/home/fizzer/my_robot_ws/src/custom_plugins'
[0.286s] INFO:colcon.colcon_core.shell:Skip shell extension 'powershell' for command environment: Not usable outside of PowerShell
[0.286s] DEBUG:colcon.colcon_core.shell:Skip shell extension 'dsv' for command environment
[0.295s] DEBUG:colcon.colcon_core.event_handler.log_command:Invoking command in '/home/fizzer/my_robot_ws/build/my_robot_description': CMAKE_PREFIX_PATH=${CMAKE_PREFIX_PATH}:/home/fizzer/my_robot_ws/install/bringup_nodes:/home/fizzer/gym_gazebo_ws/install/linefollow_RL:/home/fizzer/gym_gazebo_ws/install/cartpole_RL:/opt/ros/jazzy DEBUGINFOD_URLS=https://debuginfod.ubuntu.com PS1=(gym-gazebo) \[\e]0;\u@\h: \w\a\]${debian_chroot:+($debian_chroot)}\[\033[01;32m\]\u@\h\[\033[00m\]:\[\033[01;34m\]\w\[\033[00m\]\$ VIRTUAL_ENV_PROMPT=(gym-gazebo) /usr/bin/cmake --build /home/fizzer/my_robot_ws/build/my_robot_description -- -j4 -l4
[0.489s] INFO:colcon.colcon_core.task.python.build:Building Python package in '/home/fizzer/my_robot_ws/src/bringup_nodes'
[0.490s] INFO:colcon.colcon_core.shell:Skip shell extension 'powershell' for command environment: Not usable outside of PowerShell
[0.490s] DEBUG:colcon.colcon_core.shell:Skip shell extension 'dsv' for command environment
[0.499s] DEBUG:colcon.colcon_core.event_handler.log_command:Invoking command in '/home/fizzer/my_robot_ws/build/custom_plugins': CMAKE_PREFIX_PATH=${CMAKE_PREFIX_PATH}:/home/fizzer/my_robot_ws/install/bringup_nodes:/home/fizzer/gym_gazebo_ws/install/linefollow_RL:/home/fizzer/gym_gazebo_ws/install/cartpole_RL:/opt/ros/jazzy DEBUGINFOD_URLS=https://debuginfod.ubuntu.com PS1=(gym-gazebo) \[\e]0;\u@\h: \w\a\]${debian_chroot:+($debian_chroot)}\[\033[01;32m\]\u@\h\[\033[00m\]:\[\033[01;34m\]\w\[\033[00m\]\$ VIRTUAL_ENV_PROMPT=(gym-gazebo) /usr/bin/cmake --build /home/fizzer/my_robot_ws/build/custom_plugins -- -j4 -l4
[0.500s] DEBUG:colcon.colcon_core.event_handler.log_command:Invoked command in '/home/fizzer/my_robot_ws/build/my_robot_description' returned '0': CMAKE_PREFIX_PATH=${CMAKE_PREFIX_PATH}:/home/fizzer/my_robot_ws/install/bringup_nodes:/home/fizzer/gym_gazebo_ws/install/linefollow_RL:/home/fizzer/gym_gazebo_ws/install/cartpole_RL:/opt/ros/jazzy DEBUGINFOD_URLS=https://debuginfod.ubuntu.com PS1=(gym-gazebo) \[\e]0;\u@\h: \w\a\]${debian_chroot:+($debian_chroot)}\[\033[01;32m\]\u@\h\[\033[00m\]:\[\033[01;34m\]\w\[\033[00m\]\$ VIRTUAL_ENV_PROMPT=(gym-gazebo) /usr/bin/cmake --build /home/fizzer/my_robot_ws/build/my_robot_description -- -j4 -l4
[0.511s] DEBUG:colcon.colcon_core.event_handler.log_command:Invoking command in '/home/fizzer/my_robot_ws/build/my_robot_description': CMAKE_PREFIX_PATH=${CMAKE_PREFIX_PATH}:/home/fizzer/my_robot_ws/install/bringup_nodes:/home/fizzer/gym_gazebo_ws/install/linefollow_RL:/home/fizzer/gym_gazebo_ws/install/cartpole_RL:/opt/ros/jazzy DEBUGINFOD_URLS=https://debuginfod.ubuntu.com PS1=(gym-gazebo) \[\e]0;\u@\h: \w\a\]${debian_chroot:+($debian_chroot)}\[\033[01;32m\]\u@\h\[\033[00m\]:\[\033[01;34m\]\w\[\033[00m\]\$ VIRTUAL_ENV_PROMPT=(gym-gazebo) /usr/bin/cmake --install /home/fizzer/my_robot_ws/build/my_robot_description
[0.533s] Level 1:colcon.colcon_core.environment:create_environment_scripts_only(my_robot_description)
[0.534s] DEBUG:colcon.colcon_core.event_handler.log_command:Invoked command in '/home/fizzer/my_robot_ws/build/my_robot_description' returned '0': CMAKE_PREFIX_PATH=${CMAKE_PREFIX_PATH}:/home/fizzer/my_robot_ws/install/bringup_nodes:/home/fizzer/gym_gazebo_ws/install/linefollow_RL:/home/fizzer/gym_gazebo_ws/install/cartpole_RL:/opt/ros/jazzy DEBUGINFOD_URLS=https://debuginfod.ubuntu.com PS1=(gym-gazebo) \[\e]0;\u@\h: \w\a\]${debian_chroot:+($debian_chroot)}\[\033[01;32m\]\u@\h\[\033[00m\]:\[\033[01;34m\]\w\[\033[00m\]\$ VIRTUAL_ENV_PROMPT=(gym-gazebo) /usr/bin/cmake --install /home/fizzer/my_robot_ws/build/my_robot_description
[0.538s] Level 1:colcon.colcon_core.environment:checking '/home/fizzer/my_robot_ws/install/my_robot_description' for CMake module files
[0.540s] Level 1:colcon.colcon_core.environment:checking '/home/fizzer/my_robot_ws/install/my_robot_description' for CMake config files
[0.541s] Level 1:colcon.colcon_core.shell:create_environment_hook('my_robot_description', 'cmake_prefix_path')
[0.541s] INFO:colcon.colcon_core.shell:Creating environment hook '/home/fizzer/my_robot_ws/install/my_robot_description/share/my_robot_description/hook/cmake_prefix_path.ps1'
[0.542s] INFO:colcon.colcon_core.shell:Creating environment descriptor '/home/fizzer/my_robot_ws/install/my_robot_description/share/my_robot_description/hook/cmake_prefix_path.dsv'
[0.543s] INFO:colcon.colcon_core.shell:Creating environment hook '/home/fizzer/my_robot_ws/install/my_robot_description/share/my_robot_description/hook/cmake_prefix_path.sh'
[0.543s] Level 1:colcon.colcon_core.environment:checking '/home/fizzer/my_robot_ws/install/my_robot_description/bin'
[0.543s] Level 1:colcon.colcon_core.environment:checking '/home/fizzer/my_robot_ws/install/my_robot_description/lib/pkgconfig/my_robot_description.pc'
[0.544s] Level 1:colcon.colcon_core.environment:checking '/home/fizzer/my_robot_ws/install/my_robot_description/lib/python3.12/site-packages'
[0.544s] Level 1:colcon.colcon_core.environment:checking '/home/fizzer/my_robot_ws/install/my_robot_description/bin'
[0.544s] INFO:colcon.colcon_core.shell:Creating package script '/home/fizzer/my_robot_ws/install/my_robot_description/share/my_robot_description/package.ps1'
[0.545s] INFO:colcon.colcon_core.shell:Creating package descriptor '/home/fizzer/my_robot_ws/install/my_robot_description/share/my_robot_description/package.dsv'
[0.545s] INFO:colcon.colcon_core.shell:Creating package script '/home/fizzer/my_robot_ws/install/my_robot_description/share/my_robot_description/package.sh'
[0.546s] INFO:colcon.colcon_core.shell:Creating package script '/home/fizzer/my_robot_ws/install/my_robot_description/share/my_robot_description/package.bash'
[0.546s] INFO:colcon.colcon_core.shell:Creating package script '/home/fizzer/my_robot_ws/install/my_robot_description/share/my_robot_description/package.zsh'
[0.547s] Level 1:colcon.colcon_core.environment:create_file_with_runtime_dependencies(/home/fizzer/my_robot_ws/install/my_robot_description/share/colcon-core/packages/my_robot_description)
[0.547s] Level 1:colcon.colcon_core.environment:create_environment_scripts_only(my_robot_description)
[0.547s] Level 1:colcon.colcon_core.environment:checking '/home/fizzer/my_robot_ws/install/my_robot_description' for CMake module files
[0.548s] Level 1:colcon.colcon_core.environment:checking '/home/fizzer/my_robot_ws/install/my_robot_description' for CMake config files
[0.548s] Level 1:colcon.colcon_core.shell:create_environment_hook('my_robot_description', 'cmake_prefix_path')
[0.548s] INFO:colcon.colcon_core.shell:Creating environment hook '/home/fizzer/my_robot_ws/install/my_robot_description/share/my_robot_description/hook/cmake_prefix_path.ps1'
[0.549s] INFO:colcon.colcon_core.shell:Creating environment descriptor '/home/fizzer/my_robot_ws/install/my_robot_description/share/my_robot_description/hook/cmake_prefix_path.dsv'
[0.549s] INFO:colcon.colcon_core.shell:Creating environment hook '/home/fizzer/my_robot_ws/install/my_robot_description/share/my_robot_description/hook/cmake_prefix_path.sh'
[0.549s] Level 1:colcon.colcon_core.environment:checking '/home/fizzer/my_robot_ws/install/my_robot_description/bin'
[0.549s] Level 1:colcon.colcon_core.environment:checking '/home/fizzer/my_robot_ws/install/my_robot_description/lib/pkgconfig/my_robot_description.pc'
[0.550s] Level 1:colcon.colcon_core.environment:checking '/home/fizzer/my_robot_ws/install/my_robot_description/lib/python3.12/site-packages'
[0.550s] Level 1:colcon.colcon_core.environment:checking '/home/fizzer/my_robot_ws/install/my_robot_description/bin'
[0.550s] INFO:colcon.colcon_core.shell:Creating package script '/home/fizzer/my_robot_ws/install/my_robot_description/share/my_robot_description/package.ps1'
[0.551s] INFO:colcon.colcon_core.shell:Creating package descriptor '/home/fizzer/my_robot_ws/install/my_robot_description/share/my_robot_description/package.dsv'
[0.552s] INFO:colcon.colcon_core.shell:Creating package script '/home/fizzer/my_robot_ws/install/my_robot_description/share/my_robot_description/package.sh'
[0.552s] INFO:colcon.colcon_core.shell:Creating package script '/home/fizzer/my_robot_ws/install/my_robot_description/share/my_robot_description/package.bash'
[0.553s] INFO:colcon.colcon_core.shell:Creating package script '/home/fizzer/my_robot_ws/install/my_robot_description/share/my_robot_description/package.zsh'
[0.553s] Level 1:colcon.colcon_core.environment:create_file_with_runtime_dependencies(/home/fizzer/my_robot_ws/install/my_robot_description/share/colcon-core/packages/my_robot_description)
[0.554s] INFO:colcon.colcon_ros.task.ament_cmake.build:Building ROS package in '/home/fizzer/my_robot_ws/src/my_robot_bringup' with build type 'ament_cmake'
[0.554s] INFO:colcon.colcon_cmake.task.cmake.build:Building CMake package in '/home/fizzer/my_robot_ws/src/my_robot_bringup'
[0.554s] INFO:colcon.colcon_core.shell:Skip shell extension 'powershell' for command environment: Not usable outside of PowerShell
[0.554s] DEBUG:colcon.colcon_core.shell:Skip shell extension 'dsv' for command environment
[0.563s] DEBUG:colcon.colcon_core.event_handler.log_command:Invoking command in '/home/fizzer/my_robot_ws/build/my_robot_bringup': CMAKE_PREFIX_PATH=/home/fizzer/my_robot_ws/install/my_robot_description:/home/fizzer/my_robot_ws/install/my_robot_bringup:/home/fizzer/my_robot_ws/install/custom_plugins:/home/fizzer/gym_gazebo_ws/install/my_agent_description:/home/fizzer/gym_gazebo_ws/install/my_agent_bringup:/home/fizzer/gym_gazebo_ws/install/custom_plugins:/opt/ros/jazzy/opt/gz_sim_vendor:/opt/ros/jazzy/opt/gz_sensors_vendor:/opt/ros/jazzy/opt/gz_physics_vendor:/opt/ros/jazzy/opt/sdformat_vendor:/opt/ros/jazzy/opt/gz_gui_vendor:/opt/ros/jazzy/opt/gz_transport_vendor:/opt/ros/jazzy/opt/gz_rendering_vendor:/opt/ros/jazzy/opt/gz_plugin_vendor:/opt/ros/jazzy/opt/gz_fuel_tools_vendor:/opt/ros/jazzy/opt/gz_msgs_vendor:/opt/ros/jazzy/opt/gz_common_vendor:/opt/ros/jazzy/opt/gz_math_vendor:/opt/ros/jazzy/opt/gz_utils_vendor:/opt/ros/jazzy/opt/gz_tools_vendor:/opt/ros/jazzy/opt/gz_ogre_next_vendor:/opt/ros/jazzy/opt/gz_dartsim_vendor:/opt/ros/jazzy/opt/gz_cmake_vendor:/home/fizzer/my_robot_ws/install/bringup_nodes:/home/fizzer/gym_gazebo_ws/install/linefollow_RL:/home/fizzer/gym_gazebo_ws/install/cartpole_RL:/opt/ros/jazzy DEBUGINFOD_URLS=https://debuginfod.ubuntu.com PS1=(gym-gazebo) \[\e]0;\u@\h: \w\a\]${debian_chroot:+($debian_chroot)}\[\033[01;32m\]\u@\h\[\033[00m\]:\[\033[01;34m\]\w\[\033[00m\]\$ VIRTUAL_ENV_PROMPT=(gym-gazebo) /usr/bin/cmake --build /home/fizzer/my_robot_ws/build/my_robot_bringup -- -j4 -l4
[0.616s] DEBUG:colcon.colcon_core.event_handler.log_command:Invoked command in '/home/fizzer/my_robot_ws/build/my_robot_bringup' returned '0': CMAKE_PREFIX_PATH=/home/fizzer/my_robot_ws/install/my_robot_description:/home/fizzer/my_robot_ws/install/my_robot_bringup:/home/fizzer/my_robot_ws/install/custom_plugins:/home/fizzer/gym_gazebo_ws/install/my_agent_description:/home/fizzer/gym_gazebo_ws/install/my_agent_bringup:/home/fizzer/gym_gazebo_ws/install/custom_plugins:/opt/ros/jazzy/opt/gz_sim_vendor:/opt/ros/jazzy/opt/gz_sensors_vendor:/opt/ros/jazzy/opt/gz_physics_vendor:/opt/ros/jazzy/opt/sdformat_vendor:/opt/ros/jazzy/opt/gz_gui_vendor:/opt/ros/jazzy/opt/gz_transport_vendor:/opt/ros/jazzy/opt/gz_rendering_vendor:/opt/ros/jazzy/opt/gz_plugin_vendor:/opt/ros/jazzy/opt/gz_fuel_tools_vendor:/opt/ros/jazzy/opt/gz_msgs_vendor:/opt/ros/jazzy/opt/gz_common_vendor:/opt/ros/jazzy/opt/gz_math_vendor:/opt/ros/jazzy/opt/gz_utils_vendor:/opt/ros/jazzy/opt/gz_tools_vendor:/opt/ros/jazzy/opt/gz_ogre_next_vendor:/opt/ros/jazzy/opt/gz_dartsim_vendor:/opt/ros/jazzy/opt/gz_cmake_vendor:/home/fizzer/my_robot_ws/install/bringup_nodes:/home/fizzer/gym_gazebo_ws/install/linefollow_RL:/home/fizzer/gym_gazebo_ws/install/cartpole_RL:/opt/ros/jazzy DEBUGINFOD_URLS=https://debuginfod.ubuntu.com PS1=(gym-gazebo) \[\e]0;\u@\h: \w\a\]${debian_chroot:+($debian_chroot)}\[\033[01;32m\]\u@\h\[\033[00m\]:\[\033[01;34m\]\w\[\033[00m\]\$ VIRTUAL_ENV_PROMPT=(gym-gazebo) /usr/bin/cmake --build /home/fizzer/my_robot_ws/build/my_robot_bringup -- -j4 -l4
[0.619s] DEBUG:colcon.colcon_core.event_handler.log_command:Invoking command in '/home/fizzer/my_robot_ws/build/my_robot_bringup': CMAKE_PREFIX_PATH=/home/fizzer/my_robot_ws/install/my_robot_description:/home/fizzer/my_robot_ws/install/my_robot_bringup:/home/fizzer/my_robot_ws/install/custom_plugins:/home/fizzer/gym_gazebo_ws/install/my_agent_description:/home/fizzer/gym_gazebo_ws/install/my_agent_bringup:/home/fizzer/gym_gazebo_ws/install/custom_plugins:/opt/ros/jazzy/opt/gz_sim_vendor:/opt/ros/jazzy/opt/gz_sensors_vendor:/opt/ros/jazzy/opt/gz_physics_vendor:/opt/ros/jazzy/opt/sdformat_vendor:/opt/ros/jazzy/opt/gz_gui_vendor:/opt/ros/jazzy/opt/gz_transport_vendor:/opt/ros/jazzy/opt/gz_rendering_vendor:/opt/ros/jazzy/opt/gz_plugin_vendor:/opt/ros/jazzy/opt/gz_fuel_tools_vendor:/opt/ros/jazzy/opt/gz_msgs_vendor:/opt/ros/jazzy/opt/gz_common_vendor:/opt/ros/jazzy/opt/gz_math_vendor:/opt/ros/jazzy/opt/gz_utils_vendor:/opt/ros/jazzy/opt/gz_tools_vendor:/opt/ros/jazzy/opt/gz_ogre_next_vendor:/opt/ros/jazzy/opt/gz_dartsim_vendor:/opt/ros/jazzy/opt/gz_cmake_vendor:/home/fizzer/my_robot_ws/install/bringup_nodes:/home/fizzer/gym_gazebo_ws/install/linefollow_RL:/home/fizzer/gym_gazebo_ws/install/cartpole_RL:/opt/ros/jazzy DEBUGINFOD_URLS=https://debuginfod.ubuntu.com PS1=(gym-gazebo) \[\e]0;\u@\h: \w\a\]${debian_chroot:+($debian_chroot)}\[\033[01;32m\]\u@\h\[\033[00m\]:\[\033[01;34m\]\w\[\033[00m\]\$ VIRTUAL_ENV_PROMPT=(gym-gazebo) /usr/bin/cmake --install /home/fizzer/my_robot_ws/build/my_robot_bringup
[0.662s] Level 1:colcon.colcon_core.environment:create_environment_scripts_only(my_robot_bringup)
[0.662s] Level 1:colcon.colcon_core.environment:checking '/home/fizzer/my_robot_ws/install/my_robot_bringup' for CMake module files
[0.663s] Level 1:colcon.colcon_core.environment:checking '/home/fizzer/my_robot_ws/install/my_robot_bringup' for CMake config files
[0.663s] DEBUG:colcon.colcon_core.event_handler.log_command:Invoked command in '/home/fizzer/my_robot_ws/build/my_robot_bringup' returned '0': CMAKE_PREFIX_PATH=/home/fizzer/my_robot_ws/install/my_robot_description:/home/fizzer/my_robot_ws/install/my_robot_bringup:/home/fizzer/my_robot_ws/install/custom_plugins:/home/fizzer/gym_gazebo_ws/install/my_agent_description:/home/fizzer/gym_gazebo_ws/install/my_agent_bringup:/home/fizzer/gym_gazebo_ws/install/custom_plugins:/opt/ros/jazzy/opt/gz_sim_vendor:/opt/ros/jazzy/opt/gz_sensors_vendor:/opt/ros/jazzy/opt/gz_physics_vendor:/opt/ros/jazzy/opt/sdformat_vendor:/opt/ros/jazzy/opt/gz_gui_vendor:/opt/ros/jazzy/opt/gz_transport_vendor:/opt/ros/jazzy/opt/gz_rendering_vendor:/opt/ros/jazzy/opt/gz_plugin_vendor:/opt/ros/jazzy/opt/gz_fuel_tools_vendor:/opt/ros/jazzy/opt/gz_msgs_vendor:/opt/ros/jazzy/opt/gz_common_vendor:/opt/ros/jazzy/opt/gz_math_vendor:/opt/ros/jazzy/opt/gz_utils_vendor:/opt/ros/jazzy/opt/gz_tools_vendor:/opt/ros/jazzy/opt/gz_ogre_next_vendor:/opt/ros/jazzy/opt/gz_dartsim_vendor:/opt/ros/jazzy/opt/gz_cmake_vendor:/home/fizzer/my_robot_ws/install/bringup_nodes:/home/fizzer/gym_gazebo_ws/install/linefollow_RL:/home/fizzer/gym_gazebo_ws/install/cartpole_RL:/opt/ros/jazzy DEBUGINFOD_URLS=https://debuginfod.ubuntu.com PS1=(gym-gazebo) \[\e]0;\u@\h: \w\a\]${debian_chroot:+($debian_chroot)}\[\033[01;32m\]\u@\h\[\033[00m\]:\[\033[01;34m\]\w\[\033[00m\]\$ VIRTUAL_ENV_PROMPT=(gym-gazebo) /usr/bin/cmake --install /home/fizzer/my_robot_ws/build/my_robot_bringup
[0.664s] Level 1:colcon.colcon_core.shell:create_environment_hook('my_robot_bringup', 'cmake_prefix_path')
[0.665s] INFO:colcon.colcon_core.shell:Creating environment hook '/home/fizzer/my_robot_ws/install/my_robot_bringup/share/my_robot_bringup/hook/cmake_prefix_path.ps1'
[0.665s] INFO:colcon.colcon_core.shell:Creating environment descriptor '/home/fizzer/my_robot_ws/install/my_robot_bringup/share/my_robot_bringup/hook/cmake_prefix_path.dsv'
[0.666s] INFO:colcon.colcon_core.shell:Creating environment hook '/home/fizzer/my_robot_ws/install/my_robot_bringup/share/my_robot_bringup/hook/cmake_prefix_path.sh'
[0.666s] Level 1:colcon.colcon_core.environment:checking '/home/fizzer/my_robot_ws/install/my_robot_bringup/bin'
[0.666s] Level 1:colcon.colcon_core.environment:checking '/home/fizzer/my_robot_ws/install/my_robot_bringup/lib/pkgconfig/my_robot_bringup.pc'
[0.666s] Level 1:colcon.colcon_core.environment:checking '/home/fizzer/my_robot_ws/install/my_robot_bringup/lib/python3.12/site-packages'
[0.667s] Level 1:colcon.colcon_core.environment:checking '/home/fizzer/my_robot_ws/install/my_robot_bringup/bin'
[0.667s] INFO:colcon.colcon_core.shell:Creating package script '/home/fizzer/my_robot_ws/install/my_robot_bringup/share/my_robot_bringup/package.ps1'
[0.667s] INFO:colcon.colcon_core.shell:Creating package descriptor '/home/fizzer/my_robot_ws/install/my_robot_bringup/share/my_robot_bringup/package.dsv'
[0.668s] INFO:colcon.colcon_core.shell:Creating package script '/home/fizzer/my_robot_ws/install/my_robot_bringup/share/my_robot_bringup/package.sh'
[0.668s] INFO:colcon.colcon_core.shell:Creating package script '/home/fizzer/my_robot_ws/install/my_robot_bringup/share/my_robot_bringup/package.bash'
[0.668s] INFO:colcon.colcon_core.shell:Creating package script '/home/fizzer/my_robot_ws/install/my_robot_bringup/share/my_robot_bringup/package.zsh'
[0.669s] Level 1:colcon.colcon_core.environment:create_file_with_runtime_dependencies(/home/fizzer/my_robot_ws/install/my_robot_bringup/share/colcon-core/packages/my_robot_bringup)
[0.669s] Level 1:colcon.colcon_core.environment:create_environment_scripts_only(my_robot_bringup)
[0.669s] Level 1:colcon.colcon_core.environment:checking '/home/fizzer/my_robot_ws/install/my_robot_bringup' for CMake module files
[0.670s] Level 1:colcon.colcon_core.environment:checking '/home/fizzer/my_robot_ws/install/my_robot_bringup' for CMake config files
[0.671s] Level 1:colcon.colcon_core.shell:create_environment_hook('my_robot_bringup', 'cmake_prefix_path')
[0.671s] INFO:colcon.colcon_core.shell:Creating environment hook '/home/fizzer/my_robot_ws/install/my_robot_bringup/share/my_robot_bringup/hook/cmake_prefix_path.ps1'
[0.671s] INFO:colcon.colcon_core.shell:Creating environment descriptor '/home/fizzer/my_robot_ws/install/my_robot_bringup/share/my_robot_bringup/hook/cmake_prefix_path.dsv'
[0.671s] INFO:colcon.colcon_core.shell:Creating environment hook '/home/fizzer/my_robot_ws/install/my_robot_bringup/share/my_robot_bringup/hook/cmake_prefix_path.sh'
[0.672s] Level 1:colcon.colcon_core.environment:checking '/home/fizzer/my_robot_ws/install/my_robot_bringup/bin'
[0.672s] Level 1:colcon.colcon_core.environment:checking '/home/fizzer/my_robot_ws/install/my_robot_bringup/lib/pkgconfig/my_robot_bringup.pc'
[0.672s] Level 1:colcon.colcon_core.environment:checking '/home/fizzer/my_robot_ws/install/my_robot_bringup/lib/python3.12/site-packages'
[0.672s] Level 1:colcon.colcon_core.environment:checking '/home/fizzer/my_robot_ws/install/my_robot_bringup/bin'
[0.672s] INFO:colcon.colcon_core.shell:Creating package script '/home/fizzer/my_robot_ws/install/my_robot_bringup/share/my_robot_bringup/package.ps1'
[0.673s] INFO:colcon.colcon_core.shell:Creating package descriptor '/home/fizzer/my_robot_ws/install/my_robot_bringup/share/my_robot_bringup/package.dsv'
[0.674s] INFO:colcon.colcon_core.shell:Creating package script '/home/fizzer/my_robot_ws/install/my_robot_bringup/share/my_robot_bringup/package.sh'
[0.674s] INFO:colcon.colcon_core.shell:Creating package script '/home/fizzer/my_robot_ws/install/my_robot_bringup/share/my_robot_bringup/package.bash'
[0.674s] INFO:colcon.colcon_core.shell:Creating package script '/home/fizzer/my_robot_ws/install/my_robot_bringup/share/my_robot_bringup/package.zsh'
[0.675s] Level 1:colcon.colcon_core.environment:create_file_with_runtime_dependencies(/home/fizzer/my_robot_ws/install/my_robot_bringup/share/colcon-core/packages/my_robot_bringup)
[1.200s] DEBUG:colcon.colcon_core.event_handler.log_command:Invoking command in '/home/fizzer/my_robot_ws/src/bringup_nodes': DEBUGINFOD_URLS=https://debuginfod.ubuntu.com PS1=(gym-gazebo) \[\e]0;\u@\h: \w\a\]${debian_chroot:+($debian_chroot)}\[\033[01;32m\]\u@\h\[\033[00m\]:\[\033[01;34m\]\w\[\033[00m\]\$ PYTHONPATH=/home/fizzer/my_robot_ws/build/bringup_nodes/prefix_override:/usr/lib/python3/dist-packages/colcon_core/task/python/colcon_distutils_commands:/home/fizzer/my_robot_ws/install/bringup_nodes/lib/python3.12/site-packages:${PYTHONPATH} VIRTUAL_ENV_PROMPT=(gym-gazebo) /usr/bin/python3 -W ignore:setup.py install is deprecated -W ignore:easy_install command is deprecated setup.py egg_info --egg-base ../../build/bringup_nodes build --build-base /home/fizzer/my_robot_ws/build/bringup_nodes/build install --record /home/fizzer/my_robot_ws/build/bringup_nodes/install.log --single-version-externally-managed install_data
[1.651s] Level 1:colcon.colcon_core.environment:checking '/home/fizzer/my_robot_ws/install/bringup_nodes' for CMake module files
[1.652s] DEBUG:colcon.colcon_core.event_handler.log_command:Invoked command in '/home/fizzer/my_robot_ws/src/bringup_nodes' returned '0': DEBUGINFOD_URLS=https://debuginfod.ubuntu.com PS1=(gym-gazebo) \[\e]0;\u@\h: \w\a\]${debian_chroot:+($debian_chroot)}\[\033[01;32m\]\u@\h\[\033[00m\]:\[\033[01;34m\]\w\[\033[00m\]\$ PYTHONPATH=/home/fizzer/my_robot_ws/build/bringup_nodes/prefix_override:/usr/lib/python3/dist-packages/colcon_core/task/python/colcon_distutils_commands:/home/fizzer/my_robot_ws/install/bringup_nodes/lib/python3.12/site-packages:${PYTHONPATH} VIRTUAL_ENV_PROMPT=(gym-gazebo) /usr/bin/python3 -W ignore:setup.py install is deprecated -W ignore:easy_install command is deprecated setup.py egg_info --egg-base ../../build/bringup_nodes build --build-base /home/fizzer/my_robot_ws/build/bringup_nodes/build install --record /home/fizzer/my_robot_ws/build/bringup_nodes/install.log --single-version-externally-managed install_data
[1.652s] Level 1:colcon.colcon_core.environment:checking '/home/fizzer/my_robot_ws/install/bringup_nodes' for CMake config files
[1.652s] Level 1:colcon.colcon_core.environment:checking '/home/fizzer/my_robot_ws/install/bringup_nodes/lib'
[1.652s] Level 1:colcon.colcon_core.environment:checking '/home/fizzer/my_robot_ws/install/bringup_nodes/bin'
[1.653s] Level 1:colcon.colcon_core.environment:checking '/home/fizzer/my_robot_ws/install/bringup_nodes/lib/pkgconfig/bringup_nodes.pc'
[1.653s] Level 1:colcon.colcon_core.environment:checking '/home/fizzer/my_robot_ws/install/bringup_nodes/lib/python3.12/site-packages'
[1.653s] Level 1:colcon.colcon_core.shell:create_environment_hook('bringup_nodes', 'pythonpath')
[1.653s] INFO:colcon.colcon_core.shell:Creating environment hook '/home/fizzer/my_robot_ws/install/bringup_nodes/share/bringup_nodes/hook/pythonpath.ps1'
[1.654s] INFO:colcon.colcon_core.shell:Creating environment descriptor '/home/fizzer/my_robot_ws/install/bringup_nodes/share/bringup_nodes/hook/pythonpath.dsv'
[1.654s] INFO:colcon.colcon_core.shell:Creating environment hook '/home/fizzer/my_robot_ws/install/bringup_nodes/share/bringup_nodes/hook/pythonpath.sh'
[1.655s] Level 1:colcon.colcon_core.environment:checking '/home/fizzer/my_robot_ws/install/bringup_nodes/bin'
[1.655s] Level 1:colcon.colcon_core.environment:create_environment_scripts_only(bringup_nodes)
[1.655s] INFO:colcon.colcon_core.shell:Creating package script '/home/fizzer/my_robot_ws/install/bringup_nodes/share/bringup_nodes/package.ps1'
[1.656s] INFO:colcon.colcon_core.shell:Creating package descriptor '/home/fizzer/my_robot_ws/install/bringup_nodes/share/bringup_nodes/package.dsv'
[1.656s] INFO:colcon.colcon_core.shell:Creating package script '/home/fizzer/my_robot_ws/install/bringup_nodes/share/bringup_nodes/package.sh'
[1.656s] INFO:colcon.colcon_core.shell:Creating package script '/home/fizzer/my_robot_ws/install/bringup_nodes/share/bringup_nodes/package.bash'
[1.657s] INFO:colcon.colcon_core.shell:Creating package script '/home/fizzer/my_robot_ws/install/bringup_nodes/share/bringup_nodes/package.zsh'
[1.657s] Level 1:colcon.colcon_core.environment:create_file_with_runtime_dependencies(/home/fizzer/my_robot_ws/install/bringup_nodes/share/colcon-core/packages/bringup_nodes)
[5.564s] DEBUG:colcon.colcon_core.event_handler.log_command:Invoked command in '/home/fizzer/my_robot_ws/build/custom_plugins' returned '0': CMAKE_PREFIX_PATH=${CMAKE_PREFIX_PATH}:/home/fizzer/my_robot_ws/install/bringup_nodes:/home/fizzer/gym_gazebo_ws/install/linefollow_RL:/home/fizzer/gym_gazebo_ws/install/cartpole_RL:/opt/ros/jazzy DEBUGINFOD_URLS=https://debuginfod.ubuntu.com PS1=(gym-gazebo) \[\e]0;\u@\h: \w\a\]${debian_chroot:+($debian_chroot)}\[\033[01;32m\]\u@\h\[\033[00m\]:\[\033[01;34m\]\w\[\033[00m\]\$ VIRTUAL_ENV_PROMPT=(gym-gazebo) /usr/bin/cmake --build /home/fizzer/my_robot_ws/build/custom_plugins -- -j4 -l4
[5.564s] DEBUG:colcon.colcon_core.event_handler.log_command:Invoking command in '/home/fizzer/my_robot_ws/build/custom_plugins': CMAKE_PREFIX_PATH=${CMAKE_PREFIX_PATH}:/home/fizzer/my_robot_ws/install/bringup_nodes:/home/fizzer/gym_gazebo_ws/install/linefollow_RL:/home/fizzer/gym_gazebo_ws/install/cartpole_RL:/opt/ros/jazzy DEBUGINFOD_URLS=https://debuginfod.ubuntu.com PS1=(gym-gazebo) \[\e]0;\u@\h: \w\a\]${debian_chroot:+($debian_chroot)}\[\033[01;32m\]\u@\h\[\033[00m\]:\[\033[01;34m\]\w\[\033[00m\]\$ VIRTUAL_ENV_PROMPT=(gym-gazebo) /usr/bin/cmake --install /home/fizzer/my_robot_ws/build/custom_plugins
[5.588s] Level 1:colcon.colcon_core.environment:create_environment_scripts_only(custom_plugins)
[5.588s] Level 1:colcon.colcon_core.environment:checking '/home/fizzer/my_robot_ws/install/custom_plugins' for CMake module files
[5.589s] DEBUG:colcon.colcon_core.event_handler.log_command:Invoked command in '/home/fizzer/my_robot_ws/build/custom_plugins' returned '0': CMAKE_PREFIX_PATH=${CMAKE_PREFIX_PATH}:/home/fizzer/my_robot_ws/install/bringup_nodes:/home/fizzer/gym_gazebo_ws/install/linefollow_RL:/home/fizzer/gym_gazebo_ws/install/cartpole_RL:/opt/ros/jazzy DEBUGINFOD_URLS=https://debuginfod.ubuntu.com PS1=(gym-gazebo) \[\e]0;\u@\h: \w\a\]${debian_chroot:+($debian_chroot)}\[\033[01;32m\]\u@\h\[\033[00m\]:\[\033[01;34m\]\w\[\033[00m\]\$ VIRTUAL_ENV_PROMPT=(gym-gazebo) /usr/bin/cmake --install /home/fizzer/my_robot_ws/build/custom_plugins
[5.589s] Level 1:colcon.colcon_core.environment:checking '/home/fizzer/my_robot_ws/install/custom_plugins' for CMake config files
[5.589s] Level 1:colcon.colcon_core.shell:create_environment_hook('custom_plugins', 'cmake_prefix_path')
[5.589s] INFO:colcon.colcon_core.shell:Creating environment hook '/home/fizzer/my_robot_ws/install/custom_plugins/share/custom_plugins/hook/cmake_prefix_path.ps1'
[5.590s] INFO:colcon.colcon_core.shell:Creating environment descriptor '/home/fizzer/my_robot_ws/install/custom_plugins/share/custom_plugins/hook/cmake_prefix_path.dsv'
[5.590s] INFO:colcon.colcon_core.shell:Creating environment hook '/home/fizzer/my_robot_ws/install/custom_plugins/share/custom_plugins/hook/cmake_prefix_path.sh'
[5.591s] Level 1:colcon.colcon_core.environment:checking '/home/fizzer/my_robot_ws/install/custom_plugins/lib'
[5.591s] Level 1:colcon.colcon_core.shell:create_environment_hook('custom_plugins', 'ld_library_path_lib')
[5.591s] INFO:colcon.colcon_core.shell:Creating environment hook '/home/fizzer/my_robot_ws/install/custom_plugins/share/custom_plugins/hook/ld_library_path_lib.ps1'
[5.592s] INFO:colcon.colcon_core.shell:Creating environment descriptor '/home/fizzer/my_robot_ws/install/custom_plugins/share/custom_plugins/hook/ld_library_path_lib.dsv'
[5.593s] INFO:colcon.colcon_core.shell:Creating environment hook '/home/fizzer/my_robot_ws/install/custom_plugins/share/custom_plugins/hook/ld_library_path_lib.sh'
[5.593s] Level 1:colcon.colcon_core.environment:checking '/home/fizzer/my_robot_ws/install/custom_plugins/bin'
[5.593s] Level 1:colcon.colcon_core.environment:checking '/home/fizzer/my_robot_ws/install/custom_plugins/lib/pkgconfig/custom_plugins.pc'
[5.593s] Level 1:colcon.colcon_core.environment:checking '/home/fizzer/my_robot_ws/install/custom_plugins/lib/python3.12/site-packages'
[5.594s] Level 1:colcon.colcon_core.environment:checking '/home/fizzer/my_robot_ws/install/custom_plugins/bin'
[5.594s] INFO:colcon.colcon_core.shell:Creating package script '/home/fizzer/my_robot_ws/install/custom_plugins/share/custom_plugins/package.ps1'
[5.595s] INFO:colcon.colcon_core.shell:Creating package descriptor '/home/fizzer/my_robot_ws/install/custom_plugins/share/custom_plugins/package.dsv'
[5.595s] INFO:colcon.colcon_core.shell:Creating package script '/home/fizzer/my_robot_ws/install/custom_plugins/share/custom_plugins/package.sh'
[5.595s] INFO:colcon.colcon_core.shell:Creating package script '/home/fizzer/my_robot_ws/install/custom_plugins/share/custom_plugins/package.bash'
[5.596s] INFO:colcon.colcon_core.shell:Creating package script '/home/fizzer/my_robot_ws/install/custom_plugins/share/custom_plugins/package.zsh'
[5.596s] Level 1:colcon.colcon_core.environment:create_file_with_runtime_dependencies(/home/fizzer/my_robot_ws/install/custom_plugins/share/colcon-core/packages/custom_plugins)
[5.597s] Level 1:colcon.colcon_core.environment:create_environment_scripts_only(custom_plugins)
[5.597s] Level 1:colcon.colcon_core.environment:checking '/home/fizzer/my_robot_ws/install/custom_plugins' for CMake module files
[5.597s] Level 1:colcon.colcon_core.environment:checking '/home/fizzer/my_robot_ws/install/custom_plugins' for CMake config files
[5.597s] Level 1:colcon.colcon_core.shell:create_environment_hook('custom_plugins', 'cmake_prefix_path')
[5.597s] INFO:colcon.colcon_core.shell:Creating environment hook '/home/fizzer/my_robot_ws/install/custom_plugins/share/custom_plugins/hook/cmake_prefix_path.ps1'
[5.598s] INFO:colcon.colcon_core.shell:Creating environment descriptor '/home/fizzer/my_robot_ws/install/custom_plugins/share/custom_plugins/hook/cmake_prefix_path.dsv'
[5.598s] INFO:colcon.colcon_core.shell:Creating environment hook '/home/fizzer/my_robot_ws/install/custom_plugins/share/custom_plugins/hook/cmake_prefix_path.sh'
[5.598s] Level 1:colcon.colcon_core.environment:checking '/home/fizzer/my_robot_ws/install/custom_plugins/lib'
[5.598s] Level 1:colcon.colcon_core.shell:create_environment_hook('custom_plugins', 'ld_library_path_lib')
[5.599s] INFO:colcon.colcon_core.shell:Creating environment hook '/home/fizzer/my_robot_ws/install/custom_plugins/share/custom_plugins/hook/ld_library_path_lib.ps1'
[5.599s] INFO:colcon.colcon_core.shell:Creating environment descriptor '/home/fizzer/my_robot_ws/install/custom_plugins/share/custom_plugins/hook/ld_library_path_lib.dsv'
[5.599s] INFO:colcon.colcon_core.shell:Creating environment hook '/home/fizzer/my_robot_ws/install/custom_plugins/share/custom_plugins/hook/ld_library_path_lib.sh'
[5.599s] Level 1:colcon.colcon_core.environment:checking '/home/fizzer/my_robot_ws/install/custom_plugins/bin'
[5.600s] Level 1:colcon.colcon_core.environment:checking '/home/fizzer/my_robot_ws/install/custom_plugins/lib/pkgconfig/custom_plugins.pc'
[5.600s] Level 1:colcon.colcon_core.environment:checking '/home/fizzer/my_robot_ws/install/custom_plugins/lib/python3.12/site-packages'
[5.600s] Level 1:colcon.colcon_core.environment:checking '/home/fizzer/my_robot_ws/install/custom_plugins/bin'
[5.600s] INFO:colcon.colcon_core.shell:Creating package script '/home/fizzer/my_robot_ws/install/custom_plugins/share/custom_plugins/package.ps1'
[5.601s] INFO:colcon.colcon_core.shell:Creating package descriptor '/home/fizzer/my_robot_ws/install/custom_plugins/share/custom_plugins/package.dsv'
[5.601s] INFO:colcon.colcon_core.shell:Creating package script '/home/fizzer/my_robot_ws/install/custom_plugins/share/custom_plugins/package.sh'
[5.601s] INFO:colcon.colcon_core.shell:Creating package script '/home/fizzer/my_robot_ws/install/custom_plugins/share/custom_plugins/package.bash'
[5.601s] INFO:colcon.colcon_core.shell:Creating package script '/home/fizzer/my_robot_ws/install/custom_plugins/share/custom_plugins/package.zsh'
[5.602s] Level 1:colcon.colcon_core.environment:create_file_with_runtime_dependencies(/home/fizzer/my_robot_ws/install/custom_plugins/share/colcon-core/packages/custom_plugins)
[5.602s] DEBUG:colcon.colcon_parallel_executor.executor.parallel:closing loop
[5.602s] DEBUG:colcon.colcon_parallel_executor.executor.parallel:loop closed
[5.602s] DEBUG:colcon.colcon_parallel_executor.executor.parallel:run_until_complete finished with '0'
[5.602s] DEBUG:colcon.colcon_core.event_reactor:joining thread
[5.607s] INFO:colcon.colcon_core.plugin_system:Skipping extension 'colcon_notification.desktop_notification.terminal_notifier': Not used on non-Darwin systems
[5.607s] INFO:colcon.colcon_core.plugin_system:Skipping extension 'colcon_notification.desktop_notification.win32': Not used on non-Windows systems
[5.607s] INFO:colcon.colcon_notification.desktop_notification:Sending desktop notification using 'notify2'
[5.615s] DEBUG:colcon.colcon_core.event_reactor:joined thread
[5.615s] INFO:colcon.colcon_core.shell:Creating prefix script '/home/fizzer/my_robot_ws/install/local_setup.ps1'
[5.616s] INFO:colcon.colcon_core.shell:Creating prefix util module '/home/fizzer/my_robot_ws/install/_local_setup_util_ps1.py'
[5.616s] INFO:colcon.colcon_core.shell:Creating prefix chain script '/home/fizzer/my_robot_ws/install/setup.ps1'
[5.617s] INFO:colcon.colcon_core.shell:Creating prefix script '/home/fizzer/my_robot_ws/install/local_setup.sh'
[5.618s] INFO:colcon.colcon_core.shell:Creating prefix util module '/home/fizzer/my_robot_ws/install/_local_setup_util_sh.py'
[5.618s] INFO:colcon.colcon_core.shell:Creating prefix chain script '/home/fizzer/my_robot_ws/install/setup.sh'
[5.619s] INFO:colcon.colcon_core.shell:Creating prefix script '/home/fizzer/my_robot_ws/install/local_setup.bash'
[5.632s] INFO:colcon.colcon_core.shell:Creating prefix chain script '/home/fizzer/my_robot_ws/install/setup.bash'
[5.633s] INFO:colcon.colcon_core.shell:Creating prefix script '/home/fizzer/my_robot_ws/install/local_setup.zsh'
[5.633s] INFO:colcon.colcon_core.shell:Creating prefix chain script '/home/fizzer/my_robot_ws/install/setup.zsh'
