[0.009s] Invoking command in '/home/fizzer/my_robot_ws/build/my_robot_bringup': CMAKE_PREFIX_PATH=${CMAKE_PREFIX_PATH}:/opt/ros/jazzy DEBUGINFOD_URLS=https://debuginfod.ubuntu.com /usr/bin/cmake /home/fizzer/my_robot_ws/src/my_robot_bringup -DCMAKE_INSTALL_PREFIX=/home/fizzer/my_robot_ws/install/my_robot_bringup
[0.309s] -- The C compiler identification is GNU 13.3.0
[0.375s] -- The CXX compiler identification is GNU 13.3.0
[0.393s] -- Detecting C compiler ABI info
[0.462s] -- Detecting C compiler ABI info - done
[0.468s] -- Check for working C compiler: /usr/bin/cc - skipped
[0.469s] -- Detecting C compile features
[0.470s] -- Detecting C compile features - done
[0.478s] -- Detecting CXX compiler ABI info
[0.556s] -- Detecting CXX compiler ABI info - done
[0.563s] -- Check for working CXX compiler: /usr/bin/c++ - skipped
[0.563s] -- Detecting CXX compile features
[0.564s] -- Detecting CXX compile features - done
[0.572s] -- Found ament_cmake: 2.5.6 (/opt/ros/jazzy/share/ament_cmake/cmake)
[0.684s] -- Found Python3: /usr/bin/python3 (found version "3.12.3") found components: Interpreter 
[0.792s] -- Found ament_lint_auto: 0.17.5 (/opt/ros/jazzy/share/ament_lint_auto/cmake)
[0.880s] -- Added test 'lint_cmake' to check CMake code style
[0.882s] -- Added test 'xmllint' to check XML markup files
[0.884s] -- Configuring done (0.9s)
[0.886s] -- Generating done (0.0s)
[0.886s] -- Build files have been written to: /home/fizzer/my_robot_ws/build/my_robot_bringup
[0.891s] Invoked command in '/home/fizzer/my_robot_ws/build/my_robot_bringup' returned '0': CMAKE_PREFIX_PATH=${CMAKE_PREFIX_PATH}:/opt/ros/jazzy DEBUGINFOD_URLS=https://debuginfod.ubuntu.com /usr/bin/cmake /home/fizzer/my_robot_ws/src/my_robot_bringup -DCMAKE_INSTALL_PREFIX=/home/fizzer/my_robot_ws/install/my_robot_bringup
[0.891s] Invoking command in '/home/fizzer/my_robot_ws/build/my_robot_bringup': CMAKE_PREFIX_PATH=${CMAKE_PREFIX_PATH}:/opt/ros/jazzy DEBUGINFOD_URLS=https://debuginfod.ubuntu.com /usr/bin/cmake --build /home/fizzer/my_robot_ws/build/my_robot_bringup -- -j4 -l4
[0.918s] Invoked command in '/home/fizzer/my_robot_ws/build/my_robot_bringup' returned '0': CMAKE_PREFIX_PATH=${CMAKE_PREFIX_PATH}:/opt/ros/jazzy DEBUGINFOD_URLS=https://debuginfod.ubuntu.com /usr/bin/cmake --build /home/fizzer/my_robot_ws/build/my_robot_bringup -- -j4 -l4
[0.919s] Invoking command in '/home/fizzer/my_robot_ws/build/my_robot_bringup': CMAKE_PREFIX_PATH=${CMAKE_PREFIX_PATH}:/opt/ros/jazzy DEBUGINFOD_URLS=https://debuginfod.ubuntu.com /usr/bin/cmake --install /home/fizzer/my_robot_ws/build/my_robot_bringup
[0.925s] -- Install configuration: ""
[0.925s] -- Installing: /home/fizzer/my_robot_ws/install/my_robot_bringup/share/my_robot_bringup//launch
[0.925s] -- Installing: /home/fizzer/my_robot_ws/install/my_robot_bringup/share/my_robot_bringup//launch/my_robot.launch.xml
[0.925s] -- Installing: /home/fizzer/my_robot_ws/install/my_robot_bringup/share/my_robot_bringup//config
[0.925s] -- Installing: /home/fizzer/my_robot_ws/install/my_robot_bringup/share/ament_index/resource_index/package_run_dependencies/my_robot_bringup
[0.925s] -- Installing: /home/fizzer/my_robot_ws/install/my_robot_bringup/share/ament_index/resource_index/parent_prefix_path/my_robot_bringup
[0.925s] -- Installing: /home/fizzer/my_robot_ws/install/my_robot_bringup/share/my_robot_bringup/environment/ament_prefix_path.sh
[0.925s] -- Installing: /home/fizzer/my_robot_ws/install/my_robot_bringup/share/my_robot_bringup/environment/ament_prefix_path.dsv
[0.925s] -- Installing: /home/fizzer/my_robot_ws/install/my_robot_bringup/share/my_robot_bringup/environment/path.sh
[0.925s] -- Installing: /home/fizzer/my_robot_ws/install/my_robot_bringup/share/my_robot_bringup/environment/path.dsv
[0.925s] -- Installing: /home/fizzer/my_robot_ws/install/my_robot_bringup/share/my_robot_bringup/local_setup.bash
[0.925s] -- Installing: /home/fizzer/my_robot_ws/install/my_robot_bringup/share/my_robot_bringup/local_setup.sh
[0.925s] -- Installing: /home/fizzer/my_robot_ws/install/my_robot_bringup/share/my_robot_bringup/local_setup.zsh
[0.926s] -- Installing: /home/fizzer/my_robot_ws/install/my_robot_bringup/share/my_robot_bringup/local_setup.dsv
[0.926s] -- Installing: /home/fizzer/my_robot_ws/install/my_robot_bringup/share/my_robot_bringup/package.dsv
[0.926s] -- Installing: /home/fizzer/my_robot_ws/install/my_robot_bringup/share/ament_index/resource_index/packages/my_robot_bringup
[0.926s] -- Installing: /home/fizzer/my_robot_ws/install/my_robot_bringup/share/my_robot_bringup/cmake/my_robot_bringupConfig.cmake
[0.926s] -- Installing: /home/fizzer/my_robot_ws/install/my_robot_bringup/share/my_robot_bringup/cmake/my_robot_bringupConfig-version.cmake
[0.926s] -- Installing: /home/fizzer/my_robot_ws/install/my_robot_bringup/share/my_robot_bringup/package.xml
[0.927s] Invoked command in '/home/fizzer/my_robot_ws/build/my_robot_bringup' returned '0': CMAKE_PREFIX_PATH=${CMAKE_PREFIX_PATH}:/opt/ros/jazzy DEBUGINFOD_URLS=https://debuginfod.ubuntu.com /usr/bin/cmake --install /home/fizzer/my_robot_ws/build/my_robot_bringup
