[0.008s] Invoking command in '/home/fizzer/my_robot_ws/build/custom_plugins': CMAKE_PREFIX_PATH=${CMAKE_PREFIX_PATH}:/home/fizzer/my_robot_ws/install/bringup_nodes:/opt/ros/jazzy DEBUGINFOD_URLS=https://debuginfod.ubuntu.com /usr/bin/cmake /home/fizzer/my_robot_ws/src/custom_plugins -DCMAKE_INSTALL_PREFIX=/home/fizzer/my_robot_ws/install/custom_plugins
[0.029s] -- Found ament_cmake: 2.5.6 (/opt/ros/jazzy/share/ament_cmake/cmake)
[0.205s] -- Override CMake install command with custom implementation using symlinks instead of copying resources
[0.216s] -- Looking for gz-sim8 -- found version 8.11.0
[0.225s] -- Searching for dependencies of gz-sim8
[0.225s] -- Looking for sdformat14 -- found version 14.9.0
[0.225s] -- Searching for dependencies of sdformat14
[0.232s] -- Checking for module 'tinyxml2'
[0.242s] --   Found tinyxml2, version 10.0.0
[0.262s] -- Looking for gz-math7 -- found version 7.5.2
[0.262s] -- Searching for dependencies of gz-math7
[0.262s] -- Looking for gz-utils2 -- found version 2.2.1
[0.263s] -- Searching for dependencies of gz-utils2
[0.265s] -- Looking for gz-utils2 -- found version 2.2.1
[0.265s] -- Searching for dependencies of gz-utils2
[0.265s] -- Searching for <gz-utils2> component [cli]
[0.267s] -- Looking for gz-utils2-cli -- found version 2.2.1
[0.267s] -- Searching for dependencies of gz-utils2-cli
[0.269s] -- Looking for gz-plugin2 -- found version 2.0.4
[0.270s] -- Searching for dependencies of gz-plugin2
[0.270s] -- Looking for gz-utils2 -- found version 2.2.1
[0.272s] -- Searching for <gz-plugin2> component [loader]
[0.272s] -- Looking for gz-plugin2-loader -- found version 2.0.4
[0.273s] -- Searching for dependencies of gz-plugin2-loader
[0.273s] -- Searching for <gz-plugin2> component [register]
[0.274s] -- Looking for gz-plugin2-register -- found version 2.0.4
[0.274s] -- Searching for dependencies of gz-plugin2-register
[0.276s] -- Looking for gz-transport13 -- found version 13.5.0
[0.276s] -- Searching for dependencies of gz-transport13
[0.305s] -- Config-file not installed for ZeroMQ -- checking for pkg-config
[0.308s] -- Checking for module 'libzmq >= 4'
[0.318s] --   Found libzmq, version 4.3.5
[0.350s] -- Checking for module 'uuid'
[0.360s] --   Found uuid, version 2.39.3
[0.381s] -- Looking for gz-utils2 -- found version 2.2.1
[0.382s] -- Looking for gz-msgs10 -- found version 10.3.2
[0.382s] -- Searching for dependencies of gz-msgs10
[0.397s] -- Looking for gz-utils2 -- found version 2.2.1
[0.397s] -- Looking for gz-math7 -- found version 7.5.2
[0.405s] -- Searching for <gz-transport13> component [log]
[0.405s] -- Looking for gz-transport13-log -- found version 13.5.0
[0.406s] -- Searching for dependencies of gz-transport13-log
[0.406s] -- Searching for <gz-transport13> component [parameters]
[0.407s] -- Looking for gz-transport13-parameters -- found version 13.5.0
[0.407s] -- Searching for dependencies of gz-transport13-parameters
[0.408s] -- Looking for gz-msgs10 -- found version 10.3.2
[0.410s] -- Looking for gz-common5 -- found version 5.8.0
[0.410s] -- Searching for dependencies of gz-common5
[0.410s] -- Looking for gz-utils2 -- found version 2.2.1
[0.410s] -- Looking for dlfcn.h - found
[0.411s] -- Looking for libdl - found
[0.417s] -- Searching for <gz-common5> component [av]
[0.418s] -- Looking for gz-common5-av -- found version 5.8.0
[0.418s] -- Searching for dependencies of gz-common5-av
[0.422s] -- Checking for module 'libswscale'
[0.433s] --   Found libswscale, version 7.5.100
[0.457s] -- Checking for module 'libavdevice >= 56.4.100'
[0.466s] --   Found libavdevice, version 60.3.100
[0.504s] -- Checking for module 'libavformat'
[0.514s] --   Found libavformat, version 60.16.100
[0.543s] -- Checking for module 'libavcodec'
[0.555s] --   Found libavcodec, version 60.31.102
[0.584s] -- Checking for module 'libavutil'
[0.594s] --   Found libavutil, version 58.29.100
[0.622s] -- Searching for <gz-common5> component [events]
[0.623s] -- Looking for gz-common5-events -- found version 5.8.0
[0.623s] -- Searching for dependencies of gz-common5-events
[0.623s] -- Looking for gz-math7 -- found version 7.5.2
[0.625s] -- Searching for <gz-common5> component [graphics]
[0.626s] -- Looking for gz-common5-graphics -- found version 5.8.0
[0.626s] -- Searching for dependencies of gz-common5-graphics
[0.627s] -- Looking for gz-math7 -- found version 7.5.2
[0.630s] -- Searching for <gz-common5> component [io]
[0.631s] -- Looking for gz-common5-io -- found version 5.8.0
[0.632s] -- Searching for dependencies of gz-common5-io
[0.632s] -- Searching for <gz-common5> component [profiler]
[0.633s] -- Looking for gz-common5-profiler -- found version 5.8.0
[0.634s] -- Searching for dependencies of gz-common5-profiler
[0.636s] -- Looking for gz-fuel_tools9 -- found version 9.1.1
[0.636s] -- Searching for dependencies of gz-fuel_tools9
[0.677s] -- Checking for module 'jsoncpp'
[0.690s] --   Found jsoncpp, version 1.9.5
[0.729s] -- Checking for module 'yaml-0.1'
[0.739s] --   Found yaml-0.1, version 0.2.5
[0.764s] -- Checking for module 'libzip'
[0.775s] --   Found libzip, version 1.7.3
[0.796s] -- Looking for gz-utils2 -- found version 2.2.1
[0.796s] -- Looking for gz-common5 -- found version 5.8.0
[0.796s] -- Searching for dependencies of gz-common5
[0.796s] -- Looking for gz-utils2 -- found version 2.2.1
[0.797s] -- Looking for dlfcn.h - found
[0.797s] -- Looking for libdl - found
[0.801s] -- Searching for <gz-common5> component [testing]
[0.802s] -- Looking for gz-common5-testing -- found version 5.8.0
[0.803s] -- Searching for dependencies of gz-common5-testing
[0.804s] -- Looking for gz-math7 -- found version 7.5.2
[0.804s] -- Looking for gz-msgs10 -- found version 10.3.2
[0.806s] -- Looking for gz-gui8 -- found version 8.4.0
[0.807s] -- Searching for dependencies of gz-gui8
[0.825s] -- Looking for gz-utils2 -- found version 2.2.1
[0.826s] -- Looking for gz-math7 -- found version 7.5.2
[0.826s] -- Looking for gz-common5 -- found version 5.8.0
[0.826s] -- Looking for gz-plugin2 -- found version 2.0.4
[0.826s] -- Looking for gz-transport13 -- found version 13.5.0
[0.827s] -- Looking for gz-rendering8 -- found version 8.2.3
[0.827s] -- Searching for dependencies of gz-rendering8
[0.827s] -- Looking for gz-math7 -- found version 7.5.2
[0.827s] -- Searching for dependencies of gz-math7
[0.827s] -- Looking for gz-utils2 -- found version 2.2.1
[0.827s] -- Searching for <gz-math7> component [eigen3]
[0.829s] -- Looking for gz-math7-eigen3 -- found version 7.5.2
[0.829s] -- Searching for dependencies of gz-math7-eigen3
[0.831s] -- Looking for gz-common5 -- found version 5.8.0
[0.831s] -- Searching for dependencies of gz-common5
[0.832s] -- Looking for gz-utils2 -- found version 2.2.1
[0.832s] -- Looking for dlfcn.h - found
[0.832s] -- Looking for libdl - found
[0.837s] -- Searching for <gz-common5> component [graphics]
[0.837s] -- Searching for <gz-common5> component [events]
[0.837s] -- Searching for <gz-common5> component [geospatial]
[0.838s] -- Looking for gz-common5-geospatial -- found version 5.8.0
[0.838s] -- Searching for dependencies of gz-common5-geospatial
[0.839s] -- Looking for gz-math7 -- found version 7.5.2
[0.839s] -- Looking for gz-common5 -- found version 5.8.0
[0.840s] -- Looking for gz-plugin2 -- found version 2.0.4
[0.840s] -- Searching for dependencies of gz-plugin2
[0.841s] -- Looking for gz-utils2 -- found version 2.2.1
[0.841s] -- Searching for <gz-plugin2> component [all]
[0.842s] -- Looking for all libraries of gz-plugin2 -- found version 2.0.4
[0.842s] -- Looking for gz-plugin2 -- found version 2.0.4
[0.843s] -- Looking for gz-utils2 -- found version 2.2.1
[0.849s] -- Looking for gz-msgs10 -- found version 10.3.2
[0.870s] -- Looking for gz-physics7 -- found version 7.6.0
[0.870s] -- Searching for dependencies of gz-physics7
[0.870s] -- Looking for gz-common5 -- found version 5.8.0
[0.871s] -- Looking for gz-math7 -- found version 7.5.2
[0.871s] -- Looking for gz-plugin2 -- found version 2.0.4
[0.871s] -- Looking for gz-utils2 -- found version 2.2.1
[0.872s] -- Searching for <gz-physics7> component [heightmap]
[0.873s] -- Looking for gz-physics7-heightmap -- found version 7.6.0
[0.873s] -- Searching for dependencies of gz-physics7-heightmap
[0.873s] -- Looking for gz-common5 -- found version 5.8.0
[0.874s] -- Searching for <gz-physics7> component [mesh]
[0.875s] -- Looking for gz-physics7-mesh -- found version 7.6.0
[0.875s] -- Searching for dependencies of gz-physics7-mesh
[0.875s] -- Looking for gz-common5 -- found version 5.8.0
[0.876s] -- Searching for <gz-physics7> component [sdf]
[0.876s] -- Looking for gz-physics7-sdf -- found version 7.6.0
[0.876s] -- Searching for dependencies of gz-physics7-sdf
[0.876s] -- Looking for sdformat14 -- found version 14.9.0
[0.877s] -- Looking for gz-sensors8 -- found version 8.2.2
[0.877s] -- Searching for dependencies of gz-sensors8
[0.892s] -- Looking for gz-math7 -- found version 7.5.2
[0.892s] -- Looking for gz-common5 -- found version 5.8.0
[0.893s] -- Looking for gz-transport13 -- found version 13.5.0
[0.893s] -- Looking for gz-rendering8 -- found version 8.2.3
[0.893s] -- Looking for gz-msgs10 -- found version 10.3.2
[0.895s] -- Looking for sdformat14 -- found version 14.9.0
[0.897s] -- Searching for <gz-sensors8> component [air_pressure]
[0.897s] -- Looking for gz-sensors8-air_pressure -- found version 8.2.2
[0.897s] -- Searching for dependencies of gz-sensors8-air_pressure
[0.898s] -- Searching for <gz-sensors8> component [air_speed]
[0.900s] -- Looking for gz-sensors8-air_speed -- found version 8.2.2
[0.900s] -- Searching for dependencies of gz-sensors8-air_speed
[0.901s] -- Searching for <gz-sensors8> component [altimeter]
[0.903s] -- Looking for gz-sensors8-altimeter -- found version 8.2.2
[0.903s] -- Searching for dependencies of gz-sensors8-altimeter
[0.903s] -- Searching for <gz-sensors8> component [imu]
[0.903s] -- Looking for gz-sensors8-imu -- found version 8.2.2
[0.904s] -- Searching for dependencies of gz-sensors8-imu
[0.904s] -- Searching for <gz-sensors8> component [force_torque]
[0.905s] -- Looking for gz-sensors8-force_torque -- found version 8.2.2
[0.905s] -- Searching for dependencies of gz-sensors8-force_torque
[0.906s] -- Searching for <gz-sensors8> component [logical_camera]
[0.907s] -- Looking for gz-sensors8-logical_camera -- found version 8.2.2
[0.907s] -- Searching for dependencies of gz-sensors8-logical_camera
[0.908s] -- Searching for <gz-sensors8> component [magnetometer]
[0.909s] -- Looking for gz-sensors8-magnetometer -- found version 8.2.2
[0.909s] -- Searching for dependencies of gz-sensors8-magnetometer
[0.909s] -- Searching for <gz-sensors8> component [navsat]
[0.910s] -- Looking for gz-sensors8-navsat -- found version 8.2.2
[0.910s] -- Searching for dependencies of gz-sensors8-navsat
[0.911s] -- Searching for <gz-sensors8> component [dvl]
[0.912s] -- Looking for gz-sensors8-dvl -- found version 8.2.2
[0.912s] -- Searching for dependencies of gz-sensors8-dvl
[0.912s] -- Looking for gz-sensors8 -- found version 8.2.2
[0.912s] -- Searching for dependencies of gz-sensors8
[0.928s] -- Looking for gz-math7 -- found version 7.5.2
[0.928s] -- Looking for gz-common5 -- found version 5.8.0
[0.928s] -- Looking for gz-transport13 -- found version 13.5.0
[0.928s] -- Looking for gz-rendering8 -- found version 8.2.3
[0.928s] -- Looking for gz-msgs10 -- found version 10.3.2
[0.929s] -- Looking for sdformat14 -- found version 14.9.0
[0.929s] -- Searching for <gz-sensors8> component [rendering]
[0.930s] -- Looking for gz-sensors8-rendering -- found version 8.2.2
[0.930s] -- Searching for dependencies of gz-sensors8-rendering
[0.933s] -- Searching for <gz-sensors8> component [rendering]
[0.933s] -- Searching for <gz-sensors8> component [lidar]
[0.934s] -- Looking for gz-sensors8-lidar -- found version 8.2.2
[0.934s] -- Searching for dependencies of gz-sensors8-lidar
[0.934s] -- Looking for gz-sensors8 -- found version 8.2.2
[0.935s] -- Searching for <gz-sensors8> component [gpu_lidar]
[0.936s] -- Looking for gz-sensors8-gpu_lidar -- found version 8.2.2
[0.936s] -- Searching for dependencies of gz-sensors8-gpu_lidar
[0.936s] -- Looking for gz-sensors8 -- found version 8.2.2
[0.937s] -- Searching for <gz-sensors8> component [camera]
[0.938s] -- Looking for gz-sensors8-camera -- found version 8.2.2
[0.938s] -- Searching for dependencies of gz-sensors8-camera
[0.938s] -- Looking for gz-sensors8 -- found version 8.2.2
[0.939s] -- Searching for <gz-sensors8> component [boundingbox_camera]
[0.940s] -- Looking for gz-sensors8-boundingbox_camera -- found version 8.2.2
[0.940s] -- Searching for dependencies of gz-sensors8-boundingbox_camera
[0.941s] -- Searching for <gz-sensors8> component [segmentation_camera]
[0.941s] -- Looking for gz-sensors8-segmentation_camera -- found version 8.2.2
[0.942s] -- Searching for dependencies of gz-sensors8-segmentation_camera
[0.943s] -- Searching for <gz-sensors8> component [depth_camera]
[0.943s] -- Looking for gz-sensors8-depth_camera -- found version 8.2.2
[0.943s] -- Searching for dependencies of gz-sensors8-depth_camera
[0.943s] -- Looking for gz-sensors8 -- found version 8.2.2
[0.944s] -- Searching for <gz-sensors8> component [rgbd_camera]
[0.944s] -- Looking for gz-sensors8-rgbd_camera -- found version 8.2.2
[0.945s] -- Searching for dependencies of gz-sensors8-rgbd_camera
[0.945s] -- Looking for gz-sensors8 -- found version 8.2.2
[0.945s] -- Searching for <gz-sensors8> component [thermal_camera]
[0.946s] -- Looking for gz-sensors8-thermal_camera -- found version 8.2.2
[0.946s] -- Searching for dependencies of gz-sensors8-thermal_camera
[0.946s] -- Looking for gz-sensors8 -- found version 8.2.2
[0.947s] -- Searching for <gz-sensors8> component [wide_angle_camera]
[0.947s] -- Looking for gz-sensors8-wide_angle_camera -- found version 8.2.2
[0.948s] -- Searching for dependencies of gz-sensors8-wide_angle_camera
[0.948s] -- Looking for gz-rendering8 -- found version 8.2.3
[0.949s] -- Looking for gz-math7 -- found version 7.5.2
[0.949s] -- Looking for gz-utils2 -- found version 2.2.1
[0.967s] -- Looking for gz-plugin2 -- found version 2.0.4
[0.967s] -- Found rclcpp: 28.1.18 (/opt/ros/jazzy/share/rclcpp/cmake)
[0.996s] -- Found rosidl_generator_c: 4.6.7 (/opt/ros/jazzy/share/rosidl_generator_c/cmake)
[1.006s] -- Found rosidl_generator_cpp: 4.6.7 (/opt/ros/jazzy/share/rosidl_generator_cpp/cmake)
[1.020s] -- Using all available rosidl_typesupport_c: rosidl_typesupport_fastrtps_c;rosidl_typesupport_introspection_c
[1.036s] -- Using all available rosidl_typesupport_cpp: rosidl_typesupport_fastrtps_cpp;rosidl_typesupport_introspection_cpp
[1.102s] -- Found rmw_implementation_cmake: 7.3.3 (/opt/ros/jazzy/share/rmw_implementation_cmake/cmake)
[1.105s] -- Found rmw_fastrtps_cpp: 8.4.3 (/opt/ros/jazzy/share/rmw_fastrtps_cpp/cmake)
[1.173s] -- Using RMW implementation 'rmw_fastrtps_cpp' as default
[1.243s] -- Found std_msgs: 5.3.7 (/opt/ros/jazzy/share/std_msgs/cmake)
[1.257s] -- Found geometry_msgs: 5.3.7 (/opt/ros/jazzy/share/geometry_msgs/cmake)
[1.349s] -- Configuring done (1.3s)
[1.366s] -- Generating done (0.0s)
[1.368s] -- Build files have been written to: /home/fizzer/my_robot_ws/build/custom_plugins
[1.378s] Invoked command in '/home/fizzer/my_robot_ws/build/custom_plugins' returned '0': CMAKE_PREFIX_PATH=${CMAKE_PREFIX_PATH}:/home/fizzer/my_robot_ws/install/bringup_nodes:/opt/ros/jazzy DEBUGINFOD_URLS=https://debuginfod.ubuntu.com /usr/bin/cmake /home/fizzer/my_robot_ws/src/custom_plugins -DCMAKE_INSTALL_PREFIX=/home/fizzer/my_robot_ws/install/custom_plugins
[1.380s] Invoking command in '/home/fizzer/my_robot_ws/build/custom_plugins': CMAKE_PREFIX_PATH=${CMAKE_PREFIX_PATH}:/home/fizzer/my_robot_ws/install/bringup_nodes:/opt/ros/jazzy DEBUGINFOD_URLS=https://debuginfod.ubuntu.com /usr/bin/cmake --build /home/fizzer/my_robot_ws/build/custom_plugins -- -j4 -l4
[1.432s] [ 50%] [32mBuilding CXX object CMakeFiles/ResetSimPlugin.dir/src/ResetSimPlugin.cc.o[0m
[3.446s] [01m[K/home/fizzer/my_robot_ws/src/custom_plugins/src/ResetSimPlugin.cc:[m[K In member function ‘[01m[Kvirtual void reset_plugin::ResetSimPlugin::[01;32m[KReset[m[K(const gz::sim::v8::UpdateInfo&, gz::sim::v8::EntityComponentManager&)[m[K’:
[3.446s] [01m[K/home/fizzer/my_robot_ws/src/custom_plugins/src/ResetSimPlugin.cc:12:55:[m[K [01;35m[Kwarning: [m[Kunused parameter ‘[01m[K_info[m[K’ [[01;35m[K]8;;https://gcc.gnu.org/onlinedocs/gcc/Warning-Options.html#index-Wunused-parameter-Wunused-parameter]8;;[m[K]
[3.446s]    12 | void ResetSimPlugin::Reset([01;35m[Kconst gz::sim::UpdateInfo &_info[m[K, gz::sim::EntityComponentManager &_ecm)
[3.446s]       |                            [01;35m[K~~~~~~~~~~~~~~~~~~~~~~~~~~~^~~~~[m[K
[4.761s] [100%] [32m[1mLinking CXX shared library libResetSimPlugin.so[0m
[4.922s] [100%] Built target ResetSimPlugin
[4.983s] Invoked command in '/home/fizzer/my_robot_ws/build/custom_plugins' returned '0': CMAKE_PREFIX_PATH=${CMAKE_PREFIX_PATH}:/home/fizzer/my_robot_ws/install/bringup_nodes:/opt/ros/jazzy DEBUGINFOD_URLS=https://debuginfod.ubuntu.com /usr/bin/cmake --build /home/fizzer/my_robot_ws/build/custom_plugins -- -j4 -l4
[4.991s] Invoking command in '/home/fizzer/my_robot_ws/build/custom_plugins': CMAKE_PREFIX_PATH=${CMAKE_PREFIX_PATH}:/home/fizzer/my_robot_ws/install/bringup_nodes:/opt/ros/jazzy DEBUGINFOD_URLS=https://debuginfod.ubuntu.com /usr/bin/cmake --install /home/fizzer/my_robot_ws/build/custom_plugins
[4.997s] -- Install configuration: ""
[4.998s] -- Execute custom install script
[4.998s] -- Up-to-date symlink: /home/fizzer/my_robot_ws/install/custom_plugins/lib/libResetSimPlugin.so
[4.998s] -- Up-to-date symlink: /home/fizzer/my_robot_ws/install/custom_plugins/include/custom_plugins/ResetSimPlugin.hh
[4.998s] -- Up-to-date symlink: /home/fizzer/my_robot_ws/install/custom_plugins/share/ament_index/resource_index/package_run_dependencies/custom_plugins
[4.998s] -- Up-to-date symlink: /home/fizzer/my_robot_ws/install/custom_plugins/share/ament_index/resource_index/parent_prefix_path/custom_plugins
[4.998s] -- Up-to-date symlink: /home/fizzer/my_robot_ws/install/custom_plugins/share/custom_plugins/environment/ament_prefix_path.sh
[4.998s] -- Up-to-date symlink: /home/fizzer/my_robot_ws/install/custom_plugins/share/custom_plugins/environment/ament_prefix_path.dsv
[4.998s] -- Up-to-date symlink: /home/fizzer/my_robot_ws/install/custom_plugins/share/custom_plugins/environment/path.sh
[4.998s] -- Up-to-date symlink: /home/fizzer/my_robot_ws/install/custom_plugins/share/custom_plugins/environment/path.dsv
[4.998s] -- Up-to-date symlink: /home/fizzer/my_robot_ws/install/custom_plugins/share/custom_plugins/local_setup.bash
[4.998s] -- Up-to-date symlink: /home/fizzer/my_robot_ws/install/custom_plugins/share/custom_plugins/local_setup.sh
[4.999s] -- Up-to-date symlink: /home/fizzer/my_robot_ws/install/custom_plugins/share/custom_plugins/local_setup.zsh
[4.999s] -- Up-to-date symlink: /home/fizzer/my_robot_ws/install/custom_plugins/share/custom_plugins/local_setup.dsv
[4.999s] -- Symlinking: /home/fizzer/my_robot_ws/install/custom_plugins/share/custom_plugins/package.dsv
[5.005s] -- Up-to-date symlink: /home/fizzer/my_robot_ws/install/custom_plugins/share/ament_index/resource_index/packages/custom_plugins
[5.005s] -- Up-to-date symlink: /home/fizzer/my_robot_ws/install/custom_plugins/share/custom_plugins/cmake/custom_pluginsConfig.cmake
[5.005s] -- Up-to-date symlink: /home/fizzer/my_robot_ws/install/custom_plugins/share/custom_plugins/cmake/custom_pluginsConfig-version.cmake
[5.005s] -- Up-to-date symlink: /home/fizzer/my_robot_ws/install/custom_plugins/share/custom_plugins/package.xml
[5.007s] Invoked command in '/home/fizzer/my_robot_ws/build/custom_plugins' returned '0': CMAKE_PREFIX_PATH=${CMAKE_PREFIX_PATH}:/home/fizzer/my_robot_ws/install/bringup_nodes:/opt/ros/jazzy DEBUGINFOD_URLS=https://debuginfod.ubuntu.com /usr/bin/cmake --install /home/fizzer/my_robot_ws/build/custom_plugins
