[0.189s] Invoking command in '/home/fizzer/my_robot_ws/build/custom_plugins': CMAKE_PREFIX_PATH=${CMAKE_PREFIX_PATH}:/home/fizzer/my_robot_ws/install/bringup_nodes:/opt/ros/jazzy DEBUGINFOD_URLS=https://debuginfod.ubuntu.com /usr/bin/cmake /home/fizzer/my_robot_ws/src/custom_plugins -DAMENT_CMAKE_SYMLINK_INSTALL=1 -DCMAKE_INSTALL_PREFIX=/home/fizzer/my_robot_ws/install/custom_plugins
[0.207s] -- Found ament_cmake: 2.5.6 (/opt/ros/jazzy/share/ament_cmake/cmake)
[0.389s] -- Override CMake install command with custom implementation using symlinks instead of copying resources
[0.397s] -- Looking for gz-sim8 -- found version 8.11.0
[0.410s] -- Searching for dependencies of gz-sim8
[0.411s] -- Looking for sdformat14 -- found version 14.9.0
[0.414s] -- Searching for dependencies of sdformat14
[0.416s] -- Checking for module 'tinyxml2'
[0.430s] --   Found tinyxml2, version 10.0.0
[0.459s] -- Looking for gz-math7 -- found version 7.5.2
[0.460s] -- Searching for dependencies of gz-math7
[0.460s] -- Looking for gz-utils2 -- found version 2.2.1
[0.460s] -- Searching for dependencies of gz-utils2
[0.462s] -- Looking for gz-utils2 -- found version 2.2.1
[0.462s] -- Searching for dependencies of gz-utils2
[0.462s] -- Searching for <gz-utils2> component [cli]
[0.462s] -- Looking for gz-utils2-cli -- found version 2.2.1
[0.463s] -- Searching for dependencies of gz-utils2-cli
[0.464s] -- Looking for gz-plugin2 -- found version 2.0.4
[0.464s] -- Searching for dependencies of gz-plugin2
[0.464s] -- Looking for gz-utils2 -- found version 2.2.1
[0.465s] -- Searching for <gz-plugin2> component [loader]
[0.465s] -- Looking for gz-plugin2-loader -- found version 2.0.4
[0.465s] -- Searching for dependencies of gz-plugin2-loader
[0.466s] -- Searching for <gz-plugin2> component [register]
[0.467s] -- Looking for gz-plugin2-register -- found version 2.0.4
[0.467s] -- Searching for dependencies of gz-plugin2-register
[0.472s] -- Looking for gz-transport13 -- found version 13.5.0
[0.472s] -- Searching for dependencies of gz-transport13
[0.495s] -- Config-file not installed for ZeroMQ -- checking for pkg-config
[0.502s] -- Checking for module 'libzmq >= 4'
[0.511s] --   Found libzmq, version 4.3.5
[0.544s] -- Checking for module 'uuid'
[0.555s] --   Found uuid, version 2.39.3
[0.580s] -- Looking for gz-utils2 -- found version 2.2.1
[0.582s] -- Looking for gz-msgs10 -- found version 10.3.2
[0.582s] -- Searching for dependencies of gz-msgs10
[0.600s] -- Looking for gz-utils2 -- found version 2.2.1
[0.600s] -- Looking for gz-math7 -- found version 7.5.2
[0.606s] -- Searching for <gz-transport13> component [log]
[0.606s] -- Looking for gz-transport13-log -- found version 13.5.0
[0.606s] -- Searching for dependencies of gz-transport13-log
[0.606s] -- Searching for <gz-transport13> component [parameters]
[0.607s] -- Looking for gz-transport13-parameters -- found version 13.5.0
[0.607s] -- Searching for dependencies of gz-transport13-parameters
[0.607s] -- Looking for gz-msgs10 -- found version 10.3.2
[0.609s] -- Looking for gz-common5 -- found version 5.8.0
[0.609s] -- Searching for dependencies of gz-common5
[0.609s] -- Looking for gz-utils2 -- found version 2.2.1
[0.609s] -- Looking for dlfcn.h - found
[0.609s] -- Looking for libdl - found
[0.614s] -- Searching for <gz-common5> component [av]
[0.614s] -- Looking for gz-common5-av -- found version 5.8.0
[0.614s] -- Searching for dependencies of gz-common5-av
[0.622s] -- Checking for module 'libswscale'
[0.639s] --   Found libswscale, version 7.5.100
[0.671s] -- Checking for module 'libavdevice >= 56.4.100'
[0.680s] --   Found libavdevice, version 60.3.100
[0.715s] -- Checking for module 'libavformat'
[0.726s] --   Found libavformat, version 60.16.100
[0.765s] -- Checking for module 'libavcodec'
[0.775s] --   Found libavcodec, version 60.31.102
[0.807s] -- Checking for module 'libavutil'
[0.816s] --   Found libavutil, version 58.29.100
[0.840s] -- Searching for <gz-common5> component [events]
[0.845s] -- Looking for gz-common5-events -- found version 5.8.0
[0.845s] -- Searching for dependencies of gz-common5-events
[0.846s] -- Looking for gz-math7 -- found version 7.5.2
[0.846s] -- Searching for <gz-common5> component [graphics]
[0.846s] -- Looking for gz-common5-graphics -- found version 5.8.0
[0.847s] -- Searching for dependencies of gz-common5-graphics
[0.847s] -- Looking for gz-math7 -- found version 7.5.2
[0.850s] -- Searching for <gz-common5> component [io]
[0.850s] -- Looking for gz-common5-io -- found version 5.8.0
[0.851s] -- Searching for dependencies of gz-common5-io
[0.851s] -- Searching for <gz-common5> component [profiler]
[0.851s] -- Looking for gz-common5-profiler -- found version 5.8.0
[0.851s] -- Searching for dependencies of gz-common5-profiler
[0.855s] -- Looking for gz-fuel_tools9 -- found version 9.1.1
[0.855s] -- Searching for dependencies of gz-fuel_tools9
[0.895s] -- Checking for module 'jsoncpp'
[0.909s] --   Found jsoncpp, version 1.9.5
[0.947s] -- Checking for module 'yaml-0.1'
[0.957s] --   Found yaml-0.1, version 0.2.5
[0.995s] -- Checking for module 'libzip'
[1.005s] --   Found libzip, version 1.7.3
[1.029s] -- Looking for gz-utils2 -- found version 2.2.1
[1.030s] -- Looking for gz-common5 -- found version 5.8.0
[1.030s] -- Searching for dependencies of gz-common5
[1.030s] -- Looking for gz-utils2 -- found version 2.2.1
[1.030s] -- Looking for dlfcn.h - found
[1.031s] -- Looking for libdl - found
[1.037s] -- Searching for <gz-common5> component [testing]
[1.037s] -- Looking for gz-common5-testing -- found version 5.8.0
[1.038s] -- Searching for dependencies of gz-common5-testing
[1.039s] -- Looking for gz-math7 -- found version 7.5.2
[1.039s] -- Looking for gz-msgs10 -- found version 10.3.2
[1.040s] -- Looking for gz-gui8 -- found version 8.4.0
[1.044s] -- Searching for dependencies of gz-gui8
[1.064s] -- Looking for gz-utils2 -- found version 2.2.1
[1.065s] -- Looking for gz-math7 -- found version 7.5.2
[1.065s] -- Looking for gz-common5 -- found version 5.8.0
[1.066s] -- Looking for gz-plugin2 -- found version 2.0.4
[1.066s] -- Looking for gz-transport13 -- found version 13.5.0
[1.067s] -- Looking for gz-rendering8 -- found version 8.2.3
[1.067s] -- Searching for dependencies of gz-rendering8
[1.067s] -- Looking for gz-math7 -- found version 7.5.2
[1.068s] -- Searching for dependencies of gz-math7
[1.068s] -- Looking for gz-utils2 -- found version 2.2.1
[1.068s] -- Searching for <gz-math7> component [eigen3]
[1.069s] -- Looking for gz-math7-eigen3 -- found version 7.5.2
[1.069s] -- Searching for dependencies of gz-math7-eigen3
[1.073s] -- Looking for gz-common5 -- found version 5.8.0
[1.073s] -- Searching for dependencies of gz-common5
[1.073s] -- Looking for gz-utils2 -- found version 2.2.1
[1.073s] -- Looking for dlfcn.h - found
[1.073s] -- Looking for libdl - found
[1.077s] -- Searching for <gz-common5> component [graphics]
[1.077s] -- Searching for <gz-common5> component [events]
[1.077s] -- Searching for <gz-common5> component [geospatial]
[1.078s] -- Looking for gz-common5-geospatial -- found version 5.8.0
[1.078s] -- Searching for dependencies of gz-common5-geospatial
[1.079s] -- Looking for gz-math7 -- found version 7.5.2
[1.079s] -- Looking for gz-common5 -- found version 5.8.0
[1.080s] -- Looking for gz-plugin2 -- found version 2.0.4
[1.080s] -- Searching for dependencies of gz-plugin2
[1.081s] -- Looking for gz-utils2 -- found version 2.2.1
[1.081s] -- Searching for <gz-plugin2> component [all]
[1.081s] -- Looking for all libraries of gz-plugin2 -- found version 2.0.4
[1.082s] -- Looking for gz-plugin2 -- found version 2.0.4
[1.083s] -- Looking for gz-utils2 -- found version 2.2.1
[1.085s] -- Looking for gz-msgs10 -- found version 10.3.2
[1.099s] -- Looking for gz-physics7 -- found version 7.6.0
[1.099s] -- Searching for dependencies of gz-physics7
[1.099s] -- Looking for gz-common5 -- found version 5.8.0
[1.100s] -- Looking for gz-math7 -- found version 7.5.2
[1.100s] -- Looking for gz-plugin2 -- found version 2.0.4
[1.101s] -- Looking for gz-utils2 -- found version 2.2.1
[1.102s] -- Searching for <gz-physics7> component [heightmap]
[1.102s] -- Looking for gz-physics7-heightmap -- found version 7.6.0
[1.102s] -- Searching for dependencies of gz-physics7-heightmap
[1.103s] -- Looking for gz-common5 -- found version 5.8.0
[1.103s] -- Searching for <gz-physics7> component [mesh]
[1.104s] -- Looking for gz-physics7-mesh -- found version 7.6.0
[1.104s] -- Searching for dependencies of gz-physics7-mesh
[1.105s] -- Looking for gz-common5 -- found version 5.8.0
[1.105s] -- Searching for <gz-physics7> component [sdf]
[1.106s] -- Looking for gz-physics7-sdf -- found version 7.6.0
[1.106s] -- Searching for dependencies of gz-physics7-sdf
[1.107s] -- Looking for sdformat14 -- found version 14.9.0
[1.107s] -- Looking for gz-sensors8 -- found version 8.2.2
[1.108s] -- Searching for dependencies of gz-sensors8
[1.125s] -- Looking for gz-math7 -- found version 7.5.2
[1.125s] -- Looking for gz-common5 -- found version 5.8.0
[1.125s] -- Looking for gz-transport13 -- found version 13.5.0
[1.126s] -- Looking for gz-rendering8 -- found version 8.2.3
[1.126s] -- Looking for gz-msgs10 -- found version 10.3.2
[1.126s] -- Looking for sdformat14 -- found version 14.9.0
[1.127s] -- Searching for <gz-sensors8> component [air_pressure]
[1.127s] -- Looking for gz-sensors8-air_pressure -- found version 8.2.2
[1.127s] -- Searching for dependencies of gz-sensors8-air_pressure
[1.128s] -- Searching for <gz-sensors8> component [air_speed]
[1.128s] -- Looking for gz-sensors8-air_speed -- found version 8.2.2
[1.128s] -- Searching for dependencies of gz-sensors8-air_speed
[1.132s] -- Searching for <gz-sensors8> component [altimeter]
[1.132s] -- Looking for gz-sensors8-altimeter -- found version 8.2.2
[1.132s] -- Searching for dependencies of gz-sensors8-altimeter
[1.132s] -- Searching for <gz-sensors8> component [imu]
[1.132s] -- Looking for gz-sensors8-imu -- found version 8.2.2
[1.132s] -- Searching for dependencies of gz-sensors8-imu
[1.132s] -- Searching for <gz-sensors8> component [force_torque]
[1.132s] -- Looking for gz-sensors8-force_torque -- found version 8.2.2
[1.132s] -- Searching for dependencies of gz-sensors8-force_torque
[1.132s] -- Searching for <gz-sensors8> component [logical_camera]
[1.132s] -- Looking for gz-sensors8-logical_camera -- found version 8.2.2
[1.133s] -- Searching for dependencies of gz-sensors8-logical_camera
[1.133s] -- Searching for <gz-sensors8> component [magnetometer]
[1.133s] -- Looking for gz-sensors8-magnetometer -- found version 8.2.2
[1.133s] -- Searching for dependencies of gz-sensors8-magnetometer
[1.133s] -- Searching for <gz-sensors8> component [navsat]
[1.133s] -- Looking for gz-sensors8-navsat -- found version 8.2.2
[1.134s] -- Searching for dependencies of gz-sensors8-navsat
[1.134s] -- Searching for <gz-sensors8> component [dvl]
[1.134s] -- Looking for gz-sensors8-dvl -- found version 8.2.2
[1.134s] -- Searching for dependencies of gz-sensors8-dvl
[1.135s] -- Looking for gz-sensors8 -- found version 8.2.2
[1.135s] -- Searching for dependencies of gz-sensors8
[1.150s] -- Looking for gz-math7 -- found version 7.5.2
[1.151s] -- Looking for gz-common5 -- found version 5.8.0
[1.151s] -- Looking for gz-transport13 -- found version 13.5.0
[1.151s] -- Looking for gz-rendering8 -- found version 8.2.3
[1.151s] -- Looking for gz-msgs10 -- found version 10.3.2
[1.152s] -- Looking for sdformat14 -- found version 14.9.0
[1.152s] -- Searching for <gz-sensors8> component [rendering]
[1.152s] -- Looking for gz-sensors8-rendering -- found version 8.2.2
[1.152s] -- Searching for dependencies of gz-sensors8-rendering
[1.153s] -- Searching for <gz-sensors8> component [rendering]
[1.154s] -- Searching for <gz-sensors8> component [lidar]
[1.154s] -- Looking for gz-sensors8-lidar -- found version 8.2.2
[1.154s] -- Searching for dependencies of gz-sensors8-lidar
[1.154s] -- Looking for gz-sensors8 -- found version 8.2.2
[1.154s] -- Searching for <gz-sensors8> component [gpu_lidar]
[1.155s] -- Looking for gz-sensors8-gpu_lidar -- found version 8.2.2
[1.155s] -- Searching for dependencies of gz-sensors8-gpu_lidar
[1.155s] -- Looking for gz-sensors8 -- found version 8.2.2
[1.156s] -- Searching for <gz-sensors8> component [camera]
[1.156s] -- Looking for gz-sensors8-camera -- found version 8.2.2
[1.156s] -- Searching for dependencies of gz-sensors8-camera
[1.156s] -- Looking for gz-sensors8 -- found version 8.2.2
[1.157s] -- Searching for <gz-sensors8> component [boundingbox_camera]
[1.157s] -- Looking for gz-sensors8-boundingbox_camera -- found version 8.2.2
[1.157s] -- Searching for dependencies of gz-sensors8-boundingbox_camera
[1.158s] -- Searching for <gz-sensors8> component [segmentation_camera]
[1.159s] -- Looking for gz-sensors8-segmentation_camera -- found version 8.2.2
[1.159s] -- Searching for dependencies of gz-sensors8-segmentation_camera
[1.160s] -- Searching for <gz-sensors8> component [depth_camera]
[1.160s] -- Looking for gz-sensors8-depth_camera -- found version 8.2.2
[1.160s] -- Searching for dependencies of gz-sensors8-depth_camera
[1.161s] -- Looking for gz-sensors8 -- found version 8.2.2
[1.161s] -- Searching for <gz-sensors8> component [rgbd_camera]
[1.161s] -- Looking for gz-sensors8-rgbd_camera -- found version 8.2.2
[1.161s] -- Searching for dependencies of gz-sensors8-rgbd_camera
[1.161s] -- Looking for gz-sensors8 -- found version 8.2.2
[1.161s] -- Searching for <gz-sensors8> component [thermal_camera]
[1.162s] -- Looking for gz-sensors8-thermal_camera -- found version 8.2.2
[1.162s] -- Searching for dependencies of gz-sensors8-thermal_camera
[1.162s] -- Looking for gz-sensors8 -- found version 8.2.2
[1.162s] -- Searching for <gz-sensors8> component [wide_angle_camera]
[1.163s] -- Looking for gz-sensors8-wide_angle_camera -- found version 8.2.2
[1.163s] -- Searching for dependencies of gz-sensors8-wide_angle_camera
[1.164s] -- Looking for gz-rendering8 -- found version 8.2.3
[1.164s] -- Looking for gz-math7 -- found version 7.5.2
[1.164s] -- Looking for gz-utils2 -- found version 2.2.1
[1.180s] -- Looking for gz-plugin2 -- found version 2.0.4
[1.180s] -- Found rclcpp: 28.1.18 (/opt/ros/jazzy/share/rclcpp/cmake)
[1.198s] -- Found rosidl_generator_c: 4.6.7 (/opt/ros/jazzy/share/rosidl_generator_c/cmake)
[1.205s] -- Found rosidl_generator_cpp: 4.6.7 (/opt/ros/jazzy/share/rosidl_generator_cpp/cmake)
[1.214s] -- Using all available rosidl_typesupport_c: rosidl_typesupport_fastrtps_c;rosidl_typesupport_introspection_c
[1.225s] -- Using all available rosidl_typesupport_cpp: rosidl_typesupport_fastrtps_cpp;rosidl_typesupport_introspection_cpp
[1.285s] -- Found rmw_implementation_cmake: 7.3.3 (/opt/ros/jazzy/share/rmw_implementation_cmake/cmake)
[1.286s] -- Found rmw_fastrtps_cpp: 8.4.3 (/opt/ros/jazzy/share/rmw_fastrtps_cpp/cmake)
[1.345s] -- Using RMW implementation 'rmw_fastrtps_cpp' as default
[1.394s] -- Found std_msgs: 5.3.7 (/opt/ros/jazzy/share/std_msgs/cmake)
[1.403s] -- Found geometry_msgs: 5.3.7 (/opt/ros/jazzy/share/geometry_msgs/cmake)
[1.492s] -- Configuring done (1.3s)
[1.503s] -- Generating done (0.0s)
[1.505s] -- Build files have been written to: /home/fizzer/my_robot_ws/build/custom_plugins
[1.516s] Invoked command in '/home/fizzer/my_robot_ws/build/custom_plugins' returned '0': CMAKE_PREFIX_PATH=${CMAKE_PREFIX_PATH}:/home/fizzer/my_robot_ws/install/bringup_nodes:/opt/ros/jazzy DEBUGINFOD_URLS=https://debuginfod.ubuntu.com /usr/bin/cmake /home/fizzer/my_robot_ws/src/custom_plugins -DAMENT_CMAKE_SYMLINK_INSTALL=1 -DCMAKE_INSTALL_PREFIX=/home/fizzer/my_robot_ws/install/custom_plugins
[1.516s] Invoking command in '/home/fizzer/my_robot_ws/build/custom_plugins': CMAKE_PREFIX_PATH=${CMAKE_PREFIX_PATH}:/home/fizzer/my_robot_ws/install/bringup_nodes:/opt/ros/jazzy DEBUGINFOD_URLS=https://debuginfod.ubuntu.com /usr/bin/cmake --build /home/fizzer/my_robot_ws/build/custom_plugins -- -j4 -l4
[1.568s] [ 50%] [32mBuilding CXX object CMakeFiles/ResetSimPlugin.dir/src/ResetSimPlugin.cc.o[0m
[3.461s] [01m[K/home/fizzer/my_robot_ws/src/custom_plugins/src/ResetSimPlugin.cc:[m[K In member function ‘[01m[Kvirtual void reset_plugin::ResetSimPlugin::[01;32m[KReset[m[K(const gz::sim::v8::UpdateInfo&, gz::sim::v8::EntityComponentManager&)[m[K’:
[3.461s] [01m[K/home/fizzer/my_robot_ws/src/custom_plugins/src/ResetSimPlugin.cc:10:55:[m[K [01;35m[Kwarning: [m[Kunused parameter ‘[01m[K_info[m[K’ [[01;35m[K]8;;https://gcc.gnu.org/onlinedocs/gcc/Warning-Options.html#index-Wunused-parameter-Wunused-parameter]8;;[m[K]
[3.461s]    10 | void ResetSimPlugin::Reset([01;35m[Kconst gz::sim::UpdateInfo &_info[m[K, gz::sim::EntityComponentManager &_ecm)
[3.461s]       |                            [01;35m[K~~~~~~~~~~~~~~~~~~~~~~~~~~~^~~~~[m[K
[4.759s] [100%] [32m[1mLinking CXX shared library libResetSimPlugin.so[0m
[4.909s] [100%] Built target ResetSimPlugin
[4.919s] Invoked command in '/home/fizzer/my_robot_ws/build/custom_plugins' returned '0': CMAKE_PREFIX_PATH=${CMAKE_PREFIX_PATH}:/home/fizzer/my_robot_ws/install/bringup_nodes:/opt/ros/jazzy DEBUGINFOD_URLS=https://debuginfod.ubuntu.com /usr/bin/cmake --build /home/fizzer/my_robot_ws/build/custom_plugins -- -j4 -l4
[4.919s] Invoking command in '/home/fizzer/my_robot_ws/build/custom_plugins': CMAKE_PREFIX_PATH=${CMAKE_PREFIX_PATH}:/home/fizzer/my_robot_ws/install/bringup_nodes:/opt/ros/jazzy DEBUGINFOD_URLS=https://debuginfod.ubuntu.com /usr/bin/cmake --install /home/fizzer/my_robot_ws/build/custom_plugins
[4.926s] -- Install configuration: ""
[4.926s] -- Execute custom install script
[4.926s] -- Symlinking: /home/fizzer/my_robot_ws/install/custom_plugins/lib/libResetSimPlugin.so
[4.934s] -- Symlinking: /home/fizzer/my_robot_ws/install/custom_plugins/include/custom_plugins/ResetSimPlugin.hh
[4.940s] -- Symlinking: /home/fizzer/my_robot_ws/install/custom_plugins/share/ament_index/resource_index/package_run_dependencies/custom_plugins
[4.946s] -- Symlinking: /home/fizzer/my_robot_ws/install/custom_plugins/share/ament_index/resource_index/parent_prefix_path/custom_plugins
[4.953s] -- Symlinking: /home/fizzer/my_robot_ws/install/custom_plugins/share/custom_plugins/environment/ament_prefix_path.sh
[4.959s] -- Symlinking: /home/fizzer/my_robot_ws/install/custom_plugins/share/custom_plugins/environment/ament_prefix_path.dsv
[4.965s] -- Symlinking: /home/fizzer/my_robot_ws/install/custom_plugins/share/custom_plugins/environment/path.sh
[4.974s] -- Symlinking: /home/fizzer/my_robot_ws/install/custom_plugins/share/custom_plugins/environment/path.dsv
[4.981s] -- Symlinking: /home/fizzer/my_robot_ws/install/custom_plugins/share/custom_plugins/local_setup.bash
[4.988s] -- Symlinking: /home/fizzer/my_robot_ws/install/custom_plugins/share/custom_plugins/local_setup.sh
[4.995s] -- Symlinking: /home/fizzer/my_robot_ws/install/custom_plugins/share/custom_plugins/local_setup.zsh
[5.001s] -- Symlinking: /home/fizzer/my_robot_ws/install/custom_plugins/share/custom_plugins/local_setup.dsv
[5.008s] -- Symlinking: /home/fizzer/my_robot_ws/install/custom_plugins/share/custom_plugins/package.dsv
[5.013s] -- Symlinking: /home/fizzer/my_robot_ws/install/custom_plugins/share/ament_index/resource_index/packages/custom_plugins
[5.020s] -- Symlinking: /home/fizzer/my_robot_ws/install/custom_plugins/share/custom_plugins/cmake/custom_pluginsConfig.cmake
[5.026s] -- Symlinking: /home/fizzer/my_robot_ws/install/custom_plugins/share/custom_plugins/cmake/custom_pluginsConfig-version.cmake
[5.032s] -- Symlinking: /home/fizzer/my_robot_ws/install/custom_plugins/share/custom_plugins/package.xml
[5.040s] Invoked command in '/home/fizzer/my_robot_ws/build/custom_plugins' returned '0': CMAKE_PREFIX_PATH=${CMAKE_PREFIX_PATH}:/home/fizzer/my_robot_ws/install/bringup_nodes:/opt/ros/jazzy DEBUGINFOD_URLS=https://debuginfod.ubuntu.com /usr/bin/cmake --install /home/fizzer/my_robot_ws/build/custom_plugins
