[0.669s] Invoking command in '/home/fizzer/my_robot_ws/build/bringup_nodes': DEBUGINFOD_URLS=https://debuginfod.ubuntu.com PYTHONPATH=/home/fizzer/my_robot_ws/build/bringup_nodes/prefix_override:/usr/lib/python3/dist-packages/colcon_core/task/python/colcon_distutils_commands:/home/fizzer/my_robot_ws/install/bringup_nodes/lib/python3.12/site-packages:${PYTHONPATH} /usr/bin/python3 -W ignore:setup.py install is deprecated -W ignore:easy_install command is deprecated setup.py develop --editable --build-directory /home/fizzer/my_robot_ws/build/bringup_nodes/build --no-deps symlink_data --force
[0.937s] running develop
[1.098s] running egg_info
[1.113s] writing bringup_nodes.egg-info/PKG-INFO
[1.114s] writing dependency_links to bringup_nodes.egg-info/dependency_links.txt
[1.114s] writing entry points to bringup_nodes.egg-info/entry_points.txt
[1.114s] writing requirements to bringup_nodes.egg-info/requires.txt
[1.114s] writing top-level names to bringup_nodes.egg-info/top_level.txt
[1.146s] reading manifest file 'bringup_nodes.egg-info/SOURCES.txt'
[1.146s] writing manifest file 'bringup_nodes.egg-info/SOURCES.txt'
[1.163s] running build_ext
[1.163s] Creating /home/fizzer/my_robot_ws/install/bringup_nodes/lib/python3.12/site-packages/bringup-nodes.egg-link (link to .)
[1.163s] Installing move_pedestrian script to /home/fizzer/my_robot_ws/install/bringup_nodes/lib/bringup_nodes
[1.164s] Installing move_truck script to /home/fizzer/my_robot_ws/install/bringup_nodes/lib/bringup_nodes
[1.164s] Installing move_yoda script to /home/fizzer/my_robot_ws/install/bringup_nodes/lib/bringup_nodes
[1.164s] 
[1.164s] Installed /home/fizzer/my_robot_ws/build/bringup_nodes
[1.165s] running symlink_data
[1.165s] symbolically linking /home/fizzer/my_robot_ws/build/bringup_nodes/resource/bringup_nodes -> /home/fizzer/my_robot_ws/install/bringup_nodes/share/ament_index/resource_index/packages
[1.165s] symbolically linking /home/fizzer/my_robot_ws/build/bringup_nodes/package.xml -> /home/fizzer/my_robot_ws/install/bringup_nodes/share/bringup_nodes
[1.185s] Invoked command in '/home/fizzer/my_robot_ws/build/bringup_nodes' returned '0': DEBUGINFOD_URLS=https://debuginfod.ubuntu.com PYTHONPATH=/home/fizzer/my_robot_ws/build/bringup_nodes/prefix_override:/usr/lib/python3/dist-packages/colcon_core/task/python/colcon_distutils_commands:/home/fizzer/my_robot_ws/install/bringup_nodes/lib/python3.12/site-packages:${PYTHONPATH} /usr/bin/python3 -W ignore:setup.py install is deprecated -W ignore:easy_install command is deprecated setup.py develop --editable --build-directory /home/fizzer/my_robot_ws/build/bringup_nodes/build --no-deps symlink_data --force
