[1.732s] Invoking command in '/home/fizzer/my_robot_ws/src/bringup_nodes': DEBUGINFOD_URLS=https://debuginfod.ubuntu.com PYTHONPATH=/home/fizzer/my_robot_ws/build/bringup_nodes/prefix_override:/usr/lib/python3/dist-packages/colcon_core/task/python/colcon_distutils_commands:/home/fizzer/my_robot_ws/install/bringup_nodes/lib/python3.12/site-packages:${PYTHONPATH} /usr/bin/python3 -W ignore:setup.py install is deprecated -W ignore:easy_install command is deprecated setup.py egg_info --egg-base ../../build/bringup_nodes build --build-base /home/fizzer/my_robot_ws/build/bringup_nodes/build install --record /home/fizzer/my_robot_ws/build/bringup_nodes/install.log --single-version-externally-managed install_data
[2.297s] running egg_info
[2.333s] writing ../../build/bringup_nodes/bringup_nodes.egg-info/PKG-INFO
[2.334s] writing dependency_links to ../../build/bringup_nodes/bringup_nodes.egg-info/dependency_links.txt
[2.335s] writing entry points to ../../build/bringup_nodes/bringup_nodes.egg-info/entry_points.txt
[2.338s] writing requirements to ../../build/bringup_nodes/bringup_nodes.egg-info/requires.txt
[2.338s] writing top-level names to ../../build/bringup_nodes/bringup_nodes.egg-info/top_level.txt
[2.413s] reading manifest file '../../build/bringup_nodes/bringup_nodes.egg-info/SOURCES.txt'
[2.413s] writing manifest file '../../build/bringup_nodes/bringup_nodes.egg-info/SOURCES.txt'
[2.414s] running build
[2.414s] running build_py
[2.415s] copying bringup_nodes/truck_circuit.py -> /home/fizzer/my_robot_ws/build/bringup_nodes/build/lib/bringup_nodes
[2.415s] running install
[2.429s] running install_lib
[2.466s] copying /home/fizzer/my_robot_ws/build/bringup_nodes/build/lib/bringup_nodes/truck_circuit.py -> /home/fizzer/my_robot_ws/install/bringup_nodes/lib/python3.12/site-packages/bringup_nodes
[2.466s] byte-compiling /home/fizzer/my_robot_ws/install/bringup_nodes/lib/python3.12/site-packages/bringup_nodes/truck_circuit.py to truck_circuit.cpython-312.pyc
[2.466s] running install_data
[2.466s] running install_egg_info
[2.504s] removing '/home/fizzer/my_robot_ws/install/bringup_nodes/lib/python3.12/site-packages/bringup_nodes-0.0.0-py3.12.egg-info' (and everything under it)
[2.505s] Copying ../../build/bringup_nodes/bringup_nodes.egg-info to /home/fizzer/my_robot_ws/install/bringup_nodes/lib/python3.12/site-packages/bringup_nodes-0.0.0-py3.12.egg-info
[2.506s] running install_scripts
[2.835s] Installing move_truck script to /home/fizzer/my_robot_ws/install/bringup_nodes/lib/bringup_nodes
[2.845s] writing list of installed files to '/home/fizzer/my_robot_ws/build/bringup_nodes/install.log'
[2.926s] Invoked command in '/home/fizzer/my_robot_ws/src/bringup_nodes' returned '0': DEBUGINFOD_URLS=https://debuginfod.ubuntu.com PYTHONPATH=/home/fizzer/my_robot_ws/build/bringup_nodes/prefix_override:/usr/lib/python3/dist-packages/colcon_core/task/python/colcon_distutils_commands:/home/fizzer/my_robot_ws/install/bringup_nodes/lib/python3.12/site-packages:${PYTHONPATH} /usr/bin/python3 -W ignore:setup.py install is deprecated -W ignore:easy_install command is deprecated setup.py egg_info --egg-base ../../build/bringup_nodes build --build-base /home/fizzer/my_robot_ws/build/bringup_nodes/build install --record /home/fizzer/my_robot_ws/build/bringup_nodes/install.log --single-version-externally-managed install_data
