-- Install configuration: ""
-- Execute custom install script
-- Up-to-date symlink: /home/fizzer/my_robot_ws/install/my_robot_bringup/share/my_robot_bringup//launch/my_robot.launch.xml
-- Up-to-date symlink: /home/fizzer/my_robot_ws/install/my_robot_bringup/share/my_robot_bringup//config/gazebo_bridge.yaml
-- Up-to-date symlink: /home/fizzer/my_robot_ws/install/my_robot_bringup/share/my_robot_bringup//world/fast_empty.sdf
-- Up-to-date symlink: /home/fizzer/my_robot_ws/install/my_robot_bringup/share/my_robot_bringup//world/models/baby_yoda_npc/assets/baby_yoda.blend
-- Up-to-date symlink: /home/fizzer/my_robot_ws/install/my_robot_bringup/share/my_robot_bringup//world/models/baby_yoda_npc/assets/baby_yoda.dae
-- Up-to-date symlink: /home/fizzer/my_robot_ws/install/my_robot_bringup/share/my_robot_bringup//world/models/baby_yoda_npc/assets/baby_yoda_NPC.blend
-- Up-to-date symlink: /home/fizzer/my_robot_ws/install/my_robot_bringup/share/my_robot_bringup//world/models/baby_yoda_npc/baby_yoda_npc.sdf
-- Up-to-date symlink: /home/fizzer/my_robot_ws/install/my_robot_bringup/share/my_robot_bringup//world/models/baby_yoda_npc/model.config
-- Up-to-date symlink: /home/fizzer/my_robot_ws/install/my_robot_bringup/share/my_robot_bringup//world/models/pedestrian_npc/assets/materials/eyebrow001-unmodified.png
-- Up-to-date symlink: /home/fizzer/my_robot_ws/install/my_robot_bringup/share/my_robot_bringup//world/models/pedestrian_npc/assets/materials/eyebrow001.png
-- Up-to-date symlink: /home/fizzer/my_robot_ws/install/my_robot_bringup/share/my_robot_bringup//world/models/pedestrian_npc/assets/materials/green_eye.png
-- Up-to-date symlink: /home/fizzer/my_robot_ws/install/my_robot_bringup/share/my_robot_bringup//world/models/pedestrian_npc/assets/materials/jeans01_normals.png
-- Up-to-date symlink: /home/fizzer/my_robot_ws/install/my_robot_bringup/share/my_robot_bringup//world/models/pedestrian_npc/assets/materials/jeans_basic_diffuse.png
-- Up-to-date symlink: /home/fizzer/my_robot_ws/install/my_robot_bringup/share/my_robot_bringup//world/models/pedestrian_npc/assets/materials/male02_diffuse_black-unmodified.png
-- Up-to-date symlink: /home/fizzer/my_robot_ws/install/my_robot_bringup/share/my_robot_bringup//world/models/pedestrian_npc/assets/materials/male02_diffuse_black.png
-- Up-to-date symlink: /home/fizzer/my_robot_ws/install/my_robot_bringup/share/my_robot_bringup//world/models/pedestrian_npc/assets/materials/teeth.png
-- Up-to-date symlink: /home/fizzer/my_robot_ws/install/my_robot_bringup/share/my_robot_bringup//world/models/pedestrian_npc/assets/materials/tshirt02_normals.png
-- Up-to-date symlink: /home/fizzer/my_robot_ws/install/my_robot_bringup/share/my_robot_bringup//world/models/pedestrian_npc/assets/materials/tshirt02_texture.png
-- Up-to-date symlink: /home/fizzer/my_robot_ws/install/my_robot_bringup/share/my_robot_bringup//world/models/pedestrian_npc/assets/materials/young_lightskinned_male_diffuse.png
-- Up-to-date symlink: /home/fizzer/my_robot_ws/install/my_robot_bringup/share/my_robot_bringup//world/models/pedestrian_npc/assets/walking.dae
-- Up-to-date symlink: /home/fizzer/my_robot_ws/install/my_robot_bringup/share/my_robot_bringup//world/models/pedestrian_npc/model.config
-- Up-to-date symlink: /home/fizzer/my_robot_ws/install/my_robot_bringup/share/my_robot_bringup//world/models/pedestrian_npc/pedestrian_npc.sdf
-- Up-to-date symlink: /home/fizzer/my_robot_ws/install/my_robot_bringup/share/my_robot_bringup//world/models/terrain/assets/2023_Competition_Driving_Surface_v0.2.png
-- Up-to-date symlink: /home/fizzer/my_robot_ws/install/my_robot_bringup/share/my_robot_bringup//world/models/terrain/assets/Terrain_2023_v2.dae
-- Up-to-date symlink: /home/fizzer/my_robot_ws/install/my_robot_bringup/share/my_robot_bringup//world/models/terrain/model.config
-- Up-to-date symlink: /home/fizzer/my_robot_ws/install/my_robot_bringup/share/my_robot_bringup//world/models/terrain/terrain.sdf
-- Symlinking: /home/fizzer/my_robot_ws/install/my_robot_bringup/share/my_robot_bringup//world/models/tree_fir/model.config
-- Symlinking: /home/fizzer/my_robot_ws/install/my_robot_bringup/share/my_robot_bringup//world/models/tree_fir/tree_fir.dae
-- Symlinking: /home/fizzer/my_robot_ws/install/my_robot_bringup/share/my_robot_bringup//world/models/tree_fir/tree_fir.sdf
-- Symlinking: /home/fizzer/my_robot_ws/install/my_robot_bringup/share/my_robot_bringup//world/models/tree_oak/model.config
-- Symlinking: /home/fizzer/my_robot_ws/install/my_robot_bringup/share/my_robot_bringup//world/models/tree_oak/tree_oak.dae
-- Symlinking: /home/fizzer/my_robot_ws/install/my_robot_bringup/share/my_robot_bringup//world/models/tree_oak/tree_oak.sdf
-- Up-to-date symlink: /home/fizzer/my_robot_ws/install/my_robot_bringup/share/my_robot_bringup//world/models/truck_npc/assets/pickup.dae
-- Up-to-date symlink: /home/fizzer/my_robot_ws/install/my_robot_bringup/share/my_robot_bringup//world/models/truck_npc/assets/pickup_diffuse.jpg
-- Up-to-date symlink: /home/fizzer/my_robot_ws/install/my_robot_bringup/share/my_robot_bringup//world/models/truck_npc/assets/wheels2.jpg
-- Up-to-date symlink: /home/fizzer/my_robot_ws/install/my_robot_bringup/share/my_robot_bringup//world/models/truck_npc/model.config
-- Up-to-date symlink: /home/fizzer/my_robot_ws/install/my_robot_bringup/share/my_robot_bringup//world/models/truck_npc/truck_npc.sdf
-- Up-to-date symlink: /home/fizzer/my_robot_ws/install/my_robot_bringup/share/my_robot_bringup//world/models/wall_long/extended_forest.png
-- Up-to-date symlink: /home/fizzer/my_robot_ws/install/my_robot_bringup/share/my_robot_bringup//world/models/wall_long/model.config
-- Up-to-date symlink: /home/fizzer/my_robot_ws/install/my_robot_bringup/share/my_robot_bringup//world/models/wall_long/wall_long.sdf
-- Up-to-date symlink: /home/fizzer/my_robot_ws/install/my_robot_bringup/share/my_robot_bringup//world/models/wall_short/forest.png
-- Up-to-date symlink: /home/fizzer/my_robot_ws/install/my_robot_bringup/share/my_robot_bringup//world/models/wall_short/model.config
-- Up-to-date symlink: /home/fizzer/my_robot_ws/install/my_robot_bringup/share/my_robot_bringup//world/models/wall_short/wall_short.sdf
-- Up-to-date symlink: /home/fizzer/my_robot_ws/install/my_robot_bringup/share/my_robot_bringup//world/textures/monza.png
-- Up-to-date symlink: /home/fizzer/my_robot_ws/install/my_robot_bringup/share/ament_index/resource_index/package_run_dependencies/my_robot_bringup
-- Up-to-date symlink: /home/fizzer/my_robot_ws/install/my_robot_bringup/share/ament_index/resource_index/parent_prefix_path/my_robot_bringup
-- Up-to-date symlink: /home/fizzer/my_robot_ws/install/my_robot_bringup/share/my_robot_bringup/environment/ament_prefix_path.sh
-- Up-to-date symlink: /home/fizzer/my_robot_ws/install/my_robot_bringup/share/my_robot_bringup/environment/ament_prefix_path.dsv
-- Up-to-date symlink: /home/fizzer/my_robot_ws/install/my_robot_bringup/share/my_robot_bringup/environment/path.sh
-- Up-to-date symlink: /home/fizzer/my_robot_ws/install/my_robot_bringup/share/my_robot_bringup/environment/path.dsv
-- Up-to-date symlink: /home/fizzer/my_robot_ws/install/my_robot_bringup/share/my_robot_bringup/local_setup.bash
-- Up-to-date symlink: /home/fizzer/my_robot_ws/install/my_robot_bringup/share/my_robot_bringup/local_setup.sh
-- Up-to-date symlink: /home/fizzer/my_robot_ws/install/my_robot_bringup/share/my_robot_bringup/local_setup.zsh
-- Up-to-date symlink: /home/fizzer/my_robot_ws/install/my_robot_bringup/share/my_robot_bringup/local_setup.dsv
-- Symlinking: /home/fizzer/my_robot_ws/install/my_robot_bringup/share/my_robot_bringup/package.dsv
-- Up-to-date symlink: /home/fizzer/my_robot_ws/install/my_robot_bringup/share/ament_index/resource_index/packages/my_robot_bringup
-- Up-to-date symlink: /home/fizzer/my_robot_ws/install/my_robot_bringup/share/my_robot_bringup/cmake/my_robot_bringupConfig.cmake
-- Up-to-date symlink: /home/fizzer/my_robot_ws/install/my_robot_bringup/share/my_robot_bringup/cmake/my_robot_bringupConfig-version.cmake
-- Up-to-date symlink: /home/fizzer/my_robot_ws/install/my_robot_bringup/share/my_robot_bringup/package.xml
