[0.008s] Invoking command in '/home/fizzer/my_robot_ws/build/custom_plugins': CMAKE_PREFIX_PATH=${CMAKE_PREFIX_PATH}:/home/fizzer/my_robot_ws/install/bringup_nodes:/opt/ros/jazzy DEBUGINFOD_URLS=https://debuginfod.ubuntu.com /usr/bin/cmake --build /home/fizzer/my_robot_ws/build/custom_plugins -- -j4 -l4
[0.063s] [ 50%] [32mBuilding CXX object CMakeFiles/ResetSimPlugin.dir/src/ResetSimPlugin.cc.o[0m
[2.103s] [01m[K/home/fizzer/my_robot_ws/src/custom_plugins/src/ResetSimPlugin.cc:[m[K In member function ‘[01m[Kvirtual void reset_plugin::ResetSimPlugin::[01;32m[KPreUpdate[m[K(const gz::sim::v8::UpdateInfo&, gz::sim::v8::EntityComponentManager&)[m[K’:
[2.103s] [01m[K/home/fizzer/my_robot_ws/src/custom_plugins/src/ResetSimPlugin.cc:38:59:[m[K [01;35m[Kwarning: [m[Kunused parameter ‘[01m[K_info[m[K’ [[01;35m[K]8;;https://gcc.gnu.org/onlinedocs/gcc/Warning-Options.html#index-Wunused-parameter-Wunused-parameter]8;;[m[K]
[2.103s]    38 | void ResetSimPlugin::PreUpdate([01;35m[Kconst gz::sim::UpdateInfo &_info[m[K, gz::sim::EntityComponentManager &_ecm)
[2.104s]       |                                [01;35m[K~~~~~~~~~~~~~~~~~~~~~~~~~~~^~~~~[m[K
[3.939s] [100%] [32m[1mLinking CXX shared library libResetSimPlugin.so[0m
[4.189s] [100%] Built target ResetSimPlugin
[4.200s] Invoked command in '/home/fizzer/my_robot_ws/build/custom_plugins' returned '0': CMAKE_PREFIX_PATH=${CMAKE_PREFIX_PATH}:/home/fizzer/my_robot_ws/install/bringup_nodes:/opt/ros/jazzy DEBUGINFOD_URLS=https://debuginfod.ubuntu.com /usr/bin/cmake --build /home/fizzer/my_robot_ws/build/custom_plugins -- -j4 -l4
[4.209s] Invoking command in '/home/fizzer/my_robot_ws/build/custom_plugins': CMAKE_PREFIX_PATH=${CMAKE_PREFIX_PATH}:/home/fizzer/my_robot_ws/install/bringup_nodes:/opt/ros/jazzy DEBUGINFOD_URLS=https://debuginfod.ubuntu.com /usr/bin/cmake --install /home/fizzer/my_robot_ws/build/custom_plugins
[4.215s] -- Install configuration: ""
[4.216s] -- Execute custom install script
[4.216s] -- Up-to-date symlink: /home/fizzer/my_robot_ws/install/custom_plugins/lib/libResetSimPlugin.so
[4.216s] -- Up-to-date symlink: /home/fizzer/my_robot_ws/install/custom_plugins/include/custom_plugins/ResetSimPlugin.hh
[4.216s] -- Up-to-date symlink: /home/fizzer/my_robot_ws/install/custom_plugins/share/ament_index/resource_index/package_run_dependencies/custom_plugins
[4.216s] -- Up-to-date symlink: /home/fizzer/my_robot_ws/install/custom_plugins/share/ament_index/resource_index/parent_prefix_path/custom_plugins
[4.217s] -- Up-to-date symlink: /home/fizzer/my_robot_ws/install/custom_plugins/share/custom_plugins/environment/ament_prefix_path.sh
[4.217s] -- Up-to-date symlink: /home/fizzer/my_robot_ws/install/custom_plugins/share/custom_plugins/environment/ament_prefix_path.dsv
[4.217s] -- Up-to-date symlink: /home/fizzer/my_robot_ws/install/custom_plugins/share/custom_plugins/environment/path.sh
[4.217s] -- Up-to-date symlink: /home/fizzer/my_robot_ws/install/custom_plugins/share/custom_plugins/environment/path.dsv
[4.217s] -- Up-to-date symlink: /home/fizzer/my_robot_ws/install/custom_plugins/share/custom_plugins/local_setup.bash
[4.218s] -- Up-to-date symlink: /home/fizzer/my_robot_ws/install/custom_plugins/share/custom_plugins/local_setup.sh
[4.218s] -- Up-to-date symlink: /home/fizzer/my_robot_ws/install/custom_plugins/share/custom_plugins/local_setup.zsh
[4.218s] -- Up-to-date symlink: /home/fizzer/my_robot_ws/install/custom_plugins/share/custom_plugins/local_setup.dsv
[4.218s] -- Symlinking: /home/fizzer/my_robot_ws/install/custom_plugins/share/custom_plugins/package.dsv
[4.225s] -- Up-to-date symlink: /home/fizzer/my_robot_ws/install/custom_plugins/share/ament_index/resource_index/packages/custom_plugins
[4.225s] -- Up-to-date symlink: /home/fizzer/my_robot_ws/install/custom_plugins/share/custom_plugins/cmake/custom_pluginsConfig.cmake
[4.225s] -- Up-to-date symlink: /home/fizzer/my_robot_ws/install/custom_plugins/share/custom_plugins/cmake/custom_pluginsConfig-version.cmake
[4.225s] -- Up-to-date symlink: /home/fizzer/my_robot_ws/install/custom_plugins/share/custom_plugins/package.xml
[4.227s] Invoked command in '/home/fizzer/my_robot_ws/build/custom_plugins' returned '0': CMAKE_PREFIX_PATH=${CMAKE_PREFIX_PATH}:/home/fizzer/my_robot_ws/install/bringup_nodes:/opt/ros/jazzy DEBUGINFOD_URLS=https://debuginfod.ubuntu.com /usr/bin/cmake --install /home/fizzer/my_robot_ws/build/custom_plugins
