[1.826s] Invoking command in '/home/fizzer/my_robot_ws/src/bringup_nodes': DEBUGINFOD_URLS=https://debuginfod.ubuntu.com PYTHONPATH=/home/fizzer/my_robot_ws/src/build/bringup_nodes/prefix_override:/usr/lib/python3/dist-packages/colcon_core/task/python/colcon_distutils_commands:/home/fizzer/my_robot_ws/src/install/bringup_nodes/lib/python3.12/site-packages:${PYTHONPATH} /usr/bin/python3 -W ignore:setup.py install is deprecated -W ignore:easy_install command is deprecated setup.py egg_info --egg-base ../build/bringup_nodes build --build-base /home/fizzer/my_robot_ws/src/build/bringup_nodes/build install --record /home/fizzer/my_robot_ws/src/build/bringup_nodes/install.log --single-version-externally-managed install_data
[2.481s] running egg_info
[2.481s] creating ../build/bringup_nodes/bringup_nodes.egg-info
[2.530s] writing ../build/bringup_nodes/bringup_nodes.egg-info/PKG-INFO
[2.531s] writing dependency_links to ../build/bringup_nodes/bringup_nodes.egg-info/dependency_links.txt
[2.532s] writing entry points to ../build/bringup_nodes/bringup_nodes.egg-info/entry_points.txt
[2.534s] writing requirements to ../build/bringup_nodes/bringup_nodes.egg-info/requires.txt
[2.534s] writing top-level names to ../build/bringup_nodes/bringup_nodes.egg-info/top_level.txt
[2.534s] writing manifest file '../build/bringup_nodes/bringup_nodes.egg-info/SOURCES.txt'
[2.612s] reading manifest file '../build/bringup_nodes/bringup_nodes.egg-info/SOURCES.txt'
[2.613s] writing manifest file '../build/bringup_nodes/bringup_nodes.egg-info/SOURCES.txt'
[2.614s] running build
[2.614s] running build_py
[2.615s] creating /home/fizzer/my_robot_ws/src/build/bringup_nodes/build
[2.615s] creating /home/fizzer/my_robot_ws/src/build/bringup_nodes/build/lib
[2.615s] creating /home/fizzer/my_robot_ws/src/build/bringup_nodes/build/lib/bringup_nodes
[2.616s] copying bringup_nodes/truck_circuit.py -> /home/fizzer/my_robot_ws/src/build/bringup_nodes/build/lib/bringup_nodes
[2.616s] copying bringup_nodes/__init__.py -> /home/fizzer/my_robot_ws/src/build/bringup_nodes/build/lib/bringup_nodes
[2.617s] copying bringup_nodes/baby_yoda_circuit.py -> /home/fizzer/my_robot_ws/src/build/bringup_nodes/build/lib/bringup_nodes
[2.617s] copying bringup_nodes/pedestrian_circuit.py -> /home/fizzer/my_robot_ws/src/build/bringup_nodes/build/lib/bringup_nodes
[2.618s] running install
[2.629s] running install_lib
[2.668s] creating /home/fizzer/my_robot_ws/src/install/bringup_nodes/lib/python3.12/site-packages/bringup_nodes
[2.669s] copying /home/fizzer/my_robot_ws/src/build/bringup_nodes/build/lib/bringup_nodes/truck_circuit.py -> /home/fizzer/my_robot_ws/src/install/bringup_nodes/lib/python3.12/site-packages/bringup_nodes
[2.669s] copying /home/fizzer/my_robot_ws/src/build/bringup_nodes/build/lib/bringup_nodes/__init__.py -> /home/fizzer/my_robot_ws/src/install/bringup_nodes/lib/python3.12/site-packages/bringup_nodes
[2.670s] copying /home/fizzer/my_robot_ws/src/build/bringup_nodes/build/lib/bringup_nodes/baby_yoda_circuit.py -> /home/fizzer/my_robot_ws/src/install/bringup_nodes/lib/python3.12/site-packages/bringup_nodes
[2.671s] copying /home/fizzer/my_robot_ws/src/build/bringup_nodes/build/lib/bringup_nodes/pedestrian_circuit.py -> /home/fizzer/my_robot_ws/src/install/bringup_nodes/lib/python3.12/site-packages/bringup_nodes
[2.671s] byte-compiling /home/fizzer/my_robot_ws/src/install/bringup_nodes/lib/python3.12/site-packages/bringup_nodes/truck_circuit.py to truck_circuit.cpython-312.pyc
[2.678s] byte-compiling /home/fizzer/my_robot_ws/src/install/bringup_nodes/lib/python3.12/site-packages/bringup_nodes/__init__.py to __init__.cpython-312.pyc
[2.678s] byte-compiling /home/fizzer/my_robot_ws/src/install/bringup_nodes/lib/python3.12/site-packages/bringup_nodes/baby_yoda_circuit.py to baby_yoda_circuit.cpython-312.pyc
[2.678s] byte-compiling /home/fizzer/my_robot_ws/src/install/bringup_nodes/lib/python3.12/site-packages/bringup_nodes/pedestrian_circuit.py to pedestrian_circuit.cpython-312.pyc
[2.680s] running install_data
[2.681s] creating /home/fizzer/my_robot_ws/src/install/bringup_nodes/share/ament_index
[2.681s] creating /home/fizzer/my_robot_ws/src/install/bringup_nodes/share/ament_index/resource_index
[2.681s] creating /home/fizzer/my_robot_ws/src/install/bringup_nodes/share/ament_index/resource_index/packages
[2.681s] copying resource/bringup_nodes -> /home/fizzer/my_robot_ws/src/install/bringup_nodes/share/ament_index/resource_index/packages
[2.681s] copying package.xml -> /home/fizzer/my_robot_ws/src/install/bringup_nodes/share/bringup_nodes
[2.681s] running install_egg_info
[2.728s] Copying ../build/bringup_nodes/bringup_nodes.egg-info to /home/fizzer/my_robot_ws/src/install/bringup_nodes/lib/python3.12/site-packages/bringup_nodes-0.0.0-py3.12.egg-info
[2.728s] running install_scripts
[2.976s] Installing move_pedestrian script to /home/fizzer/my_robot_ws/src/install/bringup_nodes/lib/bringup_nodes
[2.976s] Installing move_truck script to /home/fizzer/my_robot_ws/src/install/bringup_nodes/lib/bringup_nodes
[2.977s] Installing move_yoda script to /home/fizzer/my_robot_ws/src/install/bringup_nodes/lib/bringup_nodes
[2.977s] writing list of installed files to '/home/fizzer/my_robot_ws/src/build/bringup_nodes/install.log'
