[1.662s] Invoking command in '/home/fizzer/my_robot_ws/build/bringup_nodes': DEBUGINFOD_URLS=https://debuginfod.ubuntu.com PYTHONPATH=/home/fizzer/my_robot_ws/build/bringup_nodes/prefix_override:/usr/lib/python3/dist-packages/colcon_core/task/python/colcon_distutils_commands:/home/fizzer/my_robot_ws/install/bringup_nodes/lib/python3.12/site-packages:${PYTHONPATH} /usr/bin/python3 -W ignore:setup.py install is deprecated -W ignore:easy_install command is deprecated setup.py develop --uninstall --editable --build-directory /home/fizzer/my_robot_ws/build/bringup_nodes/build
[2.085s] running develop
[2.333s] Removing /home/fizzer/my_robot_ws/install/bringup_nodes/lib/python3.12/site-packages/bringup-nodes.egg-link (link to .)
[2.362s] Invoked command in '/home/fizzer/my_robot_ws/build/bringup_nodes' returned '0': DEBUGINFOD_URLS=https://debuginfod.ubuntu.com PYTHONPATH=/home/fizzer/my_robot_ws/build/bringup_nodes/prefix_override:/usr/lib/python3/dist-packages/colcon_core/task/python/colcon_distutils_commands:/home/fizzer/my_robot_ws/install/bringup_nodes/lib/python3.12/site-packages:${PYTHONPATH} /usr/bin/python3 -W ignore:setup.py install is deprecated -W ignore:easy_install command is deprecated setup.py develop --uninstall --editable --build-directory /home/fizzer/my_robot_ws/build/bringup_nodes/build
[2.364s] Invoking command in '/home/fizzer/my_robot_ws/src/bringup_nodes': DEBUGINFOD_URLS=https://debuginfod.ubuntu.com PYTHONPATH=/home/fizzer/my_robot_ws/build/bringup_nodes/prefix_override:/usr/lib/python3/dist-packages/colcon_core/task/python/colcon_distutils_commands:/home/fizzer/my_robot_ws/install/bringup_nodes/lib/python3.12/site-packages:${PYTHONPATH} /usr/bin/python3 -W ignore:setup.py install is deprecated -W ignore:easy_install command is deprecated setup.py egg_info --egg-base ../../build/bringup_nodes build --build-base /home/fizzer/my_robot_ws/build/bringup_nodes/build install --record /home/fizzer/my_robot_ws/build/bringup_nodes/install.log --single-version-externally-managed install_data --force
[2.678s] running egg_info
[2.702s] writing ../../build/bringup_nodes/bringup_nodes.egg-info/PKG-INFO
[2.703s] writing dependency_links to ../../build/bringup_nodes/bringup_nodes.egg-info/dependency_links.txt
[2.703s] writing entry points to ../../build/bringup_nodes/bringup_nodes.egg-info/entry_points.txt
[2.704s] writing requirements to ../../build/bringup_nodes/bringup_nodes.egg-info/requires.txt
[2.704s] writing top-level names to ../../build/bringup_nodes/bringup_nodes.egg-info/top_level.txt
[2.753s] reading manifest file '../../build/bringup_nodes/bringup_nodes.egg-info/SOURCES.txt'
[2.756s] writing manifest file '../../build/bringup_nodes/bringup_nodes.egg-info/SOURCES.txt'
[2.756s] running build
[2.756s] running build_py
[2.756s] copying bringup_nodes/truck_circuit.py -> /home/fizzer/my_robot_ws/build/bringup_nodes/build/lib/bringup_nodes
[2.756s] copying bringup_nodes/baby_yoda_circuit.py -> /home/fizzer/my_robot_ws/build/bringup_nodes/build/lib/bringup_nodes
[2.757s] copying bringup_nodes/pedestrian_circuit.py -> /home/fizzer/my_robot_ws/build/bringup_nodes/build/lib/bringup_nodes
[2.757s] running install
[2.765s] running install_lib
[2.786s] creating /home/fizzer/my_robot_ws/install/bringup_nodes/lib/python3.12/site-packages/bringup_nodes
[2.786s] copying /home/fizzer/my_robot_ws/build/bringup_nodes/build/lib/bringup_nodes/truck_circuit.py -> /home/fizzer/my_robot_ws/install/bringup_nodes/lib/python3.12/site-packages/bringup_nodes
[2.786s] copying /home/fizzer/my_robot_ws/build/bringup_nodes/build/lib/bringup_nodes/__init__.py -> /home/fizzer/my_robot_ws/install/bringup_nodes/lib/python3.12/site-packages/bringup_nodes
[2.787s] copying /home/fizzer/my_robot_ws/build/bringup_nodes/build/lib/bringup_nodes/baby_yoda_circuit.py -> /home/fizzer/my_robot_ws/install/bringup_nodes/lib/python3.12/site-packages/bringup_nodes
[2.787s] copying /home/fizzer/my_robot_ws/build/bringup_nodes/build/lib/bringup_nodes/pedestrian_circuit.py -> /home/fizzer/my_robot_ws/install/bringup_nodes/lib/python3.12/site-packages/bringup_nodes
[2.787s] byte-compiling /home/fizzer/my_robot_ws/install/bringup_nodes/lib/python3.12/site-packages/bringup_nodes/truck_circuit.py to truck_circuit.cpython-312.pyc
[2.789s] byte-compiling /home/fizzer/my_robot_ws/install/bringup_nodes/lib/python3.12/site-packages/bringup_nodes/__init__.py to __init__.cpython-312.pyc
[2.790s] byte-compiling /home/fizzer/my_robot_ws/install/bringup_nodes/lib/python3.12/site-packages/bringup_nodes/baby_yoda_circuit.py to baby_yoda_circuit.cpython-312.pyc
[2.791s] byte-compiling /home/fizzer/my_robot_ws/install/bringup_nodes/lib/python3.12/site-packages/bringup_nodes/pedestrian_circuit.py to pedestrian_circuit.cpython-312.pyc
[2.792s] running install_data
[2.792s] copying resource/bringup_nodes -> /home/fizzer/my_robot_ws/install/bringup_nodes/share/ament_index/resource_index/packages
[2.793s] copying package.xml -> /home/fizzer/my_robot_ws/install/bringup_nodes/share/bringup_nodes
[2.793s] running install_egg_info
[2.820s] Copying ../../build/bringup_nodes/bringup_nodes.egg-info to /home/fizzer/my_robot_ws/install/bringup_nodes/lib/python3.12/site-packages/bringup_nodes-0.0.0-py3.12.egg-info
[2.823s] running install_scripts
[2.985s] Installing move_pedestrian script to /home/fizzer/my_robot_ws/install/bringup_nodes/lib/bringup_nodes
[2.985s] Installing move_truck script to /home/fizzer/my_robot_ws/install/bringup_nodes/lib/bringup_nodes
[2.985s] Installing move_yoda script to /home/fizzer/my_robot_ws/install/bringup_nodes/lib/bringup_nodes
[2.987s] writing list of installed files to '/home/fizzer/my_robot_ws/build/bringup_nodes/install.log'
[3.017s] Invoked command in '/home/fizzer/my_robot_ws/src/bringup_nodes' returned '0': DEBUGINFOD_URLS=https://debuginfod.ubuntu.com PYTHONPATH=/home/fizzer/my_robot_ws/build/bringup_nodes/prefix_override:/usr/lib/python3/dist-packages/colcon_core/task/python/colcon_distutils_commands:/home/fizzer/my_robot_ws/install/bringup_nodes/lib/python3.12/site-packages:${PYTHONPATH} /usr/bin/python3 -W ignore:setup.py install is deprecated -W ignore:easy_install command is deprecated setup.py egg_info --egg-base ../../build/bringup_nodes build --build-base /home/fizzer/my_robot_ws/build/bringup_nodes/build install --record /home/fizzer/my_robot_ws/build/bringup_nodes/install.log --single-version-externally-managed install_data --force
