[0.182s] Invoking command in '/home/fizzer/my_robot_ws/build/custom_plugins': CMAKE_PREFIX_PATH=${CMAKE_PREFIX_PATH}:/home/fizzer/my_robot_ws/install/bringup_nodes:/opt/ros/jazzy DEBUGINFOD_URLS=https://debuginfod.ubuntu.com /usr/bin/cmake --build /home/fizzer/my_robot_ws/build/custom_plugins -- -j4 -l4
[0.239s] [ 50%] [32mBuilding CXX object CMakeFiles/ResetSimPlugin.dir/src/ResetSimPlugin.cc.o[0m
[3.989s] [100%] [32m[1mLinking CXX shared library libResetSimPlugin.so[0m
[4.157s] [100%] Built target ResetSimPlugin
[4.167s] Invoked command in '/home/fizzer/my_robot_ws/build/custom_plugins' returned '0': CMAKE_PREFIX_PATH=${CMAKE_PREFIX_PATH}:/home/fizzer/my_robot_ws/install/bringup_nodes:/opt/ros/jazzy DEBUGINFOD_URLS=https://debuginfod.ubuntu.com /usr/bin/cmake --build /home/fizzer/my_robot_ws/build/custom_plugins -- -j4 -l4
[4.169s] Invoking command in '/home/fizzer/my_robot_ws/build/custom_plugins': CMAKE_PREFIX_PATH=${CMAKE_PREFIX_PATH}:/home/fizzer/my_robot_ws/install/bringup_nodes:/opt/ros/jazzy DEBUGINFOD_URLS=https://debuginfod.ubuntu.com /usr/bin/cmake --install /home/fizzer/my_robot_ws/build/custom_plugins
[4.174s] -- Install configuration: ""
[4.174s] -- Execute custom install script
[4.175s] -- Up-to-date symlink: /home/fizzer/my_robot_ws/install/custom_plugins/lib/libResetSimPlugin.so
[4.175s] -- Up-to-date symlink: /home/fizzer/my_robot_ws/install/custom_plugins/include/custom_plugins/ResetSimPlugin.hh
[4.175s] -- Up-to-date symlink: /home/fizzer/my_robot_ws/install/custom_plugins/share/ament_index/resource_index/package_run_dependencies/custom_plugins
[4.175s] -- Up-to-date symlink: /home/fizzer/my_robot_ws/install/custom_plugins/share/ament_index/resource_index/parent_prefix_path/custom_plugins
[4.175s] -- Up-to-date symlink: /home/fizzer/my_robot_ws/install/custom_plugins/share/custom_plugins/environment/ament_prefix_path.sh
[4.176s] -- Up-to-date symlink: /home/fizzer/my_robot_ws/install/custom_plugins/share/custom_plugins/environment/ament_prefix_path.dsv
[4.176s] -- Up-to-date symlink: /home/fizzer/my_robot_ws/install/custom_plugins/share/custom_plugins/environment/path.sh
[4.176s] -- Up-to-date symlink: /home/fizzer/my_robot_ws/install/custom_plugins/share/custom_plugins/environment/path.dsv
[4.176s] -- Up-to-date symlink: /home/fizzer/my_robot_ws/install/custom_plugins/share/custom_plugins/local_setup.bash
[4.176s] -- Up-to-date symlink: /home/fizzer/my_robot_ws/install/custom_plugins/share/custom_plugins/local_setup.sh
[4.176s] -- Up-to-date symlink: /home/fizzer/my_robot_ws/install/custom_plugins/share/custom_plugins/local_setup.zsh
[4.177s] -- Up-to-date symlink: /home/fizzer/my_robot_ws/install/custom_plugins/share/custom_plugins/local_setup.dsv
[4.177s] -- Symlinking: /home/fizzer/my_robot_ws/install/custom_plugins/share/custom_plugins/package.dsv
[4.183s] -- Up-to-date symlink: /home/fizzer/my_robot_ws/install/custom_plugins/share/ament_index/resource_index/packages/custom_plugins
[4.184s] -- Up-to-date symlink: /home/fizzer/my_robot_ws/install/custom_plugins/share/custom_plugins/cmake/custom_pluginsConfig.cmake
[4.184s] -- Up-to-date symlink: /home/fizzer/my_robot_ws/install/custom_plugins/share/custom_plugins/cmake/custom_pluginsConfig-version.cmake
[4.184s] -- Up-to-date symlink: /home/fizzer/my_robot_ws/install/custom_plugins/share/custom_plugins/package.xml
[4.186s] Invoked command in '/home/fizzer/my_robot_ws/build/custom_plugins' returned '0': CMAKE_PREFIX_PATH=${CMAKE_PREFIX_PATH}:/home/fizzer/my_robot_ws/install/bringup_nodes:/opt/ros/jazzy DEBUGINFOD_URLS=https://debuginfod.ubuntu.com /usr/bin/cmake --install /home/fizzer/my_robot_ws/build/custom_plugins
