[0.166s] DEBUG:colcon:Command line arguments: ['/usr/bin/colcon', 'build', '--symlink-install']
[0.166s] DEBUG:colcon:Parsed command line arguments: Namespace(log_base=None, log_level=None, verb_name='build', build_base='build', install_base='install', merge_install=False, symlink_install=True, test_result_base=None, continue_on_error=False, executor='parallel', parallel_workers=4, event_handlers=None, ignore_user_meta=False, metas=['./colcon.meta'], base_paths=['.'], packages_ignore=None, packages_ignore_regex=None, paths=None, packages_up_to=None, packages_up_to_regex=None, packages_above=None, packages_above_and_dependencies=None, packages_above_depth=None, packages_select_by_dep=None, packages_skip_by_dep=None, packages_skip_up_to=None, packages_select_build_failed=False, packages_skip_build_finished=False, packages_select_test_failures=False, packages_skip_test_passed=False, packages_select=None, packages_skip=None, packages_select_regex=None, packages_skip_regex=None, packages_start=None, packages_end=None, allow_overriding=[], cmake_args=None, cmake_target=None, cmake_target_skip_unavailable=False, cmake_clean_cache=False, cmake_clean_first=False, cmake_force_configure=False, ament_cmake_args=None, catkin_cmake_args=None, catkin_skip_building_tests=False, mixin_files=None, mixin=None, verb_parser=<colcon_mixin.mixin.mixin_argument.MixinArgumentDecorator object at 0x768e51e8ce90>, verb_extension=<colcon_core.verb.build.BuildVerb object at 0x768e51e8caa0>, main=<bound method BuildVerb.main of <colcon_core.verb.build.BuildVerb object at 0x768e51e8caa0>>, mixin_verb=('build',))
[0.219s] Level 1:colcon.colcon_core.package_discovery:discover_packages(colcon_meta) check parameters
[0.219s] Level 1:colcon.colcon_core.package_discovery:discover_packages(recursive) check parameters
[0.219s] Level 1:colcon.colcon_core.package_discovery:discover_packages(ignore) check parameters
[0.219s] Level 1:colcon.colcon_core.package_discovery:discover_packages(path) check parameters
[0.219s] Level 1:colcon.colcon_core.package_discovery:discover_packages(colcon_meta) discover
[0.220s] Level 1:colcon.colcon_core.package_discovery:discover_packages(recursive) discover
[0.220s] INFO:colcon.colcon_core.package_discovery:Crawling recursively for packages in '/home/fizzer/my_robot_ws'
[0.220s] Level 1:colcon.colcon_core.package_identification:_identify(.) by extensions ['ignore', 'ignore_ament_install']
[0.220s] Level 1:colcon.colcon_core.package_identification:_identify(.) by extension 'ignore'
[0.220s] Level 1:colcon.colcon_core.package_identification:_identify(.) by extension 'ignore_ament_install'
[0.220s] Level 1:colcon.colcon_core.package_identification:_identify(.) by extensions ['colcon_pkg']
[0.220s] Level 1:colcon.colcon_core.package_identification:_identify(.) by extension 'colcon_pkg'
[0.220s] Level 1:colcon.colcon_core.package_identification:_identify(.) by extensions ['colcon_meta']
[0.220s] Level 1:colcon.colcon_core.package_identification:_identify(.) by extension 'colcon_meta'
[0.220s] Level 1:colcon.colcon_core.package_identification:_identify(.) by extensions ['ros']
[0.220s] Level 1:colcon.colcon_core.package_identification:_identify(.) by extension 'ros'
[0.255s] Level 1:colcon.colcon_core.package_identification:_identify(.) by extensions ['cmake', 'python']
[0.255s] Level 1:colcon.colcon_core.package_identification:_identify(.) by extension 'cmake'
[0.255s] Level 1:colcon.colcon_core.package_identification:_identify(.) by extension 'python'
[0.255s] Level 1:colcon.colcon_core.package_identification:_identify(.) by extensions ['python_setup_py']
[0.255s] Level 1:colcon.colcon_core.package_identification:_identify(.) by extension 'python_setup_py'
[0.255s] Level 1:colcon.colcon_core.package_identification:_identify(build) by extensions ['ignore', 'ignore_ament_install']
[0.256s] Level 1:colcon.colcon_core.package_identification:_identify(build) by extension 'ignore'
[0.256s] Level 1:colcon.colcon_core.package_identification:_identify(build) ignored
[0.256s] Level 1:colcon.colcon_core.package_identification:_identify(install) by extensions ['ignore', 'ignore_ament_install']
[0.256s] Level 1:colcon.colcon_core.package_identification:_identify(install) by extension 'ignore'
[0.256s] Level 1:colcon.colcon_core.package_identification:_identify(install) ignored
[0.256s] Level 1:colcon.colcon_core.package_identification:_identify(log) by extensions ['ignore', 'ignore_ament_install']
[0.256s] Level 1:colcon.colcon_core.package_identification:_identify(log) by extension 'ignore'
[0.256s] Level 1:colcon.colcon_core.package_identification:_identify(log) ignored
[0.256s] Level 1:colcon.colcon_core.package_identification:_identify(src) by extensions ['ignore', 'ignore_ament_install']
[0.257s] Level 1:colcon.colcon_core.package_identification:_identify(src) by extension 'ignore'
[0.257s] Level 1:colcon.colcon_core.package_identification:_identify(src) by extension 'ignore_ament_install'
[0.257s] Level 1:colcon.colcon_core.package_identification:_identify(src) by extensions ['colcon_pkg']
[0.257s] Level 1:colcon.colcon_core.package_identification:_identify(src) by extension 'colcon_pkg'
[0.257s] Level 1:colcon.colcon_core.package_identification:_identify(src) by extensions ['colcon_meta']
[0.257s] Level 1:colcon.colcon_core.package_identification:_identify(src) by extension 'colcon_meta'
[0.257s] Level 1:colcon.colcon_core.package_identification:_identify(src) by extensions ['ros']
[0.257s] Level 1:colcon.colcon_core.package_identification:_identify(src) by extension 'ros'
[0.257s] Level 1:colcon.colcon_core.package_identification:_identify(src) by extensions ['cmake', 'python']
[0.257s] Level 1:colcon.colcon_core.package_identification:_identify(src) by extension 'cmake'
[0.257s] Level 1:colcon.colcon_core.package_identification:_identify(src) by extension 'python'
[0.257s] Level 1:colcon.colcon_core.package_identification:_identify(src) by extensions ['python_setup_py']
[0.257s] Level 1:colcon.colcon_core.package_identification:_identify(src) by extension 'python_setup_py'
[0.257s] Level 1:colcon.colcon_core.package_identification:_identify(src/bringup_nodes) by extensions ['ignore', 'ignore_ament_install']
[0.258s] Level 1:colcon.colcon_core.package_identification:_identify(src/bringup_nodes) by extension 'ignore'
[0.258s] Level 1:colcon.colcon_core.package_identification:_identify(src/bringup_nodes) by extension 'ignore_ament_install'
[0.258s] Level 1:colcon.colcon_core.package_identification:_identify(src/bringup_nodes) by extensions ['colcon_pkg']
[0.258s] Level 1:colcon.colcon_core.package_identification:_identify(src/bringup_nodes) by extension 'colcon_pkg'
[0.258s] Level 1:colcon.colcon_core.package_identification:_identify(src/bringup_nodes) by extensions ['colcon_meta']
[0.258s] Level 1:colcon.colcon_core.package_identification:_identify(src/bringup_nodes) by extension 'colcon_meta'
[0.258s] Level 1:colcon.colcon_core.package_identification:_identify(src/bringup_nodes) by extensions ['ros']
[0.258s] Level 1:colcon.colcon_core.package_identification:_identify(src/bringup_nodes) by extension 'ros'
[0.261s] DEBUG:colcon.colcon_core.package_identification:Package 'src/bringup_nodes' with type 'ros.ament_python' and name 'bringup_nodes'
[0.261s] Level 1:colcon.colcon_core.package_identification:_identify(src/my_robot_bringup) by extensions ['ignore', 'ignore_ament_install']
[0.261s] Level 1:colcon.colcon_core.package_identification:_identify(src/my_robot_bringup) by extension 'ignore'
[0.261s] Level 1:colcon.colcon_core.package_identification:_identify(src/my_robot_bringup) by extension 'ignore_ament_install'
[0.261s] Level 1:colcon.colcon_core.package_identification:_identify(src/my_robot_bringup) by extensions ['colcon_pkg']
[0.261s] Level 1:colcon.colcon_core.package_identification:_identify(src/my_robot_bringup) by extension 'colcon_pkg'
[0.261s] Level 1:colcon.colcon_core.package_identification:_identify(src/my_robot_bringup) by extensions ['colcon_meta']
[0.261s] Level 1:colcon.colcon_core.package_identification:_identify(src/my_robot_bringup) by extension 'colcon_meta'
[0.262s] Level 1:colcon.colcon_core.package_identification:_identify(src/my_robot_bringup) by extensions ['ros']
[0.262s] Level 1:colcon.colcon_core.package_identification:_identify(src/my_robot_bringup) by extension 'ros'
[0.262s] DEBUG:colcon.colcon_core.package_identification:Package 'src/my_robot_bringup' with type 'ros.ament_cmake' and name 'my_robot_bringup'
[0.262s] Level 1:colcon.colcon_core.package_identification:_identify(src/my_robot_description) by extensions ['ignore', 'ignore_ament_install']
[0.262s] Level 1:colcon.colcon_core.package_identification:_identify(src/my_robot_description) by extension 'ignore'
[0.263s] Level 1:colcon.colcon_core.package_identification:_identify(src/my_robot_description) by extension 'ignore_ament_install'
[0.263s] Level 1:colcon.colcon_core.package_identification:_identify(src/my_robot_description) by extensions ['colcon_pkg']
[0.263s] Level 1:colcon.colcon_core.package_identification:_identify(src/my_robot_description) by extension 'colcon_pkg'
[0.263s] Level 1:colcon.colcon_core.package_identification:_identify(src/my_robot_description) by extensions ['colcon_meta']
[0.263s] Level 1:colcon.colcon_core.package_identification:_identify(src/my_robot_description) by extension 'colcon_meta'
[0.263s] Level 1:colcon.colcon_core.package_identification:_identify(src/my_robot_description) by extensions ['ros']
[0.263s] Level 1:colcon.colcon_core.package_identification:_identify(src/my_robot_description) by extension 'ros'
[0.263s] DEBUG:colcon.colcon_core.package_identification:Package 'src/my_robot_description' with type 'ros.ament_cmake' and name 'my_robot_description'
[0.263s] Level 1:colcon.colcon_core.package_discovery:discover_packages(recursive) using defaults
[0.264s] Level 1:colcon.colcon_core.package_discovery:discover_packages(ignore) discover
[0.264s] Level 1:colcon.colcon_core.package_discovery:discover_packages(ignore) using defaults
[0.264s] Level 1:colcon.colcon_core.package_discovery:discover_packages(path) discover
[0.264s] Level 1:colcon.colcon_core.package_discovery:discover_packages(path) using defaults
[0.288s] Level 1:colcon.colcon_core.package_discovery:discover_packages(prefix_path) check parameters
[0.288s] Level 1:colcon.colcon_core.package_discovery:discover_packages(prefix_path) discover
[0.291s] DEBUG:colcon.colcon_installed_package_information.package_discovery:Found 3 installed packages in /home/fizzer/my_robot_ws/install
[0.293s] DEBUG:colcon.colcon_installed_package_information.package_discovery:Found 393 installed packages in /opt/ros/jazzy
[0.295s] Level 1:colcon.colcon_core.package_discovery:discover_packages(prefix_path) using defaults
[0.360s] Level 5:colcon.colcon_core.verb:set package 'bringup_nodes' build argument 'cmake_args' from command line to 'None'
[0.360s] Level 5:colcon.colcon_core.verb:set package 'bringup_nodes' build argument 'cmake_target' from command line to 'None'
[0.360s] Level 5:colcon.colcon_core.verb:set package 'bringup_nodes' build argument 'cmake_target_skip_unavailable' from command line to 'False'
[0.360s] Level 5:colcon.colcon_core.verb:set package 'bringup_nodes' build argument 'cmake_clean_cache' from command line to 'False'
[0.360s] Level 5:colcon.colcon_core.verb:set package 'bringup_nodes' build argument 'cmake_clean_first' from command line to 'False'
[0.360s] Level 5:colcon.colcon_core.verb:set package 'bringup_nodes' build argument 'cmake_force_configure' from command line to 'False'
[0.360s] Level 5:colcon.colcon_core.verb:set package 'bringup_nodes' build argument 'ament_cmake_args' from command line to 'None'
[0.360s] Level 5:colcon.colcon_core.verb:set package 'bringup_nodes' build argument 'catkin_cmake_args' from command line to 'None'
[0.360s] Level 5:colcon.colcon_core.verb:set package 'bringup_nodes' build argument 'catkin_skip_building_tests' from command line to 'False'
[0.360s] DEBUG:colcon.colcon_core.verb:Building package 'bringup_nodes' with the following arguments: {'ament_cmake_args': None, 'build_base': '/home/fizzer/my_robot_ws/build/bringup_nodes', 'catkin_cmake_args': None, 'catkin_skip_building_tests': False, 'cmake_args': None, 'cmake_clean_cache': False, 'cmake_clean_first': False, 'cmake_force_configure': False, 'cmake_target': None, 'cmake_target_skip_unavailable': False, 'install_base': '/home/fizzer/my_robot_ws/install/bringup_nodes', 'merge_install': False, 'path': '/home/fizzer/my_robot_ws/src/bringup_nodes', 'symlink_install': True, 'test_result_base': None}
[0.361s] Level 5:colcon.colcon_core.verb:set package 'my_robot_description' build argument 'cmake_args' from command line to 'None'
[0.361s] Level 5:colcon.colcon_core.verb:set package 'my_robot_description' build argument 'cmake_target' from command line to 'None'
[0.361s] Level 5:colcon.colcon_core.verb:set package 'my_robot_description' build argument 'cmake_target_skip_unavailable' from command line to 'False'
[0.361s] Level 5:colcon.colcon_core.verb:set package 'my_robot_description' build argument 'cmake_clean_cache' from command line to 'False'
[0.361s] Level 5:colcon.colcon_core.verb:set package 'my_robot_description' build argument 'cmake_clean_first' from command line to 'False'
[0.361s] Level 5:colcon.colcon_core.verb:set package 'my_robot_description' build argument 'cmake_force_configure' from command line to 'False'
[0.361s] Level 5:colcon.colcon_core.verb:set package 'my_robot_description' build argument 'ament_cmake_args' from command line to 'None'
[0.361s] Level 5:colcon.colcon_core.verb:set package 'my_robot_description' build argument 'catkin_cmake_args' from command line to 'None'
[0.361s] Level 5:colcon.colcon_core.verb:set package 'my_robot_description' build argument 'catkin_skip_building_tests' from command line to 'False'
[0.361s] DEBUG:colcon.colcon_core.verb:Building package 'my_robot_description' with the following arguments: {'ament_cmake_args': None, 'build_base': '/home/fizzer/my_robot_ws/build/my_robot_description', 'catkin_cmake_args': None, 'catkin_skip_building_tests': False, 'cmake_args': None, 'cmake_clean_cache': False, 'cmake_clean_first': False, 'cmake_force_configure': False, 'cmake_target': None, 'cmake_target_skip_unavailable': False, 'install_base': '/home/fizzer/my_robot_ws/install/my_robot_description', 'merge_install': False, 'path': '/home/fizzer/my_robot_ws/src/my_robot_description', 'symlink_install': True, 'test_result_base': None}
[0.361s] Level 5:colcon.colcon_core.verb:set package 'my_robot_bringup' build argument 'cmake_args' from command line to 'None'
[0.361s] Level 5:colcon.colcon_core.verb:set package 'my_robot_bringup' build argument 'cmake_target' from command line to 'None'
[0.361s] Level 5:colcon.colcon_core.verb:set package 'my_robot_bringup' build argument 'cmake_target_skip_unavailable' from command line to 'False'
[0.362s] Level 5:colcon.colcon_core.verb:set package 'my_robot_bringup' build argument 'cmake_clean_cache' from command line to 'False'
[0.362s] Level 5:colcon.colcon_core.verb:set package 'my_robot_bringup' build argument 'cmake_clean_first' from command line to 'False'
[0.362s] Level 5:colcon.colcon_core.verb:set package 'my_robot_bringup' build argument 'cmake_force_configure' from command line to 'False'
[0.362s] Level 5:colcon.colcon_core.verb:set package 'my_robot_bringup' build argument 'ament_cmake_args' from command line to 'None'
[0.362s] Level 5:colcon.colcon_core.verb:set package 'my_robot_bringup' build argument 'catkin_cmake_args' from command line to 'None'
[0.362s] Level 5:colcon.colcon_core.verb:set package 'my_robot_bringup' build argument 'catkin_skip_building_tests' from command line to 'False'
[0.362s] DEBUG:colcon.colcon_core.verb:Building package 'my_robot_bringup' with the following arguments: {'ament_cmake_args': None, 'build_base': '/home/fizzer/my_robot_ws/build/my_robot_bringup', 'catkin_cmake_args': None, 'catkin_skip_building_tests': False, 'cmake_args': None, 'cmake_clean_cache': False, 'cmake_clean_first': False, 'cmake_force_configure': False, 'cmake_target': None, 'cmake_target_skip_unavailable': False, 'install_base': '/home/fizzer/my_robot_ws/install/my_robot_bringup', 'merge_install': False, 'path': '/home/fizzer/my_robot_ws/src/my_robot_bringup', 'symlink_install': True, 'test_result_base': None}
[0.362s] INFO:colcon.colcon_core.executor:Executing jobs using 'parallel' executor
[0.363s] DEBUG:colcon.colcon_parallel_executor.executor.parallel:run_until_complete
[0.364s] INFO:colcon.colcon_ros.task.ament_cmake.build:Building ROS package in '/home/fizzer/my_robot_ws/src/my_robot_description' with build type 'ament_cmake'
[0.364s] INFO:colcon.colcon_cmake.task.cmake.build:Building CMake package in '/home/fizzer/my_robot_ws/src/my_robot_description'
[0.367s] INFO:colcon.colcon_core.plugin_system:Skipping extension 'colcon_core.shell.bat': Not used on non-Windows systems
[0.367s] INFO:colcon.colcon_core.shell:Skip shell extension 'powershell' for command environment: Not usable outside of PowerShell
[0.367s] DEBUG:colcon.colcon_core.shell:Skip shell extension 'dsv' for command environment
[0.373s] INFO:colcon.colcon_ros.task.ament_python.build:Building ROS package in '/home/fizzer/my_robot_ws/src/bringup_nodes' with build type 'ament_python'
[0.373s] Level 1:colcon.colcon_core.shell:create_environment_hook('bringup_nodes', 'ament_prefix_path')
[0.373s] INFO:colcon.colcon_core.shell:Creating environment hook '/home/fizzer/my_robot_ws/install/bringup_nodes/share/bringup_nodes/hook/ament_prefix_path.ps1'
[0.375s] INFO:colcon.colcon_core.shell:Creating environment descriptor '/home/fizzer/my_robot_ws/install/bringup_nodes/share/bringup_nodes/hook/ament_prefix_path.dsv'
[0.376s] INFO:colcon.colcon_core.shell:Creating environment hook '/home/fizzer/my_robot_ws/install/bringup_nodes/share/bringup_nodes/hook/ament_prefix_path.sh'
[0.377s] INFO:colcon.colcon_core.shell:Skip shell extension 'powershell' for command environment: Not usable outside of PowerShell
[0.377s] DEBUG:colcon.colcon_core.shell:Skip shell extension 'dsv' for command environment
[0.391s] DEBUG:colcon.colcon_core.event_handler.log_command:Invoking command in '/home/fizzer/my_robot_ws/build/my_robot_description': CMAKE_PREFIX_PATH=${CMAKE_PREFIX_PATH}:/home/fizzer/my_robot_ws/install/bringup_nodes:/opt/ros/jazzy DEBUGINFOD_URLS=https://debuginfod.ubuntu.com /usr/bin/cmake --build /home/fizzer/my_robot_ws/build/my_robot_description -- -j4 -l4
[0.701s] INFO:colcon.colcon_core.task.python.build:Building Python package in '/home/fizzer/my_robot_ws/src/bringup_nodes'
[0.701s] INFO:colcon.colcon_core.shell:Skip shell extension 'powershell' for command environment: Not usable outside of PowerShell
[0.701s] DEBUG:colcon.colcon_core.shell:Skip shell extension 'dsv' for command environment
[0.708s] DEBUG:colcon.colcon_core.event_handler.log_command:Invoked command in '/home/fizzer/my_robot_ws/build/my_robot_description' returned '0': CMAKE_PREFIX_PATH=${CMAKE_PREFIX_PATH}:/home/fizzer/my_robot_ws/install/bringup_nodes:/opt/ros/jazzy DEBUGINFOD_URLS=https://debuginfod.ubuntu.com /usr/bin/cmake --build /home/fizzer/my_robot_ws/build/my_robot_description -- -j4 -l4
[0.722s] DEBUG:colcon.colcon_core.event_handler.log_command:Invoking command in '/home/fizzer/my_robot_ws/build/my_robot_description': CMAKE_PREFIX_PATH=${CMAKE_PREFIX_PATH}:/home/fizzer/my_robot_ws/install/bringup_nodes:/opt/ros/jazzy DEBUGINFOD_URLS=https://debuginfod.ubuntu.com /usr/bin/cmake --install /home/fizzer/my_robot_ws/build/my_robot_description
[0.757s] Level 1:colcon.colcon_core.environment:create_environment_scripts_only(my_robot_description)
[0.760s] DEBUG:colcon.colcon_core.event_handler.log_command:Invoked command in '/home/fizzer/my_robot_ws/build/my_robot_description' returned '0': CMAKE_PREFIX_PATH=${CMAKE_PREFIX_PATH}:/home/fizzer/my_robot_ws/install/bringup_nodes:/opt/ros/jazzy DEBUGINFOD_URLS=https://debuginfod.ubuntu.com /usr/bin/cmake --install /home/fizzer/my_robot_ws/build/my_robot_description
[0.763s] Level 1:colcon.colcon_core.environment:checking '/home/fizzer/my_robot_ws/install/my_robot_description' for CMake module files
[0.764s] Level 1:colcon.colcon_core.environment:checking '/home/fizzer/my_robot_ws/install/my_robot_description' for CMake config files
[0.765s] Level 1:colcon.colcon_core.shell:create_environment_hook('my_robot_description', 'cmake_prefix_path')
[0.765s] INFO:colcon.colcon_core.shell:Creating environment hook '/home/fizzer/my_robot_ws/install/my_robot_description/share/my_robot_description/hook/cmake_prefix_path.ps1'
[0.766s] INFO:colcon.colcon_core.shell:Creating environment descriptor '/home/fizzer/my_robot_ws/install/my_robot_description/share/my_robot_description/hook/cmake_prefix_path.dsv'
[0.770s] INFO:colcon.colcon_core.shell:Creating environment hook '/home/fizzer/my_robot_ws/install/my_robot_description/share/my_robot_description/hook/cmake_prefix_path.sh'
[0.771s] Level 1:colcon.colcon_core.environment:checking '/home/fizzer/my_robot_ws/install/my_robot_description/bin'
[0.771s] Level 1:colcon.colcon_core.environment:checking '/home/fizzer/my_robot_ws/install/my_robot_description/lib/pkgconfig/my_robot_description.pc'
[0.771s] Level 1:colcon.colcon_core.environment:checking '/home/fizzer/my_robot_ws/install/my_robot_description/lib/python3.12/site-packages'
[0.773s] Level 1:colcon.colcon_core.environment:checking '/home/fizzer/my_robot_ws/install/my_robot_description/bin'
[0.774s] INFO:colcon.colcon_core.shell:Creating package script '/home/fizzer/my_robot_ws/install/my_robot_description/share/my_robot_description/package.ps1'
[0.776s] INFO:colcon.colcon_core.shell:Creating package descriptor '/home/fizzer/my_robot_ws/install/my_robot_description/share/my_robot_description/package.dsv'
[0.780s] INFO:colcon.colcon_core.shell:Creating package script '/home/fizzer/my_robot_ws/install/my_robot_description/share/my_robot_description/package.sh'
[0.805s] INFO:colcon.colcon_core.shell:Creating package script '/home/fizzer/my_robot_ws/install/my_robot_description/share/my_robot_description/package.bash'
[0.808s] INFO:colcon.colcon_core.shell:Creating package script '/home/fizzer/my_robot_ws/install/my_robot_description/share/my_robot_description/package.zsh'
[0.811s] Level 1:colcon.colcon_core.environment:create_file_with_runtime_dependencies(/home/fizzer/my_robot_ws/install/my_robot_description/share/colcon-core/packages/my_robot_description)
[0.812s] Level 1:colcon.colcon_core.environment:create_environment_scripts_only(my_robot_description)
[0.812s] Level 1:colcon.colcon_core.environment:checking '/home/fizzer/my_robot_ws/install/my_robot_description' for CMake module files
[0.813s] Level 1:colcon.colcon_core.environment:checking '/home/fizzer/my_robot_ws/install/my_robot_description' for CMake config files
[0.814s] Level 1:colcon.colcon_core.shell:create_environment_hook('my_robot_description', 'cmake_prefix_path')
[0.814s] INFO:colcon.colcon_core.shell:Creating environment hook '/home/fizzer/my_robot_ws/install/my_robot_description/share/my_robot_description/hook/cmake_prefix_path.ps1'
[0.815s] INFO:colcon.colcon_core.shell:Creating environment descriptor '/home/fizzer/my_robot_ws/install/my_robot_description/share/my_robot_description/hook/cmake_prefix_path.dsv'
[0.815s] INFO:colcon.colcon_core.shell:Creating environment hook '/home/fizzer/my_robot_ws/install/my_robot_description/share/my_robot_description/hook/cmake_prefix_path.sh'
[0.818s] Level 1:colcon.colcon_core.environment:checking '/home/fizzer/my_robot_ws/install/my_robot_description/bin'
[0.819s] Level 1:colcon.colcon_core.environment:checking '/home/fizzer/my_robot_ws/install/my_robot_description/lib/pkgconfig/my_robot_description.pc'
[0.819s] Level 1:colcon.colcon_core.environment:checking '/home/fizzer/my_robot_ws/install/my_robot_description/lib/python3.12/site-packages'
[0.819s] Level 1:colcon.colcon_core.environment:checking '/home/fizzer/my_robot_ws/install/my_robot_description/bin'
[0.820s] INFO:colcon.colcon_core.shell:Creating package script '/home/fizzer/my_robot_ws/install/my_robot_description/share/my_robot_description/package.ps1'
[0.821s] INFO:colcon.colcon_core.shell:Creating package descriptor '/home/fizzer/my_robot_ws/install/my_robot_description/share/my_robot_description/package.dsv'
[0.822s] INFO:colcon.colcon_core.shell:Creating package script '/home/fizzer/my_robot_ws/install/my_robot_description/share/my_robot_description/package.sh'
[0.825s] INFO:colcon.colcon_core.shell:Creating package script '/home/fizzer/my_robot_ws/install/my_robot_description/share/my_robot_description/package.bash'
[0.826s] INFO:colcon.colcon_core.shell:Creating package script '/home/fizzer/my_robot_ws/install/my_robot_description/share/my_robot_description/package.zsh'
[0.827s] Level 1:colcon.colcon_core.environment:create_file_with_runtime_dependencies(/home/fizzer/my_robot_ws/install/my_robot_description/share/colcon-core/packages/my_robot_description)
[0.827s] INFO:colcon.colcon_ros.task.ament_cmake.build:Building ROS package in '/home/fizzer/my_robot_ws/src/my_robot_bringup' with build type 'ament_cmake'
[0.828s] INFO:colcon.colcon_cmake.task.cmake.build:Building CMake package in '/home/fizzer/my_robot_ws/src/my_robot_bringup'
[0.828s] INFO:colcon.colcon_core.shell:Skip shell extension 'powershell' for command environment: Not usable outside of PowerShell
[0.828s] DEBUG:colcon.colcon_core.shell:Skip shell extension 'dsv' for command environment
[0.852s] DEBUG:colcon.colcon_core.event_handler.log_command:Invoking command in '/home/fizzer/my_robot_ws/build/my_robot_bringup': CMAKE_PREFIX_PATH=/home/fizzer/my_robot_ws/install/my_robot_description:/home/fizzer/my_robot_ws/install/my_robot_bringup:/opt/ros/jazzy/opt/gz_sim_vendor:/opt/ros/jazzy/opt/gz_sensors_vendor:/opt/ros/jazzy/opt/gz_physics_vendor:/opt/ros/jazzy/opt/sdformat_vendor:/opt/ros/jazzy/opt/gz_gui_vendor:/opt/ros/jazzy/opt/gz_transport_vendor:/opt/ros/jazzy/opt/gz_rendering_vendor:/opt/ros/jazzy/opt/gz_plugin_vendor:/opt/ros/jazzy/opt/gz_fuel_tools_vendor:/opt/ros/jazzy/opt/gz_msgs_vendor:/opt/ros/jazzy/opt/gz_common_vendor:/opt/ros/jazzy/opt/gz_math_vendor:/opt/ros/jazzy/opt/gz_utils_vendor:/opt/ros/jazzy/opt/gz_tools_vendor:/opt/ros/jazzy/opt/gz_ogre_next_vendor:/opt/ros/jazzy/opt/gz_dartsim_vendor:/opt/ros/jazzy/opt/gz_cmake_vendor:/home/fizzer/my_robot_ws/install/bringup_nodes:/opt/ros/jazzy DEBUGINFOD_URLS=https://debuginfod.ubuntu.com /usr/bin/cmake --build /home/fizzer/my_robot_ws/build/my_robot_bringup -- -j4 -l4
[0.939s] DEBUG:colcon.colcon_core.event_handler.log_command:Invoked command in '/home/fizzer/my_robot_ws/build/my_robot_bringup' returned '0': CMAKE_PREFIX_PATH=/home/fizzer/my_robot_ws/install/my_robot_description:/home/fizzer/my_robot_ws/install/my_robot_bringup:/opt/ros/jazzy/opt/gz_sim_vendor:/opt/ros/jazzy/opt/gz_sensors_vendor:/opt/ros/jazzy/opt/gz_physics_vendor:/opt/ros/jazzy/opt/sdformat_vendor:/opt/ros/jazzy/opt/gz_gui_vendor:/opt/ros/jazzy/opt/gz_transport_vendor:/opt/ros/jazzy/opt/gz_rendering_vendor:/opt/ros/jazzy/opt/gz_plugin_vendor:/opt/ros/jazzy/opt/gz_fuel_tools_vendor:/opt/ros/jazzy/opt/gz_msgs_vendor:/opt/ros/jazzy/opt/gz_common_vendor:/opt/ros/jazzy/opt/gz_math_vendor:/opt/ros/jazzy/opt/gz_utils_vendor:/opt/ros/jazzy/opt/gz_tools_vendor:/opt/ros/jazzy/opt/gz_ogre_next_vendor:/opt/ros/jazzy/opt/gz_dartsim_vendor:/opt/ros/jazzy/opt/gz_cmake_vendor:/home/fizzer/my_robot_ws/install/bringup_nodes:/opt/ros/jazzy DEBUGINFOD_URLS=https://debuginfod.ubuntu.com /usr/bin/cmake --build /home/fizzer/my_robot_ws/build/my_robot_bringup -- -j4 -l4
[0.939s] DEBUG:colcon.colcon_core.event_handler.log_command:Invoking command in '/home/fizzer/my_robot_ws/build/my_robot_bringup': CMAKE_PREFIX_PATH=/home/fizzer/my_robot_ws/install/my_robot_description:/home/fizzer/my_robot_ws/install/my_robot_bringup:/opt/ros/jazzy/opt/gz_sim_vendor:/opt/ros/jazzy/opt/gz_sensors_vendor:/opt/ros/jazzy/opt/gz_physics_vendor:/opt/ros/jazzy/opt/sdformat_vendor:/opt/ros/jazzy/opt/gz_gui_vendor:/opt/ros/jazzy/opt/gz_transport_vendor:/opt/ros/jazzy/opt/gz_rendering_vendor:/opt/ros/jazzy/opt/gz_plugin_vendor:/opt/ros/jazzy/opt/gz_fuel_tools_vendor:/opt/ros/jazzy/opt/gz_msgs_vendor:/opt/ros/jazzy/opt/gz_common_vendor:/opt/ros/jazzy/opt/gz_math_vendor:/opt/ros/jazzy/opt/gz_utils_vendor:/opt/ros/jazzy/opt/gz_tools_vendor:/opt/ros/jazzy/opt/gz_ogre_next_vendor:/opt/ros/jazzy/opt/gz_dartsim_vendor:/opt/ros/jazzy/opt/gz_cmake_vendor:/home/fizzer/my_robot_ws/install/bringup_nodes:/opt/ros/jazzy DEBUGINFOD_URLS=https://debuginfod.ubuntu.com /usr/bin/cmake --install /home/fizzer/my_robot_ws/build/my_robot_bringup
[1.013s] Level 1:colcon.colcon_core.environment:create_environment_scripts_only(my_robot_bringup)
[1.013s] Level 1:colcon.colcon_core.environment:checking '/home/fizzer/my_robot_ws/install/my_robot_bringup' for CMake module files
[1.014s] DEBUG:colcon.colcon_core.event_handler.log_command:Invoked command in '/home/fizzer/my_robot_ws/build/my_robot_bringup' returned '0': CMAKE_PREFIX_PATH=/home/fizzer/my_robot_ws/install/my_robot_description:/home/fizzer/my_robot_ws/install/my_robot_bringup:/opt/ros/jazzy/opt/gz_sim_vendor:/opt/ros/jazzy/opt/gz_sensors_vendor:/opt/ros/jazzy/opt/gz_physics_vendor:/opt/ros/jazzy/opt/sdformat_vendor:/opt/ros/jazzy/opt/gz_gui_vendor:/opt/ros/jazzy/opt/gz_transport_vendor:/opt/ros/jazzy/opt/gz_rendering_vendor:/opt/ros/jazzy/opt/gz_plugin_vendor:/opt/ros/jazzy/opt/gz_fuel_tools_vendor:/opt/ros/jazzy/opt/gz_msgs_vendor:/opt/ros/jazzy/opt/gz_common_vendor:/opt/ros/jazzy/opt/gz_math_vendor:/opt/ros/jazzy/opt/gz_utils_vendor:/opt/ros/jazzy/opt/gz_tools_vendor:/opt/ros/jazzy/opt/gz_ogre_next_vendor:/opt/ros/jazzy/opt/gz_dartsim_vendor:/opt/ros/jazzy/opt/gz_cmake_vendor:/home/fizzer/my_robot_ws/install/bringup_nodes:/opt/ros/jazzy DEBUGINFOD_URLS=https://debuginfod.ubuntu.com /usr/bin/cmake --install /home/fizzer/my_robot_ws/build/my_robot_bringup
[1.015s] Level 1:colcon.colcon_core.environment:checking '/home/fizzer/my_robot_ws/install/my_robot_bringup' for CMake config files
[1.016s] Level 1:colcon.colcon_core.shell:create_environment_hook('my_robot_bringup', 'cmake_prefix_path')
[1.017s] INFO:colcon.colcon_core.shell:Creating environment hook '/home/fizzer/my_robot_ws/install/my_robot_bringup/share/my_robot_bringup/hook/cmake_prefix_path.ps1'
[1.018s] INFO:colcon.colcon_core.shell:Creating environment descriptor '/home/fizzer/my_robot_ws/install/my_robot_bringup/share/my_robot_bringup/hook/cmake_prefix_path.dsv'
[1.018s] INFO:colcon.colcon_core.shell:Creating environment hook '/home/fizzer/my_robot_ws/install/my_robot_bringup/share/my_robot_bringup/hook/cmake_prefix_path.sh'
[1.019s] Level 1:colcon.colcon_core.environment:checking '/home/fizzer/my_robot_ws/install/my_robot_bringup/bin'
[1.019s] Level 1:colcon.colcon_core.environment:checking '/home/fizzer/my_robot_ws/install/my_robot_bringup/lib/pkgconfig/my_robot_bringup.pc'
[1.020s] Level 1:colcon.colcon_core.environment:checking '/home/fizzer/my_robot_ws/install/my_robot_bringup/lib/python3.12/site-packages'
[1.020s] Level 1:colcon.colcon_core.environment:checking '/home/fizzer/my_robot_ws/install/my_robot_bringup/bin'
[1.020s] INFO:colcon.colcon_core.shell:Creating package script '/home/fizzer/my_robot_ws/install/my_robot_bringup/share/my_robot_bringup/package.ps1'
[1.021s] INFO:colcon.colcon_core.shell:Creating package descriptor '/home/fizzer/my_robot_ws/install/my_robot_bringup/share/my_robot_bringup/package.dsv'
[1.022s] INFO:colcon.colcon_core.shell:Creating package script '/home/fizzer/my_robot_ws/install/my_robot_bringup/share/my_robot_bringup/package.sh'
[1.022s] INFO:colcon.colcon_core.shell:Creating package script '/home/fizzer/my_robot_ws/install/my_robot_bringup/share/my_robot_bringup/package.bash'
[1.023s] INFO:colcon.colcon_core.shell:Creating package script '/home/fizzer/my_robot_ws/install/my_robot_bringup/share/my_robot_bringup/package.zsh'
[1.024s] Level 1:colcon.colcon_core.environment:create_file_with_runtime_dependencies(/home/fizzer/my_robot_ws/install/my_robot_bringup/share/colcon-core/packages/my_robot_bringup)
[1.025s] Level 1:colcon.colcon_core.environment:create_environment_scripts_only(my_robot_bringup)
[1.025s] Level 1:colcon.colcon_core.environment:checking '/home/fizzer/my_robot_ws/install/my_robot_bringup' for CMake module files
[1.026s] Level 1:colcon.colcon_core.environment:checking '/home/fizzer/my_robot_ws/install/my_robot_bringup' for CMake config files
[1.027s] Level 1:colcon.colcon_core.shell:create_environment_hook('my_robot_bringup', 'cmake_prefix_path')
[1.027s] INFO:colcon.colcon_core.shell:Creating environment hook '/home/fizzer/my_robot_ws/install/my_robot_bringup/share/my_robot_bringup/hook/cmake_prefix_path.ps1'
[1.028s] INFO:colcon.colcon_core.shell:Creating environment descriptor '/home/fizzer/my_robot_ws/install/my_robot_bringup/share/my_robot_bringup/hook/cmake_prefix_path.dsv'
[1.029s] INFO:colcon.colcon_core.shell:Creating environment hook '/home/fizzer/my_robot_ws/install/my_robot_bringup/share/my_robot_bringup/hook/cmake_prefix_path.sh'
[1.030s] Level 1:colcon.colcon_core.environment:checking '/home/fizzer/my_robot_ws/install/my_robot_bringup/bin'
[1.030s] Level 1:colcon.colcon_core.environment:checking '/home/fizzer/my_robot_ws/install/my_robot_bringup/lib/pkgconfig/my_robot_bringup.pc'
[1.030s] Level 1:colcon.colcon_core.environment:checking '/home/fizzer/my_robot_ws/install/my_robot_bringup/lib/python3.12/site-packages'
[1.031s] Level 1:colcon.colcon_core.environment:checking '/home/fizzer/my_robot_ws/install/my_robot_bringup/bin'
[1.031s] INFO:colcon.colcon_core.shell:Creating package script '/home/fizzer/my_robot_ws/install/my_robot_bringup/share/my_robot_bringup/package.ps1'
[1.032s] INFO:colcon.colcon_core.shell:Creating package descriptor '/home/fizzer/my_robot_ws/install/my_robot_bringup/share/my_robot_bringup/package.dsv'
[1.033s] INFO:colcon.colcon_core.shell:Creating package script '/home/fizzer/my_robot_ws/install/my_robot_bringup/share/my_robot_bringup/package.sh'
[1.034s] INFO:colcon.colcon_core.shell:Creating package script '/home/fizzer/my_robot_ws/install/my_robot_bringup/share/my_robot_bringup/package.bash'
[1.034s] INFO:colcon.colcon_core.shell:Creating package script '/home/fizzer/my_robot_ws/install/my_robot_bringup/share/my_robot_bringup/package.zsh'
[1.035s] Level 1:colcon.colcon_core.environment:create_file_with_runtime_dependencies(/home/fizzer/my_robot_ws/install/my_robot_bringup/share/colcon-core/packages/my_robot_bringup)
[1.663s] DEBUG:colcon.colcon_core.event_handler.log_command:Invoking command in '/home/fizzer/my_robot_ws/build/bringup_nodes': DEBUGINFOD_URLS=https://debuginfod.ubuntu.com PYTHONPATH=/home/fizzer/my_robot_ws/build/bringup_nodes/prefix_override:/usr/lib/python3/dist-packages/colcon_core/task/python/colcon_distutils_commands:/home/fizzer/my_robot_ws/install/bringup_nodes/lib/python3.12/site-packages:${PYTHONPATH} /usr/bin/python3 -W ignore:setup.py install is deprecated -W ignore:easy_install command is deprecated setup.py develop --editable --build-directory /home/fizzer/my_robot_ws/build/bringup_nodes/build --no-deps symlink_data
[2.546s] Level 1:colcon.colcon_core.shell:create_environment_hook('bringup_nodes', 'pythonpath_develop')
[2.546s] INFO:colcon.colcon_core.shell:Creating environment hook '/home/fizzer/my_robot_ws/build/bringup_nodes/share/bringup_nodes/hook/pythonpath_develop.ps1'
[2.548s] DEBUG:colcon.colcon_core.event_handler.log_command:Invoked command in '/home/fizzer/my_robot_ws/build/bringup_nodes' returned '0': DEBUGINFOD_URLS=https://debuginfod.ubuntu.com PYTHONPATH=/home/fizzer/my_robot_ws/build/bringup_nodes/prefix_override:/usr/lib/python3/dist-packages/colcon_core/task/python/colcon_distutils_commands:/home/fizzer/my_robot_ws/install/bringup_nodes/lib/python3.12/site-packages:${PYTHONPATH} /usr/bin/python3 -W ignore:setup.py install is deprecated -W ignore:easy_install command is deprecated setup.py develop --editable --build-directory /home/fizzer/my_robot_ws/build/bringup_nodes/build --no-deps symlink_data
[2.548s] INFO:colcon.colcon_core.shell:Creating environment descriptor '/home/fizzer/my_robot_ws/build/bringup_nodes/share/bringup_nodes/hook/pythonpath_develop.dsv'
[2.549s] INFO:colcon.colcon_core.shell:Creating environment hook '/home/fizzer/my_robot_ws/build/bringup_nodes/share/bringup_nodes/hook/pythonpath_develop.sh'
[2.549s] Level 1:colcon.colcon_core.environment:checking '/home/fizzer/my_robot_ws/install/bringup_nodes' for CMake module files
[2.550s] Level 1:colcon.colcon_core.environment:checking '/home/fizzer/my_robot_ws/install/bringup_nodes' for CMake config files
[2.551s] Level 1:colcon.colcon_core.environment:checking '/home/fizzer/my_robot_ws/install/bringup_nodes/lib'
[2.552s] Level 1:colcon.colcon_core.environment:checking '/home/fizzer/my_robot_ws/install/bringup_nodes/bin'
[2.552s] Level 1:colcon.colcon_core.environment:checking '/home/fizzer/my_robot_ws/install/bringup_nodes/lib/pkgconfig/bringup_nodes.pc'
[2.552s] Level 1:colcon.colcon_core.environment:checking '/home/fizzer/my_robot_ws/install/bringup_nodes/lib/python3.12/site-packages'
[2.552s] Level 1:colcon.colcon_core.shell:create_environment_hook('bringup_nodes', 'pythonpath')
[2.553s] INFO:colcon.colcon_core.shell:Creating environment hook '/home/fizzer/my_robot_ws/install/bringup_nodes/share/bringup_nodes/hook/pythonpath.ps1'
[2.553s] INFO:colcon.colcon_core.shell:Creating environment descriptor '/home/fizzer/my_robot_ws/install/bringup_nodes/share/bringup_nodes/hook/pythonpath.dsv'
[2.554s] INFO:colcon.colcon_core.shell:Creating environment hook '/home/fizzer/my_robot_ws/install/bringup_nodes/share/bringup_nodes/hook/pythonpath.sh'
[2.555s] Level 1:colcon.colcon_core.environment:checking '/home/fizzer/my_robot_ws/install/bringup_nodes/bin'
[2.555s] Level 1:colcon.colcon_core.environment:create_environment_scripts_only(bringup_nodes)
[2.556s] INFO:colcon.colcon_core.shell:Creating package script '/home/fizzer/my_robot_ws/install/bringup_nodes/share/bringup_nodes/package.ps1'
[2.557s] INFO:colcon.colcon_core.shell:Creating package descriptor '/home/fizzer/my_robot_ws/install/bringup_nodes/share/bringup_nodes/package.dsv'
[2.557s] INFO:colcon.colcon_core.shell:Creating package script '/home/fizzer/my_robot_ws/install/bringup_nodes/share/bringup_nodes/package.sh'
[2.558s] INFO:colcon.colcon_core.shell:Creating package script '/home/fizzer/my_robot_ws/install/bringup_nodes/share/bringup_nodes/package.bash'
[2.559s] INFO:colcon.colcon_core.shell:Creating package script '/home/fizzer/my_robot_ws/install/bringup_nodes/share/bringup_nodes/package.zsh'
[2.559s] Level 1:colcon.colcon_core.environment:create_file_with_runtime_dependencies(/home/fizzer/my_robot_ws/install/bringup_nodes/share/colcon-core/packages/bringup_nodes)
[2.560s] DEBUG:colcon.colcon_parallel_executor.executor.parallel:closing loop
[2.560s] DEBUG:colcon.colcon_parallel_executor.executor.parallel:loop closed
[2.560s] DEBUG:colcon.colcon_parallel_executor.executor.parallel:run_until_complete finished with '0'
[2.560s] DEBUG:colcon.colcon_core.event_reactor:joining thread
[2.569s] INFO:colcon.colcon_core.plugin_system:Skipping extension 'colcon_notification.desktop_notification.terminal_notifier': Not used on non-Darwin systems
[2.569s] INFO:colcon.colcon_core.plugin_system:Skipping extension 'colcon_notification.desktop_notification.win32': Not used on non-Windows systems
[2.569s] INFO:colcon.colcon_notification.desktop_notification:Sending desktop notification using 'notify2'
[2.578s] DEBUG:colcon.colcon_core.event_reactor:joined thread
[2.578s] INFO:colcon.colcon_core.shell:Creating prefix script '/home/fizzer/my_robot_ws/install/local_setup.ps1'
[2.580s] INFO:colcon.colcon_core.shell:Creating prefix util module '/home/fizzer/my_robot_ws/install/_local_setup_util_ps1.py'
[2.583s] INFO:colcon.colcon_core.shell:Creating prefix chain script '/home/fizzer/my_robot_ws/install/setup.ps1'
[2.585s] INFO:colcon.colcon_core.shell:Creating prefix script '/home/fizzer/my_robot_ws/install/local_setup.sh'
[2.586s] INFO:colcon.colcon_core.shell:Creating prefix util module '/home/fizzer/my_robot_ws/install/_local_setup_util_sh.py'
[2.587s] INFO:colcon.colcon_core.shell:Creating prefix chain script '/home/fizzer/my_robot_ws/install/setup.sh'
[2.588s] INFO:colcon.colcon_core.shell:Creating prefix script '/home/fizzer/my_robot_ws/install/local_setup.bash'
[2.589s] INFO:colcon.colcon_core.shell:Creating prefix chain script '/home/fizzer/my_robot_ws/install/setup.bash'
[2.591s] INFO:colcon.colcon_core.shell:Creating prefix script '/home/fizzer/my_robot_ws/install/local_setup.zsh'
[2.592s] INFO:colcon.colcon_core.shell:Creating prefix chain script '/home/fizzer/my_robot_ws/install/setup.zsh'
