[0.175s] Invoking command in '/home/fizzer/my_robot_ws/build/custom_plugins': CMAKE_PREFIX_PATH=${CMAKE_PREFIX_PATH}:/home/fizzer/my_robot_ws/install/bringup_nodes:/opt/ros/jazzy DEBUGINFOD_URLS=https://debuginfod.ubuntu.com /usr/bin/cmake --build /home/fizzer/my_robot_ws/build/custom_plugins -- -j4 -l4
[0.230s] [ 50%] [32mBuilding CXX object CMakeFiles/ResetSimPlugin.dir/src/ResetSimPlugin.cc.o[0m
[2.402s] [01m[K/home/fizzer/my_robot_ws/src/custom_plugins/src/ResetSimPlugin.cc:[m[K In member function ‘[01m[Kvirtual void reset_plugin::ResetSimPlugin::[01;32m[KReset[m[K(const gz::sim::v8::UpdateInfo&, gz::sim::v8::EntityComponentManager&)[m[K’:
[2.402s] [01m[K/home/fizzer/my_robot_ws/src/custom_plugins/src/ResetSimPlugin.cc:27:63:[m[K [01;31m[Kerror: [m[K‘[01m[Kmy_robot_name[m[K’ was not declared in this scope
[2.402s]    27 |       gzmsg << "[ResetSimPlugin] SUCCESS: Found robot '" << [01;31m[Kmy_robot_name[m[K << "' at Entity ID: " << robot_entity << std::endl;
[2.402s]       |                                                             [01;31m[K^~~~~~~~~~~~~[m[K
[2.402s] 
[2.402s] [01m[K/home/fizzer/my_robot_ws/src/custom_plugins/src/ResetSimPlugin.cc:46:9:[m[K [01;31m[Kerror: [m[Kexpected ‘[01m[K}[m[K’ before ‘[01m[Kelse[m[K’
[2.402s]    46 |         [01;31m[Kelse[m[K {
[2.402s]       |         [01;31m[K^~~~[m[K
[2.403s] [01m[K/home/fizzer/my_robot_ws/src/custom_plugins/src/ResetSimPlugin.cc:26:5:[m[K [01;36m[Knote: [m[Kto match this ‘[01m[K{[m[K’
[2.403s]    26 |     [01;36m[K{[m[K
[2.403s]       |     [01;36m[K^[m[K
[2.406s] [01m[K/home/fizzer/my_robot_ws/src/custom_plugins/src/ResetSimPlugin.cc:47:84:[m[K [01;31m[Kerror: [m[K‘[01m[Kmy_robot_name[m[K’ was not declared in this scope
[2.406s]    47 | ResetSimPlugin] FAILURE: Could not find a model named '" << [01;31m[Kmy_robot_name[m[K << "' in the database!" << std::endl;\
[2.406s]       |                                                             [01;31m[K^~~~~~~~~~~~~[m[K
[2.406s] 
[2.407s] [01m[K/home/fizzer/my_robot_ws/src/custom_plugins/src/ResetSimPlugin.cc:12:55:[m[K [01;35m[Kwarning: [m[Kunused parameter ‘[01m[K_info[m[K’ [[01;35m[K]8;;https://gcc.gnu.org/onlinedocs/gcc/Warning-Options.html#index-Wunused-parameter-Wunused-parameter]8;;[m[K]
[2.407s]    12 | void ResetSimPlugin::Reset([01;35m[Kconst gz::sim::UpdateInfo &_info[m[K, gz::sim::EntityComponentManager &_ecm)
[2.407s]       |                            [01;35m[K~~~~~~~~~~~~~~~~~~~~~~~~~~~^~~~~[m[K
[2.407s] [01m[K/home/fizzer/my_robot_ws/src/custom_plugins/src/ResetSimPlugin.cc:[m[K At global scope:
[2.407s] [01m[K/home/fizzer/my_robot_ws/src/custom_plugins/src/ResetSimPlugin.cc:55:1:[m[K [01;31m[Kerror: [m[Kexpected declaration before ‘[01m[K}[m[K’ token
[2.407s]    55 | [01;31m[K}[m[K
[2.407s]       | [01;31m[K^[m[K
[2.950s] gmake[2]: *** [CMakeFiles/ResetSimPlugin.dir/build.make:76: CMakeFiles/ResetSimPlugin.dir/src/ResetSimPlugin.cc.o] Error 1
[2.951s] gmake[1]: *** [CMakeFiles/Makefile2:137: CMakeFiles/ResetSimPlugin.dir/all] Error 2
[2.951s] gmake: *** [Makefile:146: all] Error 2
[2.953s] Invoked command in '/home/fizzer/my_robot_ws/build/custom_plugins' returned '2': CMAKE_PREFIX_PATH=${CMAKE_PREFIX_PATH}:/home/fizzer/my_robot_ws/install/bringup_nodes:/opt/ros/jazzy DEBUGINFOD_URLS=https://debuginfod.ubuntu.com /usr/bin/cmake --build /home/fizzer/my_robot_ws/build/custom_plugins -- -j4 -l4
