[0.179s] Invoking command in '/home/fizzer/my_robot_ws/build/custom_plugins': CMAKE_PREFIX_PATH=${CMAKE_PREFIX_PATH}:/home/fizzer/my_robot_ws/install/bringup_nodes:/opt/ros/jazzy DEBUGINFOD_URLS=https://debuginfod.ubuntu.com /usr/bin/cmake /home/fizzer/my_robot_ws/src/custom_plugins -DCMAKE_INSTALL_PREFIX=/home/fizzer/my_robot_ws/install/custom_plugins
[0.273s] -- The C compiler identification is GNU 13.3.0
[0.331s] -- The CXX compiler identification is GNU 13.3.0
[0.346s] -- Detecting C compiler ABI info
[0.427s] -- Detecting C compiler ABI info - done
[0.436s] -- Check for working C compiler: /usr/bin/cc - skipped
[0.437s] -- Detecting C compile features
[0.438s] -- Detecting C compile features - done
[0.448s] -- Detecting CXX compiler ABI info
[0.554s] -- Detecting CXX compiler ABI info - done
[0.564s] -- Check for working CXX compiler: /usr/bin/c++ - skipped
[0.564s] -- Detecting CXX compile features
[0.565s] -- Detecting CXX compile features - done
[0.582s] -- Found ament_cmake: 2.5.6 (/opt/ros/jazzy/share/ament_cmake/cmake)
[0.749s] -- Found Python3: /usr/bin/python3 (found version "3.12.3") found components: Interpreter 
[0.858s] -- Looking for gz-sim8 -- found version 8.11.0
[0.869s] -- Searching for dependencies of gz-sim8
[0.870s] -- Looking for sdformat14 -- found version 14.9.0
[0.870s] -- Searching for dependencies of sdformat14
[0.876s] -- Checking for module 'tinyxml2'
[0.887s] --   Found tinyxml2, version 10.0.0
[0.911s] -- Looking for gz-math7 -- found version 7.5.2
[0.911s] -- Searching for dependencies of gz-math7
[0.914s] -- Looking for gz-utils2 -- found version 2.2.1
[0.914s] -- Searching for dependencies of gz-utils2
[0.917s] -- Looking for gz-utils2 -- found version 2.2.1
[0.917s] -- Searching for dependencies of gz-utils2
[0.917s] -- Searching for <gz-utils2> component [cli]
[0.919s] -- Looking for gz-utils2-cli -- found version 2.2.1
[0.919s] -- Searching for dependencies of gz-utils2-cli
[0.923s] -- Looking for gz-plugin2 -- found version 2.0.4
[0.923s] -- Searching for dependencies of gz-plugin2
[0.923s] -- Looking for gz-utils2 -- found version 2.2.1
[0.924s] -- Searching for <gz-plugin2> component [loader]
[0.926s] -- Looking for gz-plugin2-loader -- found version 2.0.4
[0.926s] -- Searching for dependencies of gz-plugin2-loader
[0.927s] -- Searching for <gz-plugin2> component [register]
[0.929s] -- Looking for gz-plugin2-register -- found version 2.0.4
[0.929s] -- Searching for dependencies of gz-plugin2-register
[0.931s] -- Looking for gz-transport13 -- found version 13.5.0
[0.931s] -- Searching for dependencies of gz-transport13
[1.053s] -- Found Protobuf: /usr/lib/x86_64-linux-gnu/libprotobuf.so (found version "3.21.12") 
[1.063s] -- Config-file not installed for ZeroMQ -- checking for pkg-config
[1.066s] -- Checking for module 'libzmq >= 4'
[1.077s] --   Found libzmq, version 4.3.5
[1.106s] -- Found ZeroMQ: TRUE (Required is at least version "4") 
[1.111s] -- Checking for module 'uuid'
[1.122s] --   Found uuid, version 2.39.3
[1.143s] -- Found UUID: TRUE  
[1.143s] -- Looking for gz-utils2 -- found version 2.2.1
[1.146s] -- Looking for gz-msgs10 -- found version 10.3.2
[1.146s] -- Searching for dependencies of gz-msgs10
[1.162s] -- Looking for gz-utils2 -- found version 2.2.1
[1.162s] -- Looking for gz-math7 -- found version 7.5.2
[1.171s] -- Searching for <gz-transport13> component [log]
[1.172s] -- Looking for gz-transport13-log -- found version 13.5.0
[1.172s] -- Searching for dependencies of gz-transport13-log
[1.173s] -- Searching for <gz-transport13> component [parameters]
[1.174s] -- Looking for gz-transport13-parameters -- found version 13.5.0
[1.174s] -- Searching for dependencies of gz-transport13-parameters
[1.175s] -- Looking for gz-msgs10 -- found version 10.3.2
[1.178s] -- Looking for gz-common5 -- found version 5.8.0
[1.178s] -- Searching for dependencies of gz-common5
[1.178s] -- Looking for gz-utils2 -- found version 2.2.1
[1.179s] -- Looking for dlfcn.h - found
[1.180s] -- Looking for libdl - found
[1.181s] -- Found DL: TRUE  
[1.186s] -- Searching for <gz-common5> component [av]
[1.188s] -- Looking for gz-common5-av -- found version 5.8.0
[1.188s] -- Searching for dependencies of gz-common5-av
[1.193s] -- Checking for module 'libswscale'
[1.204s] --   Found libswscale, version 7.5.100
[1.231s] -- Found SWSCALE: TRUE  
[1.235s] -- Checking for module 'libavdevice >= 56.4.100'
[1.246s] --   Found libavdevice, version 60.3.100
[1.282s] -- Found AVDEVICE: TRUE (Required is at least version "56.4.100") 
[1.286s] -- Checking for module 'libavformat'
[1.295s] --   Found libavformat, version 60.16.100
[1.320s] -- Found AVFORMAT: TRUE  
[1.324s] -- Checking for module 'libavcodec'
[1.335s] --   Found libavcodec, version 60.31.102
[1.361s] -- Found AVCODEC: TRUE  
[1.365s] -- Checking for module 'libavutil'
[1.375s] --   Found libavutil, version 58.29.100
[1.397s] -- Found AVUTIL: TRUE  
[1.398s] -- Searching for <gz-common5> component [events]
[1.400s] -- Looking for gz-common5-events -- found version 5.8.0
[1.400s] -- Searching for dependencies of gz-common5-events
[1.400s] -- Looking for gz-math7 -- found version 7.5.2
[1.401s] -- Searching for <gz-common5> component [graphics]
[1.403s] -- Looking for gz-common5-graphics -- found version 5.8.0
[1.403s] -- Searching for dependencies of gz-common5-graphics
[1.404s] -- Looking for gz-math7 -- found version 7.5.2
[1.410s] -- Found GzAssimp: TRUE (found version "5.3.0") 
[1.411s] -- Searching for <gz-common5> component [io]
[1.414s] -- Looking for gz-common5-io -- found version 5.8.0
[1.414s] -- Searching for dependencies of gz-common5-io
[1.414s] -- Searching for <gz-common5> component [profiler]
[1.416s] -- Looking for gz-common5-profiler -- found version 5.8.0
[1.416s] -- Searching for dependencies of gz-common5-profiler
[1.419s] -- Looking for gz-fuel_tools9 -- found version 9.1.1
[1.419s] -- Searching for dependencies of gz-fuel_tools9
[1.482s] -- Found CURL: /usr/lib/x86_64-linux-gnu/libcurl.so (found version "8.5.0")  
[1.493s] -- Checking for module 'jsoncpp'
[1.506s] --   Found jsoncpp, version 1.9.5
[1.529s] -- Found JSONCPP: TRUE  
[1.543s] -- Checking for module 'yaml-0.1'
[1.553s] --   Found yaml-0.1, version 0.2.5
[1.575s] -- Found YAML: TRUE  
[1.580s] -- Checking for module 'libzip'
[1.590s] --   Found libzip, version 1.7.3
[1.614s] -- Found ZIP: TRUE  
[1.614s] -- Looking for gz-utils2 -- found version 2.2.1
[1.615s] -- Looking for gz-common5 -- found version 5.8.0
[1.615s] -- Searching for dependencies of gz-common5
[1.615s] -- Looking for gz-utils2 -- found version 2.2.1
[1.615s] -- Looking for dlfcn.h - found
[1.615s] -- Looking for libdl - found
[1.622s] -- Searching for <gz-common5> component [testing]
[1.625s] -- Looking for gz-common5-testing -- found version 5.8.0
[1.625s] -- Searching for dependencies of gz-common5-testing
[1.626s] -- Looking for gz-math7 -- found version 7.5.2
[1.626s] -- Looking for gz-msgs10 -- found version 10.3.2
[1.630s] -- Looking for gz-gui8 -- found version 8.4.0
[1.631s] -- Searching for dependencies of gz-gui8
[1.650s] -- Looking for gz-utils2 -- found version 2.2.1
[1.650s] -- Looking for gz-math7 -- found version 7.5.2
[1.650s] -- Looking for gz-common5 -- found version 5.8.0
[1.650s] -- Looking for gz-plugin2 -- found version 2.0.4
[1.651s] -- Looking for gz-transport13 -- found version 13.5.0
[1.654s] -- Looking for gz-rendering8 -- found version 8.2.3
[1.654s] -- Searching for dependencies of gz-rendering8
[1.654s] -- Looking for gz-math7 -- found version 7.5.2
[1.654s] -- Searching for dependencies of gz-math7
[1.654s] -- Looking for gz-utils2 -- found version 2.2.1
[1.655s] -- Searching for <gz-math7> component [eigen3]
[1.657s] -- Looking for gz-math7-eigen3 -- found version 7.5.2
[1.657s] -- Searching for dependencies of gz-math7-eigen3
[1.667s] -- Looking for gz-common5 -- found version 5.8.0
[1.667s] -- Searching for dependencies of gz-common5
[1.668s] -- Looking for gz-utils2 -- found version 2.2.1
[1.668s] -- Looking for dlfcn.h - found
[1.668s] -- Looking for libdl - found
[1.673s] -- Searching for <gz-common5> component [graphics]
[1.673s] -- Searching for <gz-common5> component [events]
[1.673s] -- Searching for <gz-common5> component [geospatial]
[1.675s] -- Looking for gz-common5-geospatial -- found version 5.8.0
[1.675s] -- Searching for dependencies of gz-common5-geospatial
[1.676s] -- Looking for gz-math7 -- found version 7.5.2
[1.676s] -- Looking for gz-common5 -- found version 5.8.0
[1.677s] -- Looking for gz-plugin2 -- found version 2.0.4
[1.678s] -- Searching for dependencies of gz-plugin2
[1.678s] -- Looking for gz-utils2 -- found version 2.2.1
[1.678s] -- Searching for <gz-plugin2> component [all]
[1.681s] -- Looking for all libraries of gz-plugin2 -- found version 2.0.4
[1.681s] -- Looking for gz-plugin2 -- found version 2.0.4
[1.682s] -- Looking for gz-utils2 -- found version 2.2.1
[1.691s] -- Found OpenGL: /usr/lib/x86_64-linux-gnu/libOpenGL.so  found components: OpenGL 
[1.693s] -- Looking for gz-msgs10 -- found version 10.3.2
[1.735s] -- Looking for gz-physics7 -- found version 7.6.0
[1.735s] -- Searching for dependencies of gz-physics7
[1.735s] -- Looking for gz-common5 -- found version 5.8.0
[1.736s] -- Looking for gz-math7 -- found version 7.5.2
[1.736s] -- Looking for gz-plugin2 -- found version 2.0.4
[1.736s] -- Looking for gz-utils2 -- found version 2.2.1
[1.738s] -- Searching for <gz-physics7> component [heightmap]
[1.740s] -- Looking for gz-physics7-heightmap -- found version 7.6.0
[1.740s] -- Searching for dependencies of gz-physics7-heightmap
[1.740s] -- Looking for gz-common5 -- found version 5.8.0
[1.741s] -- Searching for <gz-physics7> component [mesh]
[1.744s] -- Looking for gz-physics7-mesh -- found version 7.6.0
[1.744s] -- Searching for dependencies of gz-physics7-mesh
[1.744s] -- Looking for gz-common5 -- found version 5.8.0
[1.745s] -- Searching for <gz-physics7> component [sdf]
[1.746s] -- Looking for gz-physics7-sdf -- found version 7.6.0
[1.747s] -- Searching for dependencies of gz-physics7-sdf
[1.747s] -- Looking for sdformat14 -- found version 14.9.0
[1.753s] -- Looking for gz-sensors8 -- found version 8.2.2
[1.753s] -- Searching for dependencies of gz-sensors8
[1.769s] -- Looking for gz-math7 -- found version 7.5.2
[1.769s] -- Looking for gz-common5 -- found version 5.8.0
[1.770s] -- Looking for gz-transport13 -- found version 13.5.0
[1.770s] -- Looking for gz-rendering8 -- found version 8.2.3
[1.771s] -- Looking for gz-msgs10 -- found version 10.3.2
[1.771s] -- Looking for sdformat14 -- found version 14.9.0
[1.773s] -- Searching for <gz-sensors8> component [air_pressure]
[1.775s] -- Looking for gz-sensors8-air_pressure -- found version 8.2.2
[1.775s] -- Searching for dependencies of gz-sensors8-air_pressure
[1.776s] -- Searching for <gz-sensors8> component [air_speed]
[1.778s] -- Looking for gz-sensors8-air_speed -- found version 8.2.2
[1.779s] -- Searching for dependencies of gz-sensors8-air_speed
[1.780s] -- Searching for <gz-sensors8> component [altimeter]
[1.781s] -- Looking for gz-sensors8-altimeter -- found version 8.2.2
[1.781s] -- Searching for dependencies of gz-sensors8-altimeter
[1.783s] -- Searching for <gz-sensors8> component [imu]
[1.784s] -- Looking for gz-sensors8-imu -- found version 8.2.2
[1.785s] -- Searching for dependencies of gz-sensors8-imu
[1.786s] -- Searching for <gz-sensors8> component [force_torque]
[1.787s] -- Looking for gz-sensors8-force_torque -- found version 8.2.2
[1.788s] -- Searching for dependencies of gz-sensors8-force_torque
[1.789s] -- Searching for <gz-sensors8> component [logical_camera]
[1.790s] -- Looking for gz-sensors8-logical_camera -- found version 8.2.2
[1.791s] -- Searching for dependencies of gz-sensors8-logical_camera
[1.792s] -- Searching for <gz-sensors8> component [magnetometer]
[1.793s] -- Looking for gz-sensors8-magnetometer -- found version 8.2.2
[1.793s] -- Searching for dependencies of gz-sensors8-magnetometer
[1.794s] -- Searching for <gz-sensors8> component [navsat]
[1.796s] -- Looking for gz-sensors8-navsat -- found version 8.2.2
[1.796s] -- Searching for dependencies of gz-sensors8-navsat
[1.797s] -- Searching for <gz-sensors8> component [dvl]
[1.799s] -- Looking for gz-sensors8-dvl -- found version 8.2.2
[1.799s] -- Searching for dependencies of gz-sensors8-dvl
[1.799s] -- Looking for gz-sensors8 -- found version 8.2.2
[1.799s] -- Searching for dependencies of gz-sensors8
[1.816s] -- Looking for gz-math7 -- found version 7.5.2
[1.817s] -- Looking for gz-common5 -- found version 5.8.0
[1.817s] -- Looking for gz-transport13 -- found version 13.5.0
[1.817s] -- Looking for gz-rendering8 -- found version 8.2.3
[1.818s] -- Looking for gz-msgs10 -- found version 10.3.2
[1.818s] -- Looking for sdformat14 -- found version 14.9.0
[1.818s] -- Searching for <gz-sensors8> component [rendering]
[1.819s] -- Looking for gz-sensors8-rendering -- found version 8.2.2
[1.820s] -- Searching for dependencies of gz-sensors8-rendering
[1.822s] -- Searching for <gz-sensors8> component [rendering]
[1.822s] -- Searching for <gz-sensors8> component [lidar]
[1.823s] -- Looking for gz-sensors8-lidar -- found version 8.2.2
[1.823s] -- Searching for dependencies of gz-sensors8-lidar
[1.823s] -- Looking for gz-sensors8 -- found version 8.2.2
[1.824s] -- Searching for <gz-sensors8> component [gpu_lidar]
[1.826s] -- Looking for gz-sensors8-gpu_lidar -- found version 8.2.2
[1.826s] -- Searching for dependencies of gz-sensors8-gpu_lidar
[1.826s] -- Looking for gz-sensors8 -- found version 8.2.2
[1.827s] -- Searching for <gz-sensors8> component [camera]
[1.828s] -- Looking for gz-sensors8-camera -- found version 8.2.2
[1.829s] -- Searching for dependencies of gz-sensors8-camera
[1.829s] -- Looking for gz-sensors8 -- found version 8.2.2
[1.830s] -- Searching for <gz-sensors8> component [boundingbox_camera]
[1.831s] -- Looking for gz-sensors8-boundingbox_camera -- found version 8.2.2
[1.832s] -- Searching for dependencies of gz-sensors8-boundingbox_camera
[1.832s] -- Searching for <gz-sensors8> component [segmentation_camera]
[1.834s] -- Looking for gz-sensors8-segmentation_camera -- found version 8.2.2
[1.834s] -- Searching for dependencies of gz-sensors8-segmentation_camera
[1.835s] -- Searching for <gz-sensors8> component [depth_camera]
[1.836s] -- Looking for gz-sensors8-depth_camera -- found version 8.2.2
[1.836s] -- Searching for dependencies of gz-sensors8-depth_camera
[1.836s] -- Looking for gz-sensors8 -- found version 8.2.2
[1.837s] -- Searching for <gz-sensors8> component [rgbd_camera]
[1.838s] -- Looking for gz-sensors8-rgbd_camera -- found version 8.2.2
[1.838s] -- Searching for dependencies of gz-sensors8-rgbd_camera
[1.839s] -- Looking for gz-sensors8 -- found version 8.2.2
[1.840s] -- Searching for <gz-sensors8> component [thermal_camera]
[1.841s] -- Looking for gz-sensors8-thermal_camera -- found version 8.2.2
[1.841s] -- Searching for dependencies of gz-sensors8-thermal_camera
[1.841s] -- Looking for gz-sensors8 -- found version 8.2.2
[1.842s] -- Searching for <gz-sensors8> component [wide_angle_camera]
[1.844s] -- Looking for gz-sensors8-wide_angle_camera -- found version 8.2.2
[1.844s] -- Searching for dependencies of gz-sensors8-wide_angle_camera
[1.846s] -- Looking for gz-rendering8 -- found version 8.2.3
[1.846s] -- Looking for gz-math7 -- found version 7.5.2
[1.846s] -- Looking for gz-utils2 -- found version 2.2.1
[1.864s] -- Looking for gz-plugin2 -- found version 2.0.4
[1.873s] -- Found rclcpp: 28.1.18 (/opt/ros/jazzy/share/rclcpp/cmake)
[1.936s] -- Found rosidl_generator_c: 4.6.7 (/opt/ros/jazzy/share/rosidl_generator_c/cmake)
[1.955s] -- Found rosidl_generator_cpp: 4.6.7 (/opt/ros/jazzy/share/rosidl_generator_cpp/cmake)
[1.980s] -- Using all available rosidl_typesupport_c: rosidl_typesupport_fastrtps_c;rosidl_typesupport_introspection_c
[2.008s] -- Using all available rosidl_typesupport_cpp: rosidl_typesupport_fastrtps_cpp;rosidl_typesupport_introspection_cpp
[2.109s] -- Found rmw_implementation_cmake: 7.3.3 (/opt/ros/jazzy/share/rmw_implementation_cmake/cmake)
[2.114s] -- Found rmw_fastrtps_cpp: 8.4.3 (/opt/ros/jazzy/share/rmw_fastrtps_cpp/cmake)
[2.201s] -- Found OpenSSL: /usr/lib/x86_64-linux-gnu/libcrypto.so (found version "3.0.13")  
[2.222s] -- Found FastRTPS: /opt/ros/jazzy/include (Required is at least version "2.13") 
[2.245s] -- Using RMW implementation 'rmw_fastrtps_cpp' as default
[2.336s] -- Found std_msgs: 5.3.7 (/opt/ros/jazzy/share/std_msgs/cmake)
[2.364s] [31mCMake Error at CMakeLists.txt:19 (find_package):
[2.364s]   By not providing "Findgeometry_msg.cmake" in CMAKE_MODULE_PATH this project
[2.364s]   has asked CMake to find a package configuration file provided by
[2.364s]   "geometry_msg", but CMake did not find one.
[2.364s] 
[2.364s]   Could not find a package configuration file provided by "geometry_msg" with
[2.364s]   any of the following names:
[2.364s] 
[2.364s]     geometry_msgConfig.cmake
[2.364s]     geometry_msg-config.cmake
[2.364s] 
[2.364s]   Add the installation prefix of "geometry_msg" to CMAKE_PREFIX_PATH or set
[2.364s]   "geometry_msg_DIR" to a directory containing one of the above files.  If
[2.365s]   "geometry_msg" provides a separate development package or SDK, be sure it
[2.365s]   has been installed.
[2.365s] 
[2.365s] [0m
[2.365s] -- Configuring incomplete, errors occurred!
[2.378s] Invoked command in '/home/fizzer/my_robot_ws/build/custom_plugins' returned '1': CMAKE_PREFIX_PATH=${CMAKE_PREFIX_PATH}:/home/fizzer/my_robot_ws/install/bringup_nodes:/opt/ros/jazzy DEBUGINFOD_URLS=https://debuginfod.ubuntu.com /usr/bin/cmake /home/fizzer/my_robot_ws/src/custom_plugins -DCMAKE_INSTALL_PREFIX=/home/fizzer/my_robot_ws/install/custom_plugins
