[0.444s] Invoking command in '/home/fizzer/my_robot_ws/src/build/custom_plugins': CMAKE_PREFIX_PATH=${CMAKE_PREFIX_PATH}:/home/fizzer/my_robot_ws/install/bringup_nodes:/opt/ros/jazzy DEBUGINFOD_URLS=https://debuginfod.ubuntu.com /usr/bin/cmake /home/fizzer/my_robot_ws/src/custom_plugins -DCMAKE_INSTALL_PREFIX=/home/fizzer/my_robot_ws/src/install/custom_plugins
[0.559s] -- The C compiler identification is GNU 13.3.0
[0.681s] -- The CXX compiler identification is GNU 13.3.0
[0.719s] -- Detecting C compiler ABI info
[0.892s] -- Detecting C compiler ABI info - done
[0.904s] -- Check for working C compiler: /usr/bin/cc - skipped
[0.904s] -- Detecting C compile features
[0.904s] -- Detecting C compile features - done
[0.926s] -- Detecting CXX compiler ABI info
[1.159s] -- Detecting CXX compiler ABI info - done
[1.179s] -- Check for working CXX compiler: /usr/bin/c++ - skipped
[1.179s] -- Detecting CXX compile features
[1.188s] -- Detecting CXX compile features - done
[1.188s] -- Found ament_cmake: 2.5.6 (/opt/ros/jazzy/share/ament_cmake/cmake)
[1.789s] -- Found Python3: /usr/bin/python3 (found version "3.12.3") found components: Interpreter 
[2.312s] [31mCMake Error at CMakeLists.txt:10 (find_package):
[2.312s]   By not providing "Findrclpp.cmake" in CMAKE_MODULE_PATH this project has
[2.312s]   asked CMake to find a package configuration file provided by "rclpp", but
[2.312s]   CMake did not find one.
[2.312s] 
[2.312s]   Could not find a package configuration file provided by "rclpp" with any of
[2.312s]   the following names:
[2.313s] 
[2.315s]     rclppConfig.cmake
[2.315s]     rclpp-config.cmake
[2.315s] 
[2.315s]   Add the installation prefix of "rclpp" to CMAKE_PREFIX_PATH or set
[2.315s]   "rclpp_DIR" to a directory containing one of the above files.  If "rclpp"
[2.316s]   provides a separate development package or SDK, be sure it has been
[2.316s]   installed.
[2.316s] 
[2.316s] [0m
[2.317s] -- Configuring incomplete, errors occurred!
[2.331s] Invoked command in '/home/fizzer/my_robot_ws/src/build/custom_plugins' returned '1': CMAKE_PREFIX_PATH=${CMAKE_PREFIX_PATH}:/home/fizzer/my_robot_ws/install/bringup_nodes:/opt/ros/jazzy DEBUGINFOD_URLS=https://debuginfod.ubuntu.com /usr/bin/cmake /home/fizzer/my_robot_ws/src/custom_plugins -DCMAKE_INSTALL_PREFIX=/home/fizzer/my_robot_ws/src/install/custom_plugins
