[0.097s] DEBUG:colcon:Command line arguments: ['/usr/bin/colcon', 'build', '--symlink-install']
[0.097s] DEBUG:colcon:Parsed command line arguments: Namespace(log_base=None, log_level=None, verb_name='build', build_base='build', install_base='install', merge_install=False, symlink_install=True, test_result_base=None, continue_on_error=False, executor='parallel', parallel_workers=4, event_handlers=None, ignore_user_meta=False, metas=['./colcon.meta'], base_paths=['.'], packages_ignore=None, packages_ignore_regex=None, paths=None, packages_up_to=None, packages_up_to_regex=None, packages_above=None, packages_above_and_dependencies=None, packages_above_depth=None, packages_select_by_dep=None, packages_skip_by_dep=None, packages_skip_up_to=None, packages_select_build_failed=False, packages_skip_build_finished=False, packages_select_test_failures=False, packages_skip_test_passed=False, packages_select=None, packages_skip=None, packages_select_regex=None, packages_skip_regex=None, packages_start=None, packages_end=None, allow_overriding=[], cmake_args=None, cmake_target=None, cmake_target_skip_unavailable=False, cmake_clean_cache=False, cmake_clean_first=False, cmake_force_configure=False, ament_cmake_args=None, catkin_cmake_args=None, catkin_skip_building_tests=False, mixin_files=None, mixin=None, verb_parser=<colcon_mixin.mixin.mixin_argument.MixinArgumentDecorator object at 0x7623118a0bf0>, verb_extension=<colcon_core.verb.build.BuildVerb object at 0x7623118a0860>, main=<bound method BuildVerb.main of <colcon_core.verb.build.BuildVerb object at 0x7623118a0860>>, mixin_verb=('build',))
[0.133s] Level 1:colcon.colcon_core.package_discovery:discover_packages(colcon_meta) check parameters
[0.133s] Level 1:colcon.colcon_core.package_discovery:discover_packages(recursive) check parameters
[0.133s] Level 1:colcon.colcon_core.package_discovery:discover_packages(ignore) check parameters
[0.133s] Level 1:colcon.colcon_core.package_discovery:discover_packages(path) check parameters
[0.133s] Level 1:colcon.colcon_core.package_discovery:discover_packages(colcon_meta) discover
[0.133s] Level 1:colcon.colcon_core.package_discovery:discover_packages(recursive) discover
[0.133s] INFO:colcon.colcon_core.package_discovery:Crawling recursively for packages in '/home/fizzer/my_robot_ws'
[0.133s] Level 1:colcon.colcon_core.package_identification:_identify(.) by extensions ['ignore', 'ignore_ament_install']
[0.133s] Level 1:colcon.colcon_core.package_identification:_identify(.) by extension 'ignore'
[0.133s] Level 1:colcon.colcon_core.package_identification:_identify(.) by extension 'ignore_ament_install'
[0.133s] Level 1:colcon.colcon_core.package_identification:_identify(.) by extensions ['colcon_pkg']
[0.133s] Level 1:colcon.colcon_core.package_identification:_identify(.) by extension 'colcon_pkg'
[0.133s] Level 1:colcon.colcon_core.package_identification:_identify(.) by extensions ['colcon_meta']
[0.134s] Level 1:colcon.colcon_core.package_identification:_identify(.) by extension 'colcon_meta'
[0.134s] Level 1:colcon.colcon_core.package_identification:_identify(.) by extensions ['ros']
[0.134s] Level 1:colcon.colcon_core.package_identification:_identify(.) by extension 'ros'
[0.157s] Level 1:colcon.colcon_core.package_identification:_identify(.) by extensions ['cmake', 'python']
[0.157s] Level 1:colcon.colcon_core.package_identification:_identify(.) by extension 'cmake'
[0.157s] Level 1:colcon.colcon_core.package_identification:_identify(.) by extension 'python'
[0.157s] Level 1:colcon.colcon_core.package_identification:_identify(.) by extensions ['python_setup_py']
[0.157s] Level 1:colcon.colcon_core.package_identification:_identify(.) by extension 'python_setup_py'
[0.158s] Level 1:colcon.colcon_core.package_identification:_identify(build) by extensions ['ignore', 'ignore_ament_install']
[0.158s] Level 1:colcon.colcon_core.package_identification:_identify(build) by extension 'ignore'
[0.158s] Level 1:colcon.colcon_core.package_identification:_identify(build) ignored
[0.158s] Level 1:colcon.colcon_core.package_identification:_identify(install) by extensions ['ignore', 'ignore_ament_install']
[0.158s] Level 1:colcon.colcon_core.package_identification:_identify(install) by extension 'ignore'
[0.158s] Level 1:colcon.colcon_core.package_identification:_identify(install) ignored
[0.158s] Level 1:colcon.colcon_core.package_identification:_identify(log) by extensions ['ignore', 'ignore_ament_install']
[0.158s] Level 1:colcon.colcon_core.package_identification:_identify(log) by extension 'ignore'
[0.158s] Level 1:colcon.colcon_core.package_identification:_identify(log) ignored
[0.158s] Level 1:colcon.colcon_core.package_identification:_identify(src) by extensions ['ignore', 'ignore_ament_install']
[0.158s] Level 1:colcon.colcon_core.package_identification:_identify(src) by extension 'ignore'
[0.159s] Level 1:colcon.colcon_core.package_identification:_identify(src) by extension 'ignore_ament_install'
[0.159s] Level 1:colcon.colcon_core.package_identification:_identify(src) by extensions ['colcon_pkg']
[0.159s] Level 1:colcon.colcon_core.package_identification:_identify(src) by extension 'colcon_pkg'
[0.159s] Level 1:colcon.colcon_core.package_identification:_identify(src) by extensions ['colcon_meta']
[0.159s] Level 1:colcon.colcon_core.package_identification:_identify(src) by extension 'colcon_meta'
[0.159s] Level 1:colcon.colcon_core.package_identification:_identify(src) by extensions ['ros']
[0.159s] Level 1:colcon.colcon_core.package_identification:_identify(src) by extension 'ros'
[0.159s] Level 1:colcon.colcon_core.package_identification:_identify(src) by extensions ['cmake', 'python']
[0.159s] Level 1:colcon.colcon_core.package_identification:_identify(src) by extension 'cmake'
[0.159s] Level 1:colcon.colcon_core.package_identification:_identify(src) by extension 'python'
[0.159s] Level 1:colcon.colcon_core.package_identification:_identify(src) by extensions ['python_setup_py']
[0.159s] Level 1:colcon.colcon_core.package_identification:_identify(src) by extension 'python_setup_py'
[0.159s] Level 1:colcon.colcon_core.package_identification:_identify(src/bringup_nodes) by extensions ['ignore', 'ignore_ament_install']
[0.159s] Level 1:colcon.colcon_core.package_identification:_identify(src/bringup_nodes) by extension 'ignore'
[0.159s] Level 1:colcon.colcon_core.package_identification:_identify(src/bringup_nodes) by extension 'ignore_ament_install'
[0.160s] Level 1:colcon.colcon_core.package_identification:_identify(src/bringup_nodes) by extensions ['colcon_pkg']
[0.160s] Level 1:colcon.colcon_core.package_identification:_identify(src/bringup_nodes) by extension 'colcon_pkg'
[0.160s] Level 1:colcon.colcon_core.package_identification:_identify(src/bringup_nodes) by extensions ['colcon_meta']
[0.160s] Level 1:colcon.colcon_core.package_identification:_identify(src/bringup_nodes) by extension 'colcon_meta'
[0.160s] Level 1:colcon.colcon_core.package_identification:_identify(src/bringup_nodes) by extensions ['ros']
[0.160s] Level 1:colcon.colcon_core.package_identification:_identify(src/bringup_nodes) by extension 'ros'
[0.162s] DEBUG:colcon.colcon_core.package_identification:Package 'src/bringup_nodes' with type 'ros.ament_python' and name 'bringup_nodes'
[0.163s] Level 1:colcon.colcon_core.package_identification:_identify(src/my_robot_bringup) by extensions ['ignore', 'ignore_ament_install']
[0.163s] Level 1:colcon.colcon_core.package_identification:_identify(src/my_robot_bringup) by extension 'ignore'
[0.163s] Level 1:colcon.colcon_core.package_identification:_identify(src/my_robot_bringup) by extension 'ignore_ament_install'
[0.163s] Level 1:colcon.colcon_core.package_identification:_identify(src/my_robot_bringup) by extensions ['colcon_pkg']
[0.163s] Level 1:colcon.colcon_core.package_identification:_identify(src/my_robot_bringup) by extension 'colcon_pkg'
[0.163s] Level 1:colcon.colcon_core.package_identification:_identify(src/my_robot_bringup) by extensions ['colcon_meta']
[0.163s] Level 1:colcon.colcon_core.package_identification:_identify(src/my_robot_bringup) by extension 'colcon_meta'
[0.163s] Level 1:colcon.colcon_core.package_identification:_identify(src/my_robot_bringup) by extensions ['ros']
[0.163s] Level 1:colcon.colcon_core.package_identification:_identify(src/my_robot_bringup) by extension 'ros'
[0.163s] DEBUG:colcon.colcon_core.package_identification:Package 'src/my_robot_bringup' with type 'ros.ament_cmake' and name 'my_robot_bringup'
[0.163s] Level 1:colcon.colcon_core.package_identification:_identify(src/my_robot_description) by extensions ['ignore', 'ignore_ament_install']
[0.164s] Level 1:colcon.colcon_core.package_identification:_identify(src/my_robot_description) by extension 'ignore'
[0.164s] Level 1:colcon.colcon_core.package_identification:_identify(src/my_robot_description) by extension 'ignore_ament_install'
[0.164s] Level 1:colcon.colcon_core.package_identification:_identify(src/my_robot_description) by extensions ['colcon_pkg']
[0.164s] Level 1:colcon.colcon_core.package_identification:_identify(src/my_robot_description) by extension 'colcon_pkg'
[0.164s] Level 1:colcon.colcon_core.package_identification:_identify(src/my_robot_description) by extensions ['colcon_meta']
[0.164s] Level 1:colcon.colcon_core.package_identification:_identify(src/my_robot_description) by extension 'colcon_meta'
[0.164s] Level 1:colcon.colcon_core.package_identification:_identify(src/my_robot_description) by extensions ['ros']
[0.164s] Level 1:colcon.colcon_core.package_identification:_identify(src/my_robot_description) by extension 'ros'
[0.164s] DEBUG:colcon.colcon_core.package_identification:Package 'src/my_robot_description' with type 'ros.ament_cmake' and name 'my_robot_description'
[0.164s] Level 1:colcon.colcon_core.package_discovery:discover_packages(recursive) using defaults
[0.164s] Level 1:colcon.colcon_core.package_discovery:discover_packages(ignore) discover
[0.164s] Level 1:colcon.colcon_core.package_discovery:discover_packages(ignore) using defaults
[0.164s] Level 1:colcon.colcon_core.package_discovery:discover_packages(path) discover
[0.164s] Level 1:colcon.colcon_core.package_discovery:discover_packages(path) using defaults
[0.181s] Level 1:colcon.colcon_core.package_discovery:discover_packages(prefix_path) check parameters
[0.182s] Level 1:colcon.colcon_core.package_discovery:discover_packages(prefix_path) discover
[0.183s] DEBUG:colcon.colcon_installed_package_information.package_discovery:Found 3 installed packages in /home/fizzer/my_robot_ws/install
[0.185s] DEBUG:colcon.colcon_installed_package_information.package_discovery:Found 393 installed packages in /opt/ros/jazzy
[0.187s] Level 1:colcon.colcon_core.package_discovery:discover_packages(prefix_path) using defaults
[0.231s] Level 5:colcon.colcon_core.verb:set package 'bringup_nodes' build argument 'cmake_args' from command line to 'None'
[0.231s] Level 5:colcon.colcon_core.verb:set package 'bringup_nodes' build argument 'cmake_target' from command line to 'None'
[0.231s] Level 5:colcon.colcon_core.verb:set package 'bringup_nodes' build argument 'cmake_target_skip_unavailable' from command line to 'False'
[0.231s] Level 5:colcon.colcon_core.verb:set package 'bringup_nodes' build argument 'cmake_clean_cache' from command line to 'False'
[0.232s] Level 5:colcon.colcon_core.verb:set package 'bringup_nodes' build argument 'cmake_clean_first' from command line to 'False'
[0.232s] Level 5:colcon.colcon_core.verb:set package 'bringup_nodes' build argument 'cmake_force_configure' from command line to 'False'
[0.232s] Level 5:colcon.colcon_core.verb:set package 'bringup_nodes' build argument 'ament_cmake_args' from command line to 'None'
[0.232s] Level 5:colcon.colcon_core.verb:set package 'bringup_nodes' build argument 'catkin_cmake_args' from command line to 'None'
[0.232s] Level 5:colcon.colcon_core.verb:set package 'bringup_nodes' build argument 'catkin_skip_building_tests' from command line to 'False'
[0.232s] DEBUG:colcon.colcon_core.verb:Building package 'bringup_nodes' with the following arguments: {'ament_cmake_args': None, 'build_base': '/home/fizzer/my_robot_ws/build/bringup_nodes', 'catkin_cmake_args': None, 'catkin_skip_building_tests': False, 'cmake_args': None, 'cmake_clean_cache': False, 'cmake_clean_first': False, 'cmake_force_configure': False, 'cmake_target': None, 'cmake_target_skip_unavailable': False, 'install_base': '/home/fizzer/my_robot_ws/install/bringup_nodes', 'merge_install': False, 'path': '/home/fizzer/my_robot_ws/src/bringup_nodes', 'symlink_install': True, 'test_result_base': None}
[0.232s] Level 5:colcon.colcon_core.verb:set package 'my_robot_description' build argument 'cmake_args' from command line to 'None'
[0.232s] Level 5:colcon.colcon_core.verb:set package 'my_robot_description' build argument 'cmake_target' from command line to 'None'
[0.232s] Level 5:colcon.colcon_core.verb:set package 'my_robot_description' build argument 'cmake_target_skip_unavailable' from command line to 'False'
[0.232s] Level 5:colcon.colcon_core.verb:set package 'my_robot_description' build argument 'cmake_clean_cache' from command line to 'False'
[0.232s] Level 5:colcon.colcon_core.verb:set package 'my_robot_description' build argument 'cmake_clean_first' from command line to 'False'
[0.232s] Level 5:colcon.colcon_core.verb:set package 'my_robot_description' build argument 'cmake_force_configure' from command line to 'False'
[0.232s] Level 5:colcon.colcon_core.verb:set package 'my_robot_description' build argument 'ament_cmake_args' from command line to 'None'
[0.232s] Level 5:colcon.colcon_core.verb:set package 'my_robot_description' build argument 'catkin_cmake_args' from command line to 'None'
[0.233s] Level 5:colcon.colcon_core.verb:set package 'my_robot_description' build argument 'catkin_skip_building_tests' from command line to 'False'
[0.233s] DEBUG:colcon.colcon_core.verb:Building package 'my_robot_description' with the following arguments: {'ament_cmake_args': None, 'build_base': '/home/fizzer/my_robot_ws/build/my_robot_description', 'catkin_cmake_args': None, 'catkin_skip_building_tests': False, 'cmake_args': None, 'cmake_clean_cache': False, 'cmake_clean_first': False, 'cmake_force_configure': False, 'cmake_target': None, 'cmake_target_skip_unavailable': False, 'install_base': '/home/fizzer/my_robot_ws/install/my_robot_description', 'merge_install': False, 'path': '/home/fizzer/my_robot_ws/src/my_robot_description', 'symlink_install': True, 'test_result_base': None}
[0.233s] Level 5:colcon.colcon_core.verb:set package 'my_robot_bringup' build argument 'cmake_args' from command line to 'None'
[0.233s] Level 5:colcon.colcon_core.verb:set package 'my_robot_bringup' build argument 'cmake_target' from command line to 'None'
[0.233s] Level 5:colcon.colcon_core.verb:set package 'my_robot_bringup' build argument 'cmake_target_skip_unavailable' from command line to 'False'
[0.233s] Level 5:colcon.colcon_core.verb:set package 'my_robot_bringup' build argument 'cmake_clean_cache' from command line to 'False'
[0.233s] Level 5:colcon.colcon_core.verb:set package 'my_robot_bringup' build argument 'cmake_clean_first' from command line to 'False'
[0.233s] Level 5:colcon.colcon_core.verb:set package 'my_robot_bringup' build argument 'cmake_force_configure' from command line to 'False'
[0.233s] Level 5:colcon.colcon_core.verb:set package 'my_robot_bringup' build argument 'ament_cmake_args' from command line to 'None'
[0.233s] Level 5:colcon.colcon_core.verb:set package 'my_robot_bringup' build argument 'catkin_cmake_args' from command line to 'None'
[0.233s] Level 5:colcon.colcon_core.verb:set package 'my_robot_bringup' build argument 'catkin_skip_building_tests' from command line to 'False'
[0.233s] DEBUG:colcon.colcon_core.verb:Building package 'my_robot_bringup' with the following arguments: {'ament_cmake_args': None, 'build_base': '/home/fizzer/my_robot_ws/build/my_robot_bringup', 'catkin_cmake_args': None, 'catkin_skip_building_tests': False, 'cmake_args': None, 'cmake_clean_cache': False, 'cmake_clean_first': False, 'cmake_force_configure': False, 'cmake_target': None, 'cmake_target_skip_unavailable': False, 'install_base': '/home/fizzer/my_robot_ws/install/my_robot_bringup', 'merge_install': False, 'path': '/home/fizzer/my_robot_ws/src/my_robot_bringup', 'symlink_install': True, 'test_result_base': None}
[0.234s] INFO:colcon.colcon_core.executor:Executing jobs using 'parallel' executor
[0.235s] DEBUG:colcon.colcon_parallel_executor.executor.parallel:run_until_complete
[0.235s] INFO:colcon.colcon_ros.task.ament_cmake.build:Building ROS package in '/home/fizzer/my_robot_ws/src/my_robot_description' with build type 'ament_cmake'
[0.235s] INFO:colcon.colcon_cmake.task.cmake.build:Building CMake package in '/home/fizzer/my_robot_ws/src/my_robot_description'
[0.237s] INFO:colcon.colcon_core.plugin_system:Skipping extension 'colcon_core.shell.bat': Not used on non-Windows systems
[0.237s] INFO:colcon.colcon_core.shell:Skip shell extension 'powershell' for command environment: Not usable outside of PowerShell
[0.237s] DEBUG:colcon.colcon_core.shell:Skip shell extension 'dsv' for command environment
[0.241s] INFO:colcon.colcon_ros.task.ament_python.build:Building ROS package in '/home/fizzer/my_robot_ws/src/bringup_nodes' with build type 'ament_python'
[0.241s] Level 1:colcon.colcon_core.shell:create_environment_hook('bringup_nodes', 'ament_prefix_path')
[0.242s] INFO:colcon.colcon_core.shell:Creating environment hook '/home/fizzer/my_robot_ws/install/bringup_nodes/share/bringup_nodes/hook/ament_prefix_path.ps1'
[0.242s] INFO:colcon.colcon_core.shell:Creating environment descriptor '/home/fizzer/my_robot_ws/install/bringup_nodes/share/bringup_nodes/hook/ament_prefix_path.dsv'
[0.242s] INFO:colcon.colcon_core.shell:Creating environment hook '/home/fizzer/my_robot_ws/install/bringup_nodes/share/bringup_nodes/hook/ament_prefix_path.sh'
[0.243s] INFO:colcon.colcon_core.shell:Skip shell extension 'powershell' for command environment: Not usable outside of PowerShell
[0.243s] DEBUG:colcon.colcon_core.shell:Skip shell extension 'dsv' for command environment
[0.251s] DEBUG:colcon.colcon_core.event_handler.log_command:Invoking command in '/home/fizzer/my_robot_ws/build/my_robot_description': CMAKE_PREFIX_PATH=${CMAKE_PREFIX_PATH}:/home/fizzer/my_robot_ws/install/bringup_nodes:/opt/ros/jazzy DEBUGINFOD_URLS=https://debuginfod.ubuntu.com /usr/bin/cmake --build /home/fizzer/my_robot_ws/build/my_robot_description -- -j4 -l4
[0.479s] INFO:colcon.colcon_core.task.python.build:Building Python package in '/home/fizzer/my_robot_ws/src/bringup_nodes'
[0.479s] INFO:colcon.colcon_core.shell:Skip shell extension 'powershell' for command environment: Not usable outside of PowerShell
[0.479s] DEBUG:colcon.colcon_core.shell:Skip shell extension 'dsv' for command environment
[0.484s] DEBUG:colcon.colcon_core.event_handler.log_command:Invoked command in '/home/fizzer/my_robot_ws/build/my_robot_description' returned '0': CMAKE_PREFIX_PATH=${CMAKE_PREFIX_PATH}:/home/fizzer/my_robot_ws/install/bringup_nodes:/opt/ros/jazzy DEBUGINFOD_URLS=https://debuginfod.ubuntu.com /usr/bin/cmake --build /home/fizzer/my_robot_ws/build/my_robot_description -- -j4 -l4
[0.494s] DEBUG:colcon.colcon_core.event_handler.log_command:Invoking command in '/home/fizzer/my_robot_ws/build/my_robot_description': CMAKE_PREFIX_PATH=${CMAKE_PREFIX_PATH}:/home/fizzer/my_robot_ws/install/bringup_nodes:/opt/ros/jazzy DEBUGINFOD_URLS=https://debuginfod.ubuntu.com /usr/bin/cmake --install /home/fizzer/my_robot_ws/build/my_robot_description
[0.514s] Level 1:colcon.colcon_core.environment:create_environment_scripts_only(my_robot_description)
[0.515s] DEBUG:colcon.colcon_core.event_handler.log_command:Invoked command in '/home/fizzer/my_robot_ws/build/my_robot_description' returned '0': CMAKE_PREFIX_PATH=${CMAKE_PREFIX_PATH}:/home/fizzer/my_robot_ws/install/bringup_nodes:/opt/ros/jazzy DEBUGINFOD_URLS=https://debuginfod.ubuntu.com /usr/bin/cmake --install /home/fizzer/my_robot_ws/build/my_robot_description
[0.517s] Level 1:colcon.colcon_core.environment:checking '/home/fizzer/my_robot_ws/install/my_robot_description' for CMake module files
[0.517s] Level 1:colcon.colcon_core.environment:checking '/home/fizzer/my_robot_ws/install/my_robot_description' for CMake config files
[0.518s] Level 1:colcon.colcon_core.shell:create_environment_hook('my_robot_description', 'cmake_prefix_path')
[0.518s] INFO:colcon.colcon_core.shell:Creating environment hook '/home/fizzer/my_robot_ws/install/my_robot_description/share/my_robot_description/hook/cmake_prefix_path.ps1'
[0.518s] INFO:colcon.colcon_core.shell:Creating environment descriptor '/home/fizzer/my_robot_ws/install/my_robot_description/share/my_robot_description/hook/cmake_prefix_path.dsv'
[0.519s] INFO:colcon.colcon_core.shell:Creating environment hook '/home/fizzer/my_robot_ws/install/my_robot_description/share/my_robot_description/hook/cmake_prefix_path.sh'
[0.520s] Level 1:colcon.colcon_core.environment:checking '/home/fizzer/my_robot_ws/install/my_robot_description/bin'
[0.520s] Level 1:colcon.colcon_core.environment:checking '/home/fizzer/my_robot_ws/install/my_robot_description/lib/pkgconfig/my_robot_description.pc'
[0.520s] Level 1:colcon.colcon_core.environment:checking '/home/fizzer/my_robot_ws/install/my_robot_description/lib/python3.12/site-packages'
[0.520s] Level 1:colcon.colcon_core.environment:checking '/home/fizzer/my_robot_ws/install/my_robot_description/bin'
[0.521s] INFO:colcon.colcon_core.shell:Creating package script '/home/fizzer/my_robot_ws/install/my_robot_description/share/my_robot_description/package.ps1'
[0.522s] INFO:colcon.colcon_core.shell:Creating package descriptor '/home/fizzer/my_robot_ws/install/my_robot_description/share/my_robot_description/package.dsv'
[0.522s] INFO:colcon.colcon_core.shell:Creating package script '/home/fizzer/my_robot_ws/install/my_robot_description/share/my_robot_description/package.sh'
[0.523s] INFO:colcon.colcon_core.shell:Creating package script '/home/fizzer/my_robot_ws/install/my_robot_description/share/my_robot_description/package.bash'
[0.524s] INFO:colcon.colcon_core.shell:Creating package script '/home/fizzer/my_robot_ws/install/my_robot_description/share/my_robot_description/package.zsh'
[0.524s] Level 1:colcon.colcon_core.environment:create_file_with_runtime_dependencies(/home/fizzer/my_robot_ws/install/my_robot_description/share/colcon-core/packages/my_robot_description)
[0.525s] Level 1:colcon.colcon_core.environment:create_environment_scripts_only(my_robot_description)
[0.525s] Level 1:colcon.colcon_core.environment:checking '/home/fizzer/my_robot_ws/install/my_robot_description' for CMake module files
[0.525s] Level 1:colcon.colcon_core.environment:checking '/home/fizzer/my_robot_ws/install/my_robot_description' for CMake config files
[0.526s] Level 1:colcon.colcon_core.shell:create_environment_hook('my_robot_description', 'cmake_prefix_path')
[0.526s] INFO:colcon.colcon_core.shell:Creating environment hook '/home/fizzer/my_robot_ws/install/my_robot_description/share/my_robot_description/hook/cmake_prefix_path.ps1'
[0.526s] INFO:colcon.colcon_core.shell:Creating environment descriptor '/home/fizzer/my_robot_ws/install/my_robot_description/share/my_robot_description/hook/cmake_prefix_path.dsv'
[0.526s] INFO:colcon.colcon_core.shell:Creating environment hook '/home/fizzer/my_robot_ws/install/my_robot_description/share/my_robot_description/hook/cmake_prefix_path.sh'
[0.527s] Level 1:colcon.colcon_core.environment:checking '/home/fizzer/my_robot_ws/install/my_robot_description/bin'
[0.527s] Level 1:colcon.colcon_core.environment:checking '/home/fizzer/my_robot_ws/install/my_robot_description/lib/pkgconfig/my_robot_description.pc'
[0.527s] Level 1:colcon.colcon_core.environment:checking '/home/fizzer/my_robot_ws/install/my_robot_description/lib/python3.12/site-packages'
[0.528s] Level 1:colcon.colcon_core.environment:checking '/home/fizzer/my_robot_ws/install/my_robot_description/bin'
[0.528s] INFO:colcon.colcon_core.shell:Creating package script '/home/fizzer/my_robot_ws/install/my_robot_description/share/my_robot_description/package.ps1'
[0.529s] INFO:colcon.colcon_core.shell:Creating package descriptor '/home/fizzer/my_robot_ws/install/my_robot_description/share/my_robot_description/package.dsv'
[0.529s] INFO:colcon.colcon_core.shell:Creating package script '/home/fizzer/my_robot_ws/install/my_robot_description/share/my_robot_description/package.sh'
[0.529s] INFO:colcon.colcon_core.shell:Creating package script '/home/fizzer/my_robot_ws/install/my_robot_description/share/my_robot_description/package.bash'
[0.530s] INFO:colcon.colcon_core.shell:Creating package script '/home/fizzer/my_robot_ws/install/my_robot_description/share/my_robot_description/package.zsh'
[0.530s] Level 1:colcon.colcon_core.environment:create_file_with_runtime_dependencies(/home/fizzer/my_robot_ws/install/my_robot_description/share/colcon-core/packages/my_robot_description)
[0.530s] INFO:colcon.colcon_ros.task.ament_cmake.build:Building ROS package in '/home/fizzer/my_robot_ws/src/my_robot_bringup' with build type 'ament_cmake'
[0.531s] INFO:colcon.colcon_cmake.task.cmake.build:Building CMake package in '/home/fizzer/my_robot_ws/src/my_robot_bringup'
[0.531s] INFO:colcon.colcon_core.shell:Skip shell extension 'powershell' for command environment: Not usable outside of PowerShell
[0.531s] DEBUG:colcon.colcon_core.shell:Skip shell extension 'dsv' for command environment
[0.541s] DEBUG:colcon.colcon_core.event_handler.log_command:Invoking command in '/home/fizzer/my_robot_ws/build/my_robot_bringup': CMAKE_PREFIX_PATH=/home/fizzer/my_robot_ws/install/my_robot_description:/home/fizzer/my_robot_ws/install/my_robot_bringup:/opt/ros/jazzy/opt/gz_sim_vendor:/opt/ros/jazzy/opt/gz_sensors_vendor:/opt/ros/jazzy/opt/gz_physics_vendor:/opt/ros/jazzy/opt/sdformat_vendor:/opt/ros/jazzy/opt/gz_gui_vendor:/opt/ros/jazzy/opt/gz_transport_vendor:/opt/ros/jazzy/opt/gz_rendering_vendor:/opt/ros/jazzy/opt/gz_plugin_vendor:/opt/ros/jazzy/opt/gz_fuel_tools_vendor:/opt/ros/jazzy/opt/gz_msgs_vendor:/opt/ros/jazzy/opt/gz_common_vendor:/opt/ros/jazzy/opt/gz_math_vendor:/opt/ros/jazzy/opt/gz_utils_vendor:/opt/ros/jazzy/opt/gz_tools_vendor:/opt/ros/jazzy/opt/gz_ogre_next_vendor:/opt/ros/jazzy/opt/gz_dartsim_vendor:/opt/ros/jazzy/opt/gz_cmake_vendor:/home/fizzer/my_robot_ws/install/bringup_nodes:/opt/ros/jazzy DEBUGINFOD_URLS=https://debuginfod.ubuntu.com /usr/bin/cmake --build /home/fizzer/my_robot_ws/build/my_robot_bringup -- -j4 -l4
[0.587s] DEBUG:colcon.colcon_core.event_handler.log_command:Invoked command in '/home/fizzer/my_robot_ws/build/my_robot_bringup' returned '0': CMAKE_PREFIX_PATH=/home/fizzer/my_robot_ws/install/my_robot_description:/home/fizzer/my_robot_ws/install/my_robot_bringup:/opt/ros/jazzy/opt/gz_sim_vendor:/opt/ros/jazzy/opt/gz_sensors_vendor:/opt/ros/jazzy/opt/gz_physics_vendor:/opt/ros/jazzy/opt/sdformat_vendor:/opt/ros/jazzy/opt/gz_gui_vendor:/opt/ros/jazzy/opt/gz_transport_vendor:/opt/ros/jazzy/opt/gz_rendering_vendor:/opt/ros/jazzy/opt/gz_plugin_vendor:/opt/ros/jazzy/opt/gz_fuel_tools_vendor:/opt/ros/jazzy/opt/gz_msgs_vendor:/opt/ros/jazzy/opt/gz_common_vendor:/opt/ros/jazzy/opt/gz_math_vendor:/opt/ros/jazzy/opt/gz_utils_vendor:/opt/ros/jazzy/opt/gz_tools_vendor:/opt/ros/jazzy/opt/gz_ogre_next_vendor:/opt/ros/jazzy/opt/gz_dartsim_vendor:/opt/ros/jazzy/opt/gz_cmake_vendor:/home/fizzer/my_robot_ws/install/bringup_nodes:/opt/ros/jazzy DEBUGINFOD_URLS=https://debuginfod.ubuntu.com /usr/bin/cmake --build /home/fizzer/my_robot_ws/build/my_robot_bringup -- -j4 -l4
[0.588s] DEBUG:colcon.colcon_core.event_handler.log_command:Invoking command in '/home/fizzer/my_robot_ws/build/my_robot_bringup': CMAKE_PREFIX_PATH=/home/fizzer/my_robot_ws/install/my_robot_description:/home/fizzer/my_robot_ws/install/my_robot_bringup:/opt/ros/jazzy/opt/gz_sim_vendor:/opt/ros/jazzy/opt/gz_sensors_vendor:/opt/ros/jazzy/opt/gz_physics_vendor:/opt/ros/jazzy/opt/sdformat_vendor:/opt/ros/jazzy/opt/gz_gui_vendor:/opt/ros/jazzy/opt/gz_transport_vendor:/opt/ros/jazzy/opt/gz_rendering_vendor:/opt/ros/jazzy/opt/gz_plugin_vendor:/opt/ros/jazzy/opt/gz_fuel_tools_vendor:/opt/ros/jazzy/opt/gz_msgs_vendor:/opt/ros/jazzy/opt/gz_common_vendor:/opt/ros/jazzy/opt/gz_math_vendor:/opt/ros/jazzy/opt/gz_utils_vendor:/opt/ros/jazzy/opt/gz_tools_vendor:/opt/ros/jazzy/opt/gz_ogre_next_vendor:/opt/ros/jazzy/opt/gz_dartsim_vendor:/opt/ros/jazzy/opt/gz_cmake_vendor:/home/fizzer/my_robot_ws/install/bringup_nodes:/opt/ros/jazzy DEBUGINFOD_URLS=https://debuginfod.ubuntu.com /usr/bin/cmake --install /home/fizzer/my_robot_ws/build/my_robot_bringup
[0.614s] Level 1:colcon.colcon_core.environment:create_environment_scripts_only(my_robot_bringup)
[0.614s] Level 1:colcon.colcon_core.environment:checking '/home/fizzer/my_robot_ws/install/my_robot_bringup' for CMake module files
[0.615s] DEBUG:colcon.colcon_core.event_handler.log_command:Invoked command in '/home/fizzer/my_robot_ws/build/my_robot_bringup' returned '0': CMAKE_PREFIX_PATH=/home/fizzer/my_robot_ws/install/my_robot_description:/home/fizzer/my_robot_ws/install/my_robot_bringup:/opt/ros/jazzy/opt/gz_sim_vendor:/opt/ros/jazzy/opt/gz_sensors_vendor:/opt/ros/jazzy/opt/gz_physics_vendor:/opt/ros/jazzy/opt/sdformat_vendor:/opt/ros/jazzy/opt/gz_gui_vendor:/opt/ros/jazzy/opt/gz_transport_vendor:/opt/ros/jazzy/opt/gz_rendering_vendor:/opt/ros/jazzy/opt/gz_plugin_vendor:/opt/ros/jazzy/opt/gz_fuel_tools_vendor:/opt/ros/jazzy/opt/gz_msgs_vendor:/opt/ros/jazzy/opt/gz_common_vendor:/opt/ros/jazzy/opt/gz_math_vendor:/opt/ros/jazzy/opt/gz_utils_vendor:/opt/ros/jazzy/opt/gz_tools_vendor:/opt/ros/jazzy/opt/gz_ogre_next_vendor:/opt/ros/jazzy/opt/gz_dartsim_vendor:/opt/ros/jazzy/opt/gz_cmake_vendor:/home/fizzer/my_robot_ws/install/bringup_nodes:/opt/ros/jazzy DEBUGINFOD_URLS=https://debuginfod.ubuntu.com /usr/bin/cmake --install /home/fizzer/my_robot_ws/build/my_robot_bringup
[0.615s] Level 1:colcon.colcon_core.environment:checking '/home/fizzer/my_robot_ws/install/my_robot_bringup' for CMake config files
[0.616s] Level 1:colcon.colcon_core.shell:create_environment_hook('my_robot_bringup', 'cmake_prefix_path')
[0.617s] INFO:colcon.colcon_core.shell:Creating environment hook '/home/fizzer/my_robot_ws/install/my_robot_bringup/share/my_robot_bringup/hook/cmake_prefix_path.ps1'
[0.617s] INFO:colcon.colcon_core.shell:Creating environment descriptor '/home/fizzer/my_robot_ws/install/my_robot_bringup/share/my_robot_bringup/hook/cmake_prefix_path.dsv'
[0.617s] INFO:colcon.colcon_core.shell:Creating environment hook '/home/fizzer/my_robot_ws/install/my_robot_bringup/share/my_robot_bringup/hook/cmake_prefix_path.sh'
[0.618s] Level 1:colcon.colcon_core.environment:checking '/home/fizzer/my_robot_ws/install/my_robot_bringup/bin'
[0.618s] Level 1:colcon.colcon_core.environment:checking '/home/fizzer/my_robot_ws/install/my_robot_bringup/lib/pkgconfig/my_robot_bringup.pc'
[0.618s] Level 1:colcon.colcon_core.environment:checking '/home/fizzer/my_robot_ws/install/my_robot_bringup/lib/python3.12/site-packages'
[0.619s] Level 1:colcon.colcon_core.environment:checking '/home/fizzer/my_robot_ws/install/my_robot_bringup/bin'
[0.619s] INFO:colcon.colcon_core.shell:Creating package script '/home/fizzer/my_robot_ws/install/my_robot_bringup/share/my_robot_bringup/package.ps1'
[0.619s] INFO:colcon.colcon_core.shell:Creating package descriptor '/home/fizzer/my_robot_ws/install/my_robot_bringup/share/my_robot_bringup/package.dsv'
[0.620s] INFO:colcon.colcon_core.shell:Creating package script '/home/fizzer/my_robot_ws/install/my_robot_bringup/share/my_robot_bringup/package.sh'
[0.620s] INFO:colcon.colcon_core.shell:Creating package script '/home/fizzer/my_robot_ws/install/my_robot_bringup/share/my_robot_bringup/package.bash'
[0.620s] INFO:colcon.colcon_core.shell:Creating package script '/home/fizzer/my_robot_ws/install/my_robot_bringup/share/my_robot_bringup/package.zsh'
[0.621s] Level 1:colcon.colcon_core.environment:create_file_with_runtime_dependencies(/home/fizzer/my_robot_ws/install/my_robot_bringup/share/colcon-core/packages/my_robot_bringup)
[0.621s] Level 1:colcon.colcon_core.environment:create_environment_scripts_only(my_robot_bringup)
[0.621s] Level 1:colcon.colcon_core.environment:checking '/home/fizzer/my_robot_ws/install/my_robot_bringup' for CMake module files
[0.622s] Level 1:colcon.colcon_core.environment:checking '/home/fizzer/my_robot_ws/install/my_robot_bringup' for CMake config files
[0.623s] Level 1:colcon.colcon_core.shell:create_environment_hook('my_robot_bringup', 'cmake_prefix_path')
[0.623s] INFO:colcon.colcon_core.shell:Creating environment hook '/home/fizzer/my_robot_ws/install/my_robot_bringup/share/my_robot_bringup/hook/cmake_prefix_path.ps1'
[0.623s] INFO:colcon.colcon_core.shell:Creating environment descriptor '/home/fizzer/my_robot_ws/install/my_robot_bringup/share/my_robot_bringup/hook/cmake_prefix_path.dsv'
[0.624s] INFO:colcon.colcon_core.shell:Creating environment hook '/home/fizzer/my_robot_ws/install/my_robot_bringup/share/my_robot_bringup/hook/cmake_prefix_path.sh'
[0.624s] Level 1:colcon.colcon_core.environment:checking '/home/fizzer/my_robot_ws/install/my_robot_bringup/bin'
[0.624s] Level 1:colcon.colcon_core.environment:checking '/home/fizzer/my_robot_ws/install/my_robot_bringup/lib/pkgconfig/my_robot_bringup.pc'
[0.624s] Level 1:colcon.colcon_core.environment:checking '/home/fizzer/my_robot_ws/install/my_robot_bringup/lib/python3.12/site-packages'
[0.625s] Level 1:colcon.colcon_core.environment:checking '/home/fizzer/my_robot_ws/install/my_robot_bringup/bin'
[0.625s] INFO:colcon.colcon_core.shell:Creating package script '/home/fizzer/my_robot_ws/install/my_robot_bringup/share/my_robot_bringup/package.ps1'
[0.625s] INFO:colcon.colcon_core.shell:Creating package descriptor '/home/fizzer/my_robot_ws/install/my_robot_bringup/share/my_robot_bringup/package.dsv'
[0.626s] INFO:colcon.colcon_core.shell:Creating package script '/home/fizzer/my_robot_ws/install/my_robot_bringup/share/my_robot_bringup/package.sh'
[0.626s] INFO:colcon.colcon_core.shell:Creating package script '/home/fizzer/my_robot_ws/install/my_robot_bringup/share/my_robot_bringup/package.bash'
[0.627s] INFO:colcon.colcon_core.shell:Creating package script '/home/fizzer/my_robot_ws/install/my_robot_bringup/share/my_robot_bringup/package.zsh'
[0.627s] Level 1:colcon.colcon_core.environment:create_file_with_runtime_dependencies(/home/fizzer/my_robot_ws/install/my_robot_bringup/share/colcon-core/packages/my_robot_bringup)
[1.117s] DEBUG:colcon.colcon_core.event_handler.log_command:Invoking command in '/home/fizzer/my_robot_ws/build/bringup_nodes': DEBUGINFOD_URLS=https://debuginfod.ubuntu.com PYTHONPATH=/home/fizzer/my_robot_ws/build/bringup_nodes/prefix_override:/usr/lib/python3/dist-packages/colcon_core/task/python/colcon_distutils_commands:/home/fizzer/my_robot_ws/install/bringup_nodes/lib/python3.12/site-packages:${PYTHONPATH} /usr/bin/python3 -W ignore:setup.py install is deprecated -W ignore:easy_install command is deprecated setup.py develop --editable --build-directory /home/fizzer/my_robot_ws/build/bringup_nodes/build --no-deps symlink_data
[1.778s] Level 1:colcon.colcon_core.shell:create_environment_hook('bringup_nodes', 'pythonpath_develop')
[1.778s] DEBUG:colcon.colcon_core.event_handler.log_command:Invoked command in '/home/fizzer/my_robot_ws/build/bringup_nodes' returned '0': DEBUGINFOD_URLS=https://debuginfod.ubuntu.com PYTHONPATH=/home/fizzer/my_robot_ws/build/bringup_nodes/prefix_override:/usr/lib/python3/dist-packages/colcon_core/task/python/colcon_distutils_commands:/home/fizzer/my_robot_ws/install/bringup_nodes/lib/python3.12/site-packages:${PYTHONPATH} /usr/bin/python3 -W ignore:setup.py install is deprecated -W ignore:easy_install command is deprecated setup.py develop --editable --build-directory /home/fizzer/my_robot_ws/build/bringup_nodes/build --no-deps symlink_data
[1.779s] INFO:colcon.colcon_core.shell:Creating environment hook '/home/fizzer/my_robot_ws/build/bringup_nodes/share/bringup_nodes/hook/pythonpath_develop.ps1'
[1.779s] INFO:colcon.colcon_core.shell:Creating environment descriptor '/home/fizzer/my_robot_ws/build/bringup_nodes/share/bringup_nodes/hook/pythonpath_develop.dsv'
[1.780s] INFO:colcon.colcon_core.shell:Creating environment hook '/home/fizzer/my_robot_ws/build/bringup_nodes/share/bringup_nodes/hook/pythonpath_develop.sh'
[1.780s] Level 1:colcon.colcon_core.environment:checking '/home/fizzer/my_robot_ws/install/bringup_nodes' for CMake module files
[1.781s] Level 1:colcon.colcon_core.environment:checking '/home/fizzer/my_robot_ws/install/bringup_nodes' for CMake config files
[1.781s] Level 1:colcon.colcon_core.environment:checking '/home/fizzer/my_robot_ws/install/bringup_nodes/lib'
[1.781s] Level 1:colcon.colcon_core.environment:checking '/home/fizzer/my_robot_ws/install/bringup_nodes/bin'
[1.781s] Level 1:colcon.colcon_core.environment:checking '/home/fizzer/my_robot_ws/install/bringup_nodes/lib/pkgconfig/bringup_nodes.pc'
[1.781s] Level 1:colcon.colcon_core.environment:checking '/home/fizzer/my_robot_ws/install/bringup_nodes/lib/python3.12/site-packages'
[1.782s] Level 1:colcon.colcon_core.shell:create_environment_hook('bringup_nodes', 'pythonpath')
[1.782s] INFO:colcon.colcon_core.shell:Creating environment hook '/home/fizzer/my_robot_ws/install/bringup_nodes/share/bringup_nodes/hook/pythonpath.ps1'
[1.782s] INFO:colcon.colcon_core.shell:Creating environment descriptor '/home/fizzer/my_robot_ws/install/bringup_nodes/share/bringup_nodes/hook/pythonpath.dsv'
[1.782s] INFO:colcon.colcon_core.shell:Creating environment hook '/home/fizzer/my_robot_ws/install/bringup_nodes/share/bringup_nodes/hook/pythonpath.sh'
[1.783s] Level 1:colcon.colcon_core.environment:checking '/home/fizzer/my_robot_ws/install/bringup_nodes/bin'
[1.783s] Level 1:colcon.colcon_core.environment:create_environment_scripts_only(bringup_nodes)
[1.783s] INFO:colcon.colcon_core.shell:Creating package script '/home/fizzer/my_robot_ws/install/bringup_nodes/share/bringup_nodes/package.ps1'
[1.784s] INFO:colcon.colcon_core.shell:Creating package descriptor '/home/fizzer/my_robot_ws/install/bringup_nodes/share/bringup_nodes/package.dsv'
[1.784s] INFO:colcon.colcon_core.shell:Creating package script '/home/fizzer/my_robot_ws/install/bringup_nodes/share/bringup_nodes/package.sh'
[1.784s] INFO:colcon.colcon_core.shell:Creating package script '/home/fizzer/my_robot_ws/install/bringup_nodes/share/bringup_nodes/package.bash'
[1.785s] INFO:colcon.colcon_core.shell:Creating package script '/home/fizzer/my_robot_ws/install/bringup_nodes/share/bringup_nodes/package.zsh'
[1.785s] Level 1:colcon.colcon_core.environment:create_file_with_runtime_dependencies(/home/fizzer/my_robot_ws/install/bringup_nodes/share/colcon-core/packages/bringup_nodes)
[1.785s] DEBUG:colcon.colcon_parallel_executor.executor.parallel:closing loop
[1.786s] DEBUG:colcon.colcon_parallel_executor.executor.parallel:loop closed
[1.786s] DEBUG:colcon.colcon_parallel_executor.executor.parallel:run_until_complete finished with '0'
[1.786s] DEBUG:colcon.colcon_core.event_reactor:joining thread
[1.793s] INFO:colcon.colcon_core.plugin_system:Skipping extension 'colcon_notification.desktop_notification.terminal_notifier': Not used on non-Darwin systems
[1.793s] INFO:colcon.colcon_core.plugin_system:Skipping extension 'colcon_notification.desktop_notification.win32': Not used on non-Windows systems
[1.793s] INFO:colcon.colcon_notification.desktop_notification:Sending desktop notification using 'notify2'
[1.798s] DEBUG:colcon.colcon_core.event_reactor:joined thread
[1.798s] INFO:colcon.colcon_core.shell:Creating prefix script '/home/fizzer/my_robot_ws/install/local_setup.ps1'
[1.799s] INFO:colcon.colcon_core.shell:Creating prefix util module '/home/fizzer/my_robot_ws/install/_local_setup_util_ps1.py'
[1.800s] INFO:colcon.colcon_core.shell:Creating prefix chain script '/home/fizzer/my_robot_ws/install/setup.ps1'
[1.802s] INFO:colcon.colcon_core.shell:Creating prefix script '/home/fizzer/my_robot_ws/install/local_setup.sh'
[1.802s] INFO:colcon.colcon_core.shell:Creating prefix util module '/home/fizzer/my_robot_ws/install/_local_setup_util_sh.py'
[1.803s] INFO:colcon.colcon_core.shell:Creating prefix chain script '/home/fizzer/my_robot_ws/install/setup.sh'
[1.804s] INFO:colcon.colcon_core.shell:Creating prefix script '/home/fizzer/my_robot_ws/install/local_setup.bash'
[1.804s] INFO:colcon.colcon_core.shell:Creating prefix chain script '/home/fizzer/my_robot_ws/install/setup.bash'
[1.805s] INFO:colcon.colcon_core.shell:Creating prefix script '/home/fizzer/my_robot_ws/install/local_setup.zsh'
[1.806s] INFO:colcon.colcon_core.shell:Creating prefix chain script '/home/fizzer/my_robot_ws/install/setup.zsh'
